 RORBWin Output File
 *******************
 
 Program version 6.52 (last updated 1st June 2023)
 Copyright Monash University and Hydrology and Risk Consulting
 
 Date run: 08 Aug 2026 22:32

 Vector file       : E:\Library\Automation\ryan-tools\tests\test_data\RORB\Fig6_7.catg
 Storm file        : E:\Library\Automation\ryan-tools\tests\test_data\RORB\48hr-areal-example\Fig6_7_ aep5_du48hourtp6.stm
 Output information: Flows & all input data


 Data checks:
 ************
 Next data to be read & checked:

 Catchment name & reach type flag
 Control vector & storage data
 Code no.  18     7.0 Location read as                             
 Sub-area areas
 Impervious flag
 Initial storm data
 Rainfall burst times
 Pluviograph 1
 Sub-area rainfalls

 Data check completed



 Data:
 ****

 fIGURE 6.7                                                          


 Time data, in increments from initial time
 fIGURE 6.7: 48 hour 5% Design Storm No.6 Temporal Pattern           
 Time increment (hours)=  2.00

                   Start   Finish
 Rainfall times:     0       29


 End of hyeto/hydrographs:   29
 Duration of calculations:  300



 Pre-burst has been applied
 Pluviograph data (time in incs, rainfall in mm, in 
                   increment following time shown)

Includes Pre-burst temporal pattern
         1:Temporal pattern (% of depth
   Time     1
     0     0.00
     1     0.00
     2     0.00
     3     0.00
     4     0.00
     5     3.75
     6     6.19
     7     9.37
     8     7.75
     9     5.12
    10     5.12
    11     6.39
    12     7.47
    13     6.59
    14     6.26
    15     2.93
    16     2.78
    17     2.84
    18     1.77
    19     1.79
    20     2.84
    21     3.77
    22     3.57
    23     4.59
    24     3.01
    25     2.64
    26     0.23
    27     0.50
    28     2.73

   Total 100.0




 DESIGN run control vector

 Step  Code              Description
   1    1     Add sub-area 'A' inflow & route thru normal storage    1
   2    3     Store hydrograph from step    1; reset hydrograph to zero
   3    1     Add sub-area 'B' inflow & route thru normal storage    2
   4    4     Add h-graph ex step    2 to h-graph ex step    3
   5    5     Route hydrograph thru normal storage    3
   6    3     Store hydrograph from step    5; reset hydrograph to zero
   7    1     Add sub-area 'C' inflow & route thru normal storage    4
   8    4     Add h-graph ex step    6 to h-graph ex step    7
   9    5     Route hydrograph thru normal storage    5
  10    3     Store hydrograph from step    9; reset hydrograph to zero
  11    1     Add sub-area 'D' inflow & route thru normal storage    6
  12    4     Add h-graph ex step   10 to h-graph ex step   11
  13    5     Route hydrograph thru normal storage    7
  14    3     Store hydrograph from step   13; reset hydrograph to zero
  15    1     Add sub-area 'E' inflow & route thru normal storage    8
  16    4     Add h-graph ex step   14 to h-graph ex step   15
  17    5     Route hydrograph thru normal storage    9
  18    7.0   Print hydrograph,                             
  19    0     **********End of control vector**********



 Sub-area data

 Sub-     Area     Dist.
 area      km²      km*
   A    3.00E+01  1.25E+01
   B    2.80E+01  1.15E+01
   C    2.50E+01  9.50E+00
   D    3.50E+01  7.00E+00
   E    4.00E+01  6.00E+00

 Total 1.580E+02

 For whole catchment     ; Av. Dist., km* =       8.98
 For interstation area  1; Av. Dist., km* =       8.98; ISA Factor =   1.000

 * or other function of reach properties related to travel time



 Normal storage data

 Storage   Length   Rel. delay      Type         Slope
   no.       km*       time                     percent 
   1         5.0       0.557       Natural 
   2         4.0       0.445       Natural 
   3         2.5       0.278       Natural 
   4         4.5       0.501       Natural 
   5         2.5       0.278       Natural 
   6         4.5       0.501       Natural 
   7         1.0       0.111       Natural 
   8         4.5       0.501       Natural 
   9         1.5       0.167       Natural 

 * or other function of reach properties related to travel time


 Input of parameters:
 ********************

 fIGURE 6.7                                                          
 DESIGN Run
 fIGURE 6.7: 48 hour 5% Design Storm No.6 Temporal Pattern           
 Time increment = 2.00 hours

 Constant loss model selected



 Rainfall, mm, in time inc. following time shown
 Time               Sub-
      Catch         Area
 Incs ment          A   B   C   D   E

   0   0.0          0   0   0   0   0
   1   0.0          0   0   0   0   0
   2   0.0          0   0   0   0   0
   3   0.0          0   0   0   0   0
   4   0.0          0   0   0   0   0
   5   4.4          4   4   4   4   4
   6   7.2          7   7   7   7   7
   7  10.9         11  11  11  11  11
   8   9.0          9   9   9   9   9
   9   5.9          6   6   6   6   6
  10   5.9          6   6   6   6   6
  11   7.4          7   7   7   7   7
  12   8.7          9   9   9   9   9
  13   7.7          8   8   8   8   8
  14   7.3          7   7   7   7   7
  15   3.4          3   3   3   3   3
  16   3.2          3   3   3   3   3
  17   3.3          3   3   3   3   3
  18   2.1          2   2   2   2   2
  19   2.1          2   2   2   2   2
  20   3.3          3   3   3   3   3
  21   4.4          4   4   4   4   4
  22   4.1          4   4   4   4   4
  23   5.3          5   5   5   5   5
  24   3.5          3   3   3   3   3
  25   3.1          3   3   3   3   3
  26   0.3          0   0   0   0   0
  27   0.6          1   1   1   1   1
  28   3.2          3   3   3   3   3

 Tot.116.1        116 116 116 116 116
 Pluvi. ref. no.    1   1   1   1   1




 Rainfall-excess, mm, in time inc. following time shown
 Time               Sub-
      Catch         Area
 Incs ment          A   B   C   D   E

   0   0.0          0   0   0   0   0
   1   0.0          0   0   0   0   0
   2   0.0          0   0   0   0   0
   3   0.0          0   0   0   0   0
   4   0.0          0   0   0   0   0
   5   0.0          0   0   0   0   0
   6   0.0          0   0   0   0   0
   7   6.6          7   7   7   7   7
   8   5.2          5   5   5   5   5
   9   2.1          2   2   2   2   2
  10   2.1          2   2   2   2   2
  11   3.6          4   4   4   4   4
  12   4.9          5   5   5   5   5
  13   3.9          4   4   4   4   4
  14   3.5          3   3   3   3   3
  15   0.0          0   0   0   0   0
  16   0.0          0   0   0   0   0
  17   0.0          0   0   0   0   0
  18   0.0          0   0   0   0   0
  19   0.0          0   0   0   0   0
  20   0.0          0   0   0   0   0
  21   0.6          1   1   1   1   1
  22   0.3          0   0   0   0   0
  23   1.5          2   2   2   2   2
  24   0.0          0   0   0   0   0
  25   0.0          0   0   0   0   0
  26   0.0          0   0   0   0   0
  27   0.0          0   0   0   0   0
  28   0.0          0   0   0   0   0

 Tot. 34.4         34  34  34  34  34



 Routing results:
 ****************
 fIGURE 6.7                                                          
 fIGURE 6.7: 48 hour 5% Design Storm No.6 Temporal Pattern           
 DESIGN run no.  1


 Parameters:  kc =    10.00    m = 0.80

 Loss parameters     Initial loss (mm)   Cont. loss (mm/h)
                           12.00              1.90



 *** Calculated hydrograph,                                      

                           Hydrograph
                          Calc.          
 Peak discharge,m³/s     85.13
 Time to peak,h           30.0
 Volume,m³            5.43E+06
 Time to centroid,h       29.9
 Lag (c.m. to c.m.),h     6.74
 Lag to peak,h            6.86


 Hydrograph summary
 ******************

 Site  Description
   01  Calculated hydrograph,

 Inc    Time   Hyd0001
   0    0.00    0.0000 
   1    2.00    0.0000 
   2    4.00    0.0000 
   3    6.00    0.0000 
   4    8.00    0.0000 
   5   10.00    0.0000 
   6   12.00    0.0000 
   7   14.00    0.0000 
   8   16.00    6.6673 
   9   18.00   37.5339 
  10   20.00   70.0786 
  11   22.00   73.2214 
  12   24.00   66.5996 
  13   26.00   69.7859 
  14   28.00   80.1370 
  15   30.00   85.1328 
  16   32.00   75.2472 
  17   34.00   52.2409 
  18   36.00   31.0653 
  19   38.00   18.1838 
  20   40.00   10.8322 
  21   42.00    6.8174 
  22   44.00    4.9988 
  23   46.00    5.0127 
  24   48.00    7.1169 
  25   50.00   10.3890 
  26   52.00   10.9561 
  27   54.00    8.7038 
  28   56.00    6.3531 
  29   58.00    4.4606 
  30   60.00    3.1002 
  31   62.00    2.1941 
  32   64.00    1.5814 
  33   66.00    1.1619 
  34   68.00    0.8690 
  35   70.00    0.6605 
  36   72.00    0.5094 
  37   74.00    0.3981 
  38   76.00    0.3149 
  39   78.00    0.2518 
  40   80.00    0.2033 
  41   82.00    0.1657 
  42   84.00    0.1361 
  43   86.00    0.1127 
  44   88.00    0.0940 
  45   90.00    0.0789 
  46   92.00    0.0666 
  47   94.00    0.0566 
  48   96.00    0.0483 
  49   98.00    0.0414 
  50  100.00    0.0357 
  51  102.00    0.0309 
  52  104.00    0.0269 
  53  106.00    0.0235 
  54  108.00    0.0206 
  55  110.00    0.0181 
  56  112.00    0.0159 
  57  114.00    0.0141 
  58  116.00    0.0125 
  59  118.00    0.0111 
  60  120.00    0.0099 
  61  122.00    0.0089 
  62  124.00    0.0080 
  63  126.00    0.0072 
  64  128.00    0.0065 
  65  130.00    0.0058 
  66  132.00    0.0053 
  67  134.00    0.0048 
  68  136.00    0.0043 
  69  138.00    0.0039 
  70  140.00    0.0036 
  71  142.00    0.0033 
  72  144.00    0.0030 
  73  146.00    0.0028 
  74  148.00    0.0025 
  75  150.00    0.0023 
  76  152.00    0.0021 
  77  154.00    0.0020 
  78  156.00    0.0018 
  79  158.00    0.0017 
  80  160.00    0.0016 
  81  162.00    0.0014 
  82  164.00    0.0013 
  83  166.00    0.0012 
  84  168.00    0.0011 
  85  170.00    0.0011 
  86  172.00    0.0010 
  87  174.00    0.0009 
  88  176.00    0.0009 
  89  178.00    0.0008 
  90  180.00    0.0008 
  91  182.00    0.0007 
  92  184.00    0.0007 
  93  186.00    0.0006 
  94  188.00    0.0006 
  95  190.00    0.0005 
  96  192.00    0.0005 
  97  194.00    0.0005 
  98  196.00    0.0005 
  99  198.00    0.0004 
 100  200.00    0.0004 
 101  202.00    0.0004 
 102  204.00    0.0004 
 103  206.00    0.0003 
 104  208.00    0.0003 
 105  210.00    0.0003 
 106  212.00    0.0003 
 107  214.00    0.0003 
 108  216.00    0.0003 
 109  218.00    0.0002 
 110  220.00    0.0002 
 111  222.00    0.0002 
 112  224.00    0.0002 
 113  226.00    0.0002 
 114  228.00    0.0002 
 115  230.00    0.0002 
 116  232.00    0.0002 
 117  234.00    0.0002 
 118  236.00    0.0002 
 119  238.00    0.0001 
 120  240.00    0.0001 
 121  242.00    0.0001 
 122  244.00    0.0001 
 123  246.00    0.0001 
 124  248.00    0.0001 
 125  250.00    0.0001 
 126  252.00    0.0001 
 127  254.00    0.0001 
 128  256.00    0.0001 
 129  258.00    0.0001 
 130  260.00    0.0001 
 131  262.00    0.0001 
 132  264.00    0.0001 
 133  266.00    0.0001 
 134  268.00    0.0001 
 135  270.00    0.0001 
 136  272.00    0.0001 
 137  274.00    0.0001 
 138  276.00    0.0001 
 139  278.00    0.0001 
 140  280.00    0.0001 
 141  282.00    0.0001 
 142  284.00    0.0001 
 143  286.00    0.0001 
 144  288.00    0.0001 
 145  290.00    0.0000 
 146  292.00    0.0000 
 147  294.00    0.0000 
 148  296.00    0.0000 
 149  298.00    0.0000 
 150  300.00    0.0000 
 151  302.00    0.0000 
 152  304.00    0.0000 
 153  306.00    0.0000 
 154  308.00    0.0000 
 155  310.00    0.0000 
 156  312.00    0.0000 
 157  314.00    0.0000 
 158  316.00    0.0000 
 159  318.00    0.0000 
 160  320.00    0.0000 
 161  322.00    0.0000 
 162  324.00    0.0000 
 163  326.00    0.0000 
 164  328.00    0.0000 
 165  330.00    0.0000 
 166  332.00    0.0000 
 167  334.00    0.0000 
 168  336.00    0.0000 
 169  338.00    0.0000 
 170  340.00    0.0000 
 171  342.00    0.0000 
 172  344.00    0.0000 
 173  346.00    0.0000 
 174  348.00    0.0000 
 175  350.00    0.0000 
 176  352.00    0.0000 
 177  354.00    0.0000 
 178  356.00    0.0000 
 179  358.00    0.0000 
 180  360.00    0.0000 
 181  362.00    0.0000 
 182  364.00    0.0000 
 183  366.00    0.0000 
 184  368.00    0.0000 
 185  370.00    0.0000 
 186  372.00    0.0000 
 187  374.00    0.0000 
 188  376.00    0.0000 
 189  378.00    0.0000 
 190  380.00    0.0000 
 191  382.00    0.0000 
 192  384.00    0.0000 
 193  386.00    0.0000 
 194  388.00    0.0000 
 195  390.00    0.0000 
 196  392.00    0.0000 
 197  394.00    0.0000 
 198  396.00    0.0000 
 199  398.00    0.0000 
 200  400.00    0.0000 
 201  402.00    0.0000 
 202  404.00    0.0000 
 203  406.00    0.0000 
 204  408.00    0.0000 
 205  410.00    0.0000 
 206  412.00    0.0000 
 207  414.00    0.0000 
 208  416.00    0.0000 
 209  418.00    0.0000 
 210  420.00    0.0000 
 211  422.00    0.0000 
 212  424.00    0.0000 
 213  426.00    0.0000 
 214  428.00    0.0000 
 215  430.00    0.0000 
 216  432.00    0.0000 
 217  434.00    0.0000 
 218  436.00    0.0000 
 219  438.00    0.0000 
 220  440.00    0.0000 
 221  442.00    0.0000 
 222  444.00    0.0000 
 223  446.00    0.0000 
 224  448.00    0.0000 
 225  450.00    0.0000 
 226  452.00    0.0000 
 227  454.00    0.0000 
 228  456.00    0.0000 
 229  458.00    0.0000 
 230  460.00    0.0000 
 231  462.00    0.0000 
 232  464.00    0.0000 
 233  466.00    0.0000 
 234  468.00    0.0000 
 235  470.00    0.0000 
 236  472.00    0.0000 
 237  474.00    0.0000 
 238  476.00    0.0000 
 239  478.00    0.0000 
 240  480.00    0.0000 
 241  482.00    0.0000 
 242  484.00    0.0000 
 243  486.00    0.0000 
 244  488.00    0.0000 
 245  490.00    0.0000 
 246  492.00    0.0000 
 247  494.00    0.0000 
 248  496.00    0.0000 
 249  498.00    0.0000 
 250  500.00    0.0000 
 251  502.00    0.0000 
 252  504.00    0.0000 
 253  506.00    0.0000 
 254  508.00    0.0000 
 255  510.00    0.0000 
 256  512.00    0.0000 
 257  514.00    0.0000 
 258  516.00    0.0000 
 259  518.00    0.0000 
 260  520.00    0.0000 
 261  522.00    0.0000 
 262  524.00    0.0000 
 263  526.00    0.0000 
 264  528.00    0.0000 
 265  530.00    0.0000 
 266  532.00    0.0000 
 267  534.00    0.0000 
 268  536.00    0.0000 
 269  538.00    0.0000 
 270  540.00    0.0000 
 271  542.00    0.0000 
 272  544.00    0.0000 
 273  546.00    0.0000 
 274  548.00    0.0000 
 275  550.00    0.0000 
 276  552.00    0.0000 
 277  554.00    0.0000 
 278  556.00    0.0000 
 279  558.00    0.0000 
 280  560.00    0.0000 
 281  562.00    0.0000 
 282  564.00    0.0000 
 283  566.00    0.0000 
 284  568.00    0.0000 
 285  570.00    0.0000 
 286  572.00    0.0000 
 287  574.00    0.0000 
 288  576.00    0.0000 
 289  578.00    0.0000 
 290  580.00    0.0000 
 291  582.00    0.0000 
 292  584.00    0.0000 
 293  586.00    0.0000 
 294  588.00    0.0000 
 295  590.00    0.0000 
 296  592.00    0.0000 
 297  594.00    0.0000 
 298  596.00    0.0000 
 299  598.00    0.0000 
 300  600.00    0.0000 
