 RORBWin Output File
 *******************
 
 Program version 6.52 (last updated 1st June 2023)
 Copyright Monash University and Hydrology and Risk Consulting
 
 Date run: 08 Aug 2026 22:32

 Vector file       : E:\Library\Automation\ryan-tools\tests\test_data\RORB\Fig6_7.catg
 Storm file        : E:\Library\Automation\ryan-tools\tests\test_data\RORB\48hr-areal-example\Fig6_7_ aep5_du48hourtp4.stm
 Output information: Flows & all input data


 Data checks:
 ************
 Next data to be read & checked:

 Catchment name & reach type flag
 Control vector & storage data
 Code no.  18     7.0 Location read as                             
 Sub-area areas
 Impervious flag
 Initial storm data
 Rainfall burst times
 Pluviograph 1
 Sub-area rainfalls

 Data check completed



 Data:
 ****

 fIGURE 6.7                                                          


 Time data, in increments from initial time
 fIGURE 6.7: 48 hour 5% Design Storm No.4 Temporal Pattern           
 Time increment (hours)=  2.00

                   Start   Finish
 Rainfall times:     0       29


 End of hyeto/hydrographs:   29
 Duration of calculations:  300



 Pre-burst has been applied
 Pluviograph data (time in incs, rainfall in mm, in 
                   increment following time shown)

Includes Pre-burst temporal pattern
         1:Temporal pattern (% of depth
   Time     1
     0     0.00
     1     0.00
     2     0.00
     3     0.00
     4     0.00
     5     0.69
     6     1.40
     7     2.07
     8     1.95
     9     5.71
    10     6.37
    11     8.19
    12     7.66
    13     9.66
    14    22.98
    15     6.02
    16     1.30
    17     1.77
    18     3.96
    19     2.66
    20     1.21
    21     0.42
    22     0.02
    23     0.02
    24     1.46
    25     5.44
    26     6.83
    27     2.12
    28     0.09

   Total 100.0




 DESIGN run control vector

 Step  Code              Description
   1    1     Add sub-area 'A' inflow & route thru normal storage    1
   2    3     Store hydrograph from step    1; reset hydrograph to zero
   3    1     Add sub-area 'B' inflow & route thru normal storage    2
   4    4     Add h-graph ex step    2 to h-graph ex step    3
   5    5     Route hydrograph thru normal storage    3
   6    3     Store hydrograph from step    5; reset hydrograph to zero
   7    1     Add sub-area 'C' inflow & route thru normal storage    4
   8    4     Add h-graph ex step    6 to h-graph ex step    7
   9    5     Route hydrograph thru normal storage    5
  10    3     Store hydrograph from step    9; reset hydrograph to zero
  11    1     Add sub-area 'D' inflow & route thru normal storage    6
  12    4     Add h-graph ex step   10 to h-graph ex step   11
  13    5     Route hydrograph thru normal storage    7
  14    3     Store hydrograph from step   13; reset hydrograph to zero
  15    1     Add sub-area 'E' inflow & route thru normal storage    8
  16    4     Add h-graph ex step   14 to h-graph ex step   15
  17    5     Route hydrograph thru normal storage    9
  18    7.0   Print hydrograph,                             
  19    0     **********End of control vector**********



 Sub-area data

 Sub-     Area     Dist.
 area      km²      km*
   A    3.00E+01  1.25E+01
   B    2.80E+01  1.15E+01
   C    2.50E+01  9.50E+00
   D    3.50E+01  7.00E+00
   E    4.00E+01  6.00E+00

 Total 1.580E+02

 For whole catchment     ; Av. Dist., km* =       8.98
 For interstation area  1; Av. Dist., km* =       8.98; ISA Factor =   1.000

 * or other function of reach properties related to travel time



 Normal storage data

 Storage   Length   Rel. delay      Type         Slope
   no.       km*       time                     percent 
   1         5.0       0.557       Natural 
   2         4.0       0.445       Natural 
   3         2.5       0.278       Natural 
   4         4.5       0.501       Natural 
   5         2.5       0.278       Natural 
   6         4.5       0.501       Natural 
   7         1.0       0.111       Natural 
   8         4.5       0.501       Natural 
   9         1.5       0.167       Natural 

 * or other function of reach properties related to travel time


 Input of parameters:
 ********************

 fIGURE 6.7                                                          
 DESIGN Run
 fIGURE 6.7: 48 hour 5% Design Storm No.4 Temporal Pattern           
 Time increment = 2.00 hours

 Constant loss model selected



 Rainfall, mm, in time inc. following time shown
 Time               Sub-
      Catch         Area
 Incs ment          A   B   C   D   E

   0   0.0          0   0   0   0   0
   1   0.0          0   0   0   0   0
   2   0.0          0   0   0   0   0
   3   0.0          0   0   0   0   0
   4   0.0          0   0   0   0   0
   5   0.8          1   1   1   1   1
   6   1.6          2   2   2   2   2
   7   2.4          2   2   2   2   2
   8   2.3          2   2   2   2   2
   9   6.6          7   7   7   7   7
  10   7.4          7   7   7   7   7
  11   9.5         10  10  10  10  10
  12   8.9          9   9   9   9   9
  13  11.2         11  11  11  11  11
  14  26.7         27  27  27  27  27
  15   7.0          7   7   7   7   7
  16   1.5          2   2   2   2   2
  17   2.1          2   2   2   2   2
  18   4.6          5   5   5   5   5
  19   3.1          3   3   3   3   3
  20   1.4          1   1   1   1   1
  21   0.5          0   0   0   0   0
  22   0.0          0   0   0   0   0
  23   0.0          0   0   0   0   0
  24   1.7          2   2   2   2   2
  25   6.3          6   6   6   6   6
  26   7.9          8   8   8   8   8
  27   2.5          2   2   2   2   2
  28   0.1          0   0   0   0   0

 Tot.116.1        116 116 116 116 116
 Pluvi. ref. no.    1   1   1   1   1




 Rainfall-excess, mm, in time inc. following time shown
 Time               Sub-
      Catch         Area
 Incs ment          A   B   C   D   E

   0   0.0          0   0   0   0   0
   1   0.0          0   0   0   0   0
   2   0.0          0   0   0   0   0
   3   0.0          0   0   0   0   0
   4   0.0          0   0   0   0   0
   5   0.0          0   0   0   0   0
   6   0.0          0   0   0   0   0
   7   0.0          0   0   0   0   0
   8   0.0          0   0   0   0   0
   9   0.0          0   0   0   0   0
  10   3.6          4   4   4   4   4
  11   5.7          6   6   6   6   6
  12   5.1          5   5   5   5   5
  13   7.4          7   7   7   7   7
  14  22.9         23  23  23  23  23
  15   3.2          3   3   3   3   3
  16   0.0          0   0   0   0   0
  17   0.0          0   0   0   0   0
  18   0.8          1   1   1   1   1
  19   0.0          0   0   0   0   0
  20   0.0          0   0   0   0   0
  21   0.0          0   0   0   0   0
  22   0.0          0   0   0   0   0
  23   0.0          0   0   0   0   0
  24   0.0          0   0   0   0   0
  25   2.5          3   3   3   3   3
  26   4.1          4   4   4   4   4
  27   0.0          0   0   0   0   0
  28   0.0          0   0   0   0   0

 Tot. 55.3         55  55  55  55  55



 Routing results:
 ****************
 fIGURE 6.7                                                          
 fIGURE 6.7: 48 hour 5% Design Storm No.4 Temporal Pattern           
 DESIGN run no.  1


 Parameters:  kc =    10.00    m = 0.80

 Loss parameters     Initial loss (mm)   Cont. loss (mm/h)
                           12.00              1.90



 *** Calculated hydrograph,                                      

                           Hydrograph
                          Calc.          
 Peak discharge,m³/s     251.3
 Time to peak,h           32.0
 Volume,m³            8.72E+06
 Time to centroid,h       36.3
 Lag (c.m. to c.m.),h     6.01
 Lag to peak,h            1.75


 Hydrograph summary
 ******************

 Site  Description
   01  Calculated hydrograph,

 Inc    Time   Hyd0001
   0    0.00     0.000 
   1    2.00     0.000 
   2    4.00     0.000 
   3    6.00     0.000 
   4    8.00     0.000 
   5   10.00     0.000 
   6   12.00     0.000 
   7   14.00     0.000 
   8   16.00     0.000 
   9   18.00     0.000 
  10   20.00     0.000 
  11   22.00     2.823 
  12   24.00    21.339 
  13   26.00    58.065 
  14   28.00    93.864 
  15   30.00   168.773 
  16   32.00   251.340 
  17   34.00   210.367 
  18   36.00   112.112 
  19   38.00    56.471 
  20   40.00    31.402 
  21   42.00    19.710 
  22   44.00    12.518 
  23   46.00     8.017 
  24   48.00     5.299 
  25   50.00     3.574 
  26   52.00     4.934 
  27   54.00    16.537 
  28   56.00    32.550 
  29   58.00    33.099 
  30   60.00    23.169 
  31   62.00    14.845 
  32   64.00     9.218 
  33   66.00     5.898 
  34   68.00     3.943 
  35   70.00     2.711 
  36   72.00     1.917 
  37   74.00     1.389 
  38   76.00     1.026 
  39   78.00     0.773 
  40   80.00     0.591 
  41   82.00     0.458 
  42   84.00     0.360 
  43   86.00     0.286 
  44   88.00     0.230 
  45   90.00     0.186 
  46   92.00     0.153 
  47   94.00     0.126 
  48   96.00     0.104 
  49   98.00     0.087 
  50  100.00     0.074 
  51  102.00     0.062 
  52  104.00     0.053 
  53  106.00     0.045 
  54  108.00     0.039 
  55  110.00     0.034 
  56  112.00     0.029 
  57  114.00     0.025 
  58  116.00     0.022 
  59  118.00     0.019 
  60  120.00     0.017 
  61  122.00     0.015 
  62  124.00     0.013 
  63  126.00     0.012 
  64  128.00     0.011 
  65  130.00     0.009 
  66  132.00     0.009 
  67  134.00     0.008 
  68  136.00     0.007 
  69  138.00     0.006 
  70  140.00     0.006 
  71  142.00     0.005 
  72  144.00     0.005 
  73  146.00     0.004 
  74  148.00     0.004 
  75  150.00     0.003 
  76  152.00     0.003 
  77  154.00     0.003 
  78  156.00     0.003 
  79  158.00     0.002 
  80  160.00     0.002 
  81  162.00     0.002 
  82  164.00     0.002 
  83  166.00     0.002 
  84  168.00     0.002 
  85  170.00     0.002 
  86  172.00     0.001 
  87  174.00     0.001 
  88  176.00     0.001 
  89  178.00     0.001 
  90  180.00     0.001 
  91  182.00     0.001 
  92  184.00     0.001 
  93  186.00     0.001 
  94  188.00     0.001 
  95  190.00     0.001 
  96  192.00     0.001 
  97  194.00     0.001 
  98  196.00     0.001 
  99  198.00     0.001 
 100  200.00     0.001 
 101  202.00     0.001 
 102  204.00     0.000 
 103  206.00     0.000 
 104  208.00     0.000 
 105  210.00     0.000 
 106  212.00     0.000 
 107  214.00     0.000 
 108  216.00     0.000 
 109  218.00     0.000 
 110  220.00     0.000 
 111  222.00     0.000 
 112  224.00     0.000 
 113  226.00     0.000 
 114  228.00     0.000 
 115  230.00     0.000 
 116  232.00     0.000 
 117  234.00     0.000 
 118  236.00     0.000 
 119  238.00     0.000 
 120  240.00     0.000 
 121  242.00     0.000 
 122  244.00     0.000 
 123  246.00     0.000 
 124  248.00     0.000 
 125  250.00     0.000 
 126  252.00     0.000 
 127  254.00     0.000 
 128  256.00     0.000 
 129  258.00     0.000 
 130  260.00     0.000 
 131  262.00     0.000 
 132  264.00     0.000 
 133  266.00     0.000 
 134  268.00     0.000 
 135  270.00     0.000 
 136  272.00     0.000 
 137  274.00     0.000 
 138  276.00     0.000 
 139  278.00     0.000 
 140  280.00     0.000 
 141  282.00     0.000 
 142  284.00     0.000 
 143  286.00     0.000 
 144  288.00     0.000 
 145  290.00     0.000 
 146  292.00     0.000 
 147  294.00     0.000 
 148  296.00     0.000 
 149  298.00     0.000 
 150  300.00     0.000 
 151  302.00     0.000 
 152  304.00     0.000 
 153  306.00     0.000 
 154  308.00     0.000 
 155  310.00     0.000 
 156  312.00     0.000 
 157  314.00     0.000 
 158  316.00     0.000 
 159  318.00     0.000 
 160  320.00     0.000 
 161  322.00     0.000 
 162  324.00     0.000 
 163  326.00     0.000 
 164  328.00     0.000 
 165  330.00     0.000 
 166  332.00     0.000 
 167  334.00     0.000 
 168  336.00     0.000 
 169  338.00     0.000 
 170  340.00     0.000 
 171  342.00     0.000 
 172  344.00     0.000 
 173  346.00     0.000 
 174  348.00     0.000 
 175  350.00     0.000 
 176  352.00     0.000 
 177  354.00     0.000 
 178  356.00     0.000 
 179  358.00     0.000 
 180  360.00     0.000 
 181  362.00     0.000 
 182  364.00     0.000 
 183  366.00     0.000 
 184  368.00     0.000 
 185  370.00     0.000 
 186  372.00     0.000 
 187  374.00     0.000 
 188  376.00     0.000 
 189  378.00     0.000 
 190  380.00     0.000 
 191  382.00     0.000 
 192  384.00     0.000 
 193  386.00     0.000 
 194  388.00     0.000 
 195  390.00     0.000 
 196  392.00     0.000 
 197  394.00     0.000 
 198  396.00     0.000 
 199  398.00     0.000 
 200  400.00     0.000 
 201  402.00     0.000 
 202  404.00     0.000 
 203  406.00     0.000 
 204  408.00     0.000 
 205  410.00     0.000 
 206  412.00     0.000 
 207  414.00     0.000 
 208  416.00     0.000 
 209  418.00     0.000 
 210  420.00     0.000 
 211  422.00     0.000 
 212  424.00     0.000 
 213  426.00     0.000 
 214  428.00     0.000 
 215  430.00     0.000 
 216  432.00     0.000 
 217  434.00     0.000 
 218  436.00     0.000 
 219  438.00     0.000 
 220  440.00     0.000 
 221  442.00     0.000 
 222  444.00     0.000 
 223  446.00     0.000 
 224  448.00     0.000 
 225  450.00     0.000 
 226  452.00     0.000 
 227  454.00     0.000 
 228  456.00     0.000 
 229  458.00     0.000 
 230  460.00     0.000 
 231  462.00     0.000 
 232  464.00     0.000 
 233  466.00     0.000 
 234  468.00     0.000 
 235  470.00     0.000 
 236  472.00     0.000 
 237  474.00     0.000 
 238  476.00     0.000 
 239  478.00     0.000 
 240  480.00     0.000 
 241  482.00     0.000 
 242  484.00     0.000 
 243  486.00     0.000 
 244  488.00     0.000 
 245  490.00     0.000 
 246  492.00     0.000 
 247  494.00     0.000 
 248  496.00     0.000 
 249  498.00     0.000 
 250  500.00     0.000 
 251  502.00     0.000 
 252  504.00     0.000 
 253  506.00     0.000 
 254  508.00     0.000 
 255  510.00     0.000 
 256  512.00     0.000 
 257  514.00     0.000 
 258  516.00     0.000 
 259  518.00     0.000 
 260  520.00     0.000 
 261  522.00     0.000 
 262  524.00     0.000 
 263  526.00     0.000 
 264  528.00     0.000 
 265  530.00     0.000 
 266  532.00     0.000 
 267  534.00     0.000 
 268  536.00     0.000 
 269  538.00     0.000 
 270  540.00     0.000 
 271  542.00     0.000 
 272  544.00     0.000 
 273  546.00     0.000 
 274  548.00     0.000 
 275  550.00     0.000 
 276  552.00     0.000 
 277  554.00     0.000 
 278  556.00     0.000 
 279  558.00     0.000 
 280  560.00     0.000 
 281  562.00     0.000 
 282  564.00     0.000 
 283  566.00     0.000 
 284  568.00     0.000 
 285  570.00     0.000 
 286  572.00     0.000 
 287  574.00     0.000 
 288  576.00     0.000 
 289  578.00     0.000 
 290  580.00     0.000 
 291  582.00     0.000 
 292  584.00     0.000 
 293  586.00     0.000 
 294  588.00     0.000 
 295  590.00     0.000 
 296  592.00     0.000 
 297  594.00     0.000 
 298  596.00     0.000 
 299  598.00     0.000 
 300  600.00     0.000 
