 RORBWin Output File
 *******************
 
 Program version 6.52 (last updated 1st June 2023)
 Copyright Monash University and Hydrology and Risk Consulting
 
 Date run: 08 Aug 2026 22:32

 Vector file       : E:\Library\Automation\ryan-tools\tests\test_data\RORB\Fig6_7.catg
 Storm file        : E:\Library\Automation\ryan-tools\tests\test_data\RORB\48hr-areal-example\Fig6_7_ aep2_du144hourtp2.stm
 Output information: Flows & all input data


 Data checks:
 ************
 Next data to be read & checked:

 Catchment name & reach type flag
 Control vector & storage data
 Code no.  18     7.0 Location read as                             
 Sub-area areas
 Impervious flag
 Initial storm data
 Rainfall burst times
 Pluviograph 1
 Sub-area rainfalls

 Data check completed



 Data:
 ****

 fIGURE 6.7                                                          


 Time data, in increments from initial time
 fIGURE 6.7: 144 hour 2% Design Storm No.2 Temporal Pattern          
 Time increment (hours)=  3.00

                   Start   Finish
 Rainfall times:     0       48


 End of hyeto/hydrographs:   48
 Duration of calculations:  300



 Pre-burst has been applied
 Pluviograph data (time in incs, rainfall in mm, in 
                   increment following time shown)

Includes Pre-burst temporal pattern
         1:Temporal pattern (% of depth
   Time     1
     0     0.41
     1     0.84
     2     0.36
     3     1.10
     4     0.90
     5     1.25
     6     0.97
     7     1.47
     8     2.23
     9     5.49
    10     7.25
    11     5.79
    12     2.72
    13     3.34
    14     4.12
    15     5.08
    16     4.41
    17     3.71
    18     2.31
    19     1.52
    20     1.77
    21     1.86
    22     1.18
    23     1.01
    24     0.56
    25     2.17
    26     1.91
    27     3.36
    28     1.06
    29     0.80
    30     0.68
    31     0.49
    32     0.50
    33     0.24
    34     1.19
    35     1.69
    36     0.58
    37     0.24
    38     0.57
    39     1.51
    40     3.72
    41     4.69
    42     5.34
    43     6.18
    44     0.95
    45     0.29
    46     0.12
    47     0.07

   Total 100.0




 DESIGN run control vector

 Step  Code              Description
   1    1     Add sub-area 'A' inflow & route thru normal storage    1
   2    3     Store hydrograph from step    1; reset hydrograph to zero
   3    1     Add sub-area 'B' inflow & route thru normal storage    2
   4    4     Add h-graph ex step    2 to h-graph ex step    3
   5    5     Route hydrograph thru normal storage    3
   6    3     Store hydrograph from step    5; reset hydrograph to zero
   7    1     Add sub-area 'C' inflow & route thru normal storage    4
   8    4     Add h-graph ex step    6 to h-graph ex step    7
   9    5     Route hydrograph thru normal storage    5
  10    3     Store hydrograph from step    9; reset hydrograph to zero
  11    1     Add sub-area 'D' inflow & route thru normal storage    6
  12    4     Add h-graph ex step   10 to h-graph ex step   11
  13    5     Route hydrograph thru normal storage    7
  14    3     Store hydrograph from step   13; reset hydrograph to zero
  15    1     Add sub-area 'E' inflow & route thru normal storage    8
  16    4     Add h-graph ex step   14 to h-graph ex step   15
  17    5     Route hydrograph thru normal storage    9
  18    7.0   Print hydrograph,                             
  19    0     **********End of control vector**********



 Sub-area data

 Sub-     Area     Dist.
 area      km²      km*
   A    3.00E+01  1.25E+01
   B    2.80E+01  1.15E+01
   C    2.50E+01  9.50E+00
   D    3.50E+01  7.00E+00
   E    4.00E+01  6.00E+00

 Total 1.580E+02

 For whole catchment     ; Av. Dist., km* =       8.98
 For interstation area  1; Av. Dist., km* =       8.98; ISA Factor =   1.000

 * or other function of reach properties related to travel time



 Normal storage data

 Storage   Length   Rel. delay      Type         Slope
   no.       km*       time                     percent 
   1         5.0       0.557       Natural 
   2         4.0       0.445       Natural 
   3         2.5       0.278       Natural 
   4         4.5       0.501       Natural 
   5         2.5       0.278       Natural 
   6         4.5       0.501       Natural 
   7         1.0       0.111       Natural 
   8         4.5       0.501       Natural 
   9         1.5       0.167       Natural 

 * or other function of reach properties related to travel time


 Input of parameters:
 ********************

 fIGURE 6.7                                                          
 DESIGN Run
 fIGURE 6.7: 144 hour 2% Design Storm No.2 Temporal Pattern          
 Time increment = 3.00 hours

 Constant loss model selected



 Rainfall, mm, in time inc. following time shown
 Time               Sub-
      Catch         Area
 Incs ment          A   B   C   D   E

   0   0.7          1   1   1   1   1
   1   1.4          1   1   1   1   1
   2   0.6          1   1   1   1   1
   3   1.9          2   2   2   2   2
   4   1.5          2   2   2   2   2
   5   2.1          2   2   2   2   2
   6   1.7          2   2   2   2   2
   7   2.5          3   3   3   3   3
   8   3.8          4   4   4   4   4
   9   9.4          9   9   9   9   9
  10  12.4         12  12  12  12  12
  11   9.9         10  10  10  10  10
  12   4.6          5   5   5   5   5
  13   5.7          6   6   6   6   6
  14   7.0          7   7   7   7   7
  15   8.7          9   9   9   9   9
  16   7.5          8   8   8   8   8
  17   6.3          6   6   6   6   6
  18   3.9          4   4   4   4   4
  19   2.6          3   3   3   3   3
  20   3.0          3   3   3   3   3
  21   3.2          3   3   3   3   3
  22   2.0          2   2   2   2   2
  23   1.7          2   2   2   2   2
  24   1.0          1   1   1   1   1
  25   3.7          4   4   4   4   4
  26   3.3          3   3   3   3   3
  27   5.7          6   6   6   6   6
  28   1.8          2   2   2   2   2
  29   1.4          1   1   1   1   1
  30   1.2          1   1   1   1   1
  31   0.8          1   1   1   1   1
  32   0.9          1   1   1   1   1
  33   0.4          0   0   0   0   0
  34   2.0          2   2   2   2   2
  35   2.9          3   3   3   3   3
  36   1.0          1   1   1   1   1
  37   0.4          0   0   0   0   0
  38   1.0          1   1   1   1   1
  39   2.6          3   3   3   3   3
  40   6.4          6   6   6   6   6
  41   8.0          8   8   8   8   8
  42   9.1          9   9   9   9   9
  43  10.6         11  11  11  11  11
  44   1.6          2   2   2   2   2
  45   0.5          0   0   0   0   0
  46   0.2          0   0   0   0   0
  47   0.1          0   0   0   0   0

 Tot.170.8        171 171 171 171 171
 Pluvi. ref. no.    1   1   1   1   1




 Rainfall-excess, mm, in time inc. following time shown
 Time               Sub-
      Catch         Area
 Incs ment          A   B   C   D   E

   0   0.0          0   0   0   0   0
   1   0.0          0   0   0   0   0
   2   0.0          0   0   0   0   0
   3   0.0          0   0   0   0   0
   4   0.0          0   0   0   0   0
   5   0.0          0   0   0   0   0
   6   0.0          0   0   0   0   0
   7   0.0          0   0   0   0   0
   8   0.0          0   0   0   0   0
   9   3.7          4   4   4   4   4
  10   6.7          7   7   7   7   7
  11   4.2          4   4   4   4   4
  12   0.0          0   0   0   0   0
  13   0.0          0   0   0   0   0
  14   1.3          1   1   1   1   1
  15   3.0          3   3   3   3   3
  16   1.8          2   2   2   2   2
  17   0.6          1   1   1   1   1
  18   0.0          0   0   0   0   0
  19   0.0          0   0   0   0   0
  20   0.0          0   0   0   0   0
  21   0.0          0   0   0   0   0
  22   0.0          0   0   0   0   0
  23   0.0          0   0   0   0   0
  24   0.0          0   0   0   0   0
  25   0.0          0   0   0   0   0
  26   0.0          0   0   0   0   0
  27   0.0          0   0   0   0   0
  28   0.0          0   0   0   0   0
  29   0.0          0   0   0   0   0
  30   0.0          0   0   0   0   0
  31   0.0          0   0   0   0   0
  32   0.0          0   0   0   0   0
  33   0.0          0   0   0   0   0
  34   0.0          0   0   0   0   0
  35   0.0          0   0   0   0   0
  36   0.0          0   0   0   0   0
  37   0.0          0   0   0   0   0
  38   0.0          0   0   0   0   0
  39   0.0          0   0   0   0   0
  40   0.7          1   1   1   1   1
  41   2.3          2   2   2   2   2
  42   3.4          3   3   3   3   3
  43   4.9          5   5   5   5   5
  44   0.0          0   0   0   0   0
  45   0.0          0   0   0   0   0
  46   0.0          0   0   0   0   0
  47   0.0          0   0   0   0   0

 Tot. 32.6         33  33  33  33  33



 Routing results:
 ****************
 fIGURE 6.7                                                          
 fIGURE 6.7: 144 hour 2% Design Storm No.2 Temporal Pattern          
 DESIGN run no.  1


 Parameters:  kc =    10.00    m = 0.80

 Loss parameters     Initial loss (mm)   Cont. loss (mm/h)
                           12.00              1.90



 *** Calculated hydrograph,                                      

                           Hydrograph
                          Calc.          
 Peak discharge,m³/s     59.82
 Time to peak,h           36.0
 Volume,m³            5.14E+06
 Time to centroid,h       76.0
 Lag (c.m. to c.m.),h     7.88
 Lag to peak,h           -32.1


 Hydrograph summary
 ******************

 Site  Description
   01  Calculated hydrograph,

 Inc    Time   Hyd0001
   0    0.00    0.0000 
   1    3.00    0.0000 
   2    6.00    0.0000 
   3    9.00    0.0000 
   4   12.00    0.0000 
   5   15.00    0.0000 
   6   18.00    0.0000 
   7   21.00    0.0000 
   8   24.00    0.0000 
   9   27.00    0.0000 
  10   30.00    3.6450 
  11   33.00   26.9204 
  12   36.00   59.8235 
  13   39.00   59.2245 
  14   42.00   32.9598 
  15   45.00   16.2747 
  16   48.00   16.7051 
  17   51.00   25.0729 
  18   54.00   26.9118 
  19   57.00   19.2536 
  20   60.00   10.7779 
  21   63.00    5.5953 
  22   66.00    3.0339 
  23   69.00    1.7621 
  24   72.00    1.0883 
  25   75.00    0.7047 
  26   78.00    0.4733 
  27   81.00    0.3282 
  28   84.00    0.2511 
  29   87.00    0.2252 
  30   90.00    0.2042 
  31   93.00    0.1719 
  32   96.00    0.1406 
  33   99.00    0.1133 
  34  102.00    0.0903 
  35  105.00    0.0717 
  36  108.00    0.0570 
  37  111.00    0.0455 
  38  114.00    0.0365 
  39  117.00    0.0295 
  40  120.00    0.0241 
  41  123.00    0.3742 
  42  126.00    4.2005 
  43  129.00   16.9992 
  44  132.00   37.2445 
  45  135.00   45.3718 
  46  138.00   30.2794 
  47  141.00   13.9831 
  48  144.00    6.5691 
  49  147.00    3.3053 
  50  150.00    1.9263 
  51  153.00    1.1793 
  52  156.00    0.7573 
  53  159.00    0.5064 
  54  162.00    0.3493 
  55  165.00    0.2477 
  56  168.00    0.1798 
  57  171.00    0.1332 
  58  174.00    0.1004 
  59  177.00    0.0769 
  60  180.00    0.0597 
  61  183.00    0.0470 
  62  186.00    0.0374 
  63  189.00    0.0300 
  64  192.00    0.0244 
  65  195.00    0.0199 
  66  198.00    0.0165 
  67  201.00    0.0137 
  68  204.00    0.0114 
  69  207.00    0.0096 
  70  210.00    0.0082 
  71  213.00    0.0069 
  72  216.00    0.0059 
  73  219.00    0.0051 
  74  222.00    0.0044 
  75  225.00    0.0038 
  76  228.00    0.0033 
  77  231.00    0.0029 
  78  234.00    0.0026 
  79  237.00    0.0023 
  80  240.00    0.0020 
  81  243.00    0.0018 
  82  246.00    0.0016 
  83  249.00    0.0014 
  84  252.00    0.0012 
  85  255.00    0.0011 
  86  258.00    0.0010 
  87  261.00    0.0009 
  88  264.00    0.0008 
  89  267.00    0.0007 
  90  270.00    0.0007 
  91  273.00    0.0006 
  92  276.00    0.0005 
  93  279.00    0.0005 
  94  282.00    0.0005 
  95  285.00    0.0004 
  96  288.00    0.0004 
  97  291.00    0.0003 
  98  294.00    0.0003 
  99  297.00    0.0003 
 100  300.00    0.0003 
 101  303.00    0.0003 
 102  306.00    0.0002 
 103  309.00    0.0002 
 104  312.00    0.0002 
 105  315.00    0.0002 
 106  318.00    0.0002 
 107  321.00    0.0002 
 108  324.00    0.0001 
 109  327.00    0.0001 
 110  330.00    0.0001 
 111  333.00    0.0001 
 112  336.00    0.0001 
 113  339.00    0.0001 
 114  342.00    0.0001 
 115  345.00    0.0001 
 116  348.00    0.0001 
 117  351.00    0.0001 
 118  354.00    0.0001 
 119  357.00    0.0001 
 120  360.00    0.0001 
 121  363.00    0.0001 
 122  366.00    0.0001 
 123  369.00    0.0001 
 124  372.00    0.0001 
 125  375.00    0.0000 
 126  378.00    0.0000 
 127  381.00    0.0000 
 128  384.00    0.0000 
 129  387.00    0.0000 
 130  390.00    0.0000 
 131  393.00    0.0000 
 132  396.00    0.0000 
 133  399.00    0.0000 
 134  402.00    0.0000 
 135  405.00    0.0000 
 136  408.00    0.0000 
 137  411.00    0.0000 
 138  414.00    0.0000 
 139  417.00    0.0000 
 140  420.00    0.0000 
 141  423.00    0.0000 
 142  426.00    0.0000 
 143  429.00    0.0000 
 144  432.00    0.0000 
 145  435.00    0.0000 
 146  438.00    0.0000 
 147  441.00    0.0000 
 148  444.00    0.0000 
 149  447.00    0.0000 
 150  450.00    0.0000 
 151  453.00    0.0000 
 152  456.00    0.0000 
 153  459.00    0.0000 
 154  462.00    0.0000 
 155  465.00    0.0000 
 156  468.00    0.0000 
 157  471.00    0.0000 
 158  474.00    0.0000 
 159  477.00    0.0000 
 160  480.00    0.0000 
 161  483.00    0.0000 
 162  486.00    0.0000 
 163  489.00    0.0000 
 164  492.00    0.0000 
 165  495.00    0.0000 
 166  498.00    0.0000 
 167  501.00    0.0000 
 168  504.00    0.0000 
 169  507.00    0.0000 
 170  510.00    0.0000 
 171  513.00    0.0000 
 172  516.00    0.0000 
 173  519.00    0.0000 
 174  522.00    0.0000 
 175  525.00    0.0000 
 176  528.00    0.0000 
 177  531.00    0.0000 
 178  534.00    0.0000 
 179  537.00    0.0000 
 180  540.00    0.0000 
 181  543.00    0.0000 
 182  546.00    0.0000 
 183  549.00    0.0000 
 184  552.00    0.0000 
 185  555.00    0.0000 
 186  558.00    0.0000 
 187  561.00    0.0000 
 188  564.00    0.0000 
 189  567.00    0.0000 
 190  570.00    0.0000 
 191  573.00    0.0000 
 192  576.00    0.0000 
 193  579.00    0.0000 
 194  582.00    0.0000 
 195  585.00    0.0000 
 196  588.00    0.0000 
 197  591.00    0.0000 
 198  594.00    0.0000 
 199  597.00    0.0000 
 200  600.00    0.0000 
 201  603.00    0.0000 
 202  606.00    0.0000 
 203  609.00    0.0000 
 204  612.00    0.0000 
 205  615.00    0.0000 
 206  618.00    0.0000 
 207  621.00    0.0000 
 208  624.00    0.0000 
 209  627.00    0.0000 
 210  630.00    0.0000 
 211  633.00    0.0000 
 212  636.00    0.0000 
 213  639.00    0.0000 
 214  642.00    0.0000 
 215  645.00    0.0000 
 216  648.00    0.0000 
 217  651.00    0.0000 
 218  654.00    0.0000 
 219  657.00    0.0000 
 220  660.00    0.0000 
 221  663.00    0.0000 
 222  666.00    0.0000 
 223  669.00    0.0000 
 224  672.00    0.0000 
 225  675.00    0.0000 
 226  678.00    0.0000 
 227  681.00    0.0000 
 228  684.00    0.0000 
 229  687.00    0.0000 
 230  690.00    0.0000 
 231  693.00    0.0000 
 232  696.00    0.0000 
 233  699.00    0.0000 
 234  702.00    0.0000 
 235  705.00    0.0000 
 236  708.00    0.0000 
 237  711.00    0.0000 
 238  714.00    0.0000 
 239  717.00    0.0000 
 240  720.00    0.0000 
 241  723.00    0.0000 
 242  726.00    0.0000 
 243  729.00    0.0000 
 244  732.00    0.0000 
 245  735.00    0.0000 
 246  738.00    0.0000 
 247  741.00    0.0000 
 248  744.00    0.0000 
 249  747.00    0.0000 
 250  750.00    0.0000 
 251  753.00    0.0000 
 252  756.00    0.0000 
 253  759.00    0.0000 
 254  762.00    0.0000 
 255  765.00    0.0000 
 256  768.00    0.0000 
 257  771.00    0.0000 
 258  774.00    0.0000 
 259  777.00    0.0000 
 260  780.00    0.0000 
 261  783.00    0.0000 
 262  786.00    0.0000 
 263  789.00    0.0000 
 264  792.00    0.0000 
 265  795.00    0.0000 
 266  798.00    0.0000 
 267  801.00    0.0000 
 268  804.00    0.0000 
 269  807.00    0.0000 
 270  810.00    0.0000 
 271  813.00    0.0000 
 272  816.00    0.0000 
 273  819.00    0.0000 
 274  822.00    0.0000 
 275  825.00    0.0000 
 276  828.00    0.0000 
 277  831.00    0.0000 
 278  834.00    0.0000 
 279  837.00    0.0000 
 280  840.00    0.0000 
 281  843.00    0.0000 
 282  846.00    0.0000 
 283  849.00    0.0000 
 284  852.00    0.0000 
 285  855.00    0.0000 
 286  858.00    0.0000 
 287  861.00    0.0000 
 288  864.00    0.0000 
 289  867.00    0.0000 
 290  870.00    0.0000 
 291  873.00    0.0000 
 292  876.00    0.0000 
 293  879.00    0.0000 
 294  882.00    0.0000 
 295  885.00    0.0000 
 296  888.00    0.0000 
 297  891.00    0.0000 
 298  894.00    0.0000 
 299  897.00    0.0000 
 300  900.00    0.0000 
