 RORBWin Batch Run Summary
 *************************
 
 Program version 6.52 (last updated 1st June 2023)
 Copyright Monash University and Hydrology and Risk Consulting
 
 Date run: 08 Aug 2026 22:32

 Catchment file   : E:\Library\Automation\ryan-tools\tests\test_data\RORB\Fig6_7.catg
 Rainfall location: User defined
 Temporal pattern : ARR2016 areal temporal patterns, 200 km² standard area
 Spatial pattern  : Uniform
 Areal Red. Fact. : Based on ARR 2016 (Book 2 Chapter 4)
 Loss factors     : Constant with ARI
 

 Parameters:  kc =    10.00    m = 0.80

 Loss parameters     Initial loss (mm)   Cont. loss (mm/h)
                           12.00              1.90

 Peak  Description
   01  Calculated hydrograph:
 
 Run        Duration             AEP   TPat  Rain(mm)     ARF  PbDepth  Peak0001
   1         48 hour             50%      1     61.80    0.96     0.00   24.7996 
   1         48 hour             50%      2     61.80    0.96     0.00   23.6788 
   1         48 hour             50%      3     61.80    0.96     0.00    2.5164 
   1         48 hour             50%      4     61.80    0.96     0.00   68.5575 
   1         48 hour             50%      5     61.80    0.96     0.00    0.0712 
   1         48 hour             50%      6     61.80    0.96     0.00    3.2885 
   1         48 hour             50%      7     61.80    0.96     0.00   18.9519 
   1         48 hour             50%      8     61.80    0.96     0.00   38.1553 
   1         48 hour             50%      9     61.80    0.96     0.00   14.2212 
   1         48 hour             50%     10     61.80    0.96     0.00   42.9388 
   2         72 hour             50%      1     67.80    0.97     0.00   39.4283 
   2         72 hour             50%      2     67.80    0.97     0.00    9.0243 
   2         72 hour             50%      3     67.80    0.97     0.00    3.0488 
   2         72 hour             50%      4     67.80    0.97     0.00    0.1584 
   2         72 hour             50%      5     67.80    0.97     0.00    0.0060 
   2         72 hour             50%      6     67.80    0.97     0.00   32.0277 
   2         72 hour             50%      7     67.80    0.97     0.00   41.4479 
   2         72 hour             50%      8     67.80    0.97     0.00   16.6567 
   2         72 hour             50%      9     67.80    0.97     0.00    0.7413 
   2         72 hour             50%     10     67.80    0.97     0.00    8.1160 
   3         96 hour             50%      1     71.50    0.97     0.00   41.2222 
   3         96 hour             50%      2     71.50    0.97     0.00    3.2943 
   3         96 hour             50%      3     71.50    0.97     0.00    0.0852 
   3         96 hour             50%      4     71.50    0.97     0.00   38.4629 
   3         96 hour             50%      5     71.50    0.97     0.00   20.9283 
   3         96 hour             50%      6     71.50    0.97     0.00    6.7620 
   3         96 hour             50%      7     71.50    0.97     0.00   54.2617 
   3         96 hour             50%      8     71.50    0.97     0.00   22.9512 
   3         96 hour             50%      9     71.50    0.97     0.00   22.6002 
   3         96 hour             50%     10     71.50    0.97     0.00   142.411 
   4        120 hour             50%      1     74.00    0.97     0.00   29.8143 
   4        120 hour             50%      2     74.00    0.97     0.00   39.9143 
   4        120 hour             50%      3     74.00    0.97     0.00    1.4244 
   4        120 hour             50%      4     74.00    0.97     0.00   11.3482 
   4        120 hour             50%      5     74.00    0.97     0.00    0.1044 
   4        120 hour             50%      6     74.00    0.97     0.00    6.9227 
   4        120 hour             50%      7     74.00    0.97     0.00   177.142 
   4        120 hour             50%      8     74.00    0.97     0.00   25.7134 
   4        120 hour             50%      9     74.00    0.97     0.00    0.0000 
   4        120 hour             50%     10     74.00    0.97     0.00    0.3455 
   5        144 hour             50%      1     75.60    0.98     0.00   24.8345 
   5        144 hour             50%      2     75.60    0.98     0.00    0.0000 
   5        144 hour             50%      3     75.60    0.98     0.00   17.3629 
   5        144 hour             50%      4     75.60    0.98     0.00    3.8450 
   5        144 hour             50%      5     75.60    0.98     0.00    0.0000 
   5        144 hour             50%      6     75.60    0.98     0.00   22.5382 
   5        144 hour             50%      7     75.60    0.98     0.00    0.0000 
   5        144 hour             50%      8     75.60    0.98     0.00   48.7776 
   5        144 hour             50%      9     75.60    0.98     0.00   14.2822 
   5        144 hour             50%     10     75.60    0.98     0.00    2.0804 
   6        168 hour             50%      1     76.80    0.98     0.00    0.0000 
   6        168 hour             50%      2     76.80    0.98     0.00   10.0852 
   6        168 hour             50%      3     76.80    0.98     0.00    0.6693 
   6        168 hour             50%      4     76.80    0.98     0.00    0.0302 
   6        168 hour             50%      5     76.80    0.98     0.00    2.1601 
   6        168 hour             50%      6     76.80    0.98     0.00   12.2360 
   6        168 hour             50%      7     76.80    0.98     0.00    0.0000 
   6        168 hour             50%      8     76.80    0.98     0.00   17.9951 
   6        168 hour             50%      9     76.80    0.98     0.00    0.0000 
   6        168 hour             50%     10     76.80    0.98     0.00    1.7093 
   7         48 hour           0.5EY      1     68.60    0.96     0.00   37.1283 
   7         48 hour           0.5EY      2     68.60    0.96     0.00   34.3735 
   7         48 hour           0.5EY      3     68.60    0.96     0.00    8.3865 
   7         48 hour           0.5EY      4     68.60    0.96     0.00   90.0477 
   7         48 hour           0.5EY      5     68.60    0.96     0.00    3.6617 
   7         48 hour           0.5EY      6     68.60    0.96     0.00   11.2268 
   7         48 hour           0.5EY      7     68.60    0.96     0.00   34.9262 
   7         48 hour           0.5EY      8     68.60    0.96     0.00   52.0812 
   7         48 hour           0.5EY      9     68.60    0.96     0.00   22.1846 
   7         48 hour           0.5EY     10     68.60    0.96     0.00   54.2150 
   8         72 hour           0.5EY      1     75.30    0.97     0.00   53.5392 
   8         72 hour           0.5EY      2     75.30    0.97     0.00   17.9054 
   8         72 hour           0.5EY      3     75.30    0.97     0.00    6.7162 
   8         72 hour           0.5EY      4     75.30    0.97     0.00    2.2765 
   8         72 hour           0.5EY      5     75.30    0.97     0.00    3.8826 
   8         72 hour           0.5EY      6     75.30    0.97     0.00   39.9868 
   8         72 hour           0.5EY      7     75.30    0.97     0.00   55.7189 
   8         72 hour           0.5EY      8     75.30    0.97     0.00   26.3084 
   8         72 hour           0.5EY      9     75.30    0.97     0.00    8.8363 
   8         72 hour           0.5EY     10     75.30    0.97     0.00   15.4102 
   9         96 hour           0.5EY      1     79.40    0.97     0.00   54.7658 
   9         96 hour           0.5EY      2     79.40    0.97     0.00    7.0095 
   9         96 hour           0.5EY      3     79.40    0.97     0.00    2.1682 
   9         96 hour           0.5EY      4     79.40    0.97     0.00   53.1084 
   9         96 hour           0.5EY      5     79.40    0.97     0.00   31.3262 
   9         96 hour           0.5EY      6     79.40    0.97     0.00   16.4411 
   9         96 hour           0.5EY      7     79.40    0.97     0.00   67.5430 
   9         96 hour           0.5EY      8     79.40    0.97     0.00   39.7682 
   9         96 hour           0.5EY      9     79.40    0.97     0.00   32.8592 
   9         96 hour           0.5EY     10     79.40    0.97     0.00   165.521 
  10        120 hour           0.5EY      1     82.10    0.97     0.00   41.6511 
  10        120 hour           0.5EY      2     82.10    0.97     0.00   54.7571 
  10        120 hour           0.5EY      3     82.10    0.97     0.00    5.5969 
  10        120 hour           0.5EY      4     82.10    0.97     0.00   20.4162 
  10        120 hour           0.5EY      5     82.10    0.97     0.00    2.2866 
  10        120 hour           0.5EY      6     82.10    0.97     0.00   12.0239 
  10        120 hour           0.5EY      7     82.10    0.97     0.00   204.545 
  10        120 hour           0.5EY      8     82.10    0.97     0.00   37.3118 
  10        120 hour           0.5EY      9     82.10    0.97     0.00    0.8158 
  10        120 hour           0.5EY     10     82.10    0.97     0.00    8.6431 
  11        144 hour           0.5EY      1     84.00    0.98     0.00   36.8757 
  11        144 hour           0.5EY      2     84.00    0.98     0.00    0.5877 
  11        144 hour           0.5EY      3     84.00    0.98     0.00   27.5067 
  11        144 hour           0.5EY      4     84.00    0.98     0.00    7.0498 
  11        144 hour           0.5EY      5     84.00    0.98     0.00    0.0000 
  11        144 hour           0.5EY      6     84.00    0.98     0.00   33.1454 
  11        144 hour           0.5EY      7     84.00    0.98     0.00    0.0000 
  11        144 hour           0.5EY      8     84.00    0.98     0.00   61.7432 
  11        144 hour           0.5EY      9     84.00    0.98     0.00   25.3392 
  11        144 hour           0.5EY     10     84.00    0.98     0.00    5.0456 
  12        168 hour           0.5EY      1     85.30    0.98     0.00    0.0000 
  12        168 hour           0.5EY      2     85.30    0.98     0.00   18.9635 
  12        168 hour           0.5EY      3     85.30    0.98     0.00    3.0884 
  12        168 hour           0.5EY      4     85.30    0.98     0.00    2.0154 
  12        168 hour           0.5EY      5     85.30    0.98     0.00    5.0179 
  12        168 hour           0.5EY      6     85.30    0.98     0.00   17.0078 
  12        168 hour           0.5EY      7     85.30    0.98     0.00    0.0000 
  12        168 hour           0.5EY      8     85.30    0.98     0.00   27.0672 
  12        168 hour           0.5EY      9     85.30    0.98     0.00    0.3661 
  12        168 hour           0.5EY     10     85.30    0.98     0.00    4.4560 
  13         48 hour             20%      1     86.60    0.96     0.00   69.0380 
  13         48 hour             20%      2     86.60    0.96     0.00   65.2250 
  13         48 hour             20%      3     86.60    0.96     0.00   29.0927 
  13         48 hour             20%      4     86.60    0.96     0.00   143.835 
  13         48 hour             20%      5     86.60    0.96     0.00   23.7663 
  13         48 hour             20%      6     86.60    0.96     0.00   34.8301 
  13         48 hour             20%      7     86.60    0.96     0.00   74.1082 
  13         48 hour             20%      8     86.60    0.96     0.00   91.3902 
  13         48 hour             20%      9     86.60    0.96     0.00   53.5443 
  13         48 hour             20%     10     86.60    0.96     0.00   90.2371 
  14         72 hour             20%      1     95.90    0.97     0.00   90.6509 
  14         72 hour             20%      2     95.90    0.97     0.00   45.4554 
  14         72 hour             20%      3     95.90    0.97     0.00   28.1809 
  14         72 hour             20%      4     95.90    0.97     0.00   20.7854 
  14         72 hour             20%      5     95.90    0.97     0.00   25.7535 
  14         72 hour             20%      6     95.90    0.97     0.00   71.5936 
  14         72 hour             20%      7     95.90    0.97     0.00   100.077 
  14         72 hour             20%      8     95.90    0.97     0.00   54.9767 
  14         72 hour             20%      9     95.90    0.97     0.00   21.6305 
  14         72 hour             20%     10     95.90    0.97     0.00   44.3912 
  15         96 hour             20%      1    101.00    0.97     0.00   96.5834 
  15         96 hour             20%      2    101.00    0.97     0.00   28.8589 
  15         96 hour             20%      3    101.00    0.97     0.00   22.2872 
  15         96 hour             20%      4    101.00    0.97     0.00   93.3484 
  15         96 hour             20%      5    101.00    0.97     0.00   61.7471 
  15         96 hour             20%      6    101.00    0.97     0.00   36.9577 
  15         96 hour             20%      7    101.00    0.97     0.00   104.464 
  15         96 hour             20%      8    101.00    0.97     0.00   85.9349 
  15         96 hour             20%      9    101.00    0.97     0.00   71.3914 
  15         96 hour             20%     10    101.00    0.97     0.00   230.607 
  16        120 hour             20%      1    104.00    0.97     0.00   72.3668 
  16        120 hour             20%      2    104.00    0.97     0.00   93.3733 
  16        120 hour             20%      3    104.00    0.97     0.00   25.6140 
  16        120 hour             20%      4    104.00    0.97     0.00   34.1433 
  16        120 hour             20%      5    104.00    0.97     0.00    9.5302 
  16        120 hour             20%      6    104.00    0.97     0.00   33.0293 
  16        120 hour             20%      7    104.00    0.97     0.00   280.991 
  16        120 hour             20%      8    104.00    0.97     0.00   70.4773 
  16        120 hour             20%      9    104.00    0.97     0.00   15.6514 
  16        120 hour             20%     10    104.00    0.97     0.00   29.9393 
  17        144 hour             20%      1    105.00    0.97     0.00   68.7179 
  17        144 hour             20%      2    105.00    0.97     0.00    7.2727 
  17        144 hour             20%      3    105.00    0.97     0.00   52.7460 
  17        144 hour             20%      4    105.00    0.97     0.00   18.5671 
  17        144 hour             20%      5    105.00    0.97     0.00    6.5669 
  17        144 hour             20%      6    105.00    0.97     0.00   60.0686 
  17        144 hour             20%      7    105.00    0.97     0.00    3.5367 
  17        144 hour             20%      8    105.00    0.97     0.00   94.8650 
  17        144 hour             20%      9    105.00    0.97     0.00   46.1648 
  17        144 hour             20%     10    105.00    0.97     0.00   15.1608 
  18        168 hour             20%      1    105.00    0.98     0.00    0.7169 
  18        168 hour             20%      2    105.00    0.98     0.00   41.2914 
  18        168 hour             20%      3    105.00    0.98     0.00    9.6234 
  18        168 hour             20%      4    105.00    0.98     0.00    8.1158 
  18        168 hour             20%      5    105.00    0.98     0.00   12.2375 
  18        168 hour             20%      6    105.00    0.98     0.00   28.3417 
  18        168 hour             20%      7    105.00    0.98     0.00    0.0000 
  18        168 hour             20%      8    105.00    0.98     0.00   53.1684 
  18        168 hour             20%      9    105.00    0.98     0.00    9.3789 
  18        168 hour             20%     10    105.00    0.98     0.00   11.4699 
  19         48 hour           0.2EY      1     88.30    0.96     0.00   72.1854 
  19         48 hour           0.2EY      2     88.30    0.96     0.00   68.0758 
  19         48 hour           0.2EY      3     88.30    0.96     0.00   31.2577 
  19         48 hour           0.2EY      4     88.30    0.96     0.00   148.934 
  19         48 hour           0.2EY      5     88.30    0.96     0.00   26.0014 
  19         48 hour           0.2EY      6     88.30    0.96     0.00   37.4116 
  19         48 hour           0.2EY      7     88.30    0.96     0.00   77.1616 
  19         48 hour           0.2EY      8     88.30    0.96     0.00   95.0814 
  19         48 hour           0.2EY      9     88.30    0.96     0.00   56.1813 
  19         48 hour           0.2EY     10     88.30    0.96     0.00   93.7494 
  20         72 hour           0.2EY      1     97.80    0.97     0.00   93.9737 
  20         72 hour           0.2EY      2     97.80    0.97     0.00   48.0543 
  20         72 hour           0.2EY      3     97.80    0.97     0.00   30.4430 
  20         72 hour           0.2EY      4     97.80    0.97     0.00   22.9238 
  20         72 hour           0.2EY      5     97.80    0.97     0.00   27.9297 
  20         72 hour           0.2EY      6     97.80    0.97     0.00   74.6047 
  20         72 hour           0.2EY      7     97.80    0.97     0.00   104.230 
  20         72 hour           0.2EY      8     97.80    0.97     0.00   57.7079 
  20         72 hour           0.2EY      9     97.80    0.97     0.00   22.6099 
  20         72 hour           0.2EY     10     97.80    0.97     0.00   47.1451 
  21         96 hour           0.2EY      1    103.00    0.97     0.00   100.326 
  21         96 hour           0.2EY      2    103.00    0.97     0.00   31.1297 
  21         96 hour           0.2EY      3    103.00    0.97     0.00   24.5770 
  21         96 hour           0.2EY      4    103.00    0.97     0.00   97.0636 
  21         96 hour           0.2EY      5    103.00    0.97     0.00   64.6398 
  21         96 hour           0.2EY      6    103.00    0.97     0.00   38.4930 
  21         96 hour           0.2EY      7    103.00    0.97     0.00   107.882 
  21         96 hour           0.2EY      8    103.00    0.97     0.00   90.1938 
  21         96 hour           0.2EY      9    103.00    0.97     0.00   74.8479 
  21         96 hour           0.2EY     10    103.00    0.97     0.00   236.702 
  22        120 hour           0.2EY      1    106.00    0.97     0.00   75.4970 
  22        120 hour           0.2EY      2    106.00    0.97     0.00   96.8086 
  22        120 hour           0.2EY      3    106.00    0.97     0.00   27.7817 
  22        120 hour           0.2EY      4    106.00    0.97     0.00   35.5583 
  22        120 hour           0.2EY      5    106.00    0.97     0.00   10.2227 
  22        120 hour           0.2EY      6    106.00    0.97     0.00   35.0499 
  22        120 hour           0.2EY      7    106.00    0.97     0.00   288.030 
  22        120 hour           0.2EY      8    106.00    0.97     0.00   73.5335 
  22        120 hour           0.2EY      9    106.00    0.97     0.00   17.4419 
  22        120 hour           0.2EY     10    106.00    0.97     0.00   31.8417 
  23        144 hour           0.2EY      1    107.00    0.97     0.00   71.7039 
  23        144 hour           0.2EY      2    107.00    0.97     0.00    8.3404 
  23        144 hour           0.2EY      3    107.00    0.97     0.00   55.1216 
  23        144 hour           0.2EY      4    107.00    0.97     0.00   20.4346 
  23        144 hour           0.2EY      5    107.00    0.97     0.00    7.6231 
  23        144 hour           0.2EY      6    107.00    0.97     0.00   62.9652 
  23        144 hour           0.2EY      7    107.00    0.97     0.00    4.3930 
  23        144 hour           0.2EY      8    107.00    0.97     0.00   98.0403 
  23        144 hour           0.2EY      9    107.00    0.97     0.00   48.1834 
  23        144 hour           0.2EY     10    107.00    0.97     0.00   16.4895 
  24        168 hour           0.2EY      1    107.00    0.98     0.00    1.0917 
  24        168 hour           0.2EY      2    107.00    0.98     0.00   43.9403 
  24        168 hour           0.2EY      3    107.00    0.98     0.00   10.3130 
  24        168 hour           0.2EY      4    107.00    0.98     0.00    8.7691 
  24        168 hour           0.2EY      5    107.00    0.98     0.00   12.9899 
  24        168 hour           0.2EY      6    107.00    0.98     0.00   29.6061 
  24        168 hour           0.2EY      7    107.00    0.98     0.00    0.0000 
  24        168 hour           0.2EY      8    107.00    0.98     0.00   56.0471 
  24        168 hour           0.2EY      9    107.00    0.98     0.00   11.0207 
  24        168 hour           0.2EY     10    107.00    0.98     0.00   12.2017 
  25         48 hour             10%      1    104.00    0.96     0.00   101.431 
  25         48 hour             10%      2    104.00    0.96     0.00   95.6284 
  25         48 hour             10%      3    104.00    0.96     0.00   52.5934 
  25         48 hour             10%      4    104.00    0.96     0.00   199.286 
  25         48 hour             10%      5    104.00    0.96     0.00   46.2588 
  25         48 hour             10%      6    104.00    0.96     0.00   60.6338 
  25         48 hour             10%      7    104.00    0.96     0.00   105.799 
  25         48 hour             10%      8    104.00    0.96     0.00   129.170 
  25         48 hour             10%      9    104.00    0.96     0.00   80.7461 
  25         48 hour             10%     10    104.00    0.96     0.00   126.647 
  26         72 hour             10%      1    115.00    0.97     0.00   123.818 
  26         72 hour             10%      2    115.00    0.97     0.00   71.7682 
  26         72 hour             10%      3    115.00    0.97     0.00   50.8883 
  26         72 hour             10%      4    115.00    0.97     0.00   41.9386 
  26         72 hour             10%      5    115.00    0.97     0.00   47.5606 
  26         72 hour             10%      6    115.00    0.97     0.00   102.490 
  26         72 hour             10%      7    115.00    0.97     0.00   141.804 
  26         72 hour             10%      8    115.00    0.97     0.00   83.5950 
  26         72 hour             10%      9    115.00    0.97     0.00   31.9366 
  26         72 hour             10%     10    115.00    0.97     0.00   71.8232 
  27         96 hour             10%      1    122.00    0.97     0.00   135.529 
  27         96 hour             10%      2    122.00    0.97     0.00   52.8184 
  27         96 hour             10%      3    122.00    0.97     0.00   45.1805 
  27         96 hour             10%      4    122.00    0.97     0.00   132.459 
  27         96 hour             10%      5    122.00    0.97     0.00   94.0257 
  27         96 hour             10%      6    122.00    0.97     0.00   56.0855 
  27         96 hour             10%      7    122.00    0.97     0.00   140.581 
  27         96 hour             10%      8    122.00    0.97     0.00   130.612 
  27         96 hour             10%      9    122.00    0.97     0.00   107.875 
  27         96 hour             10%     10    122.00    0.97     0.00   295.559 
  28        120 hour             10%      1    125.00    0.97     0.00   105.340 
  28        120 hour             10%      2    125.00    0.97     0.00   128.946 
  28        120 hour             10%      3    125.00    0.97     0.00   48.9000 
  28        120 hour             10%      4    125.00    0.97     0.00   55.2582 
  28        120 hour             10%      5    125.00    0.97     0.00   28.8660 
  28        120 hour             10%      6    125.00    0.97     0.00   56.0118 
  28        120 hour             10%      7    125.00    0.97     0.00   355.826 
  28        120 hour             10%      8    125.00    0.97     0.00   104.312 
  28        120 hour             10%      9    125.00    0.97     0.00   37.3097 
  28        120 hour             10%     10    125.00    0.97     0.00   50.6367 
  29        144 hour             10%      1    127.00    0.97     0.00   101.752 
  29        144 hour             10%      2    127.00    0.97     0.00   22.5562 
  29        144 hour             10%      3    127.00    0.97     0.00   80.6040 
  29        144 hour             10%      4    127.00    0.97     0.00   39.2698 
  29        144 hour             10%      5    127.00    0.97     0.00   19.1752 
  29        144 hour             10%      6    127.00    0.97     0.00   92.7390 
  29        144 hour             10%      7    127.00    0.97     0.00   14.7338 
  29        144 hour             10%      8    127.00    0.97     0.00   130.040 
  29        144 hour             10%      9    127.00    0.97     0.00   70.0763 
  29        144 hour             10%     10    127.00    0.97     0.00   29.6036 
  30        168 hour             10%      1    127.00    0.97     0.00    5.5915 
  30        168 hour             10%      2    127.00    0.97     0.00   70.5592 
  30        168 hour             10%      3    127.00    0.97     0.00   22.8022 
  30        168 hour             10%      4    127.00    0.97     0.00   15.4684 
  30        168 hour             10%      5    127.00    0.97     0.00   24.7767 
  30        168 hour             10%      6    127.00    0.97     0.00   43.6116 
  30        168 hour             10%      7    127.00    0.97     0.00    1.9342 
  30        168 hour             10%      8    127.00    0.97     0.00   84.9436 
  30        168 hour             10%      9    127.00    0.97     0.00   30.3863 
  30        168 hour             10%     10    127.00    0.97     0.00   19.6402 
  31         48 hour              5%      1    121.00    0.96     0.00   132.828 
  31         48 hour              5%      2    121.00    0.96     0.00   126.082 
  31         48 hour              5%      3    121.00    0.96     0.00   75.5747 
  31         48 hour              5%      4    121.00    0.96     0.00   251.340 
  31         48 hour              5%      5    121.00    0.96     0.00   68.0162 
  31         48 hour              5%      6    121.00    0.96     0.00   85.1328 
  31         48 hour              5%      7    121.00    0.96     0.00   142.919 
  31         48 hour              5%      8    121.00    0.96     0.00   166.001 
  31         48 hour              5%      9    121.00    0.96     0.00   111.950 
  31         48 hour              5%     10    121.00    0.96     0.00   162.844 
  32         72 hour              5%      1    135.00    0.97     0.00   157.768 
  32         72 hour              5%      2    135.00    0.97     0.00   99.5301 
  32         72 hour              5%      3    135.00    0.97     0.00   74.6248 
  32         72 hour              5%      4    135.00    0.97     0.00   64.1483 
  32         72 hour              5%      5    135.00    0.97     0.00   70.3992 
  32         72 hour              5%      6    135.00    0.97     0.00   135.971 
  32         72 hour              5%      7    135.00    0.97     0.00   185.215 
  32         72 hour              5%      8    135.00    0.97     0.00   115.796 
  32         72 hour              5%      9    135.00    0.97     0.00   61.3033 
  32         72 hour              5%     10    135.00    0.97     0.00   100.182 
  33         96 hour              5%      1    143.00    0.97     0.00   173.513 
  33         96 hour              5%      2    143.00    0.97     0.00   76.6396 
  33         96 hour              5%      3    143.00    0.97     0.00   67.2978 
  33         96 hour              5%      4    143.00    0.97     0.00   171.459 
  33         96 hour              5%      5    143.00    0.97     0.00   127.526 
  33         96 hour              5%      6    143.00    0.97     0.00   79.2059 
  33         96 hour              5%      7    143.00    0.97     0.00   176.601 
  33         96 hour              5%      8    143.00    0.97     0.00   169.087 
  33         96 hour              5%      9    143.00    0.97     0.00   144.275 
  33         96 hour              5%     10    143.00    0.97     0.00   361.818 
  34        120 hour              5%      1    147.00    0.97     0.00   139.847 
  34        120 hour              5%      2    147.00    0.97     0.00   165.350 
  34        120 hour              5%      3    147.00    0.97     0.00   72.7667 
  34        120 hour              5%      4    147.00    0.97     0.00   85.1499 
  34        120 hour              5%      5    147.00    0.97     0.00   45.6381 
  34        120 hour              5%      6    147.00    0.97     0.00   80.7602 
  34        120 hour              5%      7    147.00    0.97     0.00   435.819 
  34        120 hour              5%      8    147.00    0.97     0.00   139.714 
  34        120 hour              5%      9    147.00    0.97     0.00   60.0495 
  34        120 hour              5%     10    147.00    0.97     0.00   75.7265 
  35        144 hour              5%      1    149.00    0.97     0.00   134.716 
  35        144 hour              5%      2    149.00    0.97     0.00   39.4644 
  35        144 hour              5%      3    149.00    0.97     0.00   112.038 
  35        144 hour              5%      4    149.00    0.97     0.00   60.3371 
  35        144 hour              5%      5    149.00    0.97     0.00   32.9859 
  35        144 hour              5%      6    149.00    0.97     0.00   126.437 
  35        144 hour              5%      7    149.00    0.97     0.00   28.0087 
  35        144 hour              5%      8    149.00    0.97     0.00   165.490 
  35        144 hour              5%      9    149.00    0.97     0.00   109.780 
  35        144 hour              5%     10    149.00    0.97     0.00   44.0807 
  36        168 hour              5%      1    149.00    0.97     0.00   11.0707 
  36        168 hour              5%      2    149.00    0.97     0.00   99.7785 
  36        168 hour              5%      3    149.00    0.97     0.00   44.1754 
  36        168 hour              5%      4    149.00    0.97     0.00   26.3355 
  36        168 hour              5%      5    149.00    0.97     0.00   39.2109 
  36        168 hour              5%      6    149.00    0.97     0.00   59.8921 
  36        168 hour              5%      7    149.00    0.97     0.00   12.9640 
  36        168 hour              5%      8    149.00    0.97     0.00   116.566 
  36        168 hour              5%      9    149.00    0.97     0.00   51.8016 
  36        168 hour              5%     10    149.00    0.97     0.00   28.6798 
  37         48 hour              2%      1    145.00    0.96     0.00   176.996 
  37         48 hour              2%      2    145.00    0.96     0.00   172.093 
  37         48 hour              2%      3    145.00    0.96     0.00   108.025 
  37         48 hour              2%      4    145.00    0.96     0.00   325.204 
  37         48 hour              2%      5    145.00    0.96     0.00   98.5301 
  37         48 hour              2%      6    145.00    0.96     0.00   119.182 
  37         48 hour              2%      7    145.00    0.96     0.00   193.130 
  37         48 hour              2%      8    145.00    0.96     0.00   217.532 
  37         48 hour              2%      9    145.00    0.96     0.00   153.597 
  37         48 hour              2%     10    145.00    0.96     0.00   214.423 
  38         72 hour              2%      1    161.00    0.96     0.00   201.127 
  38         72 hour              2%      2    161.00    0.96     0.00   135.327 
  38         72 hour              2%      3    161.00    0.96     0.00   105.364 
  38         72 hour              2%      4    161.00    0.96     0.00   93.0380 
  38         72 hour              2%      5    161.00    0.96     0.00   100.188 
  38         72 hour              2%      6    161.00    0.96     0.00   182.872 
  38         72 hour              2%      7    161.00    0.96     0.00   241.426 
  38         72 hour              2%      8    161.00    0.96     0.00   157.314 
  38         72 hour              2%      9    161.00    0.96     0.00   100.287 
  38         72 hour              2%     10    161.00    0.96     0.00   136.705 
  39         96 hour              2%      1    170.00    0.97     0.00   221.770 
  39         96 hour              2%      2    170.00    0.97     0.00   107.063 
  39         96 hour              2%      3    170.00    0.97     0.00   95.7650 
  39         96 hour              2%      4    170.00    0.97     0.00   221.309 
  39         96 hour              2%      5    170.00    0.97     0.00   170.696 
  39         96 hour              2%      6    170.00    0.97     0.00   114.080 
  39         96 hour              2%      7    170.00    0.97     0.00   223.364 
  39         96 hour              2%      8    170.00    0.97     0.00   213.906 
  39         96 hour              2%      9    170.00    0.97     0.00   190.951 
  39         96 hour              2%     10    170.00    0.97     0.00   448.656 
  40        120 hour              2%      1    174.00    0.97     0.00   182.087 
  40        120 hour              2%      2    174.00    0.97     0.00   209.314 
  40        120 hour              2%      3    174.00    0.97     0.00   105.022 
  40        120 hour              2%      4    174.00    0.97     0.00   116.116 
  40        120 hour              2%      5    174.00    0.97     0.00   66.9572 
  40        120 hour              2%      6    174.00    0.97     0.00   110.992 
  40        120 hour              2%      7    174.00    0.97     0.00   535.308 
  40        120 hour              2%      8    174.00    0.97     0.00   182.646 
  40        120 hour              2%      9    174.00    0.97     0.00   87.5111 
  40        120 hour              2%     10    174.00    0.97     0.00   106.455 
  41        144 hour              2%      1    176.00    0.97     0.00   175.035 
  41        144 hour              2%      2    176.00    0.97     0.00   59.8235 
  41        144 hour              2%      3    176.00    0.97     0.00   151.743 
  41        144 hour              2%      4    176.00    0.97     0.00   85.3553 
  41        144 hour              2%      5    176.00    0.97     0.00   50.5418 
  41        144 hour              2%      6    176.00    0.97     0.00   168.834 
  41        144 hour              2%      7    176.00    0.97     0.00   44.9824 
  41        144 hour              2%      8    176.00    0.97     0.00   208.933 
  41        144 hour              2%      9    176.00    0.97     0.00   148.870 
  41        144 hour              2%     10    176.00    0.97     0.00   65.9556 
  42        168 hour              2%      1    176.00    0.97     0.00   18.0262 
  42        168 hour              2%      2    176.00    0.97     0.00   135.749 
  42        168 hour              2%      3    176.00    0.97     0.00   69.5055 
  42        168 hour              2%      4    176.00    0.97     0.00   43.7640 
  42        168 hour              2%      5    176.00    0.97     0.00   57.9771 
  42        168 hour              2%      6    176.00    0.97     0.00   80.0981 
  42        168 hour              2%      7    176.00    0.97     0.00   28.6071 
  42        168 hour              2%      8    176.00    0.97     0.00   155.515 
  42        168 hour              2%      9    176.00    0.97     0.00   77.3248 
  42        168 hour              2%     10    176.00    0.97     0.00   50.1146 
  43         48 hour              1%      1    164.00    0.96     0.00   211.920 
  43         48 hour              1%      2    164.00    0.96     0.00   208.396 
  43         48 hour              1%      3    164.00    0.96     0.00   133.587 
  43         48 hour              1%      4    164.00    0.96     0.00   383.921 
  43         48 hour              1%      5    164.00    0.96     0.00   122.584 
  43         48 hour              1%      6    164.00    0.96     0.00   146.005 
  43         48 hour              1%      7    164.00    0.96     0.00   236.529 
  43         48 hour              1%      8    164.00    0.96     0.00   258.385 
  43         48 hour              1%      9    164.00    0.96     0.00   187.639 
  43         48 hour              1%     10    164.00    0.96     0.00   256.097 
  44         72 hour              1%      1    181.00    0.96     0.00   234.898 
  44         72 hour              1%      2    181.00    0.96     0.00   162.527 
  44         72 hour              1%      3    181.00    0.96     0.00   128.923 
  44         72 hour              1%      4    181.00    0.96     0.00   115.167 
  44         72 hour              1%      5    181.00    0.96     0.00   123.024 
  44         72 hour              1%      6    181.00    0.96     0.00   219.432 
  44         72 hour              1%      7    181.00    0.96     0.00   284.865 
  44         72 hour              1%      8    181.00    0.96     0.00   189.247 
  44         72 hour              1%      9    181.00    0.96     0.00   130.800 
  44         72 hour              1%     10    181.00    0.96     0.00   164.642 
  45         96 hour              1%      1    190.00    0.97     0.00   257.057 
  45         96 hour              1%      2    190.00    0.97     0.00   129.524 
  45         96 hour              1%      3    190.00    0.97     0.00   120.154 
  45         96 hour              1%      4    190.00    0.97     0.00   258.009 
  45         96 hour              1%      5    190.00    0.97     0.00   202.493 
  45         96 hour              1%      6    190.00    0.97     0.00   140.526 
  45         96 hour              1%      7    190.00    0.97     0.00   257.315 
  45         96 hour              1%      8    190.00    0.97     0.00   246.982 
  45         96 hour              1%      9    190.00    0.97     0.00   225.755 
  45         96 hour              1%     10    190.00    0.97     0.00   513.651 
  46        120 hour              1%      1    195.00    0.97     0.00   214.955 
  46        120 hour              1%      2    195.00    0.97     0.00   243.038 
  46        120 hour              1%      3    195.00    0.97     0.00   128.622 
  46        120 hour              1%      4    195.00    0.97     0.00   140.387 
  46        120 hour              1%      5    195.00    0.97     0.00   87.7942 
  46        120 hour              1%      6    195.00    0.97     0.00   135.887 
  46        120 hour              1%      7    195.00    0.97     0.00   613.699 
  46        120 hour              1%      8    195.00    0.97     0.00   215.794 
  46        120 hour              1%      9    195.00    0.97     0.00   108.647 
  46        120 hour              1%     10    195.00    0.97     0.00   129.713 
  47        144 hour              1%      1    197.00    0.97     0.00   206.306 
  47        144 hour              1%      2    197.00    0.97     0.00   77.7500 
  47        144 hour              1%      3    197.00    0.97     0.00   182.833 
  47        144 hour              1%      4    197.00    0.97     0.00   104.209 
  47        144 hour              1%      5    197.00    0.97     0.00   64.4691 
  47        144 hour              1%      6    197.00    0.97     0.00   202.171 
  47        144 hour              1%      7    197.00    0.97     0.00   60.1042 
  47        144 hour              1%      8    197.00    0.97     0.00   242.647 
  47        144 hour              1%      9    197.00    0.97     0.00   179.748 
  47        144 hour              1%     10    197.00    0.97     0.00   83.1317 
  48        168 hour              1%      1    197.00    0.97     0.00   24.2568 
  48        168 hour              1%      2    197.00    0.97     0.00   163.914 
  48        168 hour              1%      3    197.00    0.97     0.00   89.0948 
  48        168 hour              1%      4    197.00    0.97     0.00   57.7062 
  48        168 hour              1%      5    197.00    0.97     0.00   72.6062 
  48        168 hour              1%      6    197.00    0.97     0.00   95.9696 
  48        168 hour              1%      7    197.00    0.97     0.00   41.3352 
  48        168 hour              1%      8    197.00    0.97     0.00   185.709 
  48        168 hour              1%      9    197.00    0.97     0.00   96.9795 
  48        168 hour              1%     10    197.00    0.97     0.00   67.1214 
 Run,    Representative hydrograph
  1     dur48hour_aep50tp2.out                                                                              
 Run,    Representative hydrograph
  2     dur72hour_aep50tp2.out                                                                              
 Run,    Representative hydrograph
  3     dur96hour_aep50tp8.out                                                                              
 Run,    Representative hydrograph
  4     dur120hour_aep50tp4.out                                                                             
 Run,    Representative hydrograph
  5     dur144hour_aep50tp9.out                                                                             
 Run,    Representative hydrograph
  6     dur168hour_aep50tp10.out                                                                            
 Run,    Representative hydrograph
  7     dur48hour_aep0p5EYtp7.out                                                                           
 Run,    Representative hydrograph
  8     dur72hour_aep0p5EYtp2.out                                                                           
 Run,    Representative hydrograph
  9     dur96hour_aep0p5EYtp8.out                                                                           
 Run,    Representative hydrograph
 10     dur120hour_aep0p5EYtp4.out                                                                          
 Run,    Representative hydrograph
 11     dur144hour_aep0p5EYtp9.out                                                                          
 Run,    Representative hydrograph
 12     dur168hour_aep0p5EYtp10.out                                                                         
 Run,    Representative hydrograph
 13     dur48hour_aep20tp1.out                                                                              
 Run,    Representative hydrograph
 14     dur72hour_aep20tp2.out                                                                              
 Run,    Representative hydrograph
 15     dur96hour_aep20tp8.out                                                                              
 Run,    Representative hydrograph
 16     dur120hour_aep20tp4.out                                                                             
 Run,    Representative hydrograph
 17     dur144hour_aep20tp9.out                                                                             
 Run,    Representative hydrograph
 18     dur168hour_aep20tp10.out                                                                            
 Run,    Representative hydrograph
 19     dur48hour_aep0p2EYtp1.out                                                                           
 Run,    Representative hydrograph
 20     dur72hour_aep0p2EYtp2.out                                                                           
 Run,    Representative hydrograph
 21     dur96hour_aep0p2EYtp8.out                                                                           
 Run,    Representative hydrograph
 22     dur120hour_aep0p2EYtp4.out                                                                          
 Run,    Representative hydrograph
 23     dur144hour_aep0p2EYtp9.out                                                                          
 Run,    Representative hydrograph
 24     dur168hour_aep0p2EYtp10.out                                                                         
 Run,    Representative hydrograph
 25     dur48hour_aep10tp1.out                                                                              
 Run,    Representative hydrograph
 26     dur72hour_aep10tp10.out                                                                             
 Run,    Representative hydrograph
 27     dur96hour_aep10tp8.out                                                                              
 Run,    Representative hydrograph
 28     dur120hour_aep10tp6.out                                                                             
 Run,    Representative hydrograph
 29     dur144hour_aep10tp9.out                                                                             
 Run,    Representative hydrograph
 30     dur168hour_aep10tp5.out                                                                             
 Run,    Representative hydrograph
 31     dur48hour_aep5tp1.out                                                                               
 Run,    Representative hydrograph
 32     dur72hour_aep5tp10.out                                                                              
 Run,    Representative hydrograph
 33     dur96hour_aep5tp8.out                                                                               
 Run,    Representative hydrograph
 34     dur120hour_aep5tp4.out                                                                              
 Run,    Representative hydrograph
 35     dur144hour_aep5tp9.out                                                                              
 Run,    Representative hydrograph
 36     dur168hour_aep5tp3.out                                                                              
 Run,    Representative hydrograph
 37     dur48hour_aep2tp1.out                                                                               
 Run,    Representative hydrograph
 38     dur72hour_aep2tp10.out                                                                              
 Run,    Representative hydrograph
 39     dur96hour_aep2tp8.out                                                                               
 Run,    Representative hydrograph
 40     dur120hour_aep2tp4.out                                                                              
 Run,    Representative hydrograph
 41     dur144hour_aep2tp9.out                                                                              
 Run,    Representative hydrograph
 42     dur168hour_aep2tp3.out                                                                              
 Run,    Representative hydrograph
 43     dur48hour_aep1tp1.out                                                                               
 Run,    Representative hydrograph
 44     dur72hour_aep1tp10.out                                                                              
 Run,    Representative hydrograph
 45     dur96hour_aep1tp8.out                                                                               
 Run,    Representative hydrograph
 46     dur120hour_aep1tp4.out                                                                              
 Run,    Representative hydrograph
 47     dur144hour_aep1tp9.out                                                                              
 Run,    Representative hydrograph
 48     dur168hour_aep1tp3.out                                                                              

Elapsed Run Time (hh:mm:ss) = 00:00:05
