 RORBWin Output File
 *******************
 
 Program version 6.52 (last updated 1st June 2023)
 Copyright Monash University and Hydrology and Risk Consulting
 
 Date run: 08 Aug 2026 22:32

 Vector file       : E:\Library\Automation\ryan-tools\tests\test_data\RORB\Fig6_7.catg
 Storm file        : E:\Library\Automation\ryan-tools\tests\test_data\RORB\48hr-areal-example\Fig6_7_ aep5_du168hourtp8.stm
 Output information: Flows & all input data


 Data checks:
 ************
 Next data to be read & checked:

 Catchment name & reach type flag
 Control vector & storage data
 Code no.  18     7.0 Location read as                             
 Sub-area areas
 Impervious flag
 Initial storm data
 Rainfall burst times
 Pluviograph 1
 Sub-area rainfalls

 Data check completed



 Data:
 ****

 fIGURE 6.7                                                          


 Time data, in increments from initial time
 fIGURE 6.7: 168 hour 5% Design Storm No.8 Temporal Pattern          
 Time increment (hours)=  3.00

                   Start   Finish
 Rainfall times:     0       56


 End of hyeto/hydrographs:   56
 Duration of calculations:  300



 Pre-burst has been applied
 Pluviograph data (time in incs, rainfall in mm, in 
                   increment following time shown)

Includes Pre-burst temporal pattern
         1:Temporal pattern (% of depth
   Time     1
     0     0.00
     1     0.47
     2     0.30
     3     0.25
     4     0.90
     5     2.49
     6     2.61
     7     0.63
     8     0.08
     9     0.13
    10     0.11
    11     0.48
    12     0.99
    13     0.56
    14     0.07
    15     0.06
    16     0.04
    17     0.07
    18     0.17
    19     1.04
    20     1.21
    21     1.63
    22     1.05
    23     1.39
    24     4.54
    25     0.62
    26     1.32
    27     1.93
    28     0.03
    29     0.86
    30     2.61
    31     2.16
    32     3.78
    33     3.31
    34     2.88
    35     6.43
    36     9.01
    37    12.07
    38     6.15
    39     3.74
    40     2.94
    41     3.66
    42     3.56
    43     2.87
    44     2.46
    45     2.78
    46     2.04
    47     1.16
    48     0.06
    49     0.00
    50     0.00
    51     0.00
    52     0.00
    53     0.00
    54     0.00
    55     0.30

   Total 100.0




 DESIGN run control vector

 Step  Code              Description
   1    1     Add sub-area 'A' inflow & route thru normal storage    1
   2    3     Store hydrograph from step    1; reset hydrograph to zero
   3    1     Add sub-area 'B' inflow & route thru normal storage    2
   4    4     Add h-graph ex step    2 to h-graph ex step    3
   5    5     Route hydrograph thru normal storage    3
   6    3     Store hydrograph from step    5; reset hydrograph to zero
   7    1     Add sub-area 'C' inflow & route thru normal storage    4
   8    4     Add h-graph ex step    6 to h-graph ex step    7
   9    5     Route hydrograph thru normal storage    5
  10    3     Store hydrograph from step    9; reset hydrograph to zero
  11    1     Add sub-area 'D' inflow & route thru normal storage    6
  12    4     Add h-graph ex step   10 to h-graph ex step   11
  13    5     Route hydrograph thru normal storage    7
  14    3     Store hydrograph from step   13; reset hydrograph to zero
  15    1     Add sub-area 'E' inflow & route thru normal storage    8
  16    4     Add h-graph ex step   14 to h-graph ex step   15
  17    5     Route hydrograph thru normal storage    9
  18    7.0   Print hydrograph,                             
  19    0     **********End of control vector**********



 Sub-area data

 Sub-     Area     Dist.
 area      km²      km*
   A    3.00E+01  1.25E+01
   B    2.80E+01  1.15E+01
   C    2.50E+01  9.50E+00
   D    3.50E+01  7.00E+00
   E    4.00E+01  6.00E+00

 Total 1.580E+02

 For whole catchment     ; Av. Dist., km* =       8.98
 For interstation area  1; Av. Dist., km* =       8.98; ISA Factor =   1.000

 * or other function of reach properties related to travel time



 Normal storage data

 Storage   Length   Rel. delay      Type         Slope
   no.       km*       time                     percent 
   1         5.0       0.557       Natural 
   2         4.0       0.445       Natural 
   3         2.5       0.278       Natural 
   4         4.5       0.501       Natural 
   5         2.5       0.278       Natural 
   6         4.5       0.501       Natural 
   7         1.0       0.111       Natural 
   8         4.5       0.501       Natural 
   9         1.5       0.167       Natural 

 * or other function of reach properties related to travel time


 Input of parameters:
 ********************

 fIGURE 6.7                                                          
 DESIGN Run
 fIGURE 6.7: 168 hour 5% Design Storm No.8 Temporal Pattern          
 Time increment = 3.00 hours

 Constant loss model selected



 Rainfall, mm, in time inc. following time shown
 Time               Sub-
      Catch         Area
 Incs ment          A   B   C   D   E

   0   0.0          0   0   0   0   0
   1   0.7          1   1   1   1   1
   2   0.4          0   0   0   0   0
   3   0.4          0   0   0   0   0
   4   1.3          1   1   1   1   1
   5   3.6          4   4   4   4   4
   6   3.8          4   4   4   4   4
   7   0.9          1   1   1   1   1
   8   0.1          0   0   0   0   0
   9   0.2          0   0   0   0   0
  10   0.2          0   0   0   0   0
  11   0.7          1   1   1   1   1
  12   1.4          1   1   1   1   1
  13   0.8          1   1   1   1   1
  14   0.1          0   0   0   0   0
  15   0.1          0   0   0   0   0
  16   0.1          0   0   0   0   0
  17   0.1          0   0   0   0   0
  18   0.2          0   0   0   0   0
  19   1.5          2   2   2   2   2
  20   1.8          2   2   2   2   2
  21   2.4          2   2   2   2   2
  22   1.5          2   2   2   2   2
  23   2.0          2   2   2   2   2
  24   6.6          7   7   7   7   7
  25   0.9          1   1   1   1   1
  26   1.9          2   2   2   2   2
  27   2.8          3   3   3   3   3
  28   0.0          0   0   0   0   0
  29   1.2          1   1   1   1   1
  30   3.8          4   4   4   4   4
  31   3.1          3   3   3   3   3
  32   5.5          5   5   5   5   5
  33   4.8          5   5   5   5   5
  34   4.2          4   4   4   4   4
  35   9.3          9   9   9   9   9
  36  13.1         13  13  13  13  13
  37  17.5         18  18  18  18  18
  38   8.9          9   9   9   9   9
  39   5.4          5   5   5   5   5
  40   4.3          4   4   4   4   4
  41   5.3          5   5   5   5   5
  42   5.2          5   5   5   5   5
  43   4.2          4   4   4   4   4
  44   3.6          4   4   4   4   4
  45   4.0          4   4   4   4   4
  46   3.0          3   3   3   3   3
  47   1.7          2   2   2   2   2
  48   0.1          0   0   0   0   0
  49   0.0          0   0   0   0   0
  50   0.0          0   0   0   0   0
  51   0.0          0   0   0   0   0
  52   0.0          0   0   0   0   0
  53   0.0          0   0   0   0   0
  54   0.0          0   0   0   0   0
  55   0.4          0   0   0   0   0

 Tot.145.0        145 145 145 145 145
 Pluvi. ref. no.    1   1   1   1   1




 Rainfall-excess, mm, in time inc. following time shown
 Time               Sub-
      Catch         Area
 Incs ment          A   B   C   D   E

   0   0.0          0   0   0   0   0
   1   0.0          0   0   0   0   0
   2   0.0          0   0   0   0   0
   3   0.0          0   0   0   0   0
   4   0.0          0   0   0   0   0
   5   0.0          0   0   0   0   0
   6   0.0          0   0   0   0   0
   7   0.0          0   0   0   0   0
   8   0.0          0   0   0   0   0
   9   0.0          0   0   0   0   0
  10   0.0          0   0   0   0   0
  11   0.0          0   0   0   0   0
  12   0.0          0   0   0   0   0
  13   0.0          0   0   0   0   0
  14   0.0          0   0   0   0   0
  15   0.0          0   0   0   0   0
  16   0.0          0   0   0   0   0
  17   0.0          0   0   0   0   0
  18   0.0          0   0   0   0   0
  19   0.0          0   0   0   0   0
  20   0.0          0   0   0   0   0
  21   0.0          0   0   0   0   0
  22   0.0          0   0   0   0   0
  23   0.0          0   0   0   0   0
  24   0.9          1   1   1   1   1
  25   0.0          0   0   0   0   0
  26   0.0          0   0   0   0   0
  27   0.0          0   0   0   0   0
  28   0.0          0   0   0   0   0
  29   0.0          0   0   0   0   0
  30   0.0          0   0   0   0   0
  31   0.0          0   0   0   0   0
  32   0.0          0   0   0   0   0
  33   0.0          0   0   0   0   0
  34   0.0          0   0   0   0   0
  35   3.6          4   4   4   4   4
  36   7.4          7   7   7   7   7
  37  11.8         12  12  12  12  12
  38   3.2          3   3   3   3   3
  39   0.0          0   0   0   0   0
  40   0.0          0   0   0   0   0
  41   0.0          0   0   0   0   0
  42   0.0          0   0   0   0   0
  43   0.0          0   0   0   0   0
  44   0.0          0   0   0   0   0
  45   0.0          0   0   0   0   0
  46   0.0          0   0   0   0   0
  47   0.0          0   0   0   0   0
  48   0.0          0   0   0   0   0
  49   0.0          0   0   0   0   0
  50   0.0          0   0   0   0   0
  51   0.0          0   0   0   0   0
  52   0.0          0   0   0   0   0
  53   0.0          0   0   0   0   0
  54   0.0          0   0   0   0   0
  55   0.0          0   0   0   0   0

 Tot. 26.9         27  27  27  27  27



 Routing results:
 ****************
 fIGURE 6.7                                                          
 fIGURE 6.7: 168 hour 5% Design Storm No.8 Temporal Pattern          
 DESIGN run no.  1


 Parameters:  kc =    10.00    m = 0.80

 Loss parameters     Initial loss (mm)   Cont. loss (mm/h)
                           12.00              1.90



 *** Calculated hydrograph,                                      

                           Hydrograph
                          Calc.          
 Peak discharge,m³/s     116.6
 Time to peak,h           117.
 Volume,m³            4.24E+06
 Time to centroid,h       117.
 Lag (c.m. to c.m.),h     7.11
 Lag to peak,h            7.05


 Hydrograph summary
 ******************

 Site  Description
   01  Calculated hydrograph,

 Inc    Time   Hyd0001
   0    0.00     0.000 
   1    3.00     0.000 
   2    6.00     0.000 
   3    9.00     0.000 
   4   12.00     0.000 
   5   15.00     0.000 
   6   18.00     0.000 
   7   21.00     0.000 
   8   24.00     0.000 
   9   27.00     0.000 
  10   30.00     0.000 
  11   33.00     0.000 
  12   36.00     0.000 
  13   39.00     0.000 
  14   42.00     0.000 
  15   45.00     0.000 
  16   48.00     0.000 
  17   51.00     0.000 
  18   54.00     0.000 
  19   57.00     0.000 
  20   60.00     0.000 
  21   63.00     0.000 
  22   66.00     0.000 
  23   69.00     0.000 
  24   72.00     0.000 
  25   75.00     0.513 
  26   78.00     2.109 
  27   81.00     2.907 
  28   84.00     2.289 
  29   87.00     1.595 
  30   90.00     1.046 
  31   93.00     0.680 
  32   96.00     0.462 
  33   99.00     0.321 
  34  102.00     0.229 
  35  105.00     0.167 
  36  108.00     3.853 
  37  111.00    28.311 
  38  114.00    83.563 
  39  117.00   116.566 
  40  120.00    82.198 
  41  123.00    35.581 
  42  126.00    14.387 
  43  129.00     6.434 
  44  132.00     3.431 
  45  135.00     1.985 
  46  138.00     1.202 
  47  141.00     0.777 
  48  144.00     0.517 
  49  147.00     0.356 
  50  150.00     0.252 
  51  153.00     0.183 
  52  156.00     0.135 
  53  159.00     0.102 
  54  162.00     0.078 
  55  165.00     0.061 
  56  168.00     0.048 
  57  171.00     0.038 
  58  174.00     0.030 
  59  177.00     0.025 
  60  180.00     0.020 
  61  183.00     0.017 
  62  186.00     0.014 
  63  189.00     0.012 
  64  192.00     0.010 
  65  195.00     0.008 
  66  198.00     0.007 
  67  201.00     0.006 
  68  204.00     0.005 
  69  207.00     0.004 
  70  210.00     0.004 
  71  213.00     0.003 
  72  216.00     0.003 
  73  219.00     0.003 
  74  222.00     0.002 
  75  225.00     0.002 
  76  228.00     0.002 
  77  231.00     0.002 
  78  234.00     0.001 
  79  237.00     0.001 
  80  240.00     0.001 
  81  243.00     0.001 
  82  246.00     0.001 
  83  249.00     0.001 
  84  252.00     0.001 
  85  255.00     0.001 
  86  258.00     0.001 
  87  261.00     0.001 
  88  264.00     0.001 
  89  267.00     0.000 
  90  270.00     0.000 
  91  273.00     0.000 
  92  276.00     0.000 
  93  279.00     0.000 
  94  282.00     0.000 
  95  285.00     0.000 
  96  288.00     0.000 
  97  291.00     0.000 
  98  294.00     0.000 
  99  297.00     0.000 
 100  300.00     0.000 
 101  303.00     0.000 
 102  306.00     0.000 
 103  309.00     0.000 
 104  312.00     0.000 
 105  315.00     0.000 
 106  318.00     0.000 
 107  321.00     0.000 
 108  324.00     0.000 
 109  327.00     0.000 
 110  330.00     0.000 
 111  333.00     0.000 
 112  336.00     0.000 
 113  339.00     0.000 
 114  342.00     0.000 
 115  345.00     0.000 
 116  348.00     0.000 
 117  351.00     0.000 
 118  354.00     0.000 
 119  357.00     0.000 
 120  360.00     0.000 
 121  363.00     0.000 
 122  366.00     0.000 
 123  369.00     0.000 
 124  372.00     0.000 
 125  375.00     0.000 
 126  378.00     0.000 
 127  381.00     0.000 
 128  384.00     0.000 
 129  387.00     0.000 
 130  390.00     0.000 
 131  393.00     0.000 
 132  396.00     0.000 
 133  399.00     0.000 
 134  402.00     0.000 
 135  405.00     0.000 
 136  408.00     0.000 
 137  411.00     0.000 
 138  414.00     0.000 
 139  417.00     0.000 
 140  420.00     0.000 
 141  423.00     0.000 
 142  426.00     0.000 
 143  429.00     0.000 
 144  432.00     0.000 
 145  435.00     0.000 
 146  438.00     0.000 
 147  441.00     0.000 
 148  444.00     0.000 
 149  447.00     0.000 
 150  450.00     0.000 
 151  453.00     0.000 
 152  456.00     0.000 
 153  459.00     0.000 
 154  462.00     0.000 
 155  465.00     0.000 
 156  468.00     0.000 
 157  471.00     0.000 
 158  474.00     0.000 
 159  477.00     0.000 
 160  480.00     0.000 
 161  483.00     0.000 
 162  486.00     0.000 
 163  489.00     0.000 
 164  492.00     0.000 
 165  495.00     0.000 
 166  498.00     0.000 
 167  501.00     0.000 
 168  504.00     0.000 
 169  507.00     0.000 
 170  510.00     0.000 
 171  513.00     0.000 
 172  516.00     0.000 
 173  519.00     0.000 
 174  522.00     0.000 
 175  525.00     0.000 
 176  528.00     0.000 
 177  531.00     0.000 
 178  534.00     0.000 
 179  537.00     0.000 
 180  540.00     0.000 
 181  543.00     0.000 
 182  546.00     0.000 
 183  549.00     0.000 
 184  552.00     0.000 
 185  555.00     0.000 
 186  558.00     0.000 
 187  561.00     0.000 
 188  564.00     0.000 
 189  567.00     0.000 
 190  570.00     0.000 
 191  573.00     0.000 
 192  576.00     0.000 
 193  579.00     0.000 
 194  582.00     0.000 
 195  585.00     0.000 
 196  588.00     0.000 
 197  591.00     0.000 
 198  594.00     0.000 
 199  597.00     0.000 
 200  600.00     0.000 
 201  603.00     0.000 
 202  606.00     0.000 
 203  609.00     0.000 
 204  612.00     0.000 
 205  615.00     0.000 
 206  618.00     0.000 
 207  621.00     0.000 
 208  624.00     0.000 
 209  627.00     0.000 
 210  630.00     0.000 
 211  633.00     0.000 
 212  636.00     0.000 
 213  639.00     0.000 
 214  642.00     0.000 
 215  645.00     0.000 
 216  648.00     0.000 
 217  651.00     0.000 
 218  654.00     0.000 
 219  657.00     0.000 
 220  660.00     0.000 
 221  663.00     0.000 
 222  666.00     0.000 
 223  669.00     0.000 
 224  672.00     0.000 
 225  675.00     0.000 
 226  678.00     0.000 
 227  681.00     0.000 
 228  684.00     0.000 
 229  687.00     0.000 
 230  690.00     0.000 
 231  693.00     0.000 
 232  696.00     0.000 
 233  699.00     0.000 
 234  702.00     0.000 
 235  705.00     0.000 
 236  708.00     0.000 
 237  711.00     0.000 
 238  714.00     0.000 
 239  717.00     0.000 
 240  720.00     0.000 
 241  723.00     0.000 
 242  726.00     0.000 
 243  729.00     0.000 
 244  732.00     0.000 
 245  735.00     0.000 
 246  738.00     0.000 
 247  741.00     0.000 
 248  744.00     0.000 
 249  747.00     0.000 
 250  750.00     0.000 
 251  753.00     0.000 
 252  756.00     0.000 
 253  759.00     0.000 
 254  762.00     0.000 
 255  765.00     0.000 
 256  768.00     0.000 
 257  771.00     0.000 
 258  774.00     0.000 
 259  777.00     0.000 
 260  780.00     0.000 
 261  783.00     0.000 
 262  786.00     0.000 
 263  789.00     0.000 
 264  792.00     0.000 
 265  795.00     0.000 
 266  798.00     0.000 
 267  801.00     0.000 
 268  804.00     0.000 
 269  807.00     0.000 
 270  810.00     0.000 
 271  813.00     0.000 
 272  816.00     0.000 
 273  819.00     0.000 
 274  822.00     0.000 
 275  825.00     0.000 
 276  828.00     0.000 
 277  831.00     0.000 
 278  834.00     0.000 
 279  837.00     0.000 
 280  840.00     0.000 
 281  843.00     0.000 
 282  846.00     0.000 
 283  849.00     0.000 
 284  852.00     0.000 
 285  855.00     0.000 
 286  858.00     0.000 
 287  861.00     0.000 
 288  864.00     0.000 
 289  867.00     0.000 
 290  870.00     0.000 
 291  873.00     0.000 
 292  876.00     0.000 
 293  879.00     0.000 
 294  882.00     0.000 
 295  885.00     0.000 
 296  888.00     0.000 
 297  891.00     0.000 
 298  894.00     0.000 
 299  897.00     0.000 
 300  900.00     0.000 
