 RORBWin Output File
 *******************
 
 Program version 6.52 (last updated 1st June 2023)
 Copyright Monash University and Hydrology and Risk Consulting
 
 Date run: 08 Aug 2026 22:32

 Vector file       : E:\Library\Automation\ryan-tools\tests\test_data\RORB\Fig6_7.catg
 Storm file        : E:\Library\Automation\ryan-tools\tests\test_data\RORB\48hr-areal-example\Fig6_7_ aep10_du48hourtp9.stm
 Output information: Flows & all input data


 Data checks:
 ************
 Next data to be read & checked:

 Catchment name & reach type flag
 Control vector & storage data
 Code no.  18     7.0 Location read as                             
 Sub-area areas
 Impervious flag
 Initial storm data
 Rainfall burst times
 Pluviograph 1
 Sub-area rainfalls

 Data check completed



 Data:
 ****

 fIGURE 6.7                                                          


 Time data, in increments from initial time
 fIGURE 6.7: 48 hour 10% Design Storm No.9 Temporal Pattern          
 Time increment (hours)=  2.00

                   Start   Finish
 Rainfall times:     0       29


 End of hyeto/hydrographs:   29
 Duration of calculations:  300



 Pre-burst has been applied
 Pluviograph data (time in incs, rainfall in mm, in 
                   increment following time shown)

Includes Pre-burst temporal pattern
         1:Temporal pattern (% of depth
   Time     1
     0     0.00
     1     0.00
     2     0.00
     3     0.00
     4     0.00
     5     0.00
     6     0.00
     7     0.12
     8     1.40
     9     1.48
    10     2.33
    11     2.29
    12     3.04
    13     4.57
    14     7.67
    15     9.87
    16     7.38
    17     7.90
    18     5.37
    19     4.91
    20     4.46
    21     7.03
    22     6.07
    23     9.28
    24     6.64
    25     2.44
    26     1.76
    27     2.43
    28     1.56

   Total 100.0




 DESIGN run control vector

 Step  Code              Description
   1    1     Add sub-area 'A' inflow & route thru normal storage    1
   2    3     Store hydrograph from step    1; reset hydrograph to zero
   3    1     Add sub-area 'B' inflow & route thru normal storage    2
   4    4     Add h-graph ex step    2 to h-graph ex step    3
   5    5     Route hydrograph thru normal storage    3
   6    3     Store hydrograph from step    5; reset hydrograph to zero
   7    1     Add sub-area 'C' inflow & route thru normal storage    4
   8    4     Add h-graph ex step    6 to h-graph ex step    7
   9    5     Route hydrograph thru normal storage    5
  10    3     Store hydrograph from step    9; reset hydrograph to zero
  11    1     Add sub-area 'D' inflow & route thru normal storage    6
  12    4     Add h-graph ex step   10 to h-graph ex step   11
  13    5     Route hydrograph thru normal storage    7
  14    3     Store hydrograph from step   13; reset hydrograph to zero
  15    1     Add sub-area 'E' inflow & route thru normal storage    8
  16    4     Add h-graph ex step   14 to h-graph ex step   15
  17    5     Route hydrograph thru normal storage    9
  18    7.0   Print hydrograph,                             
  19    0     **********End of control vector**********



 Sub-area data

 Sub-     Area     Dist.
 area      km²      km*
   A    3.00E+01  1.25E+01
   B    2.80E+01  1.15E+01
   C    2.50E+01  9.50E+00
   D    3.50E+01  7.00E+00
   E    4.00E+01  6.00E+00

 Total 1.580E+02

 For whole catchment     ; Av. Dist., km* =       8.98
 For interstation area  1; Av. Dist., km* =       8.98; ISA Factor =   1.000

 * or other function of reach properties related to travel time



 Normal storage data

 Storage   Length   Rel. delay      Type         Slope
   no.       km*       time                     percent 
   1         5.0       0.557       Natural 
   2         4.0       0.445       Natural 
   3         2.5       0.278       Natural 
   4         4.5       0.501       Natural 
   5         2.5       0.278       Natural 
   6         4.5       0.501       Natural 
   7         1.0       0.111       Natural 
   8         4.5       0.501       Natural 
   9         1.5       0.167       Natural 

 * or other function of reach properties related to travel time


 Input of parameters:
 ********************

 fIGURE 6.7                                                          
 DESIGN Run
 fIGURE 6.7: 48 hour 10% Design Storm No.9 Temporal Pattern          
 Time increment = 2.00 hours

 Constant loss model selected



 Rainfall, mm, in time inc. following time shown
 Time               Sub-
      Catch         Area
 Incs ment          A   B   C   D   E

   0   0.0          0   0   0   0   0
   1   0.0          0   0   0   0   0
   2   0.0          0   0   0   0   0
   3   0.0          0   0   0   0   0
   4   0.0          0   0   0   0   0
   5   0.0          0   0   0   0   0
   6   0.0          0   0   0   0   0
   7   0.1          0   0   0   0   0
   8   1.4          1   1   1   1   1
   9   1.5          1   1   1   1   1
  10   2.3          2   2   2   2   2
  11   2.3          2   2   2   2   2
  12   3.0          3   3   3   3   3
  13   4.6          5   5   5   5   5
  14   7.7          8   8   8   8   8
  15   9.9         10  10  10  10  10
  16   7.4          7   7   7   7   7
  17   7.9          8   8   8   8   8
  18   5.4          5   5   5   5   5
  19   4.9          5   5   5   5   5
  20   4.5          4   4   4   4   4
  21   7.0          7   7   7   7   7
  22   6.1          6   6   6   6   6
  23   9.3          9   9   9   9   9
  24   6.6          7   7   7   7   7
  25   2.4          2   2   2   2   2
  26   1.8          2   2   2   2   2
  27   2.4          2   2   2   2   2
  28   1.6          2   2   2   2   2

 Tot. 99.9        100 100 100 100 100
 Pluvi. ref. no.    1   1   1   1   1




 Rainfall-excess, mm, in time inc. following time shown
 Time               Sub-
      Catch         Area
 Incs ment          A   B   C   D   E

   0   0.0          0   0   0   0   0
   1   0.0          0   0   0   0   0
   2   0.0          0   0   0   0   0
   3   0.0          0   0   0   0   0
   4   0.0          0   0   0   0   0
   5   0.0          0   0   0   0   0
   6   0.0          0   0   0   0   0
   7   0.0          0   0   0   0   0
   8   0.0          0   0   0   0   0
   9   0.0          0   0   0   0   0
  10   0.0          0   0   0   0   0
  11   0.0          0   0   0   0   0
  12   0.0          0   0   0   0   0
  13   0.0          0   0   0   0   0
  14   3.9          4   4   4   4   4
  15   6.1          6   6   6   6   6
  16   3.6          4   4   4   4   4
  17   4.1          4   4   4   4   4
  18   1.6          2   2   2   2   2
  19   1.1          1   1   1   1   1
  20   0.7          1   1   1   1   1
  21   3.2          3   3   3   3   3
  22   2.3          2   2   2   2   2
  23   5.5          5   5   5   5   5
  24   2.8          3   3   3   3   3
  25   0.0          0   0   0   0   0
  26   0.0          0   0   0   0   0
  27   0.0          0   0   0   0   0
  28   0.0          0   0   0   0   0

 Tot. 34.7         35  35  35  35  35



 Routing results:
 ****************
 fIGURE 6.7                                                          
 fIGURE 6.7: 48 hour 10% Design Storm No.9 Temporal Pattern          
 DESIGN run no.  1


 Parameters:  kc =    10.00    m = 0.80

 Loss parameters     Initial loss (mm)   Cont. loss (mm/h)
                           12.00              1.90



 *** Calculated hydrograph,                                      

                           Hydrograph
                          Calc.          
 Peak discharge,m³/s     80.75
 Time to peak,h           38.0
 Volume,m³            5.48E+06
 Time to centroid,h       44.9
 Lag (c.m. to c.m.),h     6.68
 Lag to peak,h          -0.189


 Hydrograph summary
 ******************

 Site  Description
   01  Calculated hydrograph,

 Inc    Time   Hyd0001
   0    0.00    0.0000 
   1    2.00    0.0000 
   2    4.00    0.0000 
   3    6.00    0.0000 
   4    8.00    0.0000 
   5   10.00    0.0000 
   6   12.00    0.0000 
   7   14.00    0.0000 
   8   16.00    0.0000 
   9   18.00    0.0000 
  10   20.00    0.0000 
  11   22.00    0.0000 
  12   24.00    0.0000 
  13   26.00    0.0000 
  14   28.00    0.0000 
  15   30.00    3.1517 
  16   32.00   23.8149 
  17   34.00   58.8969 
  18   36.00   79.9708 
  19   38.00   80.7461 
  20   40.00   66.4586 
  21   42.00   48.2003 
  22   44.00   39.1875 
  23   46.00   41.7209 
  24   48.00   53.4684 
  25   50.00   69.1204 
  26   52.00   68.6569 
  27   54.00   48.6403 
  28   56.00   29.3972 
  29   58.00   17.2725 
  30   60.00   10.3149 
  31   62.00    6.5437 
  32   64.00    4.3027 
  33   66.00    2.9385 
  34   68.00    2.0650 
  35   70.00    1.4879 
  36   72.00    1.0953 
  37   74.00    0.8214 
  38   76.00    0.6262 
  39   78.00    0.4844 
  40   80.00    0.3797 
  41   82.00    0.3011 
  42   84.00    0.2413 
  43   86.00    0.1953 
  44   88.00    0.1595 
  45   90.00    0.1313 
  46   92.00    0.1089 
  47   94.00    0.0909 
  48   96.00    0.0764 
  49   98.00    0.0646 
  50  100.00    0.0549 
  51  102.00    0.0469 
  52  104.00    0.0403 
  53  106.00    0.0348 
  54  108.00    0.0301 
  55  110.00    0.0262 
  56  112.00    0.0229 
  57  114.00    0.0201 
  58  116.00    0.0177 
  59  118.00    0.0156 
  60  120.00    0.0138 
  61  122.00    0.0123 
  62  124.00    0.0109 
  63  126.00    0.0097 
  64  128.00    0.0087 
  65  130.00    0.0078 
  66  132.00    0.0070 
  67  134.00    0.0063 
  68  136.00    0.0057 
  69  138.00    0.0052 
  70  140.00    0.0047 
  71  142.00    0.0043 
  72  144.00    0.0039 
  73  146.00    0.0035 
  74  148.00    0.0032 
  75  150.00    0.0030 
  76  152.00    0.0027 
  77  154.00    0.0025 
  78  156.00    0.0023 
  79  158.00    0.0021 
  80  160.00    0.0019 
  81  162.00    0.0018 
  82  164.00    0.0017 
  83  166.00    0.0015 
  84  168.00    0.0014 
  85  170.00    0.0013 
  86  172.00    0.0012 
  87  174.00    0.0011 
  88  176.00    0.0011 
  89  178.00    0.0010 
  90  180.00    0.0009 
  91  182.00    0.0009 
  92  184.00    0.0008 
  93  186.00    0.0007 
  94  188.00    0.0007 
  95  190.00    0.0007 
  96  192.00    0.0006 
  97  194.00    0.0006 
  98  196.00    0.0005 
  99  198.00    0.0005 
 100  200.00    0.0005 
 101  202.00    0.0005 
 102  204.00    0.0004 
 103  206.00    0.0004 
 104  208.00    0.0004 
 105  210.00    0.0004 
 106  212.00    0.0003 
 107  214.00    0.0003 
 108  216.00    0.0003 
 109  218.00    0.0003 
 110  220.00    0.0003 
 111  222.00    0.0003 
 112  224.00    0.0002 
 113  226.00    0.0002 
 114  228.00    0.0002 
 115  230.00    0.0002 
 116  232.00    0.0002 
 117  234.00    0.0002 
 118  236.00    0.0002 
 119  238.00    0.0002 
 120  240.00    0.0002 
 121  242.00    0.0002 
 122  244.00    0.0001 
 123  246.00    0.0001 
 124  248.00    0.0001 
 125  250.00    0.0001 
 126  252.00    0.0001 
 127  254.00    0.0001 
 128  256.00    0.0001 
 129  258.00    0.0001 
 130  260.00    0.0001 
 131  262.00    0.0001 
 132  264.00    0.0001 
 133  266.00    0.0001 
 134  268.00    0.0001 
 135  270.00    0.0001 
 136  272.00    0.0001 
 137  274.00    0.0001 
 138  276.00    0.0001 
 139  278.00    0.0001 
 140  280.00    0.0001 
 141  282.00    0.0001 
 142  284.00    0.0001 
 143  286.00    0.0001 
 144  288.00    0.0001 
 145  290.00    0.0001 
 146  292.00    0.0001 
 147  294.00    0.0000 
 148  296.00    0.0000 
 149  298.00    0.0000 
 150  300.00    0.0000 
 151  302.00    0.0000 
 152  304.00    0.0000 
 153  306.00    0.0000 
 154  308.00    0.0000 
 155  310.00    0.0000 
 156  312.00    0.0000 
 157  314.00    0.0000 
 158  316.00    0.0000 
 159  318.00    0.0000 
 160  320.00    0.0000 
 161  322.00    0.0000 
 162  324.00    0.0000 
 163  326.00    0.0000 
 164  328.00    0.0000 
 165  330.00    0.0000 
 166  332.00    0.0000 
 167  334.00    0.0000 
 168  336.00    0.0000 
 169  338.00    0.0000 
 170  340.00    0.0000 
 171  342.00    0.0000 
 172  344.00    0.0000 
 173  346.00    0.0000 
 174  348.00    0.0000 
 175  350.00    0.0000 
 176  352.00    0.0000 
 177  354.00    0.0000 
 178  356.00    0.0000 
 179  358.00    0.0000 
 180  360.00    0.0000 
 181  362.00    0.0000 
 182  364.00    0.0000 
 183  366.00    0.0000 
 184  368.00    0.0000 
 185  370.00    0.0000 
 186  372.00    0.0000 
 187  374.00    0.0000 
 188  376.00    0.0000 
 189  378.00    0.0000 
 190  380.00    0.0000 
 191  382.00    0.0000 
 192  384.00    0.0000 
 193  386.00    0.0000 
 194  388.00    0.0000 
 195  390.00    0.0000 
 196  392.00    0.0000 
 197  394.00    0.0000 
 198  396.00    0.0000 
 199  398.00    0.0000 
 200  400.00    0.0000 
 201  402.00    0.0000 
 202  404.00    0.0000 
 203  406.00    0.0000 
 204  408.00    0.0000 
 205  410.00    0.0000 
 206  412.00    0.0000 
 207  414.00    0.0000 
 208  416.00    0.0000 
 209  418.00    0.0000 
 210  420.00    0.0000 
 211  422.00    0.0000 
 212  424.00    0.0000 
 213  426.00    0.0000 
 214  428.00    0.0000 
 215  430.00    0.0000 
 216  432.00    0.0000 
 217  434.00    0.0000 
 218  436.00    0.0000 
 219  438.00    0.0000 
 220  440.00    0.0000 
 221  442.00    0.0000 
 222  444.00    0.0000 
 223  446.00    0.0000 
 224  448.00    0.0000 
 225  450.00    0.0000 
 226  452.00    0.0000 
 227  454.00    0.0000 
 228  456.00    0.0000 
 229  458.00    0.0000 
 230  460.00    0.0000 
 231  462.00    0.0000 
 232  464.00    0.0000 
 233  466.00    0.0000 
 234  468.00    0.0000 
 235  470.00    0.0000 
 236  472.00    0.0000 
 237  474.00    0.0000 
 238  476.00    0.0000 
 239  478.00    0.0000 
 240  480.00    0.0000 
 241  482.00    0.0000 
 242  484.00    0.0000 
 243  486.00    0.0000 
 244  488.00    0.0000 
 245  490.00    0.0000 
 246  492.00    0.0000 
 247  494.00    0.0000 
 248  496.00    0.0000 
 249  498.00    0.0000 
 250  500.00    0.0000 
 251  502.00    0.0000 
 252  504.00    0.0000 
 253  506.00    0.0000 
 254  508.00    0.0000 
 255  510.00    0.0000 
 256  512.00    0.0000 
 257  514.00    0.0000 
 258  516.00    0.0000 
 259  518.00    0.0000 
 260  520.00    0.0000 
 261  522.00    0.0000 
 262  524.00    0.0000 
 263  526.00    0.0000 
 264  528.00    0.0000 
 265  530.00    0.0000 
 266  532.00    0.0000 
 267  534.00    0.0000 
 268  536.00    0.0000 
 269  538.00    0.0000 
 270  540.00    0.0000 
 271  542.00    0.0000 
 272  544.00    0.0000 
 273  546.00    0.0000 
 274  548.00    0.0000 
 275  550.00    0.0000 
 276  552.00    0.0000 
 277  554.00    0.0000 
 278  556.00    0.0000 
 279  558.00    0.0000 
 280  560.00    0.0000 
 281  562.00    0.0000 
 282  564.00    0.0000 
 283  566.00    0.0000 
 284  568.00    0.0000 
 285  570.00    0.0000 
 286  572.00    0.0000 
 287  574.00    0.0000 
 288  576.00    0.0000 
 289  578.00    0.0000 
 290  580.00    0.0000 
 291  582.00    0.0000 
 292  584.00    0.0000 
 293  586.00    0.0000 
 294  588.00    0.0000 
 295  590.00    0.0000 
 296  592.00    0.0000 
 297  594.00    0.0000 
 298  596.00    0.0000 
 299  598.00    0.0000 
 300  600.00    0.0000 
