 RORBWin Output File
 *******************
 
 Program version 6.52 (last updated 1st June 2023)
 Copyright Monash University and Hydrology and Risk Consulting
 
 Date run: 08 Aug 2026 22:32

 Vector file       : E:\Library\Automation\ryan-tools\tests\test_data\RORB\Fig6_7.catg
 Storm file        : E:\Library\Automation\ryan-tools\tests\test_data\RORB\48hr-areal-example\Fig6_7_ aep10_du144hourtp10.stm
 Output information: Flows & all input data


 Data checks:
 ************
 Next data to be read & checked:

 Catchment name & reach type flag
 Control vector & storage data
 Code no.  18     7.0 Location read as                             
 Sub-area areas
 Impervious flag
 Initial storm data
 Rainfall burst times
 Pluviograph 1
 Sub-area rainfalls

 Data check completed



 Data:
 ****

 fIGURE 6.7                                                          


 Time data, in increments from initial time
 fIGURE 6.7: 144 hour 10% Design Storm No.* Temporal Pattern         
 Time increment (hours)=  3.00

                   Start   Finish
 Rainfall times:     0       48


 End of hyeto/hydrographs:   48
 Duration of calculations:  300



 Pre-burst has been applied
 Pluviograph data (time in incs, rainfall in mm, in 
                   increment following time shown)

Includes Pre-burst temporal pattern
         1:Temporal pattern (% of depth
   Time     1
     0     0.12
     1     1.51
     2     0.72
     3     1.41
     4     0.82
     5     2.21
     6     2.26
     7     0.50
     8     0.64
     9     0.86
    10     1.66
    11     0.40
    12     3.06
    13     3.16
    14     3.31
    15     1.45
    16     1.97
    17     3.02
    18     0.48
    19     2.30
    20     1.66
    21     0.40
    22     0.15
    23     8.34
    24     0.82
    25     3.43
    26     3.79
    27     0.45
    28     5.60
    29     8.52
    30     1.76
    31     6.99
    32     3.23
    33     1.16
    34     3.09
    35     0.92
    36     2.16
    37     1.14
    38     0.80
    39     4.73
    40     2.33
    41     1.59
    42     1.06
    43     1.44
    44     0.33
    45     1.70
    46     0.24
    47     0.31

   Total 100.0




 DESIGN run control vector

 Step  Code              Description
   1    1     Add sub-area 'A' inflow & route thru normal storage    1
   2    3     Store hydrograph from step    1; reset hydrograph to zero
   3    1     Add sub-area 'B' inflow & route thru normal storage    2
   4    4     Add h-graph ex step    2 to h-graph ex step    3
   5    5     Route hydrograph thru normal storage    3
   6    3     Store hydrograph from step    5; reset hydrograph to zero
   7    1     Add sub-area 'C' inflow & route thru normal storage    4
   8    4     Add h-graph ex step    6 to h-graph ex step    7
   9    5     Route hydrograph thru normal storage    5
  10    3     Store hydrograph from step    9; reset hydrograph to zero
  11    1     Add sub-area 'D' inflow & route thru normal storage    6
  12    4     Add h-graph ex step   10 to h-graph ex step   11
  13    5     Route hydrograph thru normal storage    7
  14    3     Store hydrograph from step   13; reset hydrograph to zero
  15    1     Add sub-area 'E' inflow & route thru normal storage    8
  16    4     Add h-graph ex step   14 to h-graph ex step   15
  17    5     Route hydrograph thru normal storage    9
  18    7.0   Print hydrograph,                             
  19    0     **********End of control vector**********



 Sub-area data

 Sub-     Area     Dist.
 area      km²      km*
   A    3.00E+01  1.25E+01
   B    2.80E+01  1.15E+01
   C    2.50E+01  9.50E+00
   D    3.50E+01  7.00E+00
   E    4.00E+01  6.00E+00

 Total 1.580E+02

 For whole catchment     ; Av. Dist., km* =       8.98
 For interstation area  1; Av. Dist., km* =       8.98; ISA Factor =   1.000

 * or other function of reach properties related to travel time



 Normal storage data

 Storage   Length   Rel. delay      Type         Slope
   no.       km*       time                     percent 
   1         5.0       0.557       Natural 
   2         4.0       0.445       Natural 
   3         2.5       0.278       Natural 
   4         4.5       0.501       Natural 
   5         2.5       0.278       Natural 
   6         4.5       0.501       Natural 
   7         1.0       0.111       Natural 
   8         4.5       0.501       Natural 
   9         1.5       0.167       Natural 

 * or other function of reach properties related to travel time


 Input of parameters:
 ********************

 fIGURE 6.7                                                          
 DESIGN Run
 fIGURE 6.7: 144 hour 10% Design Storm No.* Temporal Pattern         
 Time increment = 3.00 hours

 Constant loss model selected



 Rainfall, mm, in time inc. following time shown
 Time               Sub-
      Catch         Area
 Incs ment          A   B   C   D   E

   0   0.1          0   0   0   0   0
   1   1.9          2   2   2   2   2
   2   0.9          1   1   1   1   1
   3   1.7          2   2   2   2   2
   4   1.0          1   1   1   1   1
   5   2.7          3   3   3   3   3
   6   2.8          3   3   3   3   3
   7   0.6          1   1   1   1   1
   8   0.8          1   1   1   1   1
   9   1.1          1   1   1   1   1
  10   2.1          2   2   2   2   2
  11   0.5          0   0   0   0   0
  12   3.8          4   4   4   4   4
  13   3.9          4   4   4   4   4
  14   4.1          4   4   4   4   4
  15   1.8          2   2   2   2   2
  16   2.4          2   2   2   2   2
  17   3.7          4   4   4   4   4
  18   0.6          1   1   1   1   1
  19   2.8          3   3   3   3   3
  20   2.1          2   2   2   2   2
  21   0.5          0   0   0   0   0
  22   0.2          0   0   0   0   0
  23  10.3         10  10  10  10  10
  24   1.0          1   1   1   1   1
  25   4.2          4   4   4   4   4
  26   4.7          5   5   5   5   5
  27   0.6          1   1   1   1   1
  28   6.9          7   7   7   7   7
  29  10.5         11  11  11  11  11
  30   2.2          2   2   2   2   2
  31   8.6          9   9   9   9   9
  32   4.0          4   4   4   4   4
  33   1.4          1   1   1   1   1
  34   3.8          4   4   4   4   4
  35   1.1          1   1   1   1   1
  36   2.7          3   3   3   3   3
  37   1.4          1   1   1   1   1
  38   1.0          1   1   1   1   1
  39   5.8          6   6   6   6   6
  40   2.9          3   3   3   3   3
  41   2.0          2   2   2   2   2
  42   1.3          1   1   1   1   1
  43   1.8          2   2   2   2   2
  44   0.4          0   0   0   0   0
  45   2.1          2   2   2   2   2
  46   0.3          0   0   0   0   0
  47   0.4          0   0   0   0   0

 Tot.123.6        124 124 124 124 124
 Pluvi. ref. no.    1   1   1   1   1




 Rainfall-excess, mm, in time inc. following time shown
 Time               Sub-
      Catch         Area
 Incs ment          A   B   C   D   E

   0   0.0          0   0   0   0   0
   1   0.0          0   0   0   0   0
   2   0.0          0   0   0   0   0
   3   0.0          0   0   0   0   0
   4   0.0          0   0   0   0   0
   5   0.0          0   0   0   0   0
   6   0.0          0   0   0   0   0
   7   0.0          0   0   0   0   0
   8   0.0          0   0   0   0   0
   9   0.0          0   0   0   0   0
  10   0.0          0   0   0   0   0
  11   0.0          0   0   0   0   0
  12   0.0          0   0   0   0   0
  13   0.0          0   0   0   0   0
  14   0.0          0   0   0   0   0
  15   0.0          0   0   0   0   0
  16   0.0          0   0   0   0   0
  17   0.0          0   0   0   0   0
  18   0.0          0   0   0   0   0
  19   0.0          0   0   0   0   0
  20   0.0          0   0   0   0   0
  21   0.0          0   0   0   0   0
  22   0.0          0   0   0   0   0
  23   4.6          5   5   5   5   5
  24   0.0          0   0   0   0   0
  25   0.0          0   0   0   0   0
  26   0.0          0   0   0   0   0
  27   0.0          0   0   0   0   0
  28   1.2          1   1   1   1   1
  29   4.8          5   5   5   5   5
  30   0.0          0   0   0   0   0
  31   2.9          3   3   3   3   3
  32   0.0          0   0   0   0   0
  33   0.0          0   0   0   0   0
  34   0.0          0   0   0   0   0
  35   0.0          0   0   0   0   0
  36   0.0          0   0   0   0   0
  37   0.0          0   0   0   0   0
  38   0.0          0   0   0   0   0
  39   0.1          0   0   0   0   0
  40   0.0          0   0   0   0   0
  41   0.0          0   0   0   0   0
  42   0.0          0   0   0   0   0
  43   0.0          0   0   0   0   0
  44   0.0          0   0   0   0   0
  45   0.0          0   0   0   0   0
  46   0.0          0   0   0   0   0
  47   0.0          0   0   0   0   0

 Tot. 13.8         14  14  14  14  14



 Routing results:
 ****************
 fIGURE 6.7                                                          
 fIGURE 6.7: 144 hour 10% Design Storm No.* Temporal Pattern         
 DESIGN run no.  1


 Parameters:  kc =    10.00    m = 0.80

 Loss parameters     Initial loss (mm)   Cont. loss (mm/h)
                           12.00              1.90



 *** Calculated hydrograph,                                      

                           Hydrograph
                          Calc.          
 Peak discharge,m³/s     29.60
 Time to peak,h           96.0
 Volume,m³            2.17E+06
 Time to centroid,h       92.4
 Lag (c.m. to c.m.),h     8.63
 Lag to peak,h            12.2


 Hydrograph summary
 ******************

 Site  Description
   01  Calculated hydrograph,

 Inc    Time   Hyd0001
   0    0.00    0.0000 
   1    3.00    0.0000 
   2    6.00    0.0000 
   3    9.00    0.0000 
   4   12.00    0.0000 
   5   15.00    0.0000 
   6   18.00    0.0000 
   7   21.00    0.0000 
   8   24.00    0.0000 
   9   27.00    0.0000 
  10   30.00    0.0000 
  11   33.00    0.0000 
  12   36.00    0.0000 
  13   39.00    0.0000 
  14   42.00    0.0000 
  15   45.00    0.0000 
  16   48.00    0.0000 
  17   51.00    0.0000 
  18   54.00    0.0000 
  19   57.00    0.0000 
  20   60.00    0.0000 
  21   63.00    0.0000 
  22   66.00    0.0000 
  23   69.00    0.0000 
  24   72.00    5.0530 
  25   75.00   18.2723 
  26   78.00   19.5211 
  27   81.00   10.8853 
  28   84.00    5.6457 
  29   87.00    4.2346 
  30   90.00   13.3795 
  31   93.00   27.6763 
  32   96.00   29.6036 
  33   99.00   25.4848 
  34  102.00   17.7351 
  35  105.00    9.1829 
  36  108.00    4.8370 
  37  111.00    2.5802 
  38  114.00    1.5128 
  39  117.00    0.9575 
  40  120.00    0.7198 
  41  123.00    0.7183 
  42  126.00    0.6841 
  43  129.00    0.5556 
  44  132.00    0.4285 
  45  135.00    0.3216 
  46  138.00    0.2375 
  47  141.00    0.1761 
  48  144.00    0.1318 
  49  147.00    0.1000 
  50  150.00    0.0768 
  51  153.00    0.0597 
  52  156.00    0.0470 
  53  159.00    0.0374 
  54  162.00    0.0300 
  55  165.00    0.0244 
  56  168.00    0.0199 
  57  171.00    0.0164 
  58  174.00    0.0137 
  59  177.00    0.0114 
  60  180.00    0.0096 
  61  183.00    0.0081 
  62  186.00    0.0069 
  63  189.00    0.0059 
  64  192.00    0.0051 
  65  195.00    0.0044 
  66  198.00    0.0038 
  67  201.00    0.0033 
  68  204.00    0.0029 
  69  207.00    0.0026 
  70  210.00    0.0022 
  71  213.00    0.0020 
  72  216.00    0.0018 
  73  219.00    0.0016 
  74  222.00    0.0014 
  75  225.00    0.0012 
  76  228.00    0.0011 
  77  231.00    0.0010 
  78  234.00    0.0009 
  79  237.00    0.0008 
  80  240.00    0.0007 
  81  243.00    0.0007 
  82  246.00    0.0006 
  83  249.00    0.0005 
  84  252.00    0.0005 
  85  255.00    0.0005 
  86  258.00    0.0004 
  87  261.00    0.0004 
  88  264.00    0.0003 
  89  267.00    0.0003 
  90  270.00    0.0003 
  91  273.00    0.0003 
  92  276.00    0.0002 
  93  279.00    0.0002 
  94  282.00    0.0002 
  95  285.00    0.0002 
  96  288.00    0.0002 
  97  291.00    0.0002 
  98  294.00    0.0002 
  99  297.00    0.0001 
 100  300.00    0.0001 
 101  303.00    0.0001 
 102  306.00    0.0001 
 103  309.00    0.0001 
 104  312.00    0.0001 
 105  315.00    0.0001 
 106  318.00    0.0001 
 107  321.00    0.0001 
 108  324.00    0.0001 
 109  327.00    0.0001 
 110  330.00    0.0001 
 111  333.00    0.0001 
 112  336.00    0.0001 
 113  339.00    0.0001 
 114  342.00    0.0001 
 115  345.00    0.0001 
 116  348.00    0.0000 
 117  351.00    0.0000 
 118  354.00    0.0000 
 119  357.00    0.0000 
 120  360.00    0.0000 
 121  363.00    0.0000 
 122  366.00    0.0000 
 123  369.00    0.0000 
 124  372.00    0.0000 
 125  375.00    0.0000 
 126  378.00    0.0000 
 127  381.00    0.0000 
 128  384.00    0.0000 
 129  387.00    0.0000 
 130  390.00    0.0000 
 131  393.00    0.0000 
 132  396.00    0.0000 
 133  399.00    0.0000 
 134  402.00    0.0000 
 135  405.00    0.0000 
 136  408.00    0.0000 
 137  411.00    0.0000 
 138  414.00    0.0000 
 139  417.00    0.0000 
 140  420.00    0.0000 
 141  423.00    0.0000 
 142  426.00    0.0000 
 143  429.00    0.0000 
 144  432.00    0.0000 
 145  435.00    0.0000 
 146  438.00    0.0000 
 147  441.00    0.0000 
 148  444.00    0.0000 
 149  447.00    0.0000 
 150  450.00    0.0000 
 151  453.00    0.0000 
 152  456.00    0.0000 
 153  459.00    0.0000 
 154  462.00    0.0000 
 155  465.00    0.0000 
 156  468.00    0.0000 
 157  471.00    0.0000 
 158  474.00    0.0000 
 159  477.00    0.0000 
 160  480.00    0.0000 
 161  483.00    0.0000 
 162  486.00    0.0000 
 163  489.00    0.0000 
 164  492.00    0.0000 
 165  495.00    0.0000 
 166  498.00    0.0000 
 167  501.00    0.0000 
 168  504.00    0.0000 
 169  507.00    0.0000 
 170  510.00    0.0000 
 171  513.00    0.0000 
 172  516.00    0.0000 
 173  519.00    0.0000 
 174  522.00    0.0000 
 175  525.00    0.0000 
 176  528.00    0.0000 
 177  531.00    0.0000 
 178  534.00    0.0000 
 179  537.00    0.0000 
 180  540.00    0.0000 
 181  543.00    0.0000 
 182  546.00    0.0000 
 183  549.00    0.0000 
 184  552.00    0.0000 
 185  555.00    0.0000 
 186  558.00    0.0000 
 187  561.00    0.0000 
 188  564.00    0.0000 
 189  567.00    0.0000 
 190  570.00    0.0000 
 191  573.00    0.0000 
 192  576.00    0.0000 
 193  579.00    0.0000 
 194  582.00    0.0000 
 195  585.00    0.0000 
 196  588.00    0.0000 
 197  591.00    0.0000 
 198  594.00    0.0000 
 199  597.00    0.0000 
 200  600.00    0.0000 
 201  603.00    0.0000 
 202  606.00    0.0000 
 203  609.00    0.0000 
 204  612.00    0.0000 
 205  615.00    0.0000 
 206  618.00    0.0000 
 207  621.00    0.0000 
 208  624.00    0.0000 
 209  627.00    0.0000 
 210  630.00    0.0000 
 211  633.00    0.0000 
 212  636.00    0.0000 
 213  639.00    0.0000 
 214  642.00    0.0000 
 215  645.00    0.0000 
 216  648.00    0.0000 
 217  651.00    0.0000 
 218  654.00    0.0000 
 219  657.00    0.0000 
 220  660.00    0.0000 
 221  663.00    0.0000 
 222  666.00    0.0000 
 223  669.00    0.0000 
 224  672.00    0.0000 
 225  675.00    0.0000 
 226  678.00    0.0000 
 227  681.00    0.0000 
 228  684.00    0.0000 
 229  687.00    0.0000 
 230  690.00    0.0000 
 231  693.00    0.0000 
 232  696.00    0.0000 
 233  699.00    0.0000 
 234  702.00    0.0000 
 235  705.00    0.0000 
 236  708.00    0.0000 
 237  711.00    0.0000 
 238  714.00    0.0000 
 239  717.00    0.0000 
 240  720.00    0.0000 
 241  723.00    0.0000 
 242  726.00    0.0000 
 243  729.00    0.0000 
 244  732.00    0.0000 
 245  735.00    0.0000 
 246  738.00    0.0000 
 247  741.00    0.0000 
 248  744.00    0.0000 
 249  747.00    0.0000 
 250  750.00    0.0000 
 251  753.00    0.0000 
 252  756.00    0.0000 
 253  759.00    0.0000 
 254  762.00    0.0000 
 255  765.00    0.0000 
 256  768.00    0.0000 
 257  771.00    0.0000 
 258  774.00    0.0000 
 259  777.00    0.0000 
 260  780.00    0.0000 
 261  783.00    0.0000 
 262  786.00    0.0000 
 263  789.00    0.0000 
 264  792.00    0.0000 
 265  795.00    0.0000 
 266  798.00    0.0000 
 267  801.00    0.0000 
 268  804.00    0.0000 
 269  807.00    0.0000 
 270  810.00    0.0000 
 271  813.00    0.0000 
 272  816.00    0.0000 
 273  819.00    0.0000 
 274  822.00    0.0000 
 275  825.00    0.0000 
 276  828.00    0.0000 
 277  831.00    0.0000 
 278  834.00    0.0000 
 279  837.00    0.0000 
 280  840.00    0.0000 
 281  843.00    0.0000 
 282  846.00    0.0000 
 283  849.00    0.0000 
 284  852.00    0.0000 
 285  855.00    0.0000 
 286  858.00    0.0000 
 287  861.00    0.0000 
 288  864.00    0.0000 
 289  867.00    0.0000 
 290  870.00    0.0000 
 291  873.00    0.0000 
 292  876.00    0.0000 
 293  879.00    0.0000 
 294  882.00    0.0000 
 295  885.00    0.0000 
 296  888.00    0.0000 
 297  891.00    0.0000 
 298  894.00    0.0000 
 299  897.00    0.0000 
 300  900.00    0.0000 
