 RORBWin Output File
 *******************
 
 Program version 6.52 (last updated 1st June 2023)
 Copyright Monash University and Hydrology and Risk Consulting
 
 Date run: 08 Aug 2026 22:30

 Vector file       : E:\Library\Automation\ryan-tools\tests\test_data\RORB\Fig6_7.catg
 Storm file        : E:\Library\Automation\ryan-tools\tests\test_data\RORB\areal-example\Fig6_7_ aep20_du12hourtp10.stm
 Output information: Flows & all input data


 Data checks:
 ************
 Next data to be read & checked:

 Catchment name & reach type flag
 Control vector & storage data
 Code no.  18     7.0 Location read as                             
 Sub-area areas
 Impervious flag
 Initial storm data
 Rainfall burst times
 Pluviograph 1
 Sub-area rainfalls

 Data check completed



 Data:
 ****

 fIGURE 6.7                                                          


 Time data, in increments from initial time
 fIGURE 6.7: 12 hour 20% Design Storm No.* Temporal Pattern          
 Time increment (hours)=  0.50

                   Start   Finish
 Rainfall times:     0       72


 End of hyeto/hydrographs:   72
 Duration of calculations:  300



 Pre-burst has been applied
 Pluviograph data (time in incs, rainfall in mm, in 
                   increment following time shown)

Includes Pre-burst temporal pattern
         1:Temporal pattern (% of depth
   Time     1
     0     0.03
     1     0.03
     2     0.03
     3     0.03
     4     0.03
     5     0.03
     6     0.03
     7     0.03
     8     0.03
     9     0.03
    10     0.03
    11     0.03
    12     0.01
    13     0.01
    14     0.01
    15     0.01
    16     0.01
    17     0.01
    18     0.06
    19     0.06
    20     0.06
    21     0.06
    22     0.06
    23     0.06
    24     0.02
    25     0.02
    26     0.02
    27     0.02
    28     0.02
    29     0.02
    30     0.03
    31     0.03
    32     0.03
    33     0.03
    34     0.03
    35     0.03
    36     0.03
    37     0.03
    38     0.03
    39     0.03
    40     0.03
    41     0.03
    42     0.04
    43     0.04
    44     0.04
    45     0.04
    46     0.04
    47     0.04
    48     3.17
    49     3.96
    50     4.77
    51     5.07
    52     3.71
    53     2.95
    54     3.39
    55     3.40
    56     3.76
    57     2.60
    58     2.87
    59     5.88
    60     6.52
    61     6.00
    62     5.41
    63     4.67
    64     5.26
    65     3.17
    66     3.12
    67     4.21
    68     4.24
    69     7.78
    70     2.38
    71     1.71

   Total 101.5




 DESIGN run control vector

 Step  Code              Description
   1    1     Add sub-area 'A' inflow & route thru normal storage    1
   2    3     Store hydrograph from step    1; reset hydrograph to zero
   3    1     Add sub-area 'B' inflow & route thru normal storage    2
   4    4     Add h-graph ex step    2 to h-graph ex step    3
   5    5     Route hydrograph thru normal storage    3
   6    3     Store hydrograph from step    5; reset hydrograph to zero
   7    1     Add sub-area 'C' inflow & route thru normal storage    4
   8    4     Add h-graph ex step    6 to h-graph ex step    7
   9    5     Route hydrograph thru normal storage    5
  10    3     Store hydrograph from step    9; reset hydrograph to zero
  11    1     Add sub-area 'D' inflow & route thru normal storage    6
  12    4     Add h-graph ex step   10 to h-graph ex step   11
  13    5     Route hydrograph thru normal storage    7
  14    3     Store hydrograph from step   13; reset hydrograph to zero
  15    1     Add sub-area 'E' inflow & route thru normal storage    8
  16    4     Add h-graph ex step   14 to h-graph ex step   15
  17    5     Route hydrograph thru normal storage    9
  18    7.0   Print hydrograph,                             
  19    0     **********End of control vector**********



 Sub-area data

 Sub-     Area     Dist.
 area      km²      km*
   A    3.00E+01  1.25E+01
   B    2.80E+01  1.15E+01
   C    2.50E+01  9.50E+00
   D    3.50E+01  7.00E+00
   E    4.00E+01  6.00E+00

 Total 1.580E+02

 For whole catchment     ; Av. Dist., km* =       8.98
 For interstation area  1; Av. Dist., km* =       8.98; ISA Factor =   1.000

 * or other function of reach properties related to travel time



 Normal storage data

 Storage   Length   Rel. delay      Type         Slope
   no.       km*       time                     percent 
   1         5.0       0.557       Natural 
   2         4.0       0.445       Natural 
   3         2.5       0.278       Natural 
   4         4.5       0.501       Natural 
   5         2.5       0.278       Natural 
   6         4.5       0.501       Natural 
   7         1.0       0.111       Natural 
   8         4.5       0.501       Natural 
   9         1.5       0.167       Natural 

 * or other function of reach properties related to travel time


 Input of parameters:
 ********************

 fIGURE 6.7                                                          
 DESIGN Run
 fIGURE 6.7: 12 hour 20% Design Storm No.* Temporal Pattern          
 Time increment = 0.50 hours

 Constant loss model selected



 Rainfall, mm, in time inc. following time shown
 Time               Sub-
      Catch         Area
 Incs ment          A   B   C   D   E

   0   0.0          0   0   0   0   0
   1   0.0          0   0   0   0   0
   2   0.0          0   0   0   0   0
   3   0.0          0   0   0   0   0
   4   0.0          0   0   0   0   0
   5   0.0          0   0   0   0   0
   6   0.0          0   0   0   0   0
   7   0.0          0   0   0   0   0
   8   0.0          0   0   0   0   0
   9   0.0          0   0   0   0   0
  10   0.0          0   0   0   0   0
  11   0.0          0   0   0   0   0
  12   0.0          0   0   0   0   0
  13   0.0          0   0   0   0   0
  14   0.0          0   0   0   0   0
  15   0.0          0   0   0   0   0
  16   0.0          0   0   0   0   0
  17   0.0          0   0   0   0   0
  18   0.0          0   0   0   0   0
  19   0.0          0   0   0   0   0
  20   0.0          0   0   0   0   0
  21   0.0          0   0   0   0   0
  22   0.0          0   0   0   0   0
  23   0.0          0   0   0   0   0
  24   0.0          0   0   0   0   0
  25   0.0          0   0   0   0   0
  26   0.0          0   0   0   0   0
  27   0.0          0   0   0   0   0
  28   0.0          0   0   0   0   0
  29   0.0          0   0   0   0   0
  30   0.0          0   0   0   0   0
  31   0.0          0   0   0   0   0
  32   0.0          0   0   0   0   0
  33   0.0          0   0   0   0   0
  34   0.0          0   0   0   0   0
  35   0.0          0   0   0   0   0
  36   0.0          0   0   0   0   0
  37   0.0          0   0   0   0   0
  38   0.0          0   0   0   0   0
  39   0.0          0   0   0   0   0
  40   0.0          0   0   0   0   0
  41   0.0          0   0   0   0   0
  42   0.0          0   0   0   0   0
  43   0.0          0   0   0   0   0
  44   0.0          0   0   0   0   0
  45   0.0          0   0   0   0   0
  46   0.0          0   0   0   0   0
  47   0.0          0   0   0   0   0
  48   1.6          2   2   2   2   2
  49   2.0          2   2   2   2   2
  50   2.4          2   2   2   2   2
  51   2.5          3   3   3   3   3
  52   1.8          2   2   2   2   2
  53   1.5          1   1   1   1   1
  54   1.7          2   2   2   2   2
  55   1.7          2   2   2   2   2
  56   1.9          2   2   2   2   2
  57   1.3          1   1   1   1   1
  58   1.4          1   1   1   1   1
  59   2.9          3   3   3   3   3
  60   3.2          3   3   3   3   3
  61   3.0          3   3   3   3   3
  62   2.7          3   3   3   3   3
  63   2.3          2   2   2   2   2
  64   2.6          3   3   3   3   3
  65   1.6          2   2   2   2   2
  66   1.5          2   2   2   2   2
  67   2.1          2   2   2   2   2
  68   2.1          2   2   2   2   2
  69   3.9          4   4   4   4   4
  70   1.2          1   1   1   1   1
  71   0.8          1   1   1   1   1

 Tot. 50.3         50  50  50  50  50
 Pluvi. ref. no.    1   1   1   1   1




 Rainfall-excess, mm, in time inc. following time shown
 Time               Sub-
      Catch         Area
 Incs ment          A   B   C   D   E

   0   0.0          0   0   0   0   0
   1   0.0          0   0   0   0   0
   2   0.0          0   0   0   0   0
   3   0.0          0   0   0   0   0
   4   0.0          0   0   0   0   0
   5   0.0          0   0   0   0   0
   6   0.0          0   0   0   0   0
   7   0.0          0   0   0   0   0
   8   0.0          0   0   0   0   0
   9   0.0          0   0   0   0   0
  10   0.0          0   0   0   0   0
  11   0.0          0   0   0   0   0
  12   0.0          0   0   0   0   0
  13   0.0          0   0   0   0   0
  14   0.0          0   0   0   0   0
  15   0.0          0   0   0   0   0
  16   0.0          0   0   0   0   0
  17   0.0          0   0   0   0   0
  18   0.0          0   0   0   0   0
  19   0.0          0   0   0   0   0
  20   0.0          0   0   0   0   0
  21   0.0          0   0   0   0   0
  22   0.0          0   0   0   0   0
  23   0.0          0   0   0   0   0
  24   0.0          0   0   0   0   0
  25   0.0          0   0   0   0   0
  26   0.0          0   0   0   0   0
  27   0.0          0   0   0   0   0
  28   0.0          0   0   0   0   0
  29   0.0          0   0   0   0   0
  30   0.0          0   0   0   0   0
  31   0.0          0   0   0   0   0
  32   0.0          0   0   0   0   0
  33   0.0          0   0   0   0   0
  34   0.0          0   0   0   0   0
  35   0.0          0   0   0   0   0
  36   0.0          0   0   0   0   0
  37   0.0          0   0   0   0   0
  38   0.0          0   0   0   0   0
  39   0.0          0   0   0   0   0
  40   0.0          0   0   0   0   0
  41   0.0          0   0   0   0   0
  42   0.0          0   0   0   0   0
  43   0.0          0   0   0   0   0
  44   0.0          0   0   0   0   0
  45   0.0          0   0   0   0   0
  46   0.0          0   0   0   0   0
  47   0.0          0   0   0   0   0
  48   0.0          0   0   0   0   0
  49   0.0          0   0   0   0   0
  50   0.0          0   0   0   0   0
  51   0.0          0   0   0   0   0
  52   0.0          0   0   0   0   0
  53   0.0          0   0   0   0   0
  54   0.7          1   1   1   1   1
  55   0.7          1   1   1   1   1
  56   0.9          1   1   1   1   1
  57   0.3          0   0   0   0   0
  58   0.5          0   0   0   0   0
  59   2.0          2   2   2   2   2
  60   2.3          2   2   2   2   2
  61   2.0          2   2   2   2   2
  62   1.7          2   2   2   2   2
  63   1.4          1   1   1   1   1
  64   1.7          2   2   2   2   2
  65   0.6          1   1   1   1   1
  66   0.6          1   1   1   1   1
  67   1.1          1   1   1   1   1
  68   1.1          1   1   1   1   1
  69   2.9          3   3   3   3   3
  70   0.2          0   0   0   0   0
  71   0.0          0   0   0   0   0

 Tot. 20.8         21  21  21  21  21



 Routing results:
 ****************
 fIGURE 6.7                                                          
 fIGURE 6.7: 12 hour 20% Design Storm No.* Temporal Pattern          
 DESIGN run no.  1


 Parameters:  kc =    10.00    m = 0.80

 Loss parameters     Initial loss (mm)   Cont. loss (mm/h)
                           12.00              1.90



 *** Calculated hydrograph,                                      

                           Hydrograph
                          Calc.          
 Peak discharge,m³/s     103.2
 Time to peak,h           36.0
 Volume,m³            3.30E+06
 Time to centroid,h       37.4
 Lag (c.m. to c.m.),h     5.89
 Lag to peak,h            4.48


 Hydrograph summary
 ******************

 Site  Description
   01  Calculated hydrograph,

 Inc    Time   Hyd0001
   0    0.00     0.000 
   1    0.50     0.000 
   2    1.00     0.000 
   3    1.50     0.000 
   4    2.00     0.000 
   5    2.50     0.000 
   6    3.00     0.000 
   7    3.50     0.000 
   8    4.00     0.000 
   9    4.50     0.000 
  10    5.00     0.000 
  11    5.50     0.000 
  12    6.00     0.000 
  13    6.50     0.000 
  14    7.00     0.000 
  15    7.50     0.000 
  16    8.00     0.000 
  17    8.50     0.000 
  18    9.00     0.000 
  19    9.50     0.000 
  20   10.00     0.000 
  21   10.50     0.000 
  22   11.00     0.000 
  23   11.50     0.000 
  24   12.00     0.000 
  25   12.50     0.000 
  26   13.00     0.000 
  27   13.50     0.000 
  28   14.00     0.000 
  29   14.50     0.000 
  30   15.00     0.000 
  31   15.50     0.000 
  32   16.00     0.000 
  33   16.50     0.000 
  34   17.00     0.000 
  35   17.50     0.000 
  36   18.00     0.000 
  37   18.50     0.000 
  38   19.00     0.000 
  39   19.50     0.000 
  40   20.00     0.000 
  41   20.50     0.000 
  42   21.00     0.000 
  43   21.50     0.000 
  44   22.00     0.000 
  45   22.50     0.000 
  46   23.00     0.000 
  47   23.50     0.000 
  48   24.00     0.000 
  49   24.50     0.000 
  50   25.00     0.000 
  51   25.50     0.000 
  52   26.00     0.000 
  53   26.50     0.000 
  54   27.00     0.000 
  55   27.50     0.064 
  56   28.00     0.567 
  57   28.50     2.076 
  58   29.00     4.668 
  59   29.50     7.783 
  60   30.00    11.754 
  61   30.50    18.778 
  62   31.00    29.923 
  63   31.50    43.779 
  64   32.00    57.749 
  65   32.50    70.434 
  66   33.00    80.879 
  67   33.50    87.471 
  68   34.00    90.631 
  69   34.50    92.588 
  70   35.00    96.140 
  71   35.50   101.384 
  72   36.00   103.158 
  73   36.50    99.261 
  74   37.00    92.201 
  75   37.50    83.900 
  76   38.00    75.297 
  77   38.50    66.890 
  78   39.00    58.982 
  79   39.50    51.746 
  80   40.00    45.257 
  81   40.50    39.519 
  82   41.00    34.497 
  83   41.50    30.128 
  84   42.00    26.346 
  85   42.50    23.080 
  86   43.00    20.264 
  87   43.50    17.832 
  88   44.00    15.730 
  89   44.50    13.909 
  90   45.00    12.331 
  91   45.50    10.963 
  92   46.00     9.772 
  93   46.50     8.733 
  94   47.00     7.823 
  95   47.50     7.024 
  96   48.00     6.322 
  97   48.50     5.703 
  98   49.00     5.155 
  99   49.50     4.669 
 100   50.00     4.238 
 101   50.50     3.854 
 102   51.00     3.512 
 103   51.50     3.205 
 104   52.00     2.931 
 105   52.50     2.684 
 106   53.00     2.462 
 107   53.50     2.262 
 108   54.00     2.082 
 109   54.50     1.918 
 110   55.00     1.770 
 111   55.50     1.635 
 112   56.00     1.513 
 113   56.50     1.401 
 114   57.00     1.299 
 115   57.50     1.206 
 116   58.00     1.121 
 117   58.50     1.043 
 118   59.00     0.972 
 119   59.50     0.906 
 120   60.00     0.846 
 121   60.50     0.790 
 122   61.00     0.739 
 123   61.50     0.692 
 124   62.00     0.648 
 125   62.50     0.608 
 126   63.00     0.570 
 127   63.50     0.535 
 128   64.00     0.503 
 129   64.50     0.473 
 130   65.00     0.446 
 131   65.50     0.420 
 132   66.00     0.396 
 133   66.50     0.373 
 134   67.00     0.352 
 135   67.50     0.333 
 136   68.00     0.315 
 137   68.50     0.298 
 138   69.00     0.282 
 139   69.50     0.267 
 140   70.00     0.253 
 141   70.50     0.240 
 142   71.00     0.227 
 143   71.50     0.216 
 144   72.00     0.205 
 145   72.50     0.195 
 146   73.00     0.185 
 147   73.50     0.176 
 148   74.00     0.168 
 149   74.50     0.160 
 150   75.00     0.152 
 151   75.50     0.145 
 152   76.00     0.138 
 153   76.50     0.132 
 154   77.00     0.126 
 155   77.50     0.120 
 156   78.00     0.115 
 157   78.50     0.110 
 158   79.00     0.105 
 159   79.50     0.100 
 160   80.00     0.096 
 161   80.50     0.092 
 162   81.00     0.088 
 163   81.50     0.084 
 164   82.00     0.081 
 165   82.50     0.077 
 166   83.00     0.074 
 167   83.50     0.071 
 168   84.00     0.068 
 169   84.50     0.066 
 170   85.00     0.063 
 171   85.50     0.060 
 172   86.00     0.058 
 173   86.50     0.056 
 174   87.00     0.054 
 175   87.50     0.052 
 176   88.00     0.050 
 177   88.50     0.048 
 178   89.00     0.046 
 179   89.50     0.044 
 180   90.00     0.043 
 181   90.50     0.041 
 182   91.00     0.040 
 183   91.50     0.038 
 184   92.00     0.037 
 185   92.50     0.036 
 186   93.00     0.034 
 187   93.50     0.033 
 188   94.00     0.032 
 189   94.50     0.031 
 190   95.00     0.030 
 191   95.50     0.029 
 192   96.00     0.028 
 193   96.50     0.027 
 194   97.00     0.026 
 195   97.50     0.025 
 196   98.00     0.024 
 197   98.50     0.023 
 198   99.00     0.023 
 199   99.50     0.022 
 200  100.00     0.021 
 201  100.50     0.021 
 202  101.00     0.020 
 203  101.50     0.019 
 204  102.00     0.019 
 205  102.50     0.018 
 206  103.00     0.018 
 207  103.50     0.017 
 208  104.00     0.016 
 209  104.50     0.016 
 210  105.00     0.016 
 211  105.50     0.015 
 212  106.00     0.015 
 213  106.50     0.014 
 214  107.00     0.014 
 215  107.50     0.013 
 216  108.00     0.013 
 217  108.50     0.013 
 218  109.00     0.012 
 219  109.50     0.012 
 220  110.00     0.012 
 221  110.50     0.011 
 222  111.00     0.011 
 223  111.50     0.011 
 224  112.00     0.010 
 225  112.50     0.010 
 226  113.00     0.010 
 227  113.50     0.009 
 228  114.00     0.009 
 229  114.50     0.009 
 230  115.00     0.009 
 231  115.50     0.008 
 232  116.00     0.008 
 233  116.50     0.008 
 234  117.00     0.008 
 235  117.50     0.008 
 236  118.00     0.007 
 237  118.50     0.007 
 238  119.00     0.007 
 239  119.50     0.007 
 240  120.00     0.007 
 241  120.50     0.007 
 242  121.00     0.006 
 243  121.50     0.006 
 244  122.00     0.006 
 245  122.50     0.006 
 246  123.00     0.006 
 247  123.50     0.006 
 248  124.00     0.005 
 249  124.50     0.005 
 250  125.00     0.005 
 251  125.50     0.005 
 252  126.00     0.005 
 253  126.50     0.005 
 254  127.00     0.005 
 255  127.50     0.005 
 256  128.00     0.005 
 257  128.50     0.004 
 258  129.00     0.004 
 259  129.50     0.004 
 260  130.00     0.004 
 261  130.50     0.004 
 262  131.00     0.004 
 263  131.50     0.004 
 264  132.00     0.004 
 265  132.50     0.004 
 266  133.00     0.004 
 267  133.50     0.003 
 268  134.00     0.003 
 269  134.50     0.003 
 270  135.00     0.003 
 271  135.50     0.003 
 272  136.00     0.003 
 273  136.50     0.003 
 274  137.00     0.003 
 275  137.50     0.003 
 276  138.00     0.003 
 277  138.50     0.003 
 278  139.00     0.003 
 279  139.50     0.003 
 280  140.00     0.003 
 281  140.50     0.003 
 282  141.00     0.003 
 283  141.50     0.002 
 284  142.00     0.002 
 285  142.50     0.002 
 286  143.00     0.002 
 287  143.50     0.002 
 288  144.00     0.002 
 289  144.50     0.002 
 290  145.00     0.002 
 291  145.50     0.002 
 292  146.00     0.002 
 293  146.50     0.002 
 294  147.00     0.002 
 295  147.50     0.002 
 296  148.00     0.002 
 297  148.50     0.002 
 298  149.00     0.002 
 299  149.50     0.002 
 300  150.00     0.002 
