 RORBWin Output File
 *******************
 
 Program version 6.52 (last updated 1st June 2023)
 Copyright Monash University and Hydrology and Risk Consulting
 
 Date run: 08 Aug 2026 22:30

 Vector file       : E:\Library\Automation\ryan-tools\tests\test_data\RORB\Fig6_7.catg
 Storm file        : E:\Library\Automation\ryan-tools\tests\test_data\RORB\areal-example\Fig6_7_ aep1_du12hourtp5.stm
 Output information: Flows & all input data


 Data checks:
 ************
 Next data to be read & checked:

 Catchment name & reach type flag
 Control vector & storage data
 Code no.  18     7.0 Location read as                             
 Sub-area areas
 Impervious flag
 Initial storm data
 Rainfall burst times
 Pluviograph 1
 Sub-area rainfalls

 Data check completed



 Data:
 ****

 fIGURE 6.7                                                          


 Time data, in increments from initial time
 fIGURE 6.7: 12 hour 1% Design Storm No.5 Temporal Pattern           
 Time increment (hours)=  0.50

                   Start   Finish
 Rainfall times:     0       72


 End of hyeto/hydrographs:   72
 Duration of calculations:  300



 Pre-burst has been applied
 Pluviograph data (time in incs, rainfall in mm, in 
                   increment following time shown)

Includes Pre-burst temporal pattern
         1:Temporal pattern (% of depth
   Time     1
     0     0.16
     1     0.16
     2     0.16
     3     0.16
     4     0.16
     5     0.16
     6     0.14
     7     0.14
     8     0.14
     9     0.14
    10     0.14
    11     0.14
    12     0.07
    13     0.07
    14     0.07
    15     0.07
    16     0.07
    17     0.07
    18     0.30
    19     0.30
    20     0.30
    21     0.30
    22     0.30
    23     0.30
    24     0.08
    25     0.08
    26     0.08
    27     0.08
    28     0.08
    29     0.08
    30     0.15
    31     0.15
    32     0.15
    33     0.15
    34     0.15
    35     0.15
    36     0.17
    37     0.17
    38     0.17
    39     0.17
    40     0.17
    41     0.17
    42     0.22
    43     0.22
    44     0.22
    45     0.22
    46     0.22
    47     0.22
    48     2.75
    49     3.75
    50     5.06
    51     4.43
    52     6.86
    53     8.20
    54     8.33
    55     7.19
    56     5.30
    57     6.65
    58     5.13
    59     5.17
    60     5.47
    61     4.12
    62     3.57
    63     2.25
    64     1.67
    65     2.38
    66     2.15
    67     1.44
    68     1.95
    69     2.03
    70     2.17
    71     1.98

   Total 107.7




 DESIGN run control vector

 Step  Code              Description
   1    1     Add sub-area 'A' inflow & route thru normal storage    1
   2    3     Store hydrograph from step    1; reset hydrograph to zero
   3    1     Add sub-area 'B' inflow & route thru normal storage    2
   4    4     Add h-graph ex step    2 to h-graph ex step    3
   5    5     Route hydrograph thru normal storage    3
   6    3     Store hydrograph from step    5; reset hydrograph to zero
   7    1     Add sub-area 'C' inflow & route thru normal storage    4
   8    4     Add h-graph ex step    6 to h-graph ex step    7
   9    5     Route hydrograph thru normal storage    5
  10    3     Store hydrograph from step    9; reset hydrograph to zero
  11    1     Add sub-area 'D' inflow & route thru normal storage    6
  12    4     Add h-graph ex step   10 to h-graph ex step   11
  13    5     Route hydrograph thru normal storage    7
  14    3     Store hydrograph from step   13; reset hydrograph to zero
  15    1     Add sub-area 'E' inflow & route thru normal storage    8
  16    4     Add h-graph ex step   14 to h-graph ex step   15
  17    5     Route hydrograph thru normal storage    9
  18    7.0   Print hydrograph,                             
  19    0     **********End of control vector**********



 Sub-area data

 Sub-     Area     Dist.
 area      km²      km*
   A    3.00E+01  1.25E+01
   B    2.80E+01  1.15E+01
   C    2.50E+01  9.50E+00
   D    3.50E+01  7.00E+00
   E    4.00E+01  6.00E+00

 Total 1.580E+02

 For whole catchment     ; Av. Dist., km* =       8.98
 For interstation area  1; Av. Dist., km* =       8.98; ISA Factor =   1.000

 * or other function of reach properties related to travel time



 Normal storage data

 Storage   Length   Rel. delay      Type         Slope
   no.       km*       time                     percent 
   1         5.0       0.557       Natural 
   2         4.0       0.445       Natural 
   3         2.5       0.278       Natural 
   4         4.5       0.501       Natural 
   5         2.5       0.278       Natural 
   6         4.5       0.501       Natural 
   7         1.0       0.111       Natural 
   8         4.5       0.501       Natural 
   9         1.5       0.167       Natural 

 * or other function of reach properties related to travel time


 Input of parameters:
 ********************

 fIGURE 6.7                                                          
 DESIGN Run
 fIGURE 6.7: 12 hour 1% Design Storm No.5 Temporal Pattern           
 Time increment = 0.50 hours

 Constant loss model selected



 Rainfall, mm, in time inc. following time shown
 Time               Sub-
      Catch         Area
 Incs ment          A   B   C   D   E

   0   0.1          0   0   0   0   0
   1   0.1          0   0   0   0   0
   2   0.1          0   0   0   0   0
   3   0.1          0   0   0   0   0
   4   0.1          0   0   0   0   0
   5   0.1          0   0   0   0   0
   6   0.1          0   0   0   0   0
   7   0.1          0   0   0   0   0
   8   0.1          0   0   0   0   0
   9   0.1          0   0   0   0   0
  10   0.1          0   0   0   0   0
  11   0.1          0   0   0   0   0
  12   0.1          0   0   0   0   0
  13   0.1          0   0   0   0   0
  14   0.1          0   0   0   0   0
  15   0.1          0   0   0   0   0
  16   0.1          0   0   0   0   0
  17   0.1          0   0   0   0   0
  18   0.3          0   0   0   0   0
  19   0.3          0   0   0   0   0
  20   0.3          0   0   0   0   0
  21   0.3          0   0   0   0   0
  22   0.3          0   0   0   0   0
  23   0.3          0   0   0   0   0
  24   0.1          0   0   0   0   0
  25   0.1          0   0   0   0   0
  26   0.1          0   0   0   0   0
  27   0.1          0   0   0   0   0
  28   0.1          0   0   0   0   0
  29   0.1          0   0   0   0   0
  30   0.1          0   0   0   0   0
  31   0.1          0   0   0   0   0
  32   0.1          0   0   0   0   0
  33   0.1          0   0   0   0   0
  34   0.1          0   0   0   0   0
  35   0.1          0   0   0   0   0
  36   0.2          0   0   0   0   0
  37   0.2          0   0   0   0   0
  38   0.2          0   0   0   0   0
  39   0.2          0   0   0   0   0
  40   0.2          0   0   0   0   0
  41   0.2          0   0   0   0   0
  42   0.2          0   0   0   0   0
  43   0.2          0   0   0   0   0
  44   0.2          0   0   0   0   0
  45   0.2          0   0   0   0   0
  46   0.2          0   0   0   0   0
  47   0.2          0   0   0   0   0
  48   2.5          3   3   3   3   3
  49   3.5          3   3   3   3   3
  50   4.7          5   5   5   5   5
  51   4.1          4   4   4   4   4
  52   6.3          6   6   6   6   6
  53   7.6          8   8   8   8   8
  54   7.7          8   8   8   8   8
  55   6.6          7   7   7   7   7
  56   4.9          5   5   5   5   5
  57   6.1          6   6   6   6   6
  58   4.7          5   5   5   5   5
  59   4.8          5   5   5   5   5
  60   5.0          5   5   5   5   5
  61   3.8          4   4   4   4   4
  62   3.3          3   3   3   3   3
  63   2.1          2   2   2   2   2
  64   1.5          2   2   2   2   2
  65   2.2          2   2   2   2   2
  66   2.0          2   2   2   2   2
  67   1.3          1   1   1   1   1
  68   1.8          2   2   2   2   2
  69   1.9          2   2   2   2   2
  70   2.0          2   2   2   2   2
  71   1.8          2   2   2   2   2

 Tot. 99.2         99  99  99  99  99
 Pluvi. ref. no.    1   1   1   1   1




 Rainfall-excess, mm, in time inc. following time shown
 Time               Sub-
      Catch         Area
 Incs ment          A   B   C   D   E

   0   0.0          0   0   0   0   0
   1   0.0          0   0   0   0   0
   2   0.0          0   0   0   0   0
   3   0.0          0   0   0   0   0
   4   0.0          0   0   0   0   0
   5   0.0          0   0   0   0   0
   6   0.0          0   0   0   0   0
   7   0.0          0   0   0   0   0
   8   0.0          0   0   0   0   0
   9   0.0          0   0   0   0   0
  10   0.0          0   0   0   0   0
  11   0.0          0   0   0   0   0
  12   0.0          0   0   0   0   0
  13   0.0          0   0   0   0   0
  14   0.0          0   0   0   0   0
  15   0.0          0   0   0   0   0
  16   0.0          0   0   0   0   0
  17   0.0          0   0   0   0   0
  18   0.0          0   0   0   0   0
  19   0.0          0   0   0   0   0
  20   0.0          0   0   0   0   0
  21   0.0          0   0   0   0   0
  22   0.0          0   0   0   0   0
  23   0.0          0   0   0   0   0
  24   0.0          0   0   0   0   0
  25   0.0          0   0   0   0   0
  26   0.0          0   0   0   0   0
  27   0.0          0   0   0   0   0
  28   0.0          0   0   0   0   0
  29   0.0          0   0   0   0   0
  30   0.0          0   0   0   0   0
  31   0.0          0   0   0   0   0
  32   0.0          0   0   0   0   0
  33   0.0          0   0   0   0   0
  34   0.0          0   0   0   0   0
  35   0.0          0   0   0   0   0
  36   0.0          0   0   0   0   0
  37   0.0          0   0   0   0   0
  38   0.0          0   0   0   0   0
  39   0.0          0   0   0   0   0
  40   0.0          0   0   0   0   0
  41   0.0          0   0   0   0   0
  42   0.0          0   0   0   0   0
  43   0.0          0   0   0   0   0
  44   0.0          0   0   0   0   0
  45   0.0          0   0   0   0   0
  46   0.0          0   0   0   0   0
  47   0.0          0   0   0   0   0
  48   0.0          0   0   0   0   0
  49   0.2          0   0   0   0   0
  50   3.7          4   4   4   4   4
  51   3.1          3   3   3   3   3
  52   5.4          5   5   5   5   5
  53   6.6          7   7   7   7   7
  54   6.7          7   7   7   7   7
  55   5.7          6   6   6   6   6
  56   3.9          4   4   4   4   4
  57   5.2          5   5   5   5   5
  58   3.8          4   4   4   4   4
  59   3.8          4   4   4   4   4
  60   4.1          4   4   4   4   4
  61   2.8          3   3   3   3   3
  62   2.3          2   2   2   2   2
  63   1.1          1   1   1   1   1
  64   0.6          1   1   1   1   1
  65   1.2          1   1   1   1   1
  66   1.0          1   1   1   1   1
  67   0.4          0   0   0   0   0
  68   0.8          1   1   1   1   1
  69   0.9          1   1   1   1   1
  70   1.0          1   1   1   1   1
  71   0.9          1   1   1   1   1

 Tot. 65.4         65  65  65  65  65



 Routing results:
 ****************
 fIGURE 6.7                                                          
 fIGURE 6.7: 12 hour 1% Design Storm No.5 Temporal Pattern           
 DESIGN run no.  1


 Parameters:  kc =    10.00    m = 0.80

 Loss parameters     Initial loss (mm)   Cont. loss (mm/h)
                           12.00              1.90



 *** Calculated hydrograph,                                      

                           Hydrograph
                          Calc.          
 Peak discharge,m³/s     352.5
 Time to peak,h           31.0
 Volume,m³            1.03E+07
 Time to centroid,h       33.3
 Lag (c.m. to c.m.),h     4.63
 Lag to peak,h            2.31


 Hydrograph summary
 ******************

 Site  Description
   01  Calculated hydrograph,

 Inc    Time   Hyd0001
   0    0.00     0.000 
   1    0.50     0.000 
   2    1.00     0.000 
   3    1.50     0.000 
   4    2.00     0.000 
   5    2.50     0.000 
   6    3.00     0.000 
   7    3.50     0.000 
   8    4.00     0.000 
   9    4.50     0.000 
  10    5.00     0.000 
  11    5.50     0.000 
  12    6.00     0.000 
  13    6.50     0.000 
  14    7.00     0.000 
  15    7.50     0.000 
  16    8.00     0.000 
  17    8.50     0.000 
  18    9.00     0.000 
  19    9.50     0.000 
  20   10.00     0.000 
  21   10.50     0.000 
  22   11.00     0.000 
  23   11.50     0.000 
  24   12.00     0.000 
  25   12.50     0.000 
  26   13.00     0.000 
  27   13.50     0.000 
  28   14.00     0.000 
  29   14.50     0.000 
  30   15.00     0.000 
  31   15.50     0.000 
  32   16.00     0.000 
  33   16.50     0.000 
  34   17.00     0.000 
  35   17.50     0.000 
  36   18.00     0.000 
  37   18.50     0.000 
  38   19.00     0.000 
  39   19.50     0.000 
  40   20.00     0.000 
  41   20.50     0.000 
  42   21.00     0.000 
  43   21.50     0.000 
  44   22.00     0.000 
  45   22.50     0.000 
  46   23.00     0.000 
  47   23.50     0.000 
  48   24.00     0.000 
  49   24.50     0.000 
  50   25.00     0.010 
  51   25.50     0.931 
  52   26.00     6.840 
  53   26.50    23.116 
  54   27.00    54.557 
  55   27.50   103.447 
  56   28.00   163.099 
  57   28.50   220.913 
  58   29.00   268.538 
  59   29.50   305.718 
  60   30.00   331.370 
  61   30.50   346.215 
  62   31.00   352.539 
  63   31.50   349.153 
  64   32.00   335.209 
  65   32.50   311.634 
  66   33.00   282.686 
  67   33.50   254.142 
  68   34.00   227.387 
  69   34.50   202.003 
  70   35.00   179.569 
  71   35.50   161.211 
  72   36.00   146.426 
  73   36.50   133.273 
  74   37.00   119.738 
  75   37.50   105.941 
  76   38.00    92.902 
  77   38.50    81.053 
  78   39.00    70.486 
  79   39.50    61.175 
  80   40.00    53.044 
  81   40.50    45.994 
  82   41.00    39.911 
  83   41.50    34.679 
  84   42.00    30.194 
  85   42.50    26.354 
  86   43.00    23.063 
  87   43.50    20.240 
  88   44.00    17.812 
  89   44.50    15.720 
  90   45.00    13.912 
  91   45.50    12.346 
  92   46.00    10.987 
  93   46.50     9.802 
  94   47.00     8.768 
  95   47.50     7.862 
  96   48.00     7.066 
  97   48.50     6.366 
  98   49.00     5.747 
  99   49.50     5.200 
 100   50.00     4.714 
 101   50.50     4.282 
 102   51.00     3.897 
 103   51.50     3.553 
 104   52.00     3.244 
 105   52.50     2.968 
 106   53.00     2.719 
 107   53.50     2.495 
 108   54.00     2.293 
 109   54.50     2.111 
 110   55.00     1.945 
 111   55.50     1.795 
 112   56.00     1.659 
 113   56.50     1.535 
 114   57.00     1.422 
 115   57.50     1.318 
 116   58.00     1.224 
 117   58.50     1.138 
 118   59.00     1.059 
 119   59.50     0.986 
 120   60.00     0.920 
 121   60.50     0.858 
 122   61.00     0.802 
 123   61.50     0.750 
 124   62.00     0.702 
 125   62.50     0.657 
 126   63.00     0.616 
 127   63.50     0.578 
 128   64.00     0.543 
 129   64.50     0.510 
 130   65.00     0.480 
 131   65.50     0.452 
 132   66.00     0.426 
 133   66.50     0.401 
 134   67.00     0.378 
 135   67.50     0.357 
 136   68.00     0.337 
 137   68.50     0.319 
 138   69.00     0.302 
 139   69.50     0.285 
 140   70.00     0.270 
 141   70.50     0.256 
 142   71.00     0.243 
 143   71.50     0.230 
 144   72.00     0.219 
 145   72.50     0.208 
 146   73.00     0.197 
 147   73.50     0.188 
 148   74.00     0.178 
 149   74.50     0.170 
 150   75.00     0.162 
 151   75.50     0.154 
 152   76.00     0.147 
 153   76.50     0.140 
 154   77.00     0.133 
 155   77.50     0.127 
 156   78.00     0.122 
 157   78.50     0.116 
 158   79.00     0.111 
 159   79.50     0.106 
 160   80.00     0.101 
 161   80.50     0.097 
 162   81.00     0.093 
 163   81.50     0.089 
 164   82.00     0.085 
 165   82.50     0.082 
 166   83.00     0.078 
 167   83.50     0.075 
 168   84.00     0.072 
 169   84.50     0.069 
 170   85.00     0.066 
 171   85.50     0.064 
 172   86.00     0.061 
 173   86.50     0.059 
 174   87.00     0.056 
 175   87.50     0.054 
 176   88.00     0.052 
 177   88.50     0.050 
 178   89.00     0.048 
 179   89.50     0.046 
 180   90.00     0.045 
 181   90.50     0.043 
 182   91.00     0.041 
 183   91.50     0.040 
 184   92.00     0.039 
 185   92.50     0.037 
 186   93.00     0.036 
 187   93.50     0.035 
 188   94.00     0.033 
 189   94.50     0.032 
 190   95.00     0.031 
 191   95.50     0.030 
 192   96.00     0.029 
 193   96.50     0.028 
 194   97.00     0.027 
 195   97.50     0.026 
 196   98.00     0.025 
 197   98.50     0.024 
 198   99.00     0.024 
 199   99.50     0.023 
 200  100.00     0.022 
 201  100.50     0.021 
 202  101.00     0.021 
 203  101.50     0.020 
 204  102.00     0.019 
 205  102.50     0.019 
 206  103.00     0.018 
 207  103.50     0.018 
 208  104.00     0.017 
 209  104.50     0.017 
 210  105.00     0.016 
 211  105.50     0.016 
 212  106.00     0.015 
 213  106.50     0.015 
 214  107.00     0.014 
 215  107.50     0.014 
 216  108.00     0.013 
 217  108.50     0.013 
 218  109.00     0.013 
 219  109.50     0.012 
 220  110.00     0.012 
 221  110.50     0.012 
 222  111.00     0.011 
 223  111.50     0.011 
 224  112.00     0.011 
 225  112.50     0.010 
 226  113.00     0.010 
 227  113.50     0.010 
 228  114.00     0.010 
 229  114.50     0.009 
 230  115.00     0.009 
 231  115.50     0.009 
 232  116.00     0.009 
 233  116.50     0.008 
 234  117.00     0.008 
 235  117.50     0.008 
 236  118.00     0.008 
 237  118.50     0.007 
 238  119.00     0.007 
 239  119.50     0.007 
 240  120.00     0.007 
 241  120.50     0.007 
 242  121.00     0.007 
 243  121.50     0.006 
 244  122.00     0.006 
 245  122.50     0.006 
 246  123.00     0.006 
 247  123.50     0.006 
 248  124.00     0.006 
 249  124.50     0.006 
 250  125.00     0.005 
 251  125.50     0.005 
 252  126.00     0.005 
 253  126.50     0.005 
 254  127.00     0.005 
 255  127.50     0.005 
 256  128.00     0.005 
 257  128.50     0.005 
 258  129.00     0.004 
 259  129.50     0.004 
 260  130.00     0.004 
 261  130.50     0.004 
 262  131.00     0.004 
 263  131.50     0.004 
 264  132.00     0.004 
 265  132.50     0.004 
 266  133.00     0.004 
 267  133.50     0.004 
 268  134.00     0.004 
 269  134.50     0.003 
 270  135.00     0.003 
 271  135.50     0.003 
 272  136.00     0.003 
 273  136.50     0.003 
 274  137.00     0.003 
 275  137.50     0.003 
 276  138.00     0.003 
 277  138.50     0.003 
 278  139.00     0.003 
 279  139.50     0.003 
 280  140.00     0.003 
 281  140.50     0.003 
 282  141.00     0.003 
 283  141.50     0.003 
 284  142.00     0.002 
 285  142.50     0.002 
 286  143.00     0.002 
 287  143.50     0.002 
 288  144.00     0.002 
 289  144.50     0.002 
 290  145.00     0.002 
 291  145.50     0.002 
 292  146.00     0.002 
 293  146.50     0.002 
 294  147.00     0.002 
 295  147.50     0.002 
 296  148.00     0.002 
 297  148.50     0.002 
 298  149.00     0.002 
 299  149.50     0.002 
 300  150.00     0.002 
