 RORBWin Output File
 *******************
 
 Program version 6.52 (last updated 1st June 2023)
 Copyright Monash University and Hydrology and Risk Consulting
 
 Date run: 08 Aug 2026 22:30

 Vector file       : E:\Library\Automation\ryan-tools\tests\test_data\RORB\Fig6_7.catg
 Storm file        : E:\Library\Automation\ryan-tools\tests\test_data\RORB\areal-example\Fig6_7_ aep10_du12hourtp8.stm
 Output information: Flows & all input data


 Data checks:
 ************
 Next data to be read & checked:

 Catchment name & reach type flag
 Control vector & storage data
 Code no.  18     7.0 Location read as                             
 Sub-area areas
 Impervious flag
 Initial storm data
 Rainfall burst times
 Pluviograph 1
 Sub-area rainfalls

 Data check completed



 Data:
 ****

 fIGURE 6.7                                                          


 Time data, in increments from initial time
 fIGURE 6.7: 12 hour 10% Design Storm No.8 Temporal Pattern          
 Time increment (hours)=  0.50

                   Start   Finish
 Rainfall times:     0       72


 End of hyeto/hydrographs:   72
 Duration of calculations:  300



 Pre-burst has been applied
 Pluviograph data (time in incs, rainfall in mm, in 
                   increment following time shown)

Includes Pre-burst temporal pattern
         1:Temporal pattern (% of depth
   Time     1
     0     0.04
     1     0.04
     2     0.04
     3     0.04
     4     0.04
     5     0.04
     6     0.03
     7     0.03
     8     0.03
     9     0.03
    10     0.03
    11     0.03
    12     0.02
    13     0.02
    14     0.02
    15     0.02
    16     0.02
    17     0.02
    18     0.07
    19     0.07
    20     0.07
    21     0.07
    22     0.07
    23     0.07
    24     0.02
    25     0.02
    26     0.02
    27     0.02
    28     0.02
    29     0.02
    30     0.04
    31     0.04
    32     0.04
    33     0.04
    34     0.04
    35     0.04
    36     0.04
    37     0.04
    38     0.04
    39     0.04
    40     0.04
    41     0.04
    42     0.05
    43     0.05
    44     0.05
    45     0.05
    46     0.05
    47     0.05
    48     4.77
    49     2.60
    50     2.05
    51     3.81
    52     4.32
    53     3.91
    54     4.23
    55     4.65
    56     6.43
    57     5.08
    58     6.11
    59     6.19
    60     5.33
    61     4.61
    62     4.59
    63     3.94
    64     4.09
    65     4.00
    66     3.61
    67     3.31
    68     3.38
    69     3.82
    70     2.88
    71     2.29

   Total 101.9




 DESIGN run control vector

 Step  Code              Description
   1    1     Add sub-area 'A' inflow & route thru normal storage    1
   2    3     Store hydrograph from step    1; reset hydrograph to zero
   3    1     Add sub-area 'B' inflow & route thru normal storage    2
   4    4     Add h-graph ex step    2 to h-graph ex step    3
   5    5     Route hydrograph thru normal storage    3
   6    3     Store hydrograph from step    5; reset hydrograph to zero
   7    1     Add sub-area 'C' inflow & route thru normal storage    4
   8    4     Add h-graph ex step    6 to h-graph ex step    7
   9    5     Route hydrograph thru normal storage    5
  10    3     Store hydrograph from step    9; reset hydrograph to zero
  11    1     Add sub-area 'D' inflow & route thru normal storage    6
  12    4     Add h-graph ex step   10 to h-graph ex step   11
  13    5     Route hydrograph thru normal storage    7
  14    3     Store hydrograph from step   13; reset hydrograph to zero
  15    1     Add sub-area 'E' inflow & route thru normal storage    8
  16    4     Add h-graph ex step   14 to h-graph ex step   15
  17    5     Route hydrograph thru normal storage    9
  18    7.0   Print hydrograph,                             
  19    0     **********End of control vector**********



 Sub-area data

 Sub-     Area     Dist.
 area      km²      km*
   A    3.00E+01  1.25E+01
   B    2.80E+01  1.15E+01
   C    2.50E+01  9.50E+00
   D    3.50E+01  7.00E+00
   E    4.00E+01  6.00E+00

 Total 1.580E+02

 For whole catchment     ; Av. Dist., km* =       8.98
 For interstation area  1; Av. Dist., km* =       8.98; ISA Factor =   1.000

 * or other function of reach properties related to travel time



 Normal storage data

 Storage   Length   Rel. delay      Type         Slope
   no.       km*       time                     percent 
   1         5.0       0.557       Natural 
   2         4.0       0.445       Natural 
   3         2.5       0.278       Natural 
   4         4.5       0.501       Natural 
   5         2.5       0.278       Natural 
   6         4.5       0.501       Natural 
   7         1.0       0.111       Natural 
   8         4.5       0.501       Natural 
   9         1.5       0.167       Natural 

 * or other function of reach properties related to travel time


 Input of parameters:
 ********************

 fIGURE 6.7                                                          
 DESIGN Run
 fIGURE 6.7: 12 hour 10% Design Storm No.8 Temporal Pattern          
 Time increment = 0.50 hours

 Constant loss model selected



 Rainfall, mm, in time inc. following time shown
 Time               Sub-
      Catch         Area
 Incs ment          A   B   C   D   E

   0   0.0          0   0   0   0   0
   1   0.0          0   0   0   0   0
   2   0.0          0   0   0   0   0
   3   0.0          0   0   0   0   0
   4   0.0          0   0   0   0   0
   5   0.0          0   0   0   0   0
   6   0.0          0   0   0   0   0
   7   0.0          0   0   0   0   0
   8   0.0          0   0   0   0   0
   9   0.0          0   0   0   0   0
  10   0.0          0   0   0   0   0
  11   0.0          0   0   0   0   0
  12   0.0          0   0   0   0   0
  13   0.0          0   0   0   0   0
  14   0.0          0   0   0   0   0
  15   0.0          0   0   0   0   0
  16   0.0          0   0   0   0   0
  17   0.0          0   0   0   0   0
  18   0.0          0   0   0   0   0
  19   0.0          0   0   0   0   0
  20   0.0          0   0   0   0   0
  21   0.0          0   0   0   0   0
  22   0.0          0   0   0   0   0
  23   0.0          0   0   0   0   0
  24   0.0          0   0   0   0   0
  25   0.0          0   0   0   0   0
  26   0.0          0   0   0   0   0
  27   0.0          0   0   0   0   0
  28   0.0          0   0   0   0   0
  29   0.0          0   0   0   0   0
  30   0.0          0   0   0   0   0
  31   0.0          0   0   0   0   0
  32   0.0          0   0   0   0   0
  33   0.0          0   0   0   0   0
  34   0.0          0   0   0   0   0
  35   0.0          0   0   0   0   0
  36   0.0          0   0   0   0   0
  37   0.0          0   0   0   0   0
  38   0.0          0   0   0   0   0
  39   0.0          0   0   0   0   0
  40   0.0          0   0   0   0   0
  41   0.0          0   0   0   0   0
  42   0.0          0   0   0   0   0
  43   0.0          0   0   0   0   0
  44   0.0          0   0   0   0   0
  45   0.0          0   0   0   0   0
  46   0.0          0   0   0   0   0
  47   0.0          0   0   0   0   0
  48   2.8          3   3   3   3   3
  49   1.5          2   2   2   2   2
  50   1.2          1   1   1   1   1
  51   2.2          2   2   2   2   2
  52   2.5          3   3   3   3   3
  53   2.3          2   2   2   2   2
  54   2.5          2   2   2   2   2
  55   2.7          3   3   3   3   3
  56   3.8          4   4   4   4   4
  57   3.0          3   3   3   3   3
  58   3.6          4   4   4   4   4
  59   3.6          4   4   4   4   4
  60   3.1          3   3   3   3   3
  61   2.7          3   3   3   3   3
  62   2.7          3   3   3   3   3
  63   2.3          2   2   2   2   2
  64   2.4          2   2   2   2   2
  65   2.3          2   2   2   2   2
  66   2.1          2   2   2   2   2
  67   1.9          2   2   2   2   2
  68   2.0          2   2   2   2   2
  69   2.2          2   2   2   2   2
  70   1.7          2   2   2   2   2
  71   1.3          1   1   1   1   1

 Tot. 59.5         60  60  60  60  60
 Pluvi. ref. no.    1   1   1   1   1




 Rainfall-excess, mm, in time inc. following time shown
 Time               Sub-
      Catch         Area
 Incs ment          A   B   C   D   E

   0   0.0          0   0   0   0   0
   1   0.0          0   0   0   0   0
   2   0.0          0   0   0   0   0
   3   0.0          0   0   0   0   0
   4   0.0          0   0   0   0   0
   5   0.0          0   0   0   0   0
   6   0.0          0   0   0   0   0
   7   0.0          0   0   0   0   0
   8   0.0          0   0   0   0   0
   9   0.0          0   0   0   0   0
  10   0.0          0   0   0   0   0
  11   0.0          0   0   0   0   0
  12   0.0          0   0   0   0   0
  13   0.0          0   0   0   0   0
  14   0.0          0   0   0   0   0
  15   0.0          0   0   0   0   0
  16   0.0          0   0   0   0   0
  17   0.0          0   0   0   0   0
  18   0.0          0   0   0   0   0
  19   0.0          0   0   0   0   0
  20   0.0          0   0   0   0   0
  21   0.0          0   0   0   0   0
  22   0.0          0   0   0   0   0
  23   0.0          0   0   0   0   0
  24   0.0          0   0   0   0   0
  25   0.0          0   0   0   0   0
  26   0.0          0   0   0   0   0
  27   0.0          0   0   0   0   0
  28   0.0          0   0   0   0   0
  29   0.0          0   0   0   0   0
  30   0.0          0   0   0   0   0
  31   0.0          0   0   0   0   0
  32   0.0          0   0   0   0   0
  33   0.0          0   0   0   0   0
  34   0.0          0   0   0   0   0
  35   0.0          0   0   0   0   0
  36   0.0          0   0   0   0   0
  37   0.0          0   0   0   0   0
  38   0.0          0   0   0   0   0
  39   0.0          0   0   0   0   0
  40   0.0          0   0   0   0   0
  41   0.0          0   0   0   0   0
  42   0.0          0   0   0   0   0
  43   0.0          0   0   0   0   0
  44   0.0          0   0   0   0   0
  45   0.0          0   0   0   0   0
  46   0.0          0   0   0   0   0
  47   0.0          0   0   0   0   0
  48   0.0          0   0   0   0   0
  49   0.0          0   0   0   0   0
  50   0.0          0   0   0   0   0
  51   0.0          0   0   0   0   0
  52   0.0          0   0   0   0   0
  53   0.7          1   1   1   1   1
  54   1.5          2   2   2   2   2
  55   1.8          2   2   2   2   2
  56   2.8          3   3   3   3   3
  57   2.0          2   2   2   2   2
  58   2.6          3   3   3   3   3
  59   2.7          3   3   3   3   3
  60   2.2          2   2   2   2   2
  61   1.7          2   2   2   2   2
  62   1.7          2   2   2   2   2
  63   1.4          1   1   1   1   1
  64   1.4          1   1   1   1   1
  65   1.4          1   1   1   1   1
  66   1.2          1   1   1   1   1
  67   1.0          1   1   1   1   1
  68   1.0          1   1   1   1   1
  69   1.3          1   1   1   1   1
  70   0.7          1   1   1   1   1
  71   0.4          0   0   0   0   0

 Tot. 29.5         29  29  29  29  29



 Routing results:
 ****************
 fIGURE 6.7                                                          
 fIGURE 6.7: 12 hour 10% Design Storm No.8 Temporal Pattern          
 DESIGN run no.  1


 Parameters:  kc =    10.00    m = 0.80

 Loss parameters     Initial loss (mm)   Cont. loss (mm/h)
                           12.00              1.90



 *** Calculated hydrograph,                                      

                           Hydrograph
                          Calc.          
 Peak discharge,m³/s     137.6
 Time to peak,h           33.5
 Volume,m³            4.66E+06
 Time to centroid,h       36.1
 Lag (c.m. to c.m.),h     5.48
 Lag to peak,h            2.92


 Hydrograph summary
 ******************

 Site  Description
   01  Calculated hydrograph,

 Inc    Time   Hyd0001
   0    0.00     0.000 
   1    0.50     0.000 
   2    1.00     0.000 
   3    1.50     0.000 
   4    2.00     0.000 
   5    2.50     0.000 
   6    3.00     0.000 
   7    3.50     0.000 
   8    4.00     0.000 
   9    4.50     0.000 
  10    5.00     0.000 
  11    5.50     0.000 
  12    6.00     0.000 
  13    6.50     0.000 
  14    7.00     0.000 
  15    7.50     0.000 
  16    8.00     0.000 
  17    8.50     0.000 
  18    9.00     0.000 
  19    9.50     0.000 
  20   10.00     0.000 
  21   10.50     0.000 
  22   11.00     0.000 
  23   11.50     0.000 
  24   12.00     0.000 
  25   12.50     0.000 
  26   13.00     0.000 
  27   13.50     0.000 
  28   14.00     0.000 
  29   14.50     0.000 
  30   15.00     0.000 
  31   15.50     0.000 
  32   16.00     0.000 
  33   16.50     0.000 
  34   17.00     0.000 
  35   17.50     0.000 
  36   18.00     0.000 
  37   18.50     0.000 
  38   19.00     0.000 
  39   19.50     0.000 
  40   20.00     0.000 
  41   20.50     0.000 
  42   21.00     0.000 
  43   21.50     0.000 
  44   22.00     0.000 
  45   22.50     0.000 
  46   23.00     0.000 
  47   23.50     0.000 
  48   24.00     0.000 
  49   24.50     0.000 
  50   25.00     0.000 
  51   25.50     0.000 
  52   26.00     0.000 
  53   26.50     0.000 
  54   27.00     0.081 
  55   27.50     0.765 
  56   28.00     3.532 
  57   28.50    10.356 
  58   29.00    22.324 
  59   29.50    38.380 
  60   30.00    57.405 
  61   30.50    77.927 
  62   31.00    97.098 
  63   31.50   112.786 
  64   32.00   124.389 
  65   32.50   131.923 
  66   33.00   136.109 
  67   33.50   137.640 
  68   34.00   136.608 
  69   34.50   133.446 
  70   35.00   129.412 
  71   35.50   125.136 
  72   36.00   119.633 
  73   36.50   111.947 
  74   37.00   102.326 
  75   37.50    91.832 
  76   38.00    81.458 
  77   38.50    71.699 
  78   39.00    62.771 
  79   39.50    54.762 
  80   40.00    47.682 
  81   40.50    41.493 
  82   41.00    36.123 
  83   41.50    31.487 
  84   42.00    27.492 
  85   42.50    24.053 
  86   43.00    21.090 
  87   43.50    18.536 
  88   44.00    16.331 
  89   44.50    14.425 
  90   45.00    12.774 
  91   45.50    11.343 
  92   46.00    10.100 
  93   46.50     9.016 
  94   47.00     8.069 
  95   47.50     7.239 
  96   48.00     6.510 
  97   48.50     5.868 
  98   49.00     5.300 
  99   49.50     4.798 
 100   50.00     4.352 
 101   50.50     3.955 
 102   51.00     3.601 
 103   51.50     3.285 
 104   52.00     3.002 
 105   52.50     2.748 
 106   53.00     2.520 
 107   53.50     2.314 
 108   54.00     2.128 
 109   54.50     1.960 
 110   55.00     1.808 
 111   55.50     1.670 
 112   56.00     1.544 
 113   56.50     1.430 
 114   57.00     1.325 
 115   57.50     1.230 
 116   58.00     1.143 
 117   58.50     1.063 
 118   59.00     0.990 
 119   59.50     0.923 
 120   60.00     0.861 
 121   60.50     0.804 
 122   61.00     0.752 
 123   61.50     0.704 
 124   62.00     0.659 
 125   62.50     0.618 
 126   63.00     0.580 
 127   63.50     0.544 
 128   64.00     0.512 
 129   64.50     0.481 
 130   65.00     0.453 
 131   65.50     0.426 
 132   66.00     0.402 
 133   66.50     0.379 
 134   67.00     0.358 
 135   67.50     0.338 
 136   68.00     0.319 
 137   68.50     0.302 
 138   69.00     0.286 
 139   69.50     0.271 
 140   70.00     0.256 
 141   70.50     0.243 
 142   71.00     0.231 
 143   71.50     0.219 
 144   72.00     0.208 
 145   72.50     0.197 
 146   73.00     0.188 
 147   73.50     0.179 
 148   74.00     0.170 
 149   74.50     0.162 
 150   75.00     0.154 
 151   75.50     0.147 
 152   76.00     0.140 
 153   76.50     0.133 
 154   77.00     0.127 
 155   77.50     0.122 
 156   78.00     0.116 
 157   78.50     0.111 
 158   79.00     0.106 
 159   79.50     0.101 
 160   80.00     0.097 
 161   80.50     0.093 
 162   81.00     0.089 
 163   81.50     0.085 
 164   82.00     0.082 
 165   82.50     0.078 
 166   83.00     0.075 
 167   83.50     0.072 
 168   84.00     0.069 
 169   84.50     0.066 
 170   85.00     0.064 
 171   85.50     0.061 
 172   86.00     0.059 
 173   86.50     0.056 
 174   87.00     0.054 
 175   87.50     0.052 
 176   88.00     0.050 
 177   88.50     0.048 
 178   89.00     0.046 
 179   89.50     0.045 
 180   90.00     0.043 
 181   90.50     0.041 
 182   91.00     0.040 
 183   91.50     0.039 
 184   92.00     0.037 
 185   92.50     0.036 
 186   93.00     0.035 
 187   93.50     0.033 
 188   94.00     0.032 
 189   94.50     0.031 
 190   95.00     0.030 
 191   95.50     0.029 
 192   96.00     0.028 
 193   96.50     0.027 
 194   97.00     0.026 
 195   97.50     0.025 
 196   98.00     0.024 
 197   98.50     0.024 
 198   99.00     0.023 
 199   99.50     0.022 
 200  100.00     0.021 
 201  100.50     0.021 
 202  101.00     0.020 
 203  101.50     0.019 
 204  102.00     0.019 
 205  102.50     0.018 
 206  103.00     0.018 
 207  103.50     0.017 
 208  104.00     0.017 
 209  104.50     0.016 
 210  105.00     0.016 
 211  105.50     0.015 
 212  106.00     0.015 
 213  106.50     0.014 
 214  107.00     0.014 
 215  107.50     0.013 
 216  108.00     0.013 
 217  108.50     0.013 
 218  109.00     0.012 
 219  109.50     0.012 
 220  110.00     0.012 
 221  110.50     0.011 
 222  111.00     0.011 
 223  111.50     0.011 
 224  112.00     0.010 
 225  112.50     0.010 
 226  113.00     0.010 
 227  113.50     0.010 
 228  114.00     0.009 
 229  114.50     0.009 
 230  115.00     0.009 
 231  115.50     0.009 
 232  116.00     0.008 
 233  116.50     0.008 
 234  117.00     0.008 
 235  117.50     0.008 
 236  118.00     0.007 
 237  118.50     0.007 
 238  119.00     0.007 
 239  119.50     0.007 
 240  120.00     0.007 
 241  120.50     0.007 
 242  121.00     0.006 
 243  121.50     0.006 
 244  122.00     0.006 
 245  122.50     0.006 
 246  123.00     0.006 
 247  123.50     0.006 
 248  124.00     0.006 
 249  124.50     0.005 
 250  125.00     0.005 
 251  125.50     0.005 
 252  126.00     0.005 
 253  126.50     0.005 
 254  127.00     0.005 
 255  127.50     0.005 
 256  128.00     0.005 
 257  128.50     0.004 
 258  129.00     0.004 
 259  129.50     0.004 
 260  130.00     0.004 
 261  130.50     0.004 
 262  131.00     0.004 
 263  131.50     0.004 
 264  132.00     0.004 
 265  132.50     0.004 
 266  133.00     0.004 
 267  133.50     0.004 
 268  134.00     0.003 
 269  134.50     0.003 
 270  135.00     0.003 
 271  135.50     0.003 
 272  136.00     0.003 
 273  136.50     0.003 
 274  137.00     0.003 
 275  137.50     0.003 
 276  138.00     0.003 
 277  138.50     0.003 
 278  139.00     0.003 
 279  139.50     0.003 
 280  140.00     0.003 
 281  140.50     0.003 
 282  141.00     0.003 
 283  141.50     0.002 
 284  142.00     0.002 
 285  142.50     0.002 
 286  143.00     0.002 
 287  143.50     0.002 
 288  144.00     0.002 
 289  144.50     0.002 
 290  145.00     0.002 
 291  145.50     0.002 
 292  146.00     0.002 
 293  146.50     0.002 
 294  147.00     0.002 
 295  147.50     0.002 
 296  148.00     0.002 
 297  148.50     0.002 
 298  149.00     0.002 
 299  149.50     0.002 
 300  150.00     0.002 
