 RORBWin Output File
 *******************
 
 Program version 6.52 (last updated 1st June 2023)
 Copyright Monash University and Hydrology and Risk Consulting
 
 Date run: 08 Aug 2026 22:30

 Vector file       : E:\Library\Automation\ryan-tools\tests\test_data\RORB\Fig6_7.catg
 Storm file        : E:\Library\Automation\ryan-tools\tests\test_data\RORB\areal-example\Fig6_7_ aep50_du12hourtp9.stm
 Output information: Flows & all input data


 Data checks:
 ************
 Next data to be read & checked:

 Catchment name & reach type flag
 Control vector & storage data
 Code no.  18     7.0 Location read as                             
 Sub-area areas
 Impervious flag
 Initial storm data
 Rainfall burst times
 Pluviograph 1
 Sub-area rainfalls

 Data check completed



 Data:
 ****

 fIGURE 6.7                                                          


 Time data, in increments from initial time
 fIGURE 6.7: 12 hour 50% Design Storm No.9 Temporal Pattern          
 Time increment (hours)=  0.50

                   Start   Finish
 Rainfall times:     0       72


 End of hyeto/hydrographs:   72
 Duration of calculations:  300



 Pre-burst has been applied
 Pluviograph data (time in incs, rainfall in mm, in 
                   increment following time shown)

Includes Pre-burst temporal pattern
         1:Temporal pattern (% of depth
   Time     1
     0     0.02
     1     0.02
     2     0.02
     3     0.02
     4     0.02
     5     0.02
     6     0.01
     7     0.01
     8     0.01
     9     0.01
    10     0.01
    11     0.01
    12     0.01
    13     0.01
    14     0.01
    15     0.01
    16     0.01
    17     0.01
    18     0.03
    19     0.03
    20     0.03
    21     0.03
    22     0.03
    23     0.03
    24     0.01
    25     0.01
    26     0.01
    27     0.01
    28     0.01
    29     0.01
    30     0.02
    31     0.02
    32     0.02
    33     0.02
    34     0.02
    35     0.02
    36     0.02
    37     0.02
    38     0.02
    39     0.02
    40     0.02
    41     0.02
    42     0.02
    43     0.02
    44     0.02
    45     0.02
    46     0.02
    47     0.02
    48     4.30
    49     4.28
    50     4.48
    51     4.51
    52     4.49
    53     2.35
    54     3.96
    55     4.36
    56     3.97
    57     4.41
    58     3.50
    59     3.26
    60     3.65
    61     3.74
    62     2.71
    63     4.34
    64     4.84
    65     4.70
    66     5.61
    67     5.87
    68     4.89
    69     4.05
    70     4.37
    71     3.36

   Total 100.8




 DESIGN run control vector

 Step  Code              Description
   1    1     Add sub-area 'A' inflow & route thru normal storage    1
   2    3     Store hydrograph from step    1; reset hydrograph to zero
   3    1     Add sub-area 'B' inflow & route thru normal storage    2
   4    4     Add h-graph ex step    2 to h-graph ex step    3
   5    5     Route hydrograph thru normal storage    3
   6    3     Store hydrograph from step    5; reset hydrograph to zero
   7    1     Add sub-area 'C' inflow & route thru normal storage    4
   8    4     Add h-graph ex step    6 to h-graph ex step    7
   9    5     Route hydrograph thru normal storage    5
  10    3     Store hydrograph from step    9; reset hydrograph to zero
  11    1     Add sub-area 'D' inflow & route thru normal storage    6
  12    4     Add h-graph ex step   10 to h-graph ex step   11
  13    5     Route hydrograph thru normal storage    7
  14    3     Store hydrograph from step   13; reset hydrograph to zero
  15    1     Add sub-area 'E' inflow & route thru normal storage    8
  16    4     Add h-graph ex step   14 to h-graph ex step   15
  17    5     Route hydrograph thru normal storage    9
  18    7.0   Print hydrograph,                             
  19    0     **********End of control vector**********



 Sub-area data

 Sub-     Area     Dist.
 area      km²      km*
   A    3.00E+01  1.25E+01
   B    2.80E+01  1.15E+01
   C    2.50E+01  9.50E+00
   D    3.50E+01  7.00E+00
   E    4.00E+01  6.00E+00

 Total 1.580E+02

 For whole catchment     ; Av. Dist., km* =       8.98
 For interstation area  1; Av. Dist., km* =       8.98; ISA Factor =   1.000

 * or other function of reach properties related to travel time



 Normal storage data

 Storage   Length   Rel. delay      Type         Slope
   no.       km*       time                     percent 
   1         5.0       0.557       Natural 
   2         4.0       0.445       Natural 
   3         2.5       0.278       Natural 
   4         4.5       0.501       Natural 
   5         2.5       0.278       Natural 
   6         4.5       0.501       Natural 
   7         1.0       0.111       Natural 
   8         4.5       0.501       Natural 
   9         1.5       0.167       Natural 

 * or other function of reach properties related to travel time


 Input of parameters:
 ********************

 fIGURE 6.7                                                          
 DESIGN Run
 fIGURE 6.7: 12 hour 50% Design Storm No.9 Temporal Pattern          
 Time increment = 0.50 hours

 Constant loss model selected



 Rainfall, mm, in time inc. following time shown
 Time               Sub-
      Catch         Area
 Incs ment          A   B   C   D   E

   0   0.0          0   0   0   0   0
   1   0.0          0   0   0   0   0
   2   0.0          0   0   0   0   0
   3   0.0          0   0   0   0   0
   4   0.0          0   0   0   0   0
   5   0.0          0   0   0   0   0
   6   0.0          0   0   0   0   0
   7   0.0          0   0   0   0   0
   8   0.0          0   0   0   0   0
   9   0.0          0   0   0   0   0
  10   0.0          0   0   0   0   0
  11   0.0          0   0   0   0   0
  12   0.0          0   0   0   0   0
  13   0.0          0   0   0   0   0
  14   0.0          0   0   0   0   0
  15   0.0          0   0   0   0   0
  16   0.0          0   0   0   0   0
  17   0.0          0   0   0   0   0
  18   0.0          0   0   0   0   0
  19   0.0          0   0   0   0   0
  20   0.0          0   0   0   0   0
  21   0.0          0   0   0   0   0
  22   0.0          0   0   0   0   0
  23   0.0          0   0   0   0   0
  24   0.0          0   0   0   0   0
  25   0.0          0   0   0   0   0
  26   0.0          0   0   0   0   0
  27   0.0          0   0   0   0   0
  28   0.0          0   0   0   0   0
  29   0.0          0   0   0   0   0
  30   0.0          0   0   0   0   0
  31   0.0          0   0   0   0   0
  32   0.0          0   0   0   0   0
  33   0.0          0   0   0   0   0
  34   0.0          0   0   0   0   0
  35   0.0          0   0   0   0   0
  36   0.0          0   0   0   0   0
  37   0.0          0   0   0   0   0
  38   0.0          0   0   0   0   0
  39   0.0          0   0   0   0   0
  40   0.0          0   0   0   0   0
  41   0.0          0   0   0   0   0
  42   0.0          0   0   0   0   0
  43   0.0          0   0   0   0   0
  44   0.0          0   0   0   0   0
  45   0.0          0   0   0   0   0
  46   0.0          0   0   0   0   0
  47   0.0          0   0   0   0   0
  48   1.6          2   2   2   2   2
  49   1.6          2   2   2   2   2
  50   1.7          2   2   2   2   2
  51   1.7          2   2   2   2   2
  52   1.7          2   2   2   2   2
  53   0.9          1   1   1   1   1
  54   1.5          1   1   1   1   1
  55   1.6          2   2   2   2   2
  56   1.5          1   1   1   1   1
  57   1.6          2   2   2   2   2
  58   1.3          1   1   1   1   1
  59   1.2          1   1   1   1   1
  60   1.4          1   1   1   1   1
  61   1.4          1   1   1   1   1
  62   1.0          1   1   1   1   1
  63   1.6          2   2   2   2   2
  64   1.8          2   2   2   2   2
  65   1.8          2   2   2   2   2
  66   2.1          2   2   2   2   2
  67   2.2          2   2   2   2   2
  68   1.8          2   2   2   2   2
  69   1.5          2   2   2   2   2
  70   1.6          2   2   2   2   2
  71   1.3          1   1   1   1   1

 Tot. 37.7         38  38  38  38  38
 Pluvi. ref. no.    1   1   1   1   1




 Rainfall-excess, mm, in time inc. following time shown
 Time               Sub-
      Catch         Area
 Incs ment          A   B   C   D   E

   0   0.0          0   0   0   0   0
   1   0.0          0   0   0   0   0
   2   0.0          0   0   0   0   0
   3   0.0          0   0   0   0   0
   4   0.0          0   0   0   0   0
   5   0.0          0   0   0   0   0
   6   0.0          0   0   0   0   0
   7   0.0          0   0   0   0   0
   8   0.0          0   0   0   0   0
   9   0.0          0   0   0   0   0
  10   0.0          0   0   0   0   0
  11   0.0          0   0   0   0   0
  12   0.0          0   0   0   0   0
  13   0.0          0   0   0   0   0
  14   0.0          0   0   0   0   0
  15   0.0          0   0   0   0   0
  16   0.0          0   0   0   0   0
  17   0.0          0   0   0   0   0
  18   0.0          0   0   0   0   0
  19   0.0          0   0   0   0   0
  20   0.0          0   0   0   0   0
  21   0.0          0   0   0   0   0
  22   0.0          0   0   0   0   0
  23   0.0          0   0   0   0   0
  24   0.0          0   0   0   0   0
  25   0.0          0   0   0   0   0
  26   0.0          0   0   0   0   0
  27   0.0          0   0   0   0   0
  28   0.0          0   0   0   0   0
  29   0.0          0   0   0   0   0
  30   0.0          0   0   0   0   0
  31   0.0          0   0   0   0   0
  32   0.0          0   0   0   0   0
  33   0.0          0   0   0   0   0
  34   0.0          0   0   0   0   0
  35   0.0          0   0   0   0   0
  36   0.0          0   0   0   0   0
  37   0.0          0   0   0   0   0
  38   0.0          0   0   0   0   0
  39   0.0          0   0   0   0   0
  40   0.0          0   0   0   0   0
  41   0.0          0   0   0   0   0
  42   0.0          0   0   0   0   0
  43   0.0          0   0   0   0   0
  44   0.0          0   0   0   0   0
  45   0.0          0   0   0   0   0
  46   0.0          0   0   0   0   0
  47   0.0          0   0   0   0   0
  48   0.0          0   0   0   0   0
  49   0.0          0   0   0   0   0
  50   0.0          0   0   0   0   0
  51   0.0          0   0   0   0   0
  52   0.0          0   0   0   0   0
  53   0.0          0   0   0   0   0
  54   0.0          0   0   0   0   0
  55   0.0          0   0   0   0   0
  56   0.5          1   1   1   1   1
  57   0.7          1   1   1   1   1
  58   0.4          0   0   0   0   0
  59   0.3          0   0   0   0   0
  60   0.4          0   0   0   0   0
  61   0.4          0   0   0   0   0
  62   0.1          0   0   0   0   0
  63   0.7          1   1   1   1   1
  64   0.9          1   1   1   1   1
  65   0.8          1   1   1   1   1
  66   1.1          1   1   1   1   1
  67   1.2          1   1   1   1   1
  68   0.9          1   1   1   1   1
  69   0.6          1   1   1   1   1
  70   0.7          1   1   1   1   1
  71   0.3          0   0   0   0   0

 Tot. 10.0         10  10  10  10  10



 Routing results:
 ****************
 fIGURE 6.7                                                          
 fIGURE 6.7: 12 hour 50% Design Storm No.9 Temporal Pattern          
 DESIGN run no.  1


 Parameters:  kc =    10.00    m = 0.80

 Loss parameters     Initial loss (mm)   Cont. loss (mm/h)
                           12.00              1.90



 *** Calculated hydrograph,                                      

                           Hydrograph
                          Calc.          
 Peak discharge,m³/s     49.56
 Time to peak,h           36.5
 Volume,m³            1.58E+06
 Time to centroid,h       39.3
 Lag (c.m. to c.m.),h     6.91
 Lag to peak,h            4.10


 Hydrograph summary
 ******************

 Site  Description
   01  Calculated hydrograph,

 Inc    Time   Hyd0001
   0    0.00    0.0000 
   1    0.50    0.0000 
   2    1.00    0.0000 
   3    1.50    0.0000 
   4    2.00    0.0000 
   5    2.50    0.0000 
   6    3.00    0.0000 
   7    3.50    0.0000 
   8    4.00    0.0000 
   9    4.50    0.0000 
  10    5.00    0.0000 
  11    5.50    0.0000 
  12    6.00    0.0000 
  13    6.50    0.0000 
  14    7.00    0.0000 
  15    7.50    0.0000 
  16    8.00    0.0000 
  17    8.50    0.0000 
  18    9.00    0.0000 
  19    9.50    0.0000 
  20   10.00    0.0000 
  21   10.50    0.0000 
  22   11.00    0.0000 
  23   11.50    0.0000 
  24   12.00    0.0000 
  25   12.50    0.0000 
  26   13.00    0.0000 
  27   13.50    0.0000 
  28   14.00    0.0000 
  29   14.50    0.0000 
  30   15.00    0.0000 
  31   15.50    0.0000 
  32   16.00    0.0000 
  33   16.50    0.0000 
  34   17.00    0.0000 
  35   17.50    0.0000 
  36   18.00    0.0000 
  37   18.50    0.0000 
  38   19.00    0.0000 
  39   19.50    0.0000 
  40   20.00    0.0000 
  41   20.50    0.0000 
  42   21.00    0.0000 
  43   21.50    0.0000 
  44   22.00    0.0000 
  45   22.50    0.0000 
  46   23.00    0.0000 
  47   23.50    0.0000 
  48   24.00    0.0000 
  49   24.50    0.0000 
  50   25.00    0.0000 
  51   25.50    0.0000 
  52   26.00    0.0000 
  53   26.50    0.0000 
  54   27.00    0.0000 
  55   27.50    0.0000 
  56   28.00    0.0000 
  57   28.50    0.0387 
  58   29.00    0.3849 
  59   29.50    1.3859 
  60   30.00    2.9288 
  61   30.50    4.7317 
  62   31.00    6.7641 
  63   31.50    8.8619 
  64   32.00   10.8798 
  65   32.50   13.3952 
  66   33.00   16.8695 
  67   33.50   21.3418 
  68   34.00   26.9992 
  69   34.50   33.5206 
  70   35.00   39.6638 
  71   35.50   44.5388 
  72   36.00   47.9803 
  73   36.50   49.5627 
  74   37.00   49.0347 
  75   37.50   46.9264 
  76   38.00   43.9236 
  77   38.50   40.4776 
  78   39.00   36.8731 
  79   39.50   33.2994 
  80   40.00   29.8811 
  81   40.50   26.6938 
  82   41.00   23.7763 
  83   41.50   21.1410 
  84   42.00   18.7833 
  85   42.50   16.6879 
  86   43.00   14.8340 
  87   43.50   13.1984 
  88   44.00   11.7585 
  89   44.50   10.4927 
  90   45.00    9.3803 
  91   45.50    8.4016 
  92   46.00    7.5392 
  93   46.50    6.7780 
  94   47.00    6.1050 
  95   47.50    5.5094 
  96   48.00    4.9820 
  97   48.50    4.5138 
  98   49.00    4.0975 
  99   49.50    3.7265 
 100   50.00    3.3952 
 101   50.50    3.0987 
 102   51.00    2.8329 
 103   51.50    2.5941 
 104   52.00    2.3792 
 105   52.50    2.1855 
 106   53.00    2.0106 
 107   53.50    1.8523 
 108   54.00    1.7089 
 109   54.50    1.5787 
 110   55.00    1.4603 
 111   55.50    1.3526 
 112   56.00    1.2543 
 113   56.50    1.1646 
 114   57.00    1.0825 
 115   57.50    1.0073 
 116   58.00    0.9384 
 117   58.50    0.8751 
 118   59.00    0.8168 
 119   59.50    0.7632 
 120   60.00    0.7138 
 121   60.50    0.6683 
 122   61.00    0.6261 
 123   61.50    0.5872 
 124   62.00    0.5511 
 125   62.50    0.5177 
 126   63.00    0.4867 
 127   63.50    0.4579 
 128   64.00    0.4312 
 129   64.50    0.4063 
 130   65.00    0.3831 
 131   65.50    0.3615 
 132   66.00    0.3413 
 133   66.50    0.3225 
 134   67.00    0.3049 
 135   67.50    0.2885 
 136   68.00    0.2731 
 137   68.50    0.2587 
 138   69.00    0.2452 
 139   69.50    0.2326 
 140   70.00    0.2207 
 141   70.50    0.2095 
 142   71.00    0.1990 
 143   71.50    0.1892 
 144   72.00    0.1799 
 145   72.50    0.1711 
 146   73.00    0.1629 
 147   73.50    0.1552 
 148   74.00    0.1478 
 149   74.50    0.1409 
 150   75.00    0.1344 
 151   75.50    0.1282 
 152   76.00    0.1224 
 153   76.50    0.1169 
 154   77.00    0.1117 
 155   77.50    0.1068 
 156   78.00    0.1021 
 157   78.50    0.0976 
 158   79.00    0.0934 
 159   79.50    0.0894 
 160   80.00    0.0857 
 161   80.50    0.0821 
 162   81.00    0.0787 
 163   81.50    0.0754 
 164   82.00    0.0723 
 165   82.50    0.0694 
 166   83.00    0.0666 
 167   83.50    0.0639 
 168   84.00    0.0614 
 169   84.50    0.0590 
 170   85.00    0.0567 
 171   85.50    0.0545 
 172   86.00    0.0524 
 173   86.50    0.0504 
 174   87.00    0.0485 
 175   87.50    0.0467 
 176   88.00    0.0449 
 177   88.50    0.0433 
 178   89.00    0.0417 
 179   89.50    0.0402 
 180   90.00    0.0387 
 181   90.50    0.0373 
 182   91.00    0.0360 
 183   91.50    0.0347 
 184   92.00    0.0335 
 185   92.50    0.0323 
 186   93.00    0.0312 
 187   93.50    0.0301 
 188   94.00    0.0291 
 189   94.50    0.0281 
 190   95.00    0.0272 
 191   95.50    0.0263 
 192   96.00    0.0254 
 193   96.50    0.0246 
 194   97.00    0.0238 
 195   97.50    0.0230 
 196   98.00    0.0222 
 197   98.50    0.0215 
 198   99.00    0.0208 
 199   99.50    0.0202 
 200  100.00    0.0195 
 201  100.50    0.0189 
 202  101.00    0.0183 
 203  101.50    0.0178 
 204  102.00    0.0172 
 205  102.50    0.0167 
 206  103.00    0.0162 
 207  103.50    0.0157 
 208  104.00    0.0152 
 209  104.50    0.0148 
 210  105.00    0.0143 
 211  105.50    0.0139 
 212  106.00    0.0135 
 213  106.50    0.0131 
 214  107.00    0.0127 
 215  107.50    0.0124 
 216  108.00    0.0120 
 217  108.50    0.0117 
 218  109.00    0.0113 
 219  109.50    0.0110 
 220  110.00    0.0107 
 221  110.50    0.0104 
 222  111.00    0.0101 
 223  111.50    0.0098 
 224  112.00    0.0096 
 225  112.50    0.0093 
 226  113.00    0.0091 
 227  113.50    0.0088 
 228  114.00    0.0086 
 229  114.50    0.0083 
 230  115.00    0.0081 
 231  115.50    0.0079 
 232  116.00    0.0077 
 233  116.50    0.0075 
 234  117.00    0.0073 
 235  117.50    0.0071 
 236  118.00    0.0069 
 237  118.50    0.0068 
 238  119.00    0.0066 
 239  119.50    0.0064 
 240  120.00    0.0063 
 241  120.50    0.0061 
 242  121.00    0.0060 
 243  121.50    0.0058 
 244  122.00    0.0057 
 245  122.50    0.0055 
 246  123.00    0.0054 
 247  123.50    0.0053 
 248  124.00    0.0051 
 249  124.50    0.0050 
 250  125.00    0.0049 
 251  125.50    0.0048 
 252  126.00    0.0047 
 253  126.50    0.0045 
 254  127.00    0.0044 
 255  127.50    0.0043 
 256  128.00    0.0042 
 257  128.50    0.0041 
 258  129.00    0.0040 
 259  129.50    0.0039 
 260  130.00    0.0039 
 261  130.50    0.0038 
 262  131.00    0.0037 
 263  131.50    0.0036 
 264  132.00    0.0035 
 265  132.50    0.0034 
 266  133.00    0.0034 
 267  133.50    0.0033 
 268  134.00    0.0032 
 269  134.50    0.0031 
 270  135.00    0.0031 
 271  135.50    0.0030 
 272  136.00    0.0029 
 273  136.50    0.0029 
 274  137.00    0.0028 
 275  137.50    0.0028 
 276  138.00    0.0027 
 277  138.50    0.0026 
 278  139.00    0.0026 
 279  139.50    0.0025 
 280  140.00    0.0025 
 281  140.50    0.0024 
 282  141.00    0.0024 
 283  141.50    0.0023 
 284  142.00    0.0023 
 285  142.50    0.0022 
 286  143.00    0.0022 
 287  143.50    0.0021 
 288  144.00    0.0021 
 289  144.50    0.0021 
 290  145.00    0.0020 
 291  145.50    0.0020 
 292  146.00    0.0019 
 293  146.50    0.0019 
 294  147.00    0.0019 
 295  147.50    0.0018 
 296  148.00    0.0018 
 297  148.50    0.0018 
 298  149.00    0.0017 
 299  149.50    0.0017 
 300  150.00    0.0017 
