 RORBWin Output File
 *******************
 
 Program version 6.52 (last updated 1st June 2023)
 Copyright Monash University and Hydrology and Risk Consulting
 
 Date run: 08 Aug 2026 22:30

 Vector file       : E:\Library\Automation\ryan-tools\tests\test_data\RORB\Fig6_7.catg
 Storm file        : E:\Library\Automation\ryan-tools\tests\test_data\RORB\areal-example\Fig6_7_ aep0p5EY_du12hourtp5.stm
 Output information: Flows & all input data


 Data checks:
 ************
 Next data to be read & checked:

 Catchment name & reach type flag
 Control vector & storage data
 Code no.  18     7.0 Location read as                             
 Sub-area areas
 Impervious flag
 Initial storm data
 Rainfall burst times
 Pluviograph 1
 Sub-area rainfalls

 Data check completed



 Data:
 ****

 fIGURE 6.7                                                          


 Time data, in increments from initial time
 fIGURE 6.7: 12 hour 0.5EY Design Storm No.5 Temporal Pattern        
 Time increment (hours)=  0.50

                   Start   Finish
 Rainfall times:     0       72


 End of hyeto/hydrographs:   72
 Duration of calculations:  300



 Pre-burst has been applied
 Pluviograph data (time in incs, rainfall in mm, in 
                   increment following time shown)

Includes Pre-burst temporal pattern
         1:Temporal pattern (% of depth
   Time     1
     0     0.02
     1     0.02
     2     0.02
     3     0.02
     4     0.02
     5     0.02
     6     0.01
     7     0.01
     8     0.01
     9     0.01
    10     0.01
    11     0.01
    12     0.01
    13     0.01
    14     0.01
    15     0.01
    16     0.01
    17     0.01
    18     0.03
    19     0.03
    20     0.03
    21     0.03
    22     0.03
    23     0.03
    24     0.01
    25     0.01
    26     0.01
    27     0.01
    28     0.01
    29     0.01
    30     0.01
    31     0.01
    32     0.01
    33     0.01
    34     0.01
    35     0.01
    36     0.02
    37     0.02
    38     0.02
    39     0.02
    40     0.02
    41     0.02
    42     0.02
    43     0.02
    44     0.02
    45     0.02
    46     0.02
    47     0.02
    48     2.75
    49     3.75
    50     5.06
    51     4.43
    52     6.86
    53     8.20
    54     8.33
    55     7.19
    56     5.30
    57     6.65
    58     5.13
    59     5.17
    60     5.47
    61     4.12
    62     3.57
    63     2.25
    64     1.67
    65     2.38
    66     2.15
    67     1.44
    68     1.95
    69     2.03
    70     2.17
    71     1.98

   Total 100.8




 DESIGN run control vector

 Step  Code              Description
   1    1     Add sub-area 'A' inflow & route thru normal storage    1
   2    3     Store hydrograph from step    1; reset hydrograph to zero
   3    1     Add sub-area 'B' inflow & route thru normal storage    2
   4    4     Add h-graph ex step    2 to h-graph ex step    3
   5    5     Route hydrograph thru normal storage    3
   6    3     Store hydrograph from step    5; reset hydrograph to zero
   7    1     Add sub-area 'C' inflow & route thru normal storage    4
   8    4     Add h-graph ex step    6 to h-graph ex step    7
   9    5     Route hydrograph thru normal storage    5
  10    3     Store hydrograph from step    9; reset hydrograph to zero
  11    1     Add sub-area 'D' inflow & route thru normal storage    6
  12    4     Add h-graph ex step   10 to h-graph ex step   11
  13    5     Route hydrograph thru normal storage    7
  14    3     Store hydrograph from step   13; reset hydrograph to zero
  15    1     Add sub-area 'E' inflow & route thru normal storage    8
  16    4     Add h-graph ex step   14 to h-graph ex step   15
  17    5     Route hydrograph thru normal storage    9
  18    7.0   Print hydrograph,                             
  19    0     **********End of control vector**********



 Sub-area data

 Sub-     Area     Dist.
 area      km²      km*
   A    3.00E+01  1.25E+01
   B    2.80E+01  1.15E+01
   C    2.50E+01  9.50E+00
   D    3.50E+01  7.00E+00
   E    4.00E+01  6.00E+00

 Total 1.580E+02

 For whole catchment     ; Av. Dist., km* =       8.98
 For interstation area  1; Av. Dist., km* =       8.98; ISA Factor =   1.000

 * or other function of reach properties related to travel time



 Normal storage data

 Storage   Length   Rel. delay      Type         Slope
   no.       km*       time                     percent 
   1         5.0       0.557       Natural 
   2         4.0       0.445       Natural 
   3         2.5       0.278       Natural 
   4         4.5       0.501       Natural 
   5         2.5       0.278       Natural 
   6         4.5       0.501       Natural 
   7         1.0       0.111       Natural 
   8         4.5       0.501       Natural 
   9         1.5       0.167       Natural 

 * or other function of reach properties related to travel time


 Input of parameters:
 ********************

 fIGURE 6.7                                                          
 DESIGN Run
 fIGURE 6.7: 12 hour 0.5EY Design Storm No.5 Temporal Pattern        
 Time increment = 0.50 hours

 Constant loss model selected



 Rainfall, mm, in time inc. following time shown
 Time               Sub-
      Catch         Area
 Incs ment          A   B   C   D   E

   0   0.0          0   0   0   0   0
   1   0.0          0   0   0   0   0
   2   0.0          0   0   0   0   0
   3   0.0          0   0   0   0   0
   4   0.0          0   0   0   0   0
   5   0.0          0   0   0   0   0
   6   0.0          0   0   0   0   0
   7   0.0          0   0   0   0   0
   8   0.0          0   0   0   0   0
   9   0.0          0   0   0   0   0
  10   0.0          0   0   0   0   0
  11   0.0          0   0   0   0   0
  12   0.0          0   0   0   0   0
  13   0.0          0   0   0   0   0
  14   0.0          0   0   0   0   0
  15   0.0          0   0   0   0   0
  16   0.0          0   0   0   0   0
  17   0.0          0   0   0   0   0
  18   0.0          0   0   0   0   0
  19   0.0          0   0   0   0   0
  20   0.0          0   0   0   0   0
  21   0.0          0   0   0   0   0
  22   0.0          0   0   0   0   0
  23   0.0          0   0   0   0   0
  24   0.0          0   0   0   0   0
  25   0.0          0   0   0   0   0
  26   0.0          0   0   0   0   0
  27   0.0          0   0   0   0   0
  28   0.0          0   0   0   0   0
  29   0.0          0   0   0   0   0
  30   0.0          0   0   0   0   0
  31   0.0          0   0   0   0   0
  32   0.0          0   0   0   0   0
  33   0.0          0   0   0   0   0
  34   0.0          0   0   0   0   0
  35   0.0          0   0   0   0   0
  36   0.0          0   0   0   0   0
  37   0.0          0   0   0   0   0
  38   0.0          0   0   0   0   0
  39   0.0          0   0   0   0   0
  40   0.0          0   0   0   0   0
  41   0.0          0   0   0   0   0
  42   0.0          0   0   0   0   0
  43   0.0          0   0   0   0   0
  44   0.0          0   0   0   0   0
  45   0.0          0   0   0   0   0
  46   0.0          0   0   0   0   0
  47   0.0          0   0   0   0   0
  48   1.1          1   1   1   1   1
  49   1.6          2   2   2   2   2
  50   2.1          2   2   2   2   2
  51   1.8          2   2   2   2   2
  52   2.8          3   3   3   3   3
  53   3.4          3   3   3   3   3
  54   3.5          3   3   3   3   3
  55   3.0          3   3   3   3   3
  56   2.2          2   2   2   2   2
  57   2.8          3   3   3   3   3
  58   2.1          2   2   2   2   2
  59   2.1          2   2   2   2   2
  60   2.3          2   2   2   2   2
  61   1.7          2   2   2   2   2
  62   1.5          1   1   1   1   1
  63   0.9          1   1   1   1   1
  64   0.7          1   1   1   1   1
  65   1.0          1   1   1   1   1
  66   0.9          1   1   1   1   1
  67   0.6          1   1   1   1   1
  68   0.8          1   1   1   1   1
  69   0.8          1   1   1   1   1
  70   0.9          1   1   1   1   1
  71   0.8          1   1   1   1   1

 Tot. 41.7         42  42  42  42  42
 Pluvi. ref. no.    1   1   1   1   1




 Rainfall-excess, mm, in time inc. following time shown
 Time               Sub-
      Catch         Area
 Incs ment          A   B   C   D   E

   0   0.0          0   0   0   0   0
   1   0.0          0   0   0   0   0
   2   0.0          0   0   0   0   0
   3   0.0          0   0   0   0   0
   4   0.0          0   0   0   0   0
   5   0.0          0   0   0   0   0
   6   0.0          0   0   0   0   0
   7   0.0          0   0   0   0   0
   8   0.0          0   0   0   0   0
   9   0.0          0   0   0   0   0
  10   0.0          0   0   0   0   0
  11   0.0          0   0   0   0   0
  12   0.0          0   0   0   0   0
  13   0.0          0   0   0   0   0
  14   0.0          0   0   0   0   0
  15   0.0          0   0   0   0   0
  16   0.0          0   0   0   0   0
  17   0.0          0   0   0   0   0
  18   0.0          0   0   0   0   0
  19   0.0          0   0   0   0   0
  20   0.0          0   0   0   0   0
  21   0.0          0   0   0   0   0
  22   0.0          0   0   0   0   0
  23   0.0          0   0   0   0   0
  24   0.0          0   0   0   0   0
  25   0.0          0   0   0   0   0
  26   0.0          0   0   0   0   0
  27   0.0          0   0   0   0   0
  28   0.0          0   0   0   0   0
  29   0.0          0   0   0   0   0
  30   0.0          0   0   0   0   0
  31   0.0          0   0   0   0   0
  32   0.0          0   0   0   0   0
  33   0.0          0   0   0   0   0
  34   0.0          0   0   0   0   0
  35   0.0          0   0   0   0   0
  36   0.0          0   0   0   0   0
  37   0.0          0   0   0   0   0
  38   0.0          0   0   0   0   0
  39   0.0          0   0   0   0   0
  40   0.0          0   0   0   0   0
  41   0.0          0   0   0   0   0
  42   0.0          0   0   0   0   0
  43   0.0          0   0   0   0   0
  44   0.0          0   0   0   0   0
  45   0.0          0   0   0   0   0
  46   0.0          0   0   0   0   0
  47   0.0          0   0   0   0   0
  48   0.0          0   0   0   0   0
  49   0.0          0   0   0   0   0
  50   0.0          0   0   0   0   0
  51   0.0          0   0   0   0   0
  52   0.0          0   0   0   0   0
  53   0.2          0   0   0   0   0
  54   2.5          3   3   3   3   3
  55   2.0          2   2   2   2   2
  56   1.2          1   1   1   1   1
  57   1.8          2   2   2   2   2
  58   1.2          1   1   1   1   1
  59   1.2          1   1   1   1   1
  60   1.3          1   1   1   1   1
  61   0.8          1   1   1   1   1
  62   0.5          1   1   1   1   1
  63   0.0          0   0   0   0   0
  64   0.0          0   0   0   0   0
  65   0.0          0   0   0   0   0
  66   0.0          0   0   0   0   0
  67   0.0          0   0   0   0   0
  68   0.0          0   0   0   0   0
  69   0.0          0   0   0   0   0
  70   0.0          0   0   0   0   0
  71   0.0          0   0   0   0   0

 Tot. 12.8         13  13  13  13  13



 Routing results:
 ****************
 fIGURE 6.7                                                          
 fIGURE 6.7: 12 hour 0.5EY Design Storm No.5 Temporal Pattern        
 DESIGN run no.  1


 Parameters:  kc =    10.00    m = 0.80

 Loss parameters     Initial loss (mm)   Cont. loss (mm/h)
                           12.00              1.90



 *** Calculated hydrograph,                                      

                           Hydrograph
                          Calc.          
 Peak discharge,m³/s     73.14
 Time to peak,h           32.0
 Volume,m³            2.03E+06
 Time to centroid,h       35.1
 Lag (c.m. to c.m.),h     6.33
 Lag to peak,h            3.26


 Hydrograph summary
 ******************

 Site  Description
   01  Calculated hydrograph,

 Inc    Time   Hyd0001
   0    0.00    0.0000 
   1    0.50    0.0000 
   2    1.00    0.0000 
   3    1.50    0.0000 
   4    2.00    0.0000 
   5    2.50    0.0000 
   6    3.00    0.0000 
   7    3.50    0.0000 
   8    4.00    0.0000 
   9    4.50    0.0000 
  10    5.00    0.0000 
  11    5.50    0.0000 
  12    6.00    0.0000 
  13    6.50    0.0000 
  14    7.00    0.0000 
  15    7.50    0.0000 
  16    8.00    0.0000 
  17    8.50    0.0000 
  18    9.00    0.0000 
  19    9.50    0.0000 
  20   10.00    0.0000 
  21   10.50    0.0000 
  22   11.00    0.0000 
  23   11.50    0.0000 
  24   12.00    0.0000 
  25   12.50    0.0000 
  26   13.00    0.0000 
  27   13.50    0.0000 
  28   14.00    0.0000 
  29   14.50    0.0000 
  30   15.00    0.0000 
  31   15.50    0.0000 
  32   16.00    0.0000 
  33   16.50    0.0000 
  34   17.00    0.0000 
  35   17.50    0.0000 
  36   18.00    0.0000 
  37   18.50    0.0000 
  38   19.00    0.0000 
  39   19.50    0.0000 
  40   20.00    0.0000 
  41   20.50    0.0000 
  42   21.00    0.0000 
  43   21.50    0.0000 
  44   22.00    0.0000 
  45   22.50    0.0000 
  46   23.00    0.0000 
  47   23.50    0.0000 
  48   24.00    0.0000 
  49   24.50    0.0000 
  50   25.00    0.0000 
  51   25.50    0.0000 
  52   26.00    0.0000 
  53   26.50    0.0000 
  54   27.00    0.0166 
  55   27.50    0.6149 
  56   28.00    4.0728 
  57   28.50   11.6993 
  58   29.00   21.9841 
  59   29.50   33.4525 
  60   30.00   44.7034 
  61   30.50   54.9360 
  62   31.00   63.8329 
  63   31.50   70.2444 
  64   32.00   73.1372 
  65   32.50   72.3737 
  66   33.00   68.9179 
  67   33.50   64.0319 
  68   34.00   58.4712 
  69   34.50   52.7019 
  70   35.00   47.0566 
  71   35.50   41.7427 
  72   36.00   36.8709 
  73   36.50   32.4850 
  74   37.00   28.5862 
  75   37.50   25.1501 
  76   38.00   22.1388 
  77   38.50   19.5103 
  78   39.00   17.2224 
  79   39.50   15.2326 
  80   40.00   13.5008 
  81   40.50   11.9915 
  82   41.00   10.6756 
  83   41.50    9.5276 
  84   42.00    8.5236 
  85   42.50    7.6430 
  86   43.00    6.8687 
  87   43.50    6.1864 
  88   44.00    5.5837 
  89   44.50    5.0501 
  90   45.00    4.5768 
  91   45.50    4.1559 
  92   46.00    3.7809 
  93   46.50    3.4460 
  94   47.00    3.1463 
  95   47.50    2.8776 
  96   48.00    2.6361 
  97   48.50    2.4188 
  98   49.00    2.2228 
  99   49.50    2.0456 
 100   50.00    1.8853 
 101   50.50    1.7399 
 102   51.00    1.6079 
 103   51.50    1.4877 
 104   52.00    1.3783 
 105   52.50    1.2784 
 106   53.00    1.1872 
 107   53.50    1.1037 
 108   54.00    1.0271 
 109   54.50    0.9569 
 110   55.00    0.8924 
 111   55.50    0.8331 
 112   56.00    0.7785 
 113   56.50    0.7281 
 114   57.00    0.6816 
 115   57.50    0.6386 
 116   58.00    0.5989 
 117   58.50    0.5621 
 118   59.00    0.5280 
 119   59.50    0.4963 
 120   60.00    0.4669 
 121   60.50    0.4396 
 122   61.00    0.4142 
 123   61.50    0.3905 
 124   62.00    0.3684 
 125   62.50    0.3479 
 126   63.00    0.3286 
 127   63.50    0.3107 
 128   64.00    0.2939 
 129   64.50    0.2782 
 130   65.00    0.2635 
 131   65.50    0.2497 
 132   66.00    0.2368 
 133   66.50    0.2247 
 134   67.00    0.2133 
 135   67.50    0.2026 
 136   68.00    0.1925 
 137   68.50    0.1831 
 138   69.00    0.1741 
 139   69.50    0.1657 
 140   70.00    0.1578 
 141   70.50    0.1504 
 142   71.00    0.1433 
 143   71.50    0.1367 
 144   72.00    0.1304 
 145   72.50    0.1244 
 146   73.00    0.1188 
 147   73.50    0.1135 
 148   74.00    0.1085 
 149   74.50    0.1037 
 150   75.00    0.0992 
 151   75.50    0.0949 
 152   76.00    0.0909 
 153   76.50    0.0870 
 154   77.00    0.0833 
 155   77.50    0.0799 
 156   78.00    0.0766 
 157   78.50    0.0734 
 158   79.00    0.0704 
 159   79.50    0.0676 
 160   80.00    0.0649 
 161   80.50    0.0623 
 162   81.00    0.0598 
 163   81.50    0.0575 
 164   82.00    0.0553 
 165   82.50    0.0532 
 166   83.00    0.0511 
 167   83.50    0.0492 
 168   84.00    0.0473 
 169   84.50    0.0456 
 170   85.00    0.0439 
 171   85.50    0.0423 
 172   86.00    0.0407 
 173   86.50    0.0392 
 174   87.00    0.0378 
 175   87.50    0.0365 
 176   88.00    0.0352 
 177   88.50    0.0340 
 178   89.00    0.0328 
 179   89.50    0.0316 
 180   90.00    0.0305 
 181   90.50    0.0295 
 182   91.00    0.0285 
 183   91.50    0.0275 
 184   92.00    0.0266 
 185   92.50    0.0257 
 186   93.00    0.0249 
 187   93.50    0.0240 
 188   94.00    0.0233 
 189   94.50    0.0225 
 190   95.00    0.0218 
 191   95.50    0.0211 
 192   96.00    0.0204 
 193   96.50    0.0198 
 194   97.00    0.0191 
 195   97.50    0.0185 
 196   98.00    0.0180 
 197   98.50    0.0174 
 198   99.00    0.0169 
 199   99.50    0.0164 
 200  100.00    0.0159 
 201  100.50    0.0154 
 202  101.00    0.0149 
 203  101.50    0.0145 
 204  102.00    0.0141 
 205  102.50    0.0136 
 206  103.00    0.0133 
 207  103.50    0.0129 
 208  104.00    0.0125 
 209  104.50    0.0121 
 210  105.00    0.0118 
 211  105.50    0.0115 
 212  106.00    0.0111 
 213  106.50    0.0108 
 214  107.00    0.0105 
 215  107.50    0.0102 
 216  108.00    0.0099 
 217  108.50    0.0097 
 218  109.00    0.0094 
 219  109.50    0.0092 
 220  110.00    0.0089 
 221  110.50    0.0087 
 222  111.00    0.0084 
 223  111.50    0.0082 
 224  112.00    0.0080 
 225  112.50    0.0078 
 226  113.00    0.0076 
 227  113.50    0.0074 
 228  114.00    0.0072 
 229  114.50    0.0070 
 230  115.00    0.0068 
 231  115.50    0.0067 
 232  116.00    0.0065 
 233  116.50    0.0063 
 234  117.00    0.0062 
 235  117.50    0.0060 
 236  118.00    0.0059 
 237  118.50    0.0057 
 238  119.00    0.0056 
 239  119.50    0.0054 
 240  120.00    0.0053 
 241  120.50    0.0052 
 242  121.00    0.0051 
 243  121.50    0.0049 
 244  122.00    0.0048 
 245  122.50    0.0047 
 246  123.00    0.0046 
 247  123.50    0.0045 
 248  124.00    0.0044 
 249  124.50    0.0043 
 250  125.00    0.0042 
 251  125.50    0.0041 
 252  126.00    0.0040 
 253  126.50    0.0039 
 254  127.00    0.0038 
 255  127.50    0.0037 
 256  128.00    0.0036 
 257  128.50    0.0036 
 258  129.00    0.0035 
 259  129.50    0.0034 
 260  130.00    0.0033 
 261  130.50    0.0032 
 262  131.00    0.0032 
 263  131.50    0.0031 
 264  132.00    0.0030 
 265  132.50    0.0030 
 266  133.00    0.0029 
 267  133.50    0.0028 
 268  134.00    0.0028 
 269  134.50    0.0027 
 270  135.00    0.0027 
 271  135.50    0.0026 
 272  136.00    0.0026 
 273  136.50    0.0025 
 274  137.00    0.0024 
 275  137.50    0.0024 
 276  138.00    0.0023 
 277  138.50    0.0023 
 278  139.00    0.0023 
 279  139.50    0.0022 
 280  140.00    0.0022 
 281  140.50    0.0021 
 282  141.00    0.0021 
 283  141.50    0.0020 
 284  142.00    0.0020 
 285  142.50    0.0020 
 286  143.00    0.0019 
 287  143.50    0.0019 
 288  144.00    0.0018 
 289  144.50    0.0018 
 290  145.00    0.0018 
 291  145.50    0.0017 
 292  146.00    0.0017 
 293  146.50    0.0017 
 294  147.00    0.0016 
 295  147.50    0.0016 
 296  148.00    0.0016 
 297  148.50    0.0015 
 298  149.00    0.0015 
 299  149.50    0.0015 
 300  150.00    0.0015 
