 RORBWin Output File
 *******************
 
 Program version 6.52 (last updated 1st June 2023)
 Copyright Monash University and Hydrology and Risk Consulting
 
 Date run: 08 Aug 2026 22:30

 Vector file       : E:\Library\Automation\ryan-tools\tests\test_data\RORB\Fig6_7.catg
 Storm file        : E:\Library\Automation\ryan-tools\tests\test_data\RORB\areal-example\Fig6_7_ aep20_du12hourtp5.stm
 Output information: Flows & all input data


 Data checks:
 ************
 Next data to be read & checked:

 Catchment name & reach type flag
 Control vector & storage data
 Code no.  18     7.0 Location read as                             
 Sub-area areas
 Impervious flag
 Initial storm data
 Rainfall burst times
 Pluviograph 1
 Sub-area rainfalls

 Data check completed



 Data:
 ****

 fIGURE 6.7                                                          


 Time data, in increments from initial time
 fIGURE 6.7: 12 hour 20% Design Storm No.5 Temporal Pattern          
 Time increment (hours)=  0.50

                   Start   Finish
 Rainfall times:     0       72


 End of hyeto/hydrographs:   72
 Duration of calculations:  300



 Pre-burst has been applied
 Pluviograph data (time in incs, rainfall in mm, in 
                   increment following time shown)

Includes Pre-burst temporal pattern
         1:Temporal pattern (% of depth
   Time     1
     0     0.03
     1     0.03
     2     0.03
     3     0.03
     4     0.03
     5     0.03
     6     0.03
     7     0.03
     8     0.03
     9     0.03
    10     0.03
    11     0.03
    12     0.01
    13     0.01
    14     0.01
    15     0.01
    16     0.01
    17     0.01
    18     0.06
    19     0.06
    20     0.06
    21     0.06
    22     0.06
    23     0.06
    24     0.02
    25     0.02
    26     0.02
    27     0.02
    28     0.02
    29     0.02
    30     0.03
    31     0.03
    32     0.03
    33     0.03
    34     0.03
    35     0.03
    36     0.03
    37     0.03
    38     0.03
    39     0.03
    40     0.03
    41     0.03
    42     0.04
    43     0.04
    44     0.04
    45     0.04
    46     0.04
    47     0.04
    48     2.75
    49     3.75
    50     5.06
    51     4.43
    52     6.86
    53     8.20
    54     8.33
    55     7.19
    56     5.30
    57     6.65
    58     5.13
    59     5.17
    60     5.47
    61     4.12
    62     3.57
    63     2.25
    64     1.67
    65     2.38
    66     2.15
    67     1.44
    68     1.95
    69     2.03
    70     2.17
    71     1.98

   Total 101.5




 DESIGN run control vector

 Step  Code              Description
   1    1     Add sub-area 'A' inflow & route thru normal storage    1
   2    3     Store hydrograph from step    1; reset hydrograph to zero
   3    1     Add sub-area 'B' inflow & route thru normal storage    2
   4    4     Add h-graph ex step    2 to h-graph ex step    3
   5    5     Route hydrograph thru normal storage    3
   6    3     Store hydrograph from step    5; reset hydrograph to zero
   7    1     Add sub-area 'C' inflow & route thru normal storage    4
   8    4     Add h-graph ex step    6 to h-graph ex step    7
   9    5     Route hydrograph thru normal storage    5
  10    3     Store hydrograph from step    9; reset hydrograph to zero
  11    1     Add sub-area 'D' inflow & route thru normal storage    6
  12    4     Add h-graph ex step   10 to h-graph ex step   11
  13    5     Route hydrograph thru normal storage    7
  14    3     Store hydrograph from step   13; reset hydrograph to zero
  15    1     Add sub-area 'E' inflow & route thru normal storage    8
  16    4     Add h-graph ex step   14 to h-graph ex step   15
  17    5     Route hydrograph thru normal storage    9
  18    7.0   Print hydrograph,                             
  19    0     **********End of control vector**********



 Sub-area data

 Sub-     Area     Dist.
 area      km²      km*
   A    3.00E+01  1.25E+01
   B    2.80E+01  1.15E+01
   C    2.50E+01  9.50E+00
   D    3.50E+01  7.00E+00
   E    4.00E+01  6.00E+00

 Total 1.580E+02

 For whole catchment     ; Av. Dist., km* =       8.98
 For interstation area  1; Av. Dist., km* =       8.98; ISA Factor =   1.000

 * or other function of reach properties related to travel time



 Normal storage data

 Storage   Length   Rel. delay      Type         Slope
   no.       km*       time                     percent 
   1         5.0       0.557       Natural 
   2         4.0       0.445       Natural 
   3         2.5       0.278       Natural 
   4         4.5       0.501       Natural 
   5         2.5       0.278       Natural 
   6         4.5       0.501       Natural 
   7         1.0       0.111       Natural 
   8         4.5       0.501       Natural 
   9         1.5       0.167       Natural 

 * or other function of reach properties related to travel time


 Input of parameters:
 ********************

 fIGURE 6.7                                                          
 DESIGN Run
 fIGURE 6.7: 12 hour 20% Design Storm No.5 Temporal Pattern          
 Time increment = 0.50 hours

 Constant loss model selected



 Rainfall, mm, in time inc. following time shown
 Time               Sub-
      Catch         Area
 Incs ment          A   B   C   D   E

   0   0.0          0   0   0   0   0
   1   0.0          0   0   0   0   0
   2   0.0          0   0   0   0   0
   3   0.0          0   0   0   0   0
   4   0.0          0   0   0   0   0
   5   0.0          0   0   0   0   0
   6   0.0          0   0   0   0   0
   7   0.0          0   0   0   0   0
   8   0.0          0   0   0   0   0
   9   0.0          0   0   0   0   0
  10   0.0          0   0   0   0   0
  11   0.0          0   0   0   0   0
  12   0.0          0   0   0   0   0
  13   0.0          0   0   0   0   0
  14   0.0          0   0   0   0   0
  15   0.0          0   0   0   0   0
  16   0.0          0   0   0   0   0
  17   0.0          0   0   0   0   0
  18   0.0          0   0   0   0   0
  19   0.0          0   0   0   0   0
  20   0.0          0   0   0   0   0
  21   0.0          0   0   0   0   0
  22   0.0          0   0   0   0   0
  23   0.0          0   0   0   0   0
  24   0.0          0   0   0   0   0
  25   0.0          0   0   0   0   0
  26   0.0          0   0   0   0   0
  27   0.0          0   0   0   0   0
  28   0.0          0   0   0   0   0
  29   0.0          0   0   0   0   0
  30   0.0          0   0   0   0   0
  31   0.0          0   0   0   0   0
  32   0.0          0   0   0   0   0
  33   0.0          0   0   0   0   0
  34   0.0          0   0   0   0   0
  35   0.0          0   0   0   0   0
  36   0.0          0   0   0   0   0
  37   0.0          0   0   0   0   0
  38   0.0          0   0   0   0   0
  39   0.0          0   0   0   0   0
  40   0.0          0   0   0   0   0
  41   0.0          0   0   0   0   0
  42   0.0          0   0   0   0   0
  43   0.0          0   0   0   0   0
  44   0.0          0   0   0   0   0
  45   0.0          0   0   0   0   0
  46   0.0          0   0   0   0   0
  47   0.0          0   0   0   0   0
  48   1.4          1   1   1   1   1
  49   1.9          2   2   2   2   2
  50   2.5          3   3   3   3   3
  51   2.2          2   2   2   2   2
  52   3.4          3   3   3   3   3
  53   4.1          4   4   4   4   4
  54   4.1          4   4   4   4   4
  55   3.6          4   4   4   4   4
  56   2.6          3   3   3   3   3
  57   3.3          3   3   3   3   3
  58   2.5          3   3   3   3   3
  59   2.6          3   3   3   3   3
  60   2.7          3   3   3   3   3
  61   2.0          2   2   2   2   2
  62   1.8          2   2   2   2   2
  63   1.1          1   1   1   1   1
  64   0.8          1   1   1   1   1
  65   1.2          1   1   1   1   1
  66   1.1          1   1   1   1   1
  67   0.7          1   1   1   1   1
  68   1.0          1   1   1   1   1
  69   1.0          1   1   1   1   1
  70   1.1          1   1   1   1   1
  71   1.0          1   1   1   1   1

 Tot. 50.3         50  50  50  50  50
 Pluvi. ref. no.    1   1   1   1   1




 Rainfall-excess, mm, in time inc. following time shown
 Time               Sub-
      Catch         Area
 Incs ment          A   B   C   D   E

   0   0.0          0   0   0   0   0
   1   0.0          0   0   0   0   0
   2   0.0          0   0   0   0   0
   3   0.0          0   0   0   0   0
   4   0.0          0   0   0   0   0
   5   0.0          0   0   0   0   0
   6   0.0          0   0   0   0   0
   7   0.0          0   0   0   0   0
   8   0.0          0   0   0   0   0
   9   0.0          0   0   0   0   0
  10   0.0          0   0   0   0   0
  11   0.0          0   0   0   0   0
  12   0.0          0   0   0   0   0
  13   0.0          0   0   0   0   0
  14   0.0          0   0   0   0   0
  15   0.0          0   0   0   0   0
  16   0.0          0   0   0   0   0
  17   0.0          0   0   0   0   0
  18   0.0          0   0   0   0   0
  19   0.0          0   0   0   0   0
  20   0.0          0   0   0   0   0
  21   0.0          0   0   0   0   0
  22   0.0          0   0   0   0   0
  23   0.0          0   0   0   0   0
  24   0.0          0   0   0   0   0
  25   0.0          0   0   0   0   0
  26   0.0          0   0   0   0   0
  27   0.0          0   0   0   0   0
  28   0.0          0   0   0   0   0
  29   0.0          0   0   0   0   0
  30   0.0          0   0   0   0   0
  31   0.0          0   0   0   0   0
  32   0.0          0   0   0   0   0
  33   0.0          0   0   0   0   0
  34   0.0          0   0   0   0   0
  35   0.0          0   0   0   0   0
  36   0.0          0   0   0   0   0
  37   0.0          0   0   0   0   0
  38   0.0          0   0   0   0   0
  39   0.0          0   0   0   0   0
  40   0.0          0   0   0   0   0
  41   0.0          0   0   0   0   0
  42   0.0          0   0   0   0   0
  43   0.0          0   0   0   0   0
  44   0.0          0   0   0   0   0
  45   0.0          0   0   0   0   0
  46   0.0          0   0   0   0   0
  47   0.0          0   0   0   0   0
  48   0.0          0   0   0   0   0
  49   0.0          0   0   0   0   0
  50   0.0          0   0   0   0   0
  51   0.0          0   0   0   0   0
  52   0.0          0   0   0   0   0
  53   3.1          3   3   3   3   3
  54   3.2          3   3   3   3   3
  55   2.6          3   3   3   3   3
  56   1.7          2   2   2   2   2
  57   2.3          2   2   2   2   2
  58   1.6          2   2   2   2   2
  59   1.6          2   2   2   2   2
  60   1.8          2   2   2   2   2
  61   1.1          1   1   1   1   1
  62   0.8          1   1   1   1   1
  63   0.2          0   0   0   0   0
  64   0.0          0   0   0   0   0
  65   0.2          0   0   0   0   0
  66   0.1          0   0   0   0   0
  67   0.0          0   0   0   0   0
  68   0.0          0   0   0   0   0
  69   0.1          0   0   0   0   0
  70   0.1          0   0   0   0   0
  71   0.0          0   0   0   0   0

 Tot. 20.5         21  21  21  21  21



 Routing results:
 ****************
 fIGURE 6.7                                                          
 fIGURE 6.7: 12 hour 20% Design Storm No.5 Temporal Pattern          
 DESIGN run no.  1


 Parameters:  kc =    10.00    m = 0.80

 Loss parameters     Initial loss (mm)   Cont. loss (mm/h)
                           12.00              1.90



 *** Calculated hydrograph,                                      

                           Hydrograph
                          Calc.          
 Peak discharge,m³/s     117.8
 Time to peak,h           32.0
 Volume,m³            3.25E+06
 Time to centroid,h       34.4
 Lag (c.m. to c.m.),h     5.76
 Lag to peak,h            3.34


 Hydrograph summary
 ******************

 Site  Description
   01  Calculated hydrograph,

 Inc    Time   Hyd0001
   0    0.00     0.000 
   1    0.50     0.000 
   2    1.00     0.000 
   3    1.50     0.000 
   4    2.00     0.000 
   5    2.50     0.000 
   6    3.00     0.000 
   7    3.50     0.000 
   8    4.00     0.000 
   9    4.50     0.000 
  10    5.00     0.000 
  11    5.50     0.000 
  12    6.00     0.000 
  13    6.50     0.000 
  14    7.00     0.000 
  15    7.50     0.000 
  16    8.00     0.000 
  17    8.50     0.000 
  18    9.00     0.000 
  19    9.50     0.000 
  20   10.00     0.000 
  21   10.50     0.000 
  22   11.00     0.000 
  23   11.50     0.000 
  24   12.00     0.000 
  25   12.50     0.000 
  26   13.00     0.000 
  27   13.50     0.000 
  28   14.00     0.000 
  29   14.50     0.000 
  30   15.00     0.000 
  31   15.50     0.000 
  32   16.00     0.000 
  33   16.50     0.000 
  34   17.00     0.000 
  35   17.50     0.000 
  36   18.00     0.000 
  37   18.50     0.000 
  38   19.00     0.000 
  39   19.50     0.000 
  40   20.00     0.000 
  41   20.50     0.000 
  42   21.00     0.000 
  43   21.50     0.000 
  44   22.00     0.000 
  45   22.50     0.000 
  46   23.00     0.000 
  47   23.50     0.000 
  48   24.00     0.000 
  49   24.50     0.000 
  50   25.00     0.000 
  51   25.50     0.000 
  52   26.00     0.000 
  53   26.50     0.000 
  54   27.00     0.588 
  55   27.50     5.121 
  56   28.00    17.067 
  57   28.50    34.277 
  58   29.00    52.728 
  59   29.50    70.533 
  60   30.00    86.414 
  61   30.50    99.727 
  62   31.00   110.250 
  63   31.50   116.638 
  64   32.00   117.820 
  65   32.50   113.828 
  66   33.00   106.241 
  67   33.50    97.222 
  68   34.00    87.776 
  69   34.50    78.251 
  70   35.00    69.124 
  71   35.50    60.847 
  72   36.00    53.564 
  73   36.50    47.119 
  74   37.00    41.367 
  75   37.50    36.275 
  76   38.00    31.809 
  77   38.50    27.913 
  78   39.00    24.526 
  79   39.50    21.584 
  80   40.00    19.028 
  81   40.50    16.808 
  82   41.00    14.876 
  83   41.50    13.196 
  84   42.00    11.735 
  85   42.50    10.461 
  86   43.00     9.347 
  87   43.50     8.371 
  88   44.00     7.514 
  89   44.50     6.760 
  90   45.00     6.094 
  91   45.50     5.505 
  92   46.00     4.983 
  93   46.50     4.520 
  94   47.00     4.107 
  95   47.50     3.739 
  96   48.00     3.410 
  97   48.50     3.115 
  98   49.00     2.851 
  99   49.50     2.613 
 100   50.00     2.399 
 101   50.50     2.205 
 102   51.00     2.030 
 103   51.50     1.872 
 104   52.00     1.728 
 105   52.50     1.598 
 106   53.00     1.479 
 107   53.50     1.370 
 108   54.00     1.271 
 109   54.50     1.181 
 110   55.00     1.098 
 111   55.50     1.022 
 112   56.00     0.952 
 113   56.50     0.888 
 114   57.00     0.829 
 115   57.50     0.775 
 116   58.00     0.725 
 117   58.50     0.679 
 118   59.00     0.636 
 119   59.50     0.597 
 120   60.00     0.560 
 121   60.50     0.526 
 122   61.00     0.495 
 123   61.50     0.465 
 124   62.00     0.438 
 125   62.50     0.413 
 126   63.00     0.389 
 127   63.50     0.367 
 128   64.00     0.347 
 129   64.50     0.328 
 130   65.00     0.310 
 131   65.50     0.293 
 132   66.00     0.277 
 133   66.50     0.263 
 134   67.00     0.249 
 135   67.50     0.236 
 136   68.00     0.224 
 137   68.50     0.213 
 138   69.00     0.202 
 139   69.50     0.192 
 140   70.00     0.183 
 141   70.50     0.174 
 142   71.00     0.165 
 143   71.50     0.157 
 144   72.00     0.150 
 145   72.50     0.143 
 146   73.00     0.136 
 147   73.50     0.130 
 148   74.00     0.124 
 149   74.50     0.119 
 150   75.00     0.113 
 151   75.50     0.108 
 152   76.00     0.104 
 153   76.50     0.099 
 154   77.00     0.095 
 155   77.50     0.091 
 156   78.00     0.087 
 157   78.50     0.083 
 158   79.00     0.080 
 159   79.50     0.076 
 160   80.00     0.073 
 161   80.50     0.070 
 162   81.00     0.067 
 163   81.50     0.065 
 164   82.00     0.062 
 165   82.50     0.060 
 166   83.00     0.057 
 167   83.50     0.055 
 168   84.00     0.053 
 169   84.50     0.051 
 170   85.00     0.049 
 171   85.50     0.047 
 172   86.00     0.045 
 173   86.50     0.044 
 174   87.00     0.042 
 175   87.50     0.041 
 176   88.00     0.039 
 177   88.50     0.038 
 178   89.00     0.036 
 179   89.50     0.035 
 180   90.00     0.034 
 181   90.50     0.033 
 182   91.00     0.032 
 183   91.50     0.030 
 184   92.00     0.029 
 185   92.50     0.028 
 186   93.00     0.027 
 187   93.50     0.027 
 188   94.00     0.026 
 189   94.50     0.025 
 190   95.00     0.024 
 191   95.50     0.023 
 192   96.00     0.022 
 193   96.50     0.022 
 194   97.00     0.021 
 195   97.50     0.020 
 196   98.00     0.020 
 197   98.50     0.019 
 198   99.00     0.019 
 199   99.50     0.018 
 200  100.00     0.017 
 201  100.50     0.017 
 202  101.00     0.016 
 203  101.50     0.016 
 204  102.00     0.015 
 205  102.50     0.015 
 206  103.00     0.014 
 207  103.50     0.014 
 208  104.00     0.014 
 209  104.50     0.013 
 210  105.00     0.013 
 211  105.50     0.012 
 212  106.00     0.012 
 213  106.50     0.012 
 214  107.00     0.011 
 215  107.50     0.011 
 216  108.00     0.011 
 217  108.50     0.011 
 218  109.00     0.010 
 219  109.50     0.010 
 220  110.00     0.010 
 221  110.50     0.009 
 222  111.00     0.009 
 223  111.50     0.009 
 224  112.00     0.009 
 225  112.50     0.008 
 226  113.00     0.008 
 227  113.50     0.008 
 228  114.00     0.008 
 229  114.50     0.008 
 230  115.00     0.007 
 231  115.50     0.007 
 232  116.00     0.007 
 233  116.50     0.007 
 234  117.00     0.007 
 235  117.50     0.006 
 236  118.00     0.006 
 237  118.50     0.006 
 238  119.00     0.006 
 239  119.50     0.006 
 240  120.00     0.006 
 241  120.50     0.006 
 242  121.00     0.005 
 243  121.50     0.005 
 244  122.00     0.005 
 245  122.50     0.005 
 246  123.00     0.005 
 247  123.50     0.005 
 248  124.00     0.005 
 249  124.50     0.005 
 250  125.00     0.004 
 251  125.50     0.004 
 252  126.00     0.004 
 253  126.50     0.004 
 254  127.00     0.004 
 255  127.50     0.004 
 256  128.00     0.004 
 257  128.50     0.004 
 258  129.00     0.004 
 259  129.50     0.004 
 260  130.00     0.004 
 261  130.50     0.003 
 262  131.00     0.003 
 263  131.50     0.003 
 264  132.00     0.003 
 265  132.50     0.003 
 266  133.00     0.003 
 267  133.50     0.003 
 268  134.00     0.003 
 269  134.50     0.003 
 270  135.00     0.003 
 271  135.50     0.003 
 272  136.00     0.003 
 273  136.50     0.003 
 274  137.00     0.003 
 275  137.50     0.003 
 276  138.00     0.002 
 277  138.50     0.002 
 278  139.00     0.002 
 279  139.50     0.002 
 280  140.00     0.002 
 281  140.50     0.002 
 282  141.00     0.002 
 283  141.50     0.002 
 284  142.00     0.002 
 285  142.50     0.002 
 286  143.00     0.002 
 287  143.50     0.002 
 288  144.00     0.002 
 289  144.50     0.002 
 290  145.00     0.002 
 291  145.50     0.002 
 292  146.00     0.002 
 293  146.50     0.002 
 294  147.00     0.002 
 295  147.50     0.002 
 296  148.00     0.002 
 297  148.50     0.002 
 298  149.00     0.002 
 299  149.50     0.002 
 300  150.00     0.002 
