 RORBWin Output File
 *******************
 
 Program version 6.52 (last updated 1st June 2023)
 Copyright Monash University and Hydrology and Risk Consulting
 
 Date run: 08 Aug 2026 22:30

 Vector file       : E:\Library\Automation\ryan-tools\tests\test_data\RORB\Fig6_7.catg
 Storm file        : E:\Library\Automation\ryan-tools\tests\test_data\RORB\areal-example\Fig6_7_ aep50_du12hourtp6.stm
 Output information: Flows & all input data


 Data checks:
 ************
 Next data to be read & checked:

 Catchment name & reach type flag
 Control vector & storage data
 Code no.  18     7.0 Location read as                             
 Sub-area areas
 Impervious flag
 Initial storm data
 Rainfall burst times
 Pluviograph 1
 Sub-area rainfalls

 Data check completed



 Data:
 ****

 fIGURE 6.7                                                          


 Time data, in increments from initial time
 fIGURE 6.7: 12 hour 50% Design Storm No.6 Temporal Pattern          
 Time increment (hours)=  0.50

                   Start   Finish
 Rainfall times:     0       72


 End of hyeto/hydrographs:   72
 Duration of calculations:  300



 Pre-burst has been applied
 Pluviograph data (time in incs, rainfall in mm, in 
                   increment following time shown)

Includes Pre-burst temporal pattern
         1:Temporal pattern (% of depth
   Time     1
     0     0.02
     1     0.02
     2     0.02
     3     0.02
     4     0.02
     5     0.02
     6     0.01
     7     0.01
     8     0.01
     9     0.01
    10     0.01
    11     0.01
    12     0.01
    13     0.01
    14     0.01
    15     0.01
    16     0.01
    17     0.01
    18     0.03
    19     0.03
    20     0.03
    21     0.03
    22     0.03
    23     0.03
    24     0.01
    25     0.01
    26     0.01
    27     0.01
    28     0.01
    29     0.01
    30     0.02
    31     0.02
    32     0.02
    33     0.02
    34     0.02
    35     0.02
    36     0.02
    37     0.02
    38     0.02
    39     0.02
    40     0.02
    41     0.02
    42     0.02
    43     0.02
    44     0.02
    45     0.02
    46     0.02
    47     0.02
    48     2.42
    49     2.65
    50     2.69
    51     4.54
    52     4.79
    53     5.17
    54     5.57
    55     4.84
    56     4.93
    57     6.02
    58     7.65
    59     3.33
    60     4.23
    61     4.72
    62     4.39
    63     4.07
    64     4.57
    65     2.96
    66     2.03
    67     2.50
    68     3.76
    69     4.39
    70     4.18
    71     3.60

   Total 100.8




 DESIGN run control vector

 Step  Code              Description
   1    1     Add sub-area 'A' inflow & route thru normal storage    1
   2    3     Store hydrograph from step    1; reset hydrograph to zero
   3    1     Add sub-area 'B' inflow & route thru normal storage    2
   4    4     Add h-graph ex step    2 to h-graph ex step    3
   5    5     Route hydrograph thru normal storage    3
   6    3     Store hydrograph from step    5; reset hydrograph to zero
   7    1     Add sub-area 'C' inflow & route thru normal storage    4
   8    4     Add h-graph ex step    6 to h-graph ex step    7
   9    5     Route hydrograph thru normal storage    5
  10    3     Store hydrograph from step    9; reset hydrograph to zero
  11    1     Add sub-area 'D' inflow & route thru normal storage    6
  12    4     Add h-graph ex step   10 to h-graph ex step   11
  13    5     Route hydrograph thru normal storage    7
  14    3     Store hydrograph from step   13; reset hydrograph to zero
  15    1     Add sub-area 'E' inflow & route thru normal storage    8
  16    4     Add h-graph ex step   14 to h-graph ex step   15
  17    5     Route hydrograph thru normal storage    9
  18    7.0   Print hydrograph,                             
  19    0     **********End of control vector**********



 Sub-area data

 Sub-     Area     Dist.
 area      km²      km*
   A    3.00E+01  1.25E+01
   B    2.80E+01  1.15E+01
   C    2.50E+01  9.50E+00
   D    3.50E+01  7.00E+00
   E    4.00E+01  6.00E+00

 Total 1.580E+02

 For whole catchment     ; Av. Dist., km* =       8.98
 For interstation area  1; Av. Dist., km* =       8.98; ISA Factor =   1.000

 * or other function of reach properties related to travel time



 Normal storage data

 Storage   Length   Rel. delay      Type         Slope
   no.       km*       time                     percent 
   1         5.0       0.557       Natural 
   2         4.0       0.445       Natural 
   3         2.5       0.278       Natural 
   4         4.5       0.501       Natural 
   5         2.5       0.278       Natural 
   6         4.5       0.501       Natural 
   7         1.0       0.111       Natural 
   8         4.5       0.501       Natural 
   9         1.5       0.167       Natural 

 * or other function of reach properties related to travel time


 Input of parameters:
 ********************

 fIGURE 6.7                                                          
 DESIGN Run
 fIGURE 6.7: 12 hour 50% Design Storm No.6 Temporal Pattern          
 Time increment = 0.50 hours

 Constant loss model selected



 Rainfall, mm, in time inc. following time shown
 Time               Sub-
      Catch         Area
 Incs ment          A   B   C   D   E

   0   0.0          0   0   0   0   0
   1   0.0          0   0   0   0   0
   2   0.0          0   0   0   0   0
   3   0.0          0   0   0   0   0
   4   0.0          0   0   0   0   0
   5   0.0          0   0   0   0   0
   6   0.0          0   0   0   0   0
   7   0.0          0   0   0   0   0
   8   0.0          0   0   0   0   0
   9   0.0          0   0   0   0   0
  10   0.0          0   0   0   0   0
  11   0.0          0   0   0   0   0
  12   0.0          0   0   0   0   0
  13   0.0          0   0   0   0   0
  14   0.0          0   0   0   0   0
  15   0.0          0   0   0   0   0
  16   0.0          0   0   0   0   0
  17   0.0          0   0   0   0   0
  18   0.0          0   0   0   0   0
  19   0.0          0   0   0   0   0
  20   0.0          0   0   0   0   0
  21   0.0          0   0   0   0   0
  22   0.0          0   0   0   0   0
  23   0.0          0   0   0   0   0
  24   0.0          0   0   0   0   0
  25   0.0          0   0   0   0   0
  26   0.0          0   0   0   0   0
  27   0.0          0   0   0   0   0
  28   0.0          0   0   0   0   0
  29   0.0          0   0   0   0   0
  30   0.0          0   0   0   0   0
  31   0.0          0   0   0   0   0
  32   0.0          0   0   0   0   0
  33   0.0          0   0   0   0   0
  34   0.0          0   0   0   0   0
  35   0.0          0   0   0   0   0
  36   0.0          0   0   0   0   0
  37   0.0          0   0   0   0   0
  38   0.0          0   0   0   0   0
  39   0.0          0   0   0   0   0
  40   0.0          0   0   0   0   0
  41   0.0          0   0   0   0   0
  42   0.0          0   0   0   0   0
  43   0.0          0   0   0   0   0
  44   0.0          0   0   0   0   0
  45   0.0          0   0   0   0   0
  46   0.0          0   0   0   0   0
  47   0.0          0   0   0   0   0
  48   0.9          1   1   1   1   1
  49   1.0          1   1   1   1   1
  50   1.0          1   1   1   1   1
  51   1.7          2   2   2   2   2
  52   1.8          2   2   2   2   2
  53   1.9          2   2   2   2   2
  54   2.1          2   2   2   2   2
  55   1.8          2   2   2   2   2
  56   1.8          2   2   2   2   2
  57   2.3          2   2   2   2   2
  58   2.9          3   3   3   3   3
  59   1.2          1   1   1   1   1
  60   1.6          2   2   2   2   2
  61   1.8          2   2   2   2   2
  62   1.6          2   2   2   2   2
  63   1.5          2   2   2   2   2
  64   1.7          2   2   2   2   2
  65   1.1          1   1   1   1   1
  66   0.8          1   1   1   1   1
  67   0.9          1   1   1   1   1
  68   1.4          1   1   1   1   1
  69   1.6          2   2   2   2   2
  70   1.6          2   2   2   2   2
  71   1.3          1   1   1   1   1

 Tot. 37.7         38  38  38  38  38
 Pluvi. ref. no.    1   1   1   1   1




 Rainfall-excess, mm, in time inc. following time shown
 Time               Sub-
      Catch         Area
 Incs ment          A   B   C   D   E

   0   0.0          0   0   0   0   0
   1   0.0          0   0   0   0   0
   2   0.0          0   0   0   0   0
   3   0.0          0   0   0   0   0
   4   0.0          0   0   0   0   0
   5   0.0          0   0   0   0   0
   6   0.0          0   0   0   0   0
   7   0.0          0   0   0   0   0
   8   0.0          0   0   0   0   0
   9   0.0          0   0   0   0   0
  10   0.0          0   0   0   0   0
  11   0.0          0   0   0   0   0
  12   0.0          0   0   0   0   0
  13   0.0          0   0   0   0   0
  14   0.0          0   0   0   0   0
  15   0.0          0   0   0   0   0
  16   0.0          0   0   0   0   0
  17   0.0          0   0   0   0   0
  18   0.0          0   0   0   0   0
  19   0.0          0   0   0   0   0
  20   0.0          0   0   0   0   0
  21   0.0          0   0   0   0   0
  22   0.0          0   0   0   0   0
  23   0.0          0   0   0   0   0
  24   0.0          0   0   0   0   0
  25   0.0          0   0   0   0   0
  26   0.0          0   0   0   0   0
  27   0.0          0   0   0   0   0
  28   0.0          0   0   0   0   0
  29   0.0          0   0   0   0   0
  30   0.0          0   0   0   0   0
  31   0.0          0   0   0   0   0
  32   0.0          0   0   0   0   0
  33   0.0          0   0   0   0   0
  34   0.0          0   0   0   0   0
  35   0.0          0   0   0   0   0
  36   0.0          0   0   0   0   0
  37   0.0          0   0   0   0   0
  38   0.0          0   0   0   0   0
  39   0.0          0   0   0   0   0
  40   0.0          0   0   0   0   0
  41   0.0          0   0   0   0   0
  42   0.0          0   0   0   0   0
  43   0.0          0   0   0   0   0
  44   0.0          0   0   0   0   0
  45   0.0          0   0   0   0   0
  46   0.0          0   0   0   0   0
  47   0.0          0   0   0   0   0
  48   0.0          0   0   0   0   0
  49   0.0          0   0   0   0   0
  50   0.0          0   0   0   0   0
  51   0.0          0   0   0   0   0
  52   0.0          0   0   0   0   0
  53   0.0          0   0   0   0   0
  54   0.0          0   0   0   0   0
  55   0.0          0   0   0   0   0
  56   0.9          1   1   1   1   1
  57   1.3          1   1   1   1   1
  58   1.9          2   2   2   2   2
  59   0.3          0   0   0   0   0
  60   0.6          1   1   1   1   1
  61   0.8          1   1   1   1   1
  62   0.7          1   1   1   1   1
  63   0.6          1   1   1   1   1
  64   0.8          1   1   1   1   1
  65   0.2          0   0   0   0   0
  66   0.0          0   0   0   0   0
  67   0.0          0   0   0   0   0
  68   0.5          0   0   0   0   0
  69   0.7          1   1   1   1   1
  70   0.6          1   1   1   1   1
  71   0.4          0   0   0   0   0

 Tot. 10.2         10  10  10  10  10



 Routing results:
 ****************
 fIGURE 6.7                                                          
 fIGURE 6.7: 12 hour 50% Design Storm No.6 Temporal Pattern          
 DESIGN run no.  1


 Parameters:  kc =    10.00    m = 0.80

 Loss parameters     Initial loss (mm)   Cont. loss (mm/h)
                           12.00              1.90



 *** Calculated hydrograph,                                      

                           Hydrograph
                          Calc.          
 Peak discharge,m³/s     41.25
 Time to peak,h           33.5
 Volume,m³            1.61E+06
 Time to centroid,h       38.0
 Lag (c.m. to c.m.),h     6.90
 Lag to peak,h            2.44


 Hydrograph summary
 ******************

 Site  Description
   01  Calculated hydrograph,

 Inc    Time   Hyd0001
   0    0.00    0.0000 
   1    0.50    0.0000 
   2    1.00    0.0000 
   3    1.50    0.0000 
   4    2.00    0.0000 
   5    2.50    0.0000 
   6    3.00    0.0000 
   7    3.50    0.0000 
   8    4.00    0.0000 
   9    4.50    0.0000 
  10    5.00    0.0000 
  11    5.50    0.0000 
  12    6.00    0.0000 
  13    6.50    0.0000 
  14    7.00    0.0000 
  15    7.50    0.0000 
  16    8.00    0.0000 
  17    8.50    0.0000 
  18    9.00    0.0000 
  19    9.50    0.0000 
  20   10.00    0.0000 
  21   10.50    0.0000 
  22   11.00    0.0000 
  23   11.50    0.0000 
  24   12.00    0.0000 
  25   12.50    0.0000 
  26   13.00    0.0000 
  27   13.50    0.0000 
  28   14.00    0.0000 
  29   14.50    0.0000 
  30   15.00    0.0000 
  31   15.50    0.0000 
  32   16.00    0.0000 
  33   16.50    0.0000 
  34   17.00    0.0000 
  35   17.50    0.0000 
  36   18.00    0.0000 
  37   18.50    0.0000 
  38   19.00    0.0000 
  39   19.50    0.0000 
  40   20.00    0.0000 
  41   20.50    0.0000 
  42   21.00    0.0000 
  43   21.50    0.0000 
  44   22.00    0.0000 
  45   22.50    0.0000 
  46   23.00    0.0000 
  47   23.50    0.0000 
  48   24.00    0.0000 
  49   24.50    0.0000 
  50   25.00    0.0000 
  51   25.50    0.0000 
  52   26.00    0.0000 
  53   26.50    0.0000 
  54   27.00    0.0000 
  55   27.50    0.0000 
  56   28.00    0.0000 
  57   28.50    0.0863 
  58   29.00    0.8886 
  59   29.50    3.8230 
  60   30.00    9.2970 
  61   30.50   15.3905 
  62   31.00   20.9358 
  63   31.50   26.2796 
  64   32.00   31.2572 
  65   32.50   35.7022 
  66   33.00   39.3185 
  67   33.50   41.2541 
  68   34.00   41.2224 
  69   34.50   40.1220 
  70   35.00   39.2423 
  71   35.50   39.1795 
  72   36.00   39.5287 
  73   36.50   39.4048 
  74   37.00   38.2054 
  75   37.50   36.0978 
  76   38.00   33.5436 
  77   38.50   30.8308 
  78   39.00   28.1148 
  79   39.50   25.4834 
  80   40.00   22.9908 
  81   40.50   20.6705 
  82   41.00   18.5394 
  83   41.50   16.6024 
  84   42.00   14.8558 
  85   42.50   13.2902 
  86   43.00   11.8928 
  87   43.50   10.6496 
  88   44.00    9.5465 
  89   44.50    8.5690 
  90   45.00    7.7039 
  91   45.50    6.9388 
  92   46.00    6.2611 
  93   46.50    5.6598 
  94   47.00    5.1252 
  95   47.50    4.6493 
  96   48.00    4.2248 
  97   48.50    3.8456 
  98   49.00    3.5062 
  99   49.50    3.2020 
 100   50.00    2.9289 
 101   50.50    2.6832 
 102   51.00    2.4618 
 103   51.50    2.2621 
 104   52.00    2.0815 
 105   52.50    1.9180 
 106   53.00    1.7697 
 107   53.50    1.6350 
 108   54.00    1.5125 
 109   54.50    1.4009 
 110   55.00    1.2991 
 111   55.50    1.2060 
 112   56.00    1.1209 
 113   56.50    1.0429 
 114   57.00    0.9714 
 115   57.50    0.9057 
 116   58.00    0.8453 
 117   58.50    0.7896 
 118   59.00    0.7383 
 119   59.50    0.6910 
 120   60.00    0.6473 
 121   60.50    0.6069 
 122   61.00    0.5695 
 123   61.50    0.5348 
 124   62.00    0.5026 
 125   62.50    0.4728 
 126   63.00    0.4450 
 127   63.50    0.4192 
 128   64.00    0.3952 
 129   64.50    0.3728 
 130   65.00    0.3519 
 131   65.50    0.3324 
 132   66.00    0.3142 
 133   66.50    0.2972 
 134   67.00    0.2813 
 135   67.50    0.2664 
 136   68.00    0.2524 
 137   68.50    0.2393 
 138   69.00    0.2270 
 139   69.50    0.2155 
 140   70.00    0.2046 
 141   70.50    0.1944 
 142   71.00    0.1849 
 143   71.50    0.1758 
 144   72.00    0.1673 
 145   72.50    0.1593 
 146   73.00    0.1518 
 147   73.50    0.1446 
 148   74.00    0.1379 
 149   74.50    0.1316 
 150   75.00    0.1256 
 151   75.50    0.1199 
 152   76.00    0.1145 
 153   76.50    0.1094 
 154   77.00    0.1046 
 155   77.50    0.1000 
 156   78.00    0.0957 
 157   78.50    0.0916 
 158   79.00    0.0877 
 159   79.50    0.0840 
 160   80.00    0.0805 
 161   80.50    0.0772 
 162   81.00    0.0740 
 163   81.50    0.0710 
 164   82.00    0.0681 
 165   82.50    0.0654 
 166   83.00    0.0628 
 167   83.50    0.0603 
 168   84.00    0.0579 
 169   84.50    0.0557 
 170   85.00    0.0535 
 171   85.50    0.0515 
 172   86.00    0.0495 
 173   86.50    0.0477 
 174   87.00    0.0459 
 175   87.50    0.0442 
 176   88.00    0.0426 
 177   88.50    0.0410 
 178   89.00    0.0395 
 179   89.50    0.0381 
 180   90.00    0.0367 
 181   90.50    0.0354 
 182   91.00    0.0342 
 183   91.50    0.0330 
 184   92.00    0.0318 
 185   92.50    0.0307 
 186   93.00    0.0297 
 187   93.50    0.0287 
 188   94.00    0.0277 
 189   94.50    0.0268 
 190   95.00    0.0259 
 191   95.50    0.0250 
 192   96.00    0.0242 
 193   96.50    0.0234 
 194   97.00    0.0226 
 195   97.50    0.0219 
 196   98.00    0.0212 
 197   98.50    0.0205 
 198   99.00    0.0199 
 199   99.50    0.0193 
 200  100.00    0.0187 
 201  100.50    0.0181 
 202  101.00    0.0175 
 203  101.50    0.0170 
 204  102.00    0.0165 
 205  102.50    0.0160 
 206  103.00    0.0155 
 207  103.50    0.0150 
 208  104.00    0.0146 
 209  104.50    0.0141 
 210  105.00    0.0137 
 211  105.50    0.0133 
 212  106.00    0.0129 
 213  106.50    0.0126 
 214  107.00    0.0122 
 215  107.50    0.0118 
 216  108.00    0.0115 
 217  108.50    0.0112 
 218  109.00    0.0109 
 219  109.50    0.0106 
 220  110.00    0.0103 
 221  110.50    0.0100 
 222  111.00    0.0097 
 223  111.50    0.0095 
 224  112.00    0.0092 
 225  112.50    0.0089 
 226  113.00    0.0087 
 227  113.50    0.0085 
 228  114.00    0.0082 
 229  114.50    0.0080 
 230  115.00    0.0078 
 231  115.50    0.0076 
 232  116.00    0.0074 
 233  116.50    0.0072 
 234  117.00    0.0070 
 235  117.50    0.0069 
 236  118.00    0.0067 
 237  118.50    0.0065 
 238  119.00    0.0063 
 239  119.50    0.0062 
 240  120.00    0.0060 
 241  120.50    0.0059 
 242  121.00    0.0057 
 243  121.50    0.0056 
 244  122.00    0.0055 
 245  122.50    0.0053 
 246  123.00    0.0052 
 247  123.50    0.0051 
 248  124.00    0.0050 
 249  124.50    0.0048 
 250  125.00    0.0047 
 251  125.50    0.0046 
 252  126.00    0.0045 
 253  126.50    0.0044 
 254  127.00    0.0043 
 255  127.50    0.0042 
 256  128.00    0.0041 
 257  128.50    0.0040 
 258  129.00    0.0039 
 259  129.50    0.0038 
 260  130.00    0.0037 
 261  130.50    0.0036 
 262  131.00    0.0036 
 263  131.50    0.0035 
 264  132.00    0.0034 
 265  132.50    0.0033 
 266  133.00    0.0033 
 267  133.50    0.0032 
 268  134.00    0.0031 
 269  134.50    0.0030 
 270  135.00    0.0030 
 271  135.50    0.0029 
 272  136.00    0.0029 
 273  136.50    0.0028 
 274  137.00    0.0027 
 275  137.50    0.0027 
 276  138.00    0.0026 
 277  138.50    0.0026 
 278  139.00    0.0025 
 279  139.50    0.0025 
 280  140.00    0.0024 
 281  140.50    0.0024 
 282  141.00    0.0023 
 283  141.50    0.0023 
 284  142.00    0.0022 
 285  142.50    0.0022 
 286  143.00    0.0021 
 287  143.50    0.0021 
 288  144.00    0.0020 
 289  144.50    0.0020 
 290  145.00    0.0020 
 291  145.50    0.0019 
 292  146.00    0.0019 
 293  146.50    0.0018 
 294  147.00    0.0018 
 295  147.50    0.0018 
 296  148.00    0.0017 
 297  148.50    0.0017 
 298  149.00    0.0017 
 299  149.50    0.0016 
 300  150.00    0.0016 
