 RORBWin Output File
 *******************
 
 Program version 6.52 (last updated 1st June 2023)
 Copyright Monash University and Hydrology and Risk Consulting
 
 Date run: 08 Aug 2026 22:30

 Vector file       : E:\Library\Automation\ryan-tools\tests\test_data\RORB\Fig6_7.catg
 Storm file        : E:\Library\Automation\ryan-tools\tests\test_data\RORB\areal-example\Fig6_7_ aep2_du12hourtp8.stm
 Output information: Flows & all input data


 Data checks:
 ************
 Next data to be read & checked:

 Catchment name & reach type flag
 Control vector & storage data
 Code no.  18     7.0 Location read as                             
 Sub-area areas
 Impervious flag
 Initial storm data
 Rainfall burst times
 Pluviograph 1
 Sub-area rainfalls

 Data check completed



 Data:
 ****

 fIGURE 6.7                                                          


 Time data, in increments from initial time
 fIGURE 6.7: 12 hour 2% Design Storm No.8 Temporal Pattern           
 Time increment (hours)=  0.50

                   Start   Finish
 Rainfall times:     0       72


 End of hyeto/hydrographs:   72
 Duration of calculations:  300



 Pre-burst has been applied
 Pluviograph data (time in incs, rainfall in mm, in 
                   increment following time shown)

Includes Pre-burst temporal pattern
         1:Temporal pattern (% of depth
   Time     1
     0     0.12
     1     0.12
     2     0.12
     3     0.12
     4     0.12
     5     0.12
     6     0.10
     7     0.10
     8     0.10
     9     0.10
    10     0.10
    11     0.10
    12     0.05
    13     0.05
    14     0.05
    15     0.05
    16     0.05
    17     0.05
    18     0.22
    19     0.22
    20     0.22
    21     0.22
    22     0.22
    23     0.22
    24     0.06
    25     0.06
    26     0.06
    27     0.06
    28     0.06
    29     0.06
    30     0.12
    31     0.12
    32     0.12
    33     0.12
    34     0.12
    35     0.12
    36     0.13
    37     0.13
    38     0.13
    39     0.13
    40     0.13
    41     0.13
    42     0.16
    43     0.16
    44     0.16
    45     0.16
    46     0.16
    47     0.16
    48     4.77
    49     2.60
    50     2.05
    51     3.81
    52     4.32
    53     3.91
    54     4.23
    55     4.65
    56     6.43
    57     5.08
    58     6.11
    59     6.19
    60     5.33
    61     4.61
    62     4.59
    63     3.94
    64     4.09
    65     4.00
    66     3.61
    67     3.31
    68     3.38
    69     3.82
    70     2.88
    71     2.29

   Total 105.8




 DESIGN run control vector

 Step  Code              Description
   1    1     Add sub-area 'A' inflow & route thru normal storage    1
   2    3     Store hydrograph from step    1; reset hydrograph to zero
   3    1     Add sub-area 'B' inflow & route thru normal storage    2
   4    4     Add h-graph ex step    2 to h-graph ex step    3
   5    5     Route hydrograph thru normal storage    3
   6    3     Store hydrograph from step    5; reset hydrograph to zero
   7    1     Add sub-area 'C' inflow & route thru normal storage    4
   8    4     Add h-graph ex step    6 to h-graph ex step    7
   9    5     Route hydrograph thru normal storage    5
  10    3     Store hydrograph from step    9; reset hydrograph to zero
  11    1     Add sub-area 'D' inflow & route thru normal storage    6
  12    4     Add h-graph ex step   10 to h-graph ex step   11
  13    5     Route hydrograph thru normal storage    7
  14    3     Store hydrograph from step   13; reset hydrograph to zero
  15    1     Add sub-area 'E' inflow & route thru normal storage    8
  16    4     Add h-graph ex step   14 to h-graph ex step   15
  17    5     Route hydrograph thru normal storage    9
  18    7.0   Print hydrograph,                             
  19    0     **********End of control vector**********



 Sub-area data

 Sub-     Area     Dist.
 area      km²      km*
   A    3.00E+01  1.25E+01
   B    2.80E+01  1.15E+01
   C    2.50E+01  9.50E+00
   D    3.50E+01  7.00E+00
   E    4.00E+01  6.00E+00

 Total 1.580E+02

 For whole catchment     ; Av. Dist., km* =       8.98
 For interstation area  1; Av. Dist., km* =       8.98; ISA Factor =   1.000

 * or other function of reach properties related to travel time



 Normal storage data

 Storage   Length   Rel. delay      Type         Slope
   no.       km*       time                     percent 
   1         5.0       0.557       Natural 
   2         4.0       0.445       Natural 
   3         2.5       0.278       Natural 
   4         4.5       0.501       Natural 
   5         2.5       0.278       Natural 
   6         4.5       0.501       Natural 
   7         1.0       0.111       Natural 
   8         4.5       0.501       Natural 
   9         1.5       0.167       Natural 

 * or other function of reach properties related to travel time


 Input of parameters:
 ********************

 fIGURE 6.7                                                          
 DESIGN Run
 fIGURE 6.7: 12 hour 2% Design Storm No.8 Temporal Pattern           
 Time increment = 0.50 hours

 Constant loss model selected



 Rainfall, mm, in time inc. following time shown
 Time               Sub-
      Catch         Area
 Incs ment          A   B   C   D   E

   0   0.1          0   0   0   0   0
   1   0.1          0   0   0   0   0
   2   0.1          0   0   0   0   0
   3   0.1          0   0   0   0   0
   4   0.1          0   0   0   0   0
   5   0.1          0   0   0   0   0
   6   0.1          0   0   0   0   0
   7   0.1          0   0   0   0   0
   8   0.1          0   0   0   0   0
   9   0.1          0   0   0   0   0
  10   0.1          0   0   0   0   0
  11   0.1          0   0   0   0   0
  12   0.0          0   0   0   0   0
  13   0.0          0   0   0   0   0
  14   0.0          0   0   0   0   0
  15   0.0          0   0   0   0   0
  16   0.0          0   0   0   0   0
  17   0.0          0   0   0   0   0
  18   0.2          0   0   0   0   0
  19   0.2          0   0   0   0   0
  20   0.2          0   0   0   0   0
  21   0.2          0   0   0   0   0
  22   0.2          0   0   0   0   0
  23   0.2          0   0   0   0   0
  24   0.0          0   0   0   0   0
  25   0.0          0   0   0   0   0
  26   0.0          0   0   0   0   0
  27   0.0          0   0   0   0   0
  28   0.0          0   0   0   0   0
  29   0.0          0   0   0   0   0
  30   0.1          0   0   0   0   0
  31   0.1          0   0   0   0   0
  32   0.1          0   0   0   0   0
  33   0.1          0   0   0   0   0
  34   0.1          0   0   0   0   0
  35   0.1          0   0   0   0   0
  36   0.1          0   0   0   0   0
  37   0.1          0   0   0   0   0
  38   0.1          0   0   0   0   0
  39   0.1          0   0   0   0   0
  40   0.1          0   0   0   0   0
  41   0.1          0   0   0   0   0
  42   0.1          0   0   0   0   0
  43   0.1          0   0   0   0   0
  44   0.1          0   0   0   0   0
  45   0.1          0   0   0   0   0
  46   0.1          0   0   0   0   0
  47   0.1          0   0   0   0   0
  48   3.9          4   4   4   4   4
  49   2.1          2   2   2   2   2
  50   1.7          2   2   2   2   2
  51   3.1          3   3   3   3   3
  52   3.5          4   4   4   4   4
  53   3.2          3   3   3   3   3
  54   3.4          3   3   3   3   3
  55   3.8          4   4   4   4   4
  56   5.2          5   5   5   5   5
  57   4.1          4   4   4   4   4
  58   5.0          5   5   5   5   5
  59   5.0          5   5   5   5   5
  60   4.3          4   4   4   4   4
  61   3.7          4   4   4   4   4
  62   3.7          4   4   4   4   4
  63   3.2          3   3   3   3   3
  64   3.3          3   3   3   3   3
  65   3.2          3   3   3   3   3
  66   2.9          3   3   3   3   3
  67   2.7          3   3   3   3   3
  68   2.7          3   3   3   3   3
  69   3.1          3   3   3   3   3
  70   2.3          2   2   2   2   2
  71   1.9          2   2   2   2   2

 Tot. 85.9         86  86  86  86  86
 Pluvi. ref. no.    1   1   1   1   1




 Rainfall-excess, mm, in time inc. following time shown
 Time               Sub-
      Catch         Area
 Incs ment          A   B   C   D   E

   0   0.0          0   0   0   0   0
   1   0.0          0   0   0   0   0
   2   0.0          0   0   0   0   0
   3   0.0          0   0   0   0   0
   4   0.0          0   0   0   0   0
   5   0.0          0   0   0   0   0
   6   0.0          0   0   0   0   0
   7   0.0          0   0   0   0   0
   8   0.0          0   0   0   0   0
   9   0.0          0   0   0   0   0
  10   0.0          0   0   0   0   0
  11   0.0          0   0   0   0   0
  12   0.0          0   0   0   0   0
  13   0.0          0   0   0   0   0
  14   0.0          0   0   0   0   0
  15   0.0          0   0   0   0   0
  16   0.0          0   0   0   0   0
  17   0.0          0   0   0   0   0
  18   0.0          0   0   0   0   0
  19   0.0          0   0   0   0   0
  20   0.0          0   0   0   0   0
  21   0.0          0   0   0   0   0
  22   0.0          0   0   0   0   0
  23   0.0          0   0   0   0   0
  24   0.0          0   0   0   0   0
  25   0.0          0   0   0   0   0
  26   0.0          0   0   0   0   0
  27   0.0          0   0   0   0   0
  28   0.0          0   0   0   0   0
  29   0.0          0   0   0   0   0
  30   0.0          0   0   0   0   0
  31   0.0          0   0   0   0   0
  32   0.0          0   0   0   0   0
  33   0.0          0   0   0   0   0
  34   0.0          0   0   0   0   0
  35   0.0          0   0   0   0   0
  36   0.0          0   0   0   0   0
  37   0.0          0   0   0   0   0
  38   0.0          0   0   0   0   0
  39   0.0          0   0   0   0   0
  40   0.0          0   0   0   0   0
  41   0.0          0   0   0   0   0
  42   0.0          0   0   0   0   0
  43   0.0          0   0   0   0   0
  44   0.0          0   0   0   0   0
  45   0.0          0   0   0   0   0
  46   0.0          0   0   0   0   0
  47   0.0          0   0   0   0   0
  48   0.0          0   0   0   0   0
  49   0.0          0   0   0   0   0
  50   0.0          0   0   0   0   0
  51   2.1          2   2   2   2   2
  52   2.6          3   3   3   3   3
  53   2.2          2   2   2   2   2
  54   2.5          2   2   2   2   2
  55   2.8          3   3   3   3   3
  56   4.3          4   4   4   4   4
  57   3.2          3   3   3   3   3
  58   4.0          4   4   4   4   4
  59   4.1          4   4   4   4   4
  60   3.4          3   3   3   3   3
  61   2.8          3   3   3   3   3
  62   2.8          3   3   3   3   3
  63   2.3          2   2   2   2   2
  64   2.4          2   2   2   2   2
  65   2.3          2   2   2   2   2
  66   2.0          2   2   2   2   2
  67   1.7          2   2   2   2   2
  68   1.8          2   2   2   2   2
  69   2.2          2   2   2   2   2
  70   1.4          1   1   1   1   1
  71   0.9          1   1   1   1   1

 Tot. 53.6         54  54  54  54  54



 Routing results:
 ****************
 fIGURE 6.7                                                          
 fIGURE 6.7: 12 hour 2% Design Storm No.8 Temporal Pattern           
 DESIGN run no.  1


 Parameters:  kc =    10.00    m = 0.80

 Loss parameters     Initial loss (mm)   Cont. loss (mm/h)
                           12.00              1.90



 *** Calculated hydrograph,                                      

                           Hydrograph
                          Calc.          
 Peak discharge,m³/s     244.9
 Time to peak,h           32.5
 Volume,m³            8.49E+06
 Time to centroid,h       35.1
 Lag (c.m. to c.m.),h     4.89
 Lag to peak,h            2.30


 Hydrograph summary
 ******************

 Site  Description
   01  Calculated hydrograph,

 Inc    Time   Hyd0001
   0    0.00     0.000 
   1    0.50     0.000 
   2    1.00     0.000 
   3    1.50     0.000 
   4    2.00     0.000 
   5    2.50     0.000 
   6    3.00     0.000 
   7    3.50     0.000 
   8    4.00     0.000 
   9    4.50     0.000 
  10    5.00     0.000 
  11    5.50     0.000 
  12    6.00     0.000 
  13    6.50     0.000 
  14    7.00     0.000 
  15    7.50     0.000 
  16    8.00     0.000 
  17    8.50     0.000 
  18    9.00     0.000 
  19    9.50     0.000 
  20   10.00     0.000 
  21   10.50     0.000 
  22   11.00     0.000 
  23   11.50     0.000 
  24   12.00     0.000 
  25   12.50     0.000 
  26   13.00     0.000 
  27   13.50     0.000 
  28   14.00     0.000 
  29   14.50     0.000 
  30   15.00     0.000 
  31   15.50     0.000 
  32   16.00     0.000 
  33   16.50     0.000 
  34   17.00     0.000 
  35   17.50     0.000 
  36   18.00     0.000 
  37   18.50     0.000 
  38   19.00     0.000 
  39   19.50     0.000 
  40   20.00     0.000 
  41   20.50     0.000 
  42   21.00     0.000 
  43   21.50     0.000 
  44   22.00     0.000 
  45   22.50     0.000 
  46   23.00     0.000 
  47   23.50     0.000 
  48   24.00     0.000 
  49   24.50     0.000 
  50   25.00     0.000 
  51   25.50     0.000 
  52   26.00     0.333 
  53   26.50     3.093 
  54   27.00    11.037 
  55   27.50    24.307 
  56   28.00    41.964 
  57   28.50    64.530 
  58   29.00    92.473 
  59   29.50   123.224 
  60   30.00   155.100 
  61   30.50   186.232 
  62   31.00   212.135 
  63   31.50   230.241 
  64   32.00   240.815 
  65   32.50   244.911 
  66   33.00   244.457 
  67   33.50   240.946 
  68   34.00   234.571 
  69   34.50   225.984 
  70   35.00   217.123 
  71   35.50   208.763 
  72   36.00   199.012 
  73   36.50   185.707 
  74   37.00   168.586 
  75   37.50   149.593 
  76   38.00   130.911 
  77   38.50   113.564 
  78   39.00    97.951 
  79   39.50    84.192 
  80   40.00    72.248 
  81   40.50    61.990 
  82   41.00    53.240 
  83   41.50    45.808 
  84   42.00    39.507 
  85   42.50    34.166 
  86   43.00    29.633 
  87   43.50    25.779 
  88   44.00    22.495 
  89   44.50    19.693 
  90   45.00    17.297 
  91   45.50    15.241 
  92   46.00    13.472 
  93   46.50    11.945 
  94   47.00    10.621 
  95   47.50     9.471 
  96   48.00     8.468 
  97   48.50     7.590 
  98   49.00     6.821 
  99   49.50     6.144 
 100   50.00     5.547 
 101   50.50     5.018 
 102   51.00     4.550 
 103   51.50     4.134 
 104   52.00     3.762 
 105   52.50     3.431 
 106   53.00     3.134 
 107   53.50     2.868 
 108   54.00     2.628 
 109   54.50     2.413 
 110   55.00     2.218 
 111   55.50     2.042 
 112   56.00     1.883 
 113   56.50     1.738 
 114   57.00     1.607 
 115   57.50     1.487 
 116   58.00     1.378 
 117   58.50     1.279 
 118   59.00     1.188 
 119   59.50     1.104 
 120   60.00     1.028 
 121   60.50     0.958 
 122   61.00     0.893 
 123   61.50     0.834 
 124   62.00     0.780 
 125   62.50     0.729 
 126   63.00     0.683 
 127   63.50     0.640 
 128   64.00     0.600 
 129   64.50     0.563 
 130   65.00     0.529 
 131   65.50     0.497 
 132   66.00     0.468 
 133   66.50     0.441 
 134   67.00     0.415 
 135   67.50     0.391 
 136   68.00     0.369 
 137   68.50     0.349 
 138   69.00     0.329 
 139   69.50     0.311 
 140   70.00     0.295 
 141   70.50     0.279 
 142   71.00     0.264 
 143   71.50     0.250 
 144   72.00     0.237 
 145   72.50     0.225 
 146   73.00     0.214 
 147   73.50     0.203 
 148   74.00     0.193 
 149   74.50     0.184 
 150   75.00     0.175 
 151   75.50     0.166 
 152   76.00     0.158 
 153   76.50     0.151 
 154   77.00     0.144 
 155   77.50     0.137 
 156   78.00     0.131 
 157   78.50     0.125 
 158   79.00     0.119 
 159   79.50     0.114 
 160   80.00     0.109 
 161   80.50     0.104 
 162   81.00     0.099 
 163   81.50     0.095 
 164   82.00     0.091 
 165   82.50     0.087 
 166   83.00     0.084 
 167   83.50     0.080 
 168   84.00     0.077 
 169   84.50     0.074 
 170   85.00     0.071 
 171   85.50     0.068 
 172   86.00     0.065 
 173   86.50     0.062 
 174   87.00     0.060 
 175   87.50     0.058 
 176   88.00     0.055 
 177   88.50     0.053 
 178   89.00     0.051 
 179   89.50     0.049 
 180   90.00     0.047 
 181   90.50     0.046 
 182   91.00     0.044 
 183   91.50     0.042 
 184   92.00     0.041 
 185   92.50     0.039 
 186   93.00     0.038 
 187   93.50     0.037 
 188   94.00     0.035 
 189   94.50     0.034 
 190   95.00     0.033 
 191   95.50     0.032 
 192   96.00     0.031 
 193   96.50     0.030 
 194   97.00     0.029 
 195   97.50     0.028 
 196   98.00     0.027 
 197   98.50     0.026 
 198   99.00     0.025 
 199   99.50     0.024 
 200  100.00     0.023 
 201  100.50     0.023 
 202  101.00     0.022 
 203  101.50     0.021 
 204  102.00     0.020 
 205  102.50     0.020 
 206  103.00     0.019 
 207  103.50     0.019 
 208  104.00     0.018 
 209  104.50     0.017 
 210  105.00     0.017 
 211  105.50     0.016 
 212  106.00     0.016 
 213  106.50     0.015 
 214  107.00     0.015 
 215  107.50     0.015 
 216  108.00     0.014 
 217  108.50     0.014 
 218  109.00     0.013 
 219  109.50     0.013 
 220  110.00     0.013 
 221  110.50     0.012 
 222  111.00     0.012 
 223  111.50     0.011 
 224  112.00     0.011 
 225  112.50     0.011 
 226  113.00     0.011 
 227  113.50     0.010 
 228  114.00     0.010 
 229  114.50     0.010 
 230  115.00     0.009 
 231  115.50     0.009 
 232  116.00     0.009 
 233  116.50     0.009 
 234  117.00     0.008 
 235  117.50     0.008 
 236  118.00     0.008 
 237  118.50     0.008 
 238  119.00     0.008 
 239  119.50     0.007 
 240  120.00     0.007 
 241  120.50     0.007 
 242  121.00     0.007 
 243  121.50     0.007 
 244  122.00     0.006 
 245  122.50     0.006 
 246  123.00     0.006 
 247  123.50     0.006 
 248  124.00     0.006 
 249  124.50     0.006 
 250  125.00     0.006 
 251  125.50     0.005 
 252  126.00     0.005 
 253  126.50     0.005 
 254  127.00     0.005 
 255  127.50     0.005 
 256  128.00     0.005 
 257  128.50     0.005 
 258  129.00     0.005 
 259  129.50     0.004 
 260  130.00     0.004 
 261  130.50     0.004 
 262  131.00     0.004 
 263  131.50     0.004 
 264  132.00     0.004 
 265  132.50     0.004 
 266  133.00     0.004 
 267  133.50     0.004 
 268  134.00     0.004 
 269  134.50     0.004 
 270  135.00     0.003 
 271  135.50     0.003 
 272  136.00     0.003 
 273  136.50     0.003 
 274  137.00     0.003 
 275  137.50     0.003 
 276  138.00     0.003 
 277  138.50     0.003 
 278  139.00     0.003 
 279  139.50     0.003 
 280  140.00     0.003 
 281  140.50     0.003 
 282  141.00     0.003 
 283  141.50     0.003 
 284  142.00     0.003 
 285  142.50     0.003 
 286  143.00     0.002 
 287  143.50     0.002 
 288  144.00     0.002 
 289  144.50     0.002 
 290  145.00     0.002 
 291  145.50     0.002 
 292  146.00     0.002 
 293  146.50     0.002 
 294  147.00     0.002 
 295  147.50     0.002 
 296  148.00     0.002 
 297  148.50     0.002 
 298  149.00     0.002 
 299  149.50     0.002 
 300  150.00     0.002 
