 RORBWin Output File
 *******************
 
 Program version 6.52 (last updated 1st June 2023)
 Copyright Monash University and Hydrology and Risk Consulting
 
 Date run: 08 Aug 2026 22:30

 Vector file       : E:\Library\Automation\ryan-tools\tests\test_data\RORB\Fig6_7.catg
 Storm file        : E:\Library\Automation\ryan-tools\tests\test_data\RORB\areal-example\Fig6_7_ aep50_du12hourtp3.stm
 Output information: Flows & all input data


 Data checks:
 ************
 Next data to be read & checked:

 Catchment name & reach type flag
 Control vector & storage data
 Code no.  18     7.0 Location read as                             
 Sub-area areas
 Impervious flag
 Initial storm data
 Rainfall burst times
 Pluviograph 1
 Sub-area rainfalls

 Data check completed



 Data:
 ****

 fIGURE 6.7                                                          


 Time data, in increments from initial time
 fIGURE 6.7: 12 hour 50% Design Storm No.3 Temporal Pattern          
 Time increment (hours)=  0.50

                   Start   Finish
 Rainfall times:     0       72


 End of hyeto/hydrographs:   72
 Duration of calculations:  300



 Pre-burst has been applied
 Pluviograph data (time in incs, rainfall in mm, in 
                   increment following time shown)

Includes Pre-burst temporal pattern
         1:Temporal pattern (% of depth
   Time     1
     0     0.02
     1     0.02
     2     0.02
     3     0.02
     4     0.02
     5     0.02
     6     0.01
     7     0.01
     8     0.01
     9     0.01
    10     0.01
    11     0.01
    12     0.01
    13     0.01
    14     0.01
    15     0.01
    16     0.01
    17     0.01
    18     0.03
    19     0.03
    20     0.03
    21     0.03
    22     0.03
    23     0.03
    24     0.01
    25     0.01
    26     0.01
    27     0.01
    28     0.01
    29     0.01
    30     0.02
    31     0.02
    32     0.02
    33     0.02
    34     0.02
    35     0.02
    36     0.02
    37     0.02
    38     0.02
    39     0.02
    40     0.02
    41     0.02
    42     0.02
    43     0.02
    44     0.02
    45     0.02
    46     0.02
    47     0.02
    48     2.74
    49     2.29
    50     2.57
    51     2.61
    52     2.55
    53     3.27
    54     2.24
    55     3.89
    56     4.98
    57     3.15
    58     1.27
    59     1.90
    60     2.19
    61     4.99
    62     2.73
    63     2.17
    64     2.68
    65     3.91
    66     5.51
    67     7.23
    68    10.43
    69    10.61
    70     8.89
    71     5.20

   Total 100.8




 DESIGN run control vector

 Step  Code              Description
   1    1     Add sub-area 'A' inflow & route thru normal storage    1
   2    3     Store hydrograph from step    1; reset hydrograph to zero
   3    1     Add sub-area 'B' inflow & route thru normal storage    2
   4    4     Add h-graph ex step    2 to h-graph ex step    3
   5    5     Route hydrograph thru normal storage    3
   6    3     Store hydrograph from step    5; reset hydrograph to zero
   7    1     Add sub-area 'C' inflow & route thru normal storage    4
   8    4     Add h-graph ex step    6 to h-graph ex step    7
   9    5     Route hydrograph thru normal storage    5
  10    3     Store hydrograph from step    9; reset hydrograph to zero
  11    1     Add sub-area 'D' inflow & route thru normal storage    6
  12    4     Add h-graph ex step   10 to h-graph ex step   11
  13    5     Route hydrograph thru normal storage    7
  14    3     Store hydrograph from step   13; reset hydrograph to zero
  15    1     Add sub-area 'E' inflow & route thru normal storage    8
  16    4     Add h-graph ex step   14 to h-graph ex step   15
  17    5     Route hydrograph thru normal storage    9
  18    7.0   Print hydrograph,                             
  19    0     **********End of control vector**********



 Sub-area data

 Sub-     Area     Dist.
 area      km²      km*
   A    3.00E+01  1.25E+01
   B    2.80E+01  1.15E+01
   C    2.50E+01  9.50E+00
   D    3.50E+01  7.00E+00
   E    4.00E+01  6.00E+00

 Total 1.580E+02

 For whole catchment     ; Av. Dist., km* =       8.98
 For interstation area  1; Av. Dist., km* =       8.98; ISA Factor =   1.000

 * or other function of reach properties related to travel time



 Normal storage data

 Storage   Length   Rel. delay      Type         Slope
   no.       km*       time                     percent 
   1         5.0       0.557       Natural 
   2         4.0       0.445       Natural 
   3         2.5       0.278       Natural 
   4         4.5       0.501       Natural 
   5         2.5       0.278       Natural 
   6         4.5       0.501       Natural 
   7         1.0       0.111       Natural 
   8         4.5       0.501       Natural 
   9         1.5       0.167       Natural 

 * or other function of reach properties related to travel time


 Input of parameters:
 ********************

 fIGURE 6.7                                                          
 DESIGN Run
 fIGURE 6.7: 12 hour 50% Design Storm No.3 Temporal Pattern          
 Time increment = 0.50 hours

 Constant loss model selected



 Rainfall, mm, in time inc. following time shown
 Time               Sub-
      Catch         Area
 Incs ment          A   B   C   D   E

   0   0.0          0   0   0   0   0
   1   0.0          0   0   0   0   0
   2   0.0          0   0   0   0   0
   3   0.0          0   0   0   0   0
   4   0.0          0   0   0   0   0
   5   0.0          0   0   0   0   0
   6   0.0          0   0   0   0   0
   7   0.0          0   0   0   0   0
   8   0.0          0   0   0   0   0
   9   0.0          0   0   0   0   0
  10   0.0          0   0   0   0   0
  11   0.0          0   0   0   0   0
  12   0.0          0   0   0   0   0
  13   0.0          0   0   0   0   0
  14   0.0          0   0   0   0   0
  15   0.0          0   0   0   0   0
  16   0.0          0   0   0   0   0
  17   0.0          0   0   0   0   0
  18   0.0          0   0   0   0   0
  19   0.0          0   0   0   0   0
  20   0.0          0   0   0   0   0
  21   0.0          0   0   0   0   0
  22   0.0          0   0   0   0   0
  23   0.0          0   0   0   0   0
  24   0.0          0   0   0   0   0
  25   0.0          0   0   0   0   0
  26   0.0          0   0   0   0   0
  27   0.0          0   0   0   0   0
  28   0.0          0   0   0   0   0
  29   0.0          0   0   0   0   0
  30   0.0          0   0   0   0   0
  31   0.0          0   0   0   0   0
  32   0.0          0   0   0   0   0
  33   0.0          0   0   0   0   0
  34   0.0          0   0   0   0   0
  35   0.0          0   0   0   0   0
  36   0.0          0   0   0   0   0
  37   0.0          0   0   0   0   0
  38   0.0          0   0   0   0   0
  39   0.0          0   0   0   0   0
  40   0.0          0   0   0   0   0
  41   0.0          0   0   0   0   0
  42   0.0          0   0   0   0   0
  43   0.0          0   0   0   0   0
  44   0.0          0   0   0   0   0
  45   0.0          0   0   0   0   0
  46   0.0          0   0   0   0   0
  47   0.0          0   0   0   0   0
  48   1.0          1   1   1   1   1
  49   0.9          1   1   1   1   1
  50   1.0          1   1   1   1   1
  51   1.0          1   1   1   1   1
  52   1.0          1   1   1   1   1
  53   1.2          1   1   1   1   1
  54   0.8          1   1   1   1   1
  55   1.5          1   1   1   1   1
  56   1.9          2   2   2   2   2
  57   1.2          1   1   1   1   1
  58   0.5          0   0   0   0   0
  59   0.7          1   1   1   1   1
  60   0.8          1   1   1   1   1
  61   1.9          2   2   2   2   2
  62   1.0          1   1   1   1   1
  63   0.8          1   1   1   1   1
  64   1.0          1   1   1   1   1
  65   1.5          1   1   1   1   1
  66   2.1          2   2   2   2   2
  67   2.7          3   3   3   3   3
  68   3.9          4   4   4   4   4
  69   4.0          4   4   4   4   4
  70   3.3          3   3   3   3   3
  71   1.9          2   2   2   2   2

 Tot. 37.7         38  38  38  38  38
 Pluvi. ref. no.    1   1   1   1   1




 Rainfall-excess, mm, in time inc. following time shown
 Time               Sub-
      Catch         Area
 Incs ment          A   B   C   D   E

   0   0.0          0   0   0   0   0
   1   0.0          0   0   0   0   0
   2   0.0          0   0   0   0   0
   3   0.0          0   0   0   0   0
   4   0.0          0   0   0   0   0
   5   0.0          0   0   0   0   0
   6   0.0          0   0   0   0   0
   7   0.0          0   0   0   0   0
   8   0.0          0   0   0   0   0
   9   0.0          0   0   0   0   0
  10   0.0          0   0   0   0   0
  11   0.0          0   0   0   0   0
  12   0.0          0   0   0   0   0
  13   0.0          0   0   0   0   0
  14   0.0          0   0   0   0   0
  15   0.0          0   0   0   0   0
  16   0.0          0   0   0   0   0
  17   0.0          0   0   0   0   0
  18   0.0          0   0   0   0   0
  19   0.0          0   0   0   0   0
  20   0.0          0   0   0   0   0
  21   0.0          0   0   0   0   0
  22   0.0          0   0   0   0   0
  23   0.0          0   0   0   0   0
  24   0.0          0   0   0   0   0
  25   0.0          0   0   0   0   0
  26   0.0          0   0   0   0   0
  27   0.0          0   0   0   0   0
  28   0.0          0   0   0   0   0
  29   0.0          0   0   0   0   0
  30   0.0          0   0   0   0   0
  31   0.0          0   0   0   0   0
  32   0.0          0   0   0   0   0
  33   0.0          0   0   0   0   0
  34   0.0          0   0   0   0   0
  35   0.0          0   0   0   0   0
  36   0.0          0   0   0   0   0
  37   0.0          0   0   0   0   0
  38   0.0          0   0   0   0   0
  39   0.0          0   0   0   0   0
  40   0.0          0   0   0   0   0
  41   0.0          0   0   0   0   0
  42   0.0          0   0   0   0   0
  43   0.0          0   0   0   0   0
  44   0.0          0   0   0   0   0
  45   0.0          0   0   0   0   0
  46   0.0          0   0   0   0   0
  47   0.0          0   0   0   0   0
  48   0.0          0   0   0   0   0
  49   0.0          0   0   0   0   0
  50   0.0          0   0   0   0   0
  51   0.0          0   0   0   0   0
  52   0.0          0   0   0   0   0
  53   0.0          0   0   0   0   0
  54   0.0          0   0   0   0   0
  55   0.0          0   0   0   0   0
  56   0.0          0   0   0   0   0
  57   0.0          0   0   0   0   0
  58   0.0          0   0   0   0   0
  59   0.0          0   0   0   0   0
  60   0.0          0   0   0   0   0
  61   0.9          1   1   1   1   1
  62   0.1          0   0   0   0   0
  63   0.0          0   0   0   0   0
  64   0.1          0   0   0   0   0
  65   0.5          1   1   1   1   1
  66   1.1          1   1   1   1   1
  67   1.8          2   2   2   2   2
  68   3.0          3   3   3   3   3
  69   3.0          3   3   3   3   3
  70   2.4          2   2   2   2   2
  71   1.0          1   1   1   1   1

 Tot. 13.8         14  14  14  14  14



 Routing results:
 ****************
 fIGURE 6.7                                                          
 fIGURE 6.7: 12 hour 50% Design Storm No.3 Temporal Pattern          
 DESIGN run no.  1


 Parameters:  kc =    10.00    m = 0.80

 Loss parameters     Initial loss (mm)   Cont. loss (mm/h)
                           12.00              1.90



 *** Calculated hydrograph,                                      

                           Hydrograph
                          Calc.          
 Peak discharge,m³/s     85.53
 Time to peak,h           37.5
 Volume,m³            2.18E+06
 Time to centroid,h       40.4
 Lag (c.m. to c.m.),h     6.22
 Lag to peak,h            3.32


 Hydrograph summary
 ******************

 Site  Description
   01  Calculated hydrograph,

 Inc    Time   Hyd0001
   0    0.00    0.0000 
   1    0.50    0.0000 
   2    1.00    0.0000 
   3    1.50    0.0000 
   4    2.00    0.0000 
   5    2.50    0.0000 
   6    3.00    0.0000 
   7    3.50    0.0000 
   8    4.00    0.0000 
   9    4.50    0.0000 
  10    5.00    0.0000 
  11    5.50    0.0000 
  12    6.00    0.0000 
  13    6.50    0.0000 
  14    7.00    0.0000 
  15    7.50    0.0000 
  16    8.00    0.0000 
  17    8.50    0.0000 
  18    9.00    0.0000 
  19    9.50    0.0000 
  20   10.00    0.0000 
  21   10.50    0.0000 
  22   11.00    0.0000 
  23   11.50    0.0000 
  24   12.00    0.0000 
  25   12.50    0.0000 
  26   13.00    0.0000 
  27   13.50    0.0000 
  28   14.00    0.0000 
  29   14.50    0.0000 
  30   15.00    0.0000 
  31   15.50    0.0000 
  32   16.00    0.0000 
  33   16.50    0.0000 
  34   17.00    0.0000 
  35   17.50    0.0000 
  36   18.00    0.0000 
  37   18.50    0.0000 
  38   19.00    0.0000 
  39   19.50    0.0000 
  40   20.00    0.0000 
  41   20.50    0.0000 
  42   21.00    0.0000 
  43   21.50    0.0000 
  44   22.00    0.0000 
  45   22.50    0.0000 
  46   23.00    0.0000 
  47   23.50    0.0000 
  48   24.00    0.0000 
  49   24.50    0.0000 
  50   25.00    0.0000 
  51   25.50    0.0000 
  52   26.00    0.0000 
  53   26.50    0.0000 
  54   27.00    0.0000 
  55   27.50    0.0000 
  56   28.00    0.0000 
  57   28.50    0.0000 
  58   29.00    0.0000 
  59   29.50    0.0000 
  60   30.00    0.0000 
  61   30.50    0.0000 
  62   31.00    0.0890 
  63   31.50    0.5585 
  64   32.00    1.3339 
  65   32.50    2.0660 
  66   33.00    2.8303 
  67   33.50    4.2633 
  68   34.00    7.4556 
  69   34.50   14.4287 
  70   35.00   27.4040 
  71   35.50   45.9321 
  72   36.00   65.2529 
  73   36.50   79.2127 
  74   37.00   85.3835 
  75   37.50   85.5341 
  76   38.00   82.1253 
  77   38.50   76.6511 
  78   39.00   70.0653 
  79   39.50   63.0561 
  80   40.00   56.1108 
  81   40.50   49.5446 
  82   41.00   43.5318 
  83   41.50   38.1428 
  84   42.00   33.3811 
  85   42.50   29.2130 
  86   43.00   25.5878 
  87   43.50   22.4481 
  88   44.00   19.7333 
  89   44.50   17.3844 
  90   45.00   15.3497 
  91   45.50   13.5864 
  92   46.00   12.0568 
  93   46.50   10.7270 
  94   47.00    9.5682 
  95   47.50    8.5558 
  96   48.00    7.6690 
  97   48.50    6.8903 
  98   49.00    6.2047 
  99   49.50    5.5996 
 100   50.00    5.0644 
 101   50.50    4.5898 
 102   51.00    4.1679 
 103   51.50    3.7920 
 104   52.00    3.4564 
 105   52.50    3.1561 
 106   53.00    2.8868 
 107   53.50    2.6448 
 108   54.00    2.4270 
 109   54.50    2.2304 
 110   55.00    2.0528 
 111   55.50    1.8920 
 112   56.00    1.7462 
 113   56.50    1.6138 
 114   57.00    1.4933 
 115   57.50    1.3835 
 116   58.00    1.2833 
 117   58.50    1.1917 
 118   59.00    1.1079 
 119   59.50    1.0311 
 120   60.00    0.9606 
 121   60.50    0.8959 
 122   61.00    0.8363 
 123   61.50    0.7815 
 124   62.00    0.7309 
 125   62.50    0.6842 
 126   63.00    0.6411 
 127   63.50    0.6012 
 128   64.00    0.5642 
 129   64.50    0.5300 
 130   65.00    0.4982 
 131   65.50    0.4687 
 132   66.00    0.4412 
 133   66.50    0.4157 
 134   67.00    0.3919 
 135   67.50    0.3698 
 136   68.00    0.3491 
 137   68.50    0.3298 
 138   69.00    0.3118 
 139   69.50    0.2950 
 140   70.00    0.2792 
 141   70.50    0.2644 
 142   71.00    0.2506 
 143   71.50    0.2376 
 144   72.00    0.2255 
 145   72.50    0.2140 
 146   73.00    0.2033 
 147   73.50    0.1932 
 148   74.00    0.1837 
 149   74.50    0.1747 
 150   75.00    0.1663 
 151   75.50    0.1584 
 152   76.00    0.1509 
 153   76.50    0.1438 
 154   77.00    0.1371 
 155   77.50    0.1308 
 156   78.00    0.1248 
 157   78.50    0.1192 
 158   79.00    0.1139 
 159   79.50    0.1088 
 160   80.00    0.1040 
 161   80.50    0.0995 
 162   81.00    0.0952 
 163   81.50    0.0911 
 164   82.00    0.0873 
 165   82.50    0.0836 
 166   83.00    0.0801 
 167   83.50    0.0768 
 168   84.00    0.0736 
 169   84.50    0.0706 
 170   85.00    0.0678 
 171   85.50    0.0651 
 172   86.00    0.0625 
 173   86.50    0.0600 
 174   87.00    0.0577 
 175   87.50    0.0554 
 176   88.00    0.0533 
 177   88.50    0.0513 
 178   89.00    0.0493 
 179   89.50    0.0475 
 180   90.00    0.0457 
 181   90.50    0.0440 
 182   91.00    0.0424 
 183   91.50    0.0408 
 184   92.00    0.0394 
 185   92.50    0.0379 
 186   93.00    0.0366 
 187   93.50    0.0353 
 188   94.00    0.0340 
 189   94.50    0.0328 
 190   95.00    0.0317 
 191   95.50    0.0306 
 192   96.00    0.0296 
 193   96.50    0.0286 
 194   97.00    0.0276 
 195   97.50    0.0267 
 196   98.00    0.0258 
 197   98.50    0.0249 
 198   99.00    0.0241 
 199   99.50    0.0233 
 200  100.00    0.0226 
 201  100.50    0.0218 
 202  101.00    0.0211 
 203  101.50    0.0205 
 204  102.00    0.0198 
 205  102.50    0.0192 
 206  103.00    0.0186 
 207  103.50    0.0180 
 208  104.00    0.0175 
 209  104.50    0.0169 
 210  105.00    0.0164 
 211  105.50    0.0159 
 212  106.00    0.0154 
 213  106.50    0.0150 
 214  107.00    0.0145 
 215  107.50    0.0141 
 216  108.00    0.0137 
 217  108.50    0.0133 
 218  109.00    0.0129 
 219  109.50    0.0125 
 220  110.00    0.0122 
 221  110.50    0.0118 
 222  111.00    0.0115 
 223  111.50    0.0112 
 224  112.00    0.0108 
 225  112.50    0.0105 
 226  113.00    0.0102 
 227  113.50    0.0100 
 228  114.00    0.0097 
 229  114.50    0.0094 
 230  115.00    0.0092 
 231  115.50    0.0089 
 232  116.00    0.0087 
 233  116.50    0.0085 
 234  117.00    0.0082 
 235  117.50    0.0080 
 236  118.00    0.0078 
 237  118.50    0.0076 
 238  119.00    0.0074 
 239  119.50    0.0072 
 240  120.00    0.0070 
 241  120.50    0.0068 
 242  121.00    0.0067 
 243  121.50    0.0065 
 244  122.00    0.0063 
 245  122.50    0.0062 
 246  123.00    0.0060 
 247  123.50    0.0059 
 248  124.00    0.0057 
 249  124.50    0.0056 
 250  125.00    0.0054 
 251  125.50    0.0053 
 252  126.00    0.0052 
 253  126.50    0.0051 
 254  127.00    0.0049 
 255  127.50    0.0048 
 256  128.00    0.0047 
 257  128.50    0.0046 
 258  129.00    0.0045 
 259  129.50    0.0044 
 260  130.00    0.0043 
 261  130.50    0.0042 
 262  131.00    0.0041 
 263  131.50    0.0040 
 264  132.00    0.0039 
 265  132.50    0.0038 
 266  133.00    0.0037 
 267  133.50    0.0036 
 268  134.00    0.0036 
 269  134.50    0.0035 
 270  135.00    0.0034 
 271  135.50    0.0033 
 272  136.00    0.0033 
 273  136.50    0.0032 
 274  137.00    0.0031 
 275  137.50    0.0030 
 276  138.00    0.0030 
 277  138.50    0.0029 
 278  139.00    0.0028 
 279  139.50    0.0028 
 280  140.00    0.0027 
 281  140.50    0.0027 
 282  141.00    0.0026 
 283  141.50    0.0026 
 284  142.00    0.0025 
 285  142.50    0.0025 
 286  143.00    0.0024 
 287  143.50    0.0024 
 288  144.00    0.0023 
 289  144.50    0.0023 
 290  145.00    0.0022 
 291  145.50    0.0022 
 292  146.00    0.0021 
 293  146.50    0.0021 
 294  147.00    0.0020 
 295  147.50    0.0020 
 296  148.00    0.0020 
 297  148.50    0.0019 
 298  149.00    0.0019 
 299  149.50    0.0018 
 300  150.00    0.0018 
