 RORBWin Output File
 *******************
 
 Program version 6.52 (last updated 1st June 2023)
 Copyright Monash University and Hydrology and Risk Consulting
 
 Date run: 08 Aug 2026 22:30

 Vector file       : E:\Library\Automation\ryan-tools\tests\test_data\RORB\Fig6_7.catg
 Storm file        : E:\Library\Automation\ryan-tools\tests\test_data\RORB\areal-example\Fig6_7_ aep0p5EY_du12hourtp3.stm
 Output information: Flows & all input data


 Data checks:
 ************
 Next data to be read & checked:

 Catchment name & reach type flag
 Control vector & storage data
 Code no.  18     7.0 Location read as                             
 Sub-area areas
 Impervious flag
 Initial storm data
 Rainfall burst times
 Pluviograph 1
 Sub-area rainfalls

 Data check completed



 Data:
 ****

 fIGURE 6.7                                                          


 Time data, in increments from initial time
 fIGURE 6.7: 12 hour 0.5EY Design Storm No.3 Temporal Pattern        
 Time increment (hours)=  0.50

                   Start   Finish
 Rainfall times:     0       72


 End of hyeto/hydrographs:   72
 Duration of calculations:  300



 Pre-burst has been applied
 Pluviograph data (time in incs, rainfall in mm, in 
                   increment following time shown)

Includes Pre-burst temporal pattern
         1:Temporal pattern (% of depth
   Time     1
     0     0.02
     1     0.02
     2     0.02
     3     0.02
     4     0.02
     5     0.02
     6     0.01
     7     0.01
     8     0.01
     9     0.01
    10     0.01
    11     0.01
    12     0.01
    13     0.01
    14     0.01
    15     0.01
    16     0.01
    17     0.01
    18     0.03
    19     0.03
    20     0.03
    21     0.03
    22     0.03
    23     0.03
    24     0.01
    25     0.01
    26     0.01
    27     0.01
    28     0.01
    29     0.01
    30     0.01
    31     0.01
    32     0.01
    33     0.01
    34     0.01
    35     0.01
    36     0.02
    37     0.02
    38     0.02
    39     0.02
    40     0.02
    41     0.02
    42     0.02
    43     0.02
    44     0.02
    45     0.02
    46     0.02
    47     0.02
    48     2.74
    49     2.29
    50     2.57
    51     2.61
    52     2.55
    53     3.27
    54     2.24
    55     3.89
    56     4.98
    57     3.15
    58     1.27
    59     1.90
    60     2.19
    61     4.99
    62     2.73
    63     2.17
    64     2.68
    65     3.91
    66     5.51
    67     7.23
    68    10.43
    69    10.61
    70     8.89
    71     5.20

   Total 100.8




 DESIGN run control vector

 Step  Code              Description
   1    1     Add sub-area 'A' inflow & route thru normal storage    1
   2    3     Store hydrograph from step    1; reset hydrograph to zero
   3    1     Add sub-area 'B' inflow & route thru normal storage    2
   4    4     Add h-graph ex step    2 to h-graph ex step    3
   5    5     Route hydrograph thru normal storage    3
   6    3     Store hydrograph from step    5; reset hydrograph to zero
   7    1     Add sub-area 'C' inflow & route thru normal storage    4
   8    4     Add h-graph ex step    6 to h-graph ex step    7
   9    5     Route hydrograph thru normal storage    5
  10    3     Store hydrograph from step    9; reset hydrograph to zero
  11    1     Add sub-area 'D' inflow & route thru normal storage    6
  12    4     Add h-graph ex step   10 to h-graph ex step   11
  13    5     Route hydrograph thru normal storage    7
  14    3     Store hydrograph from step   13; reset hydrograph to zero
  15    1     Add sub-area 'E' inflow & route thru normal storage    8
  16    4     Add h-graph ex step   14 to h-graph ex step   15
  17    5     Route hydrograph thru normal storage    9
  18    7.0   Print hydrograph,                             
  19    0     **********End of control vector**********



 Sub-area data

 Sub-     Area     Dist.
 area      km²      km*
   A    3.00E+01  1.25E+01
   B    2.80E+01  1.15E+01
   C    2.50E+01  9.50E+00
   D    3.50E+01  7.00E+00
   E    4.00E+01  6.00E+00

 Total 1.580E+02

 For whole catchment     ; Av. Dist., km* =       8.98
 For interstation area  1; Av. Dist., km* =       8.98; ISA Factor =   1.000

 * or other function of reach properties related to travel time



 Normal storage data

 Storage   Length   Rel. delay      Type         Slope
   no.       km*       time                     percent 
   1         5.0       0.557       Natural 
   2         4.0       0.445       Natural 
   3         2.5       0.278       Natural 
   4         4.5       0.501       Natural 
   5         2.5       0.278       Natural 
   6         4.5       0.501       Natural 
   7         1.0       0.111       Natural 
   8         4.5       0.501       Natural 
   9         1.5       0.167       Natural 

 * or other function of reach properties related to travel time


 Input of parameters:
 ********************

 fIGURE 6.7                                                          
 DESIGN Run
 fIGURE 6.7: 12 hour 0.5EY Design Storm No.3 Temporal Pattern        
 Time increment = 0.50 hours

 Constant loss model selected



 Rainfall, mm, in time inc. following time shown
 Time               Sub-
      Catch         Area
 Incs ment          A   B   C   D   E

   0   0.0          0   0   0   0   0
   1   0.0          0   0   0   0   0
   2   0.0          0   0   0   0   0
   3   0.0          0   0   0   0   0
   4   0.0          0   0   0   0   0
   5   0.0          0   0   0   0   0
   6   0.0          0   0   0   0   0
   7   0.0          0   0   0   0   0
   8   0.0          0   0   0   0   0
   9   0.0          0   0   0   0   0
  10   0.0          0   0   0   0   0
  11   0.0          0   0   0   0   0
  12   0.0          0   0   0   0   0
  13   0.0          0   0   0   0   0
  14   0.0          0   0   0   0   0
  15   0.0          0   0   0   0   0
  16   0.0          0   0   0   0   0
  17   0.0          0   0   0   0   0
  18   0.0          0   0   0   0   0
  19   0.0          0   0   0   0   0
  20   0.0          0   0   0   0   0
  21   0.0          0   0   0   0   0
  22   0.0          0   0   0   0   0
  23   0.0          0   0   0   0   0
  24   0.0          0   0   0   0   0
  25   0.0          0   0   0   0   0
  26   0.0          0   0   0   0   0
  27   0.0          0   0   0   0   0
  28   0.0          0   0   0   0   0
  29   0.0          0   0   0   0   0
  30   0.0          0   0   0   0   0
  31   0.0          0   0   0   0   0
  32   0.0          0   0   0   0   0
  33   0.0          0   0   0   0   0
  34   0.0          0   0   0   0   0
  35   0.0          0   0   0   0   0
  36   0.0          0   0   0   0   0
  37   0.0          0   0   0   0   0
  38   0.0          0   0   0   0   0
  39   0.0          0   0   0   0   0
  40   0.0          0   0   0   0   0
  41   0.0          0   0   0   0   0
  42   0.0          0   0   0   0   0
  43   0.0          0   0   0   0   0
  44   0.0          0   0   0   0   0
  45   0.0          0   0   0   0   0
  46   0.0          0   0   0   0   0
  47   0.0          0   0   0   0   0
  48   1.1          1   1   1   1   1
  49   0.9          1   1   1   1   1
  50   1.1          1   1   1   1   1
  51   1.1          1   1   1   1   1
  52   1.1          1   1   1   1   1
  53   1.4          1   1   1   1   1
  54   0.9          1   1   1   1   1
  55   1.6          2   2   2   2   2
  56   2.1          2   2   2   2   2
  57   1.3          1   1   1   1   1
  58   0.5          1   1   1   1   1
  59   0.8          1   1   1   1   1
  60   0.9          1   1   1   1   1
  61   2.1          2   2   2   2   2
  62   1.1          1   1   1   1   1
  63   0.9          1   1   1   1   1
  64   1.1          1   1   1   1   1
  65   1.6          2   2   2   2   2
  66   2.3          2   2   2   2   2
  67   3.0          3   3   3   3   3
  68   4.3          4   4   4   4   4
  69   4.4          4   4   4   4   4
  70   3.7          4   4   4   4   4
  71   2.2          2   2   2   2   2

 Tot. 41.7         42  42  42  42  42
 Pluvi. ref. no.    1   1   1   1   1




 Rainfall-excess, mm, in time inc. following time shown
 Time               Sub-
      Catch         Area
 Incs ment          A   B   C   D   E

   0   0.0          0   0   0   0   0
   1   0.0          0   0   0   0   0
   2   0.0          0   0   0   0   0
   3   0.0          0   0   0   0   0
   4   0.0          0   0   0   0   0
   5   0.0          0   0   0   0   0
   6   0.0          0   0   0   0   0
   7   0.0          0   0   0   0   0
   8   0.0          0   0   0   0   0
   9   0.0          0   0   0   0   0
  10   0.0          0   0   0   0   0
  11   0.0          0   0   0   0   0
  12   0.0          0   0   0   0   0
  13   0.0          0   0   0   0   0
  14   0.0          0   0   0   0   0
  15   0.0          0   0   0   0   0
  16   0.0          0   0   0   0   0
  17   0.0          0   0   0   0   0
  18   0.0          0   0   0   0   0
  19   0.0          0   0   0   0   0
  20   0.0          0   0   0   0   0
  21   0.0          0   0   0   0   0
  22   0.0          0   0   0   0   0
  23   0.0          0   0   0   0   0
  24   0.0          0   0   0   0   0
  25   0.0          0   0   0   0   0
  26   0.0          0   0   0   0   0
  27   0.0          0   0   0   0   0
  28   0.0          0   0   0   0   0
  29   0.0          0   0   0   0   0
  30   0.0          0   0   0   0   0
  31   0.0          0   0   0   0   0
  32   0.0          0   0   0   0   0
  33   0.0          0   0   0   0   0
  34   0.0          0   0   0   0   0
  35   0.0          0   0   0   0   0
  36   0.0          0   0   0   0   0
  37   0.0          0   0   0   0   0
  38   0.0          0   0   0   0   0
  39   0.0          0   0   0   0   0
  40   0.0          0   0   0   0   0
  41   0.0          0   0   0   0   0
  42   0.0          0   0   0   0   0
  43   0.0          0   0   0   0   0
  44   0.0          0   0   0   0   0
  45   0.0          0   0   0   0   0
  46   0.0          0   0   0   0   0
  47   0.0          0   0   0   0   0
  48   0.0          0   0   0   0   0
  49   0.0          0   0   0   0   0
  50   0.0          0   0   0   0   0
  51   0.0          0   0   0   0   0
  52   0.0          0   0   0   0   0
  53   0.0          0   0   0   0   0
  54   0.0          0   0   0   0   0
  55   0.0          0   0   0   0   0
  56   0.0          0   0   0   0   0
  57   0.0          0   0   0   0   0
  58   0.0          0   0   0   0   0
  59   0.0          0   0   0   0   0
  60   0.0          0   0   0   0   0
  61   1.1          1   1   1   1   1
  62   0.2          0   0   0   0   0
  63   0.0          0   0   0   0   0
  64   0.2          0   0   0   0   0
  65   0.7          1   1   1   1   1
  66   1.3          1   1   1   1   1
  67   2.0          2   2   2   2   2
  68   3.4          3   3   3   3   3
  69   3.4          3   3   3   3   3
  70   2.7          3   3   3   3   3
  71   1.2          1   1   1   1   1

 Tot. 16.3         16  16  16  16  16



 Routing results:
 ****************
 fIGURE 6.7                                                          
 fIGURE 6.7: 12 hour 0.5EY Design Storm No.3 Temporal Pattern        
 DESIGN run no.  1


 Parameters:  kc =    10.00    m = 0.80

 Loss parameters     Initial loss (mm)   Cont. loss (mm/h)
                           12.00              1.90



 *** Calculated hydrograph,                                      

                           Hydrograph
                          Calc.          
 Peak discharge,m³/s     104.4
 Time to peak,h           37.0
 Volume,m³            2.58E+06
 Time to centroid,h       40.1
 Lag (c.m. to c.m.),h     6.00
 Lag to peak,h            2.87


 Hydrograph summary
 ******************

 Site  Description
   01  Calculated hydrograph,

 Inc    Time   Hyd0001
   0    0.00     0.000 
   1    0.50     0.000 
   2    1.00     0.000 
   3    1.50     0.000 
   4    2.00     0.000 
   5    2.50     0.000 
   6    3.00     0.000 
   7    3.50     0.000 
   8    4.00     0.000 
   9    4.50     0.000 
  10    5.00     0.000 
  11    5.50     0.000 
  12    6.00     0.000 
  13    6.50     0.000 
  14    7.00     0.000 
  15    7.50     0.000 
  16    8.00     0.000 
  17    8.50     0.000 
  18    9.00     0.000 
  19    9.50     0.000 
  20   10.00     0.000 
  21   10.50     0.000 
  22   11.00     0.000 
  23   11.50     0.000 
  24   12.00     0.000 
  25   12.50     0.000 
  26   13.00     0.000 
  27   13.50     0.000 
  28   14.00     0.000 
  29   14.50     0.000 
  30   15.00     0.000 
  31   15.50     0.000 
  32   16.00     0.000 
  33   16.50     0.000 
  34   17.00     0.000 
  35   17.50     0.000 
  36   18.00     0.000 
  37   18.50     0.000 
  38   19.00     0.000 
  39   19.50     0.000 
  40   20.00     0.000 
  41   20.50     0.000 
  42   21.00     0.000 
  43   21.50     0.000 
  44   22.00     0.000 
  45   22.50     0.000 
  46   23.00     0.000 
  47   23.50     0.000 
  48   24.00     0.000 
  49   24.50     0.000 
  50   25.00     0.000 
  51   25.50     0.000 
  52   26.00     0.000 
  53   26.50     0.000 
  54   27.00     0.000 
  55   27.50     0.000 
  56   28.00     0.000 
  57   28.50     0.000 
  58   29.00     0.000 
  59   29.50     0.000 
  60   30.00     0.000 
  61   30.50     0.000 
  62   31.00     0.121 
  63   31.50     0.782 
  64   32.00     1.914 
  65   32.50     3.030 
  66   33.00     4.244 
  67   33.50     6.405 
  68   34.00    10.854 
  69   34.50    19.974 
  70   35.00    36.201 
  71   35.50    58.698 
  72   36.00    81.684 
  73   36.50    97.882 
  74   37.00   104.415 
  75   37.50   103.561 
  76   38.00    98.466 
  77   38.50    91.022 
  78   39.00    82.428 
  79   39.50    73.526 
  80   40.00    64.892 
  81   40.50    56.873 
  82   41.00    49.638 
  83   41.50    43.232 
  84   42.00    37.630 
  85   42.50    32.772 
  86   43.00    28.583 
  87   43.50    24.980 
  88   44.00    21.880 
  89   44.50    19.211 
  90   45.00    16.909 
  91   45.50    14.923 
  92   46.00    13.209 
  93   46.50    11.724 
  94   47.00    10.434 
  95   47.50     9.311 
  96   48.00     8.329 
  97   48.50     7.469 
  98   49.00     6.713 
  99   49.50     6.048 
 100   50.00     5.461 
 101   50.50     4.942 
 102   51.00     4.481 
 103   51.50     4.071 
 104   52.00     3.706 
 105   52.50     3.379 
 106   53.00     3.087 
 107   53.50     2.825 
 108   54.00     2.589 
 109   54.50     2.377 
 110   55.00     2.185 
 111   55.50     2.012 
 112   56.00     1.855 
 113   56.50     1.713 
 114   57.00     1.584 
 115   57.50     1.466 
 116   58.00     1.359 
 117   58.50     1.261 
 118   59.00     1.171 
 119   59.50     1.089 
 120   60.00     1.014 
 121   60.50     0.945 
 122   61.00     0.881 
 123   61.50     0.823 
 124   62.00     0.769 
 125   62.50     0.720 
 126   63.00     0.674 
 127   63.50     0.631 
 128   64.00     0.592 
 129   64.50     0.556 
 130   65.00     0.522 
 131   65.50     0.491 
 132   66.00     0.462 
 133   66.50     0.435 
 134   67.00     0.410 
 135   67.50     0.387 
 136   68.00     0.365 
 137   68.50     0.345 
 138   69.00     0.326 
 139   69.50     0.308 
 140   70.00     0.291 
 141   70.50     0.276 
 142   71.00     0.261 
 143   71.50     0.248 
 144   72.00     0.235 
 145   72.50     0.223 
 146   73.00     0.211 
 147   73.50     0.201 
 148   74.00     0.191 
 149   74.50     0.182 
 150   75.00     0.173 
 151   75.50     0.164 
 152   76.00     0.157 
 153   76.50     0.149 
 154   77.00     0.142 
 155   77.50     0.136 
 156   78.00     0.129 
 157   78.50     0.124 
 158   79.00     0.118 
 159   79.50     0.113 
 160   80.00     0.108 
 161   80.50     0.103 
 162   81.00     0.098 
 163   81.50     0.094 
 164   82.00     0.090 
 165   82.50     0.086 
 166   83.00     0.083 
 167   83.50     0.079 
 168   84.00     0.076 
 169   84.50     0.073 
 170   85.00     0.070 
 171   85.50     0.067 
 172   86.00     0.064 
 173   86.50     0.062 
 174   87.00     0.059 
 175   87.50     0.057 
 176   88.00     0.055 
 177   88.50     0.053 
 178   89.00     0.051 
 179   89.50     0.049 
 180   90.00     0.047 
 181   90.50     0.045 
 182   91.00     0.044 
 183   91.50     0.042 
 184   92.00     0.040 
 185   92.50     0.039 
 186   93.00     0.038 
 187   93.50     0.036 
 188   94.00     0.035 
 189   94.50     0.034 
 190   95.00     0.033 
 191   95.50     0.031 
 192   96.00     0.030 
 193   96.50     0.029 
 194   97.00     0.028 
 195   97.50     0.027 
 196   98.00     0.026 
 197   98.50     0.026 
 198   99.00     0.025 
 199   99.50     0.024 
 200  100.00     0.023 
 201  100.50     0.022 
 202  101.00     0.022 
 203  101.50     0.021 
 204  102.00     0.020 
 205  102.50     0.020 
 206  103.00     0.019 
 207  103.50     0.018 
 208  104.00     0.018 
 209  104.50     0.017 
 210  105.00     0.017 
 211  105.50     0.016 
 212  106.00     0.016 
 213  106.50     0.015 
 214  107.00     0.015 
 215  107.50     0.014 
 216  108.00     0.014 
 217  108.50     0.014 
 218  109.00     0.013 
 219  109.50     0.013 
 220  110.00     0.012 
 221  110.50     0.012 
 222  111.00     0.012 
 223  111.50     0.011 
 224  112.00     0.011 
 225  112.50     0.011 
 226  113.00     0.010 
 227  113.50     0.010 
 228  114.00     0.010 
 229  114.50     0.010 
 230  115.00     0.009 
 231  115.50     0.009 
 232  116.00     0.009 
 233  116.50     0.009 
 234  117.00     0.008 
 235  117.50     0.008 
 236  118.00     0.008 
 237  118.50     0.008 
 238  119.00     0.008 
 239  119.50     0.007 
 240  120.00     0.007 
 241  120.50     0.007 
 242  121.00     0.007 
 243  121.50     0.007 
 244  122.00     0.006 
 245  122.50     0.006 
 246  123.00     0.006 
 247  123.50     0.006 
 248  124.00     0.006 
 249  124.50     0.006 
 250  125.00     0.006 
 251  125.50     0.005 
 252  126.00     0.005 
 253  126.50     0.005 
 254  127.00     0.005 
 255  127.50     0.005 
 256  128.00     0.005 
 257  128.50     0.005 
 258  129.00     0.005 
 259  129.50     0.004 
 260  130.00     0.004 
 261  130.50     0.004 
 262  131.00     0.004 
 263  131.50     0.004 
 264  132.00     0.004 
 265  132.50     0.004 
 266  133.00     0.004 
 267  133.50     0.004 
 268  134.00     0.004 
 269  134.50     0.004 
 270  135.00     0.003 
 271  135.50     0.003 
 272  136.00     0.003 
 273  136.50     0.003 
 274  137.00     0.003 
 275  137.50     0.003 
 276  138.00     0.003 
 277  138.50     0.003 
 278  139.00     0.003 
 279  139.50     0.003 
 280  140.00     0.003 
 281  140.50     0.003 
 282  141.00     0.003 
 283  141.50     0.003 
 284  142.00     0.003 
 285  142.50     0.002 
 286  143.00     0.002 
 287  143.50     0.002 
 288  144.00     0.002 
 289  144.50     0.002 
 290  145.00     0.002 
 291  145.50     0.002 
 292  146.00     0.002 
 293  146.50     0.002 
 294  147.00     0.002 
 295  147.50     0.002 
 296  148.00     0.002 
 297  148.50     0.002 
 298  149.00     0.002 
 299  149.50     0.002 
 300  150.00     0.002 
