 RORBWin Output File
 *******************
 
 Program version 6.52 (last updated 1st June 2023)
 Copyright Monash University and Hydrology and Risk Consulting
 
 Date run: 08 Aug 2026 22:30

 Vector file       : E:\Library\Automation\ryan-tools\tests\test_data\RORB\Fig6_7.catg
 Storm file        : E:\Library\Automation\ryan-tools\tests\test_data\RORB\areal-example\Fig6_7_ aep2_du12hourtp10.stm
 Output information: Flows & all input data


 Data checks:
 ************
 Next data to be read & checked:

 Catchment name & reach type flag
 Control vector & storage data
 Code no.  18     7.0 Location read as                             
 Sub-area areas
 Impervious flag
 Initial storm data
 Rainfall burst times
 Pluviograph 1
 Sub-area rainfalls

 Data check completed



 Data:
 ****

 fIGURE 6.7                                                          


 Time data, in increments from initial time
 fIGURE 6.7: 12 hour 2% Design Storm No.* Temporal Pattern           
 Time increment (hours)=  0.50

                   Start   Finish
 Rainfall times:     0       72


 End of hyeto/hydrographs:   72
 Duration of calculations:  300



 Pre-burst has been applied
 Pluviograph data (time in incs, rainfall in mm, in 
                   increment following time shown)

Includes Pre-burst temporal pattern
         1:Temporal pattern (% of depth
   Time     1
     0     0.12
     1     0.12
     2     0.12
     3     0.12
     4     0.12
     5     0.12
     6     0.10
     7     0.10
     8     0.10
     9     0.10
    10     0.10
    11     0.10
    12     0.05
    13     0.05
    14     0.05
    15     0.05
    16     0.05
    17     0.05
    18     0.22
    19     0.22
    20     0.22
    21     0.22
    22     0.22
    23     0.22
    24     0.06
    25     0.06
    26     0.06
    27     0.06
    28     0.06
    29     0.06
    30     0.12
    31     0.12
    32     0.12
    33     0.12
    34     0.12
    35     0.12
    36     0.13
    37     0.13
    38     0.13
    39     0.13
    40     0.13
    41     0.13
    42     0.16
    43     0.16
    44     0.16
    45     0.16
    46     0.16
    47     0.16
    48     3.17
    49     3.96
    50     4.77
    51     5.07
    52     3.71
    53     2.95
    54     3.39
    55     3.40
    56     3.76
    57     2.60
    58     2.87
    59     5.88
    60     6.52
    61     6.00
    62     5.41
    63     4.67
    64     5.26
    65     3.17
    66     3.12
    67     4.21
    68     4.24
    69     7.78
    70     2.38
    71     1.71

   Total 105.8




 DESIGN run control vector

 Step  Code              Description
   1    1     Add sub-area 'A' inflow & route thru normal storage    1
   2    3     Store hydrograph from step    1; reset hydrograph to zero
   3    1     Add sub-area 'B' inflow & route thru normal storage    2
   4    4     Add h-graph ex step    2 to h-graph ex step    3
   5    5     Route hydrograph thru normal storage    3
   6    3     Store hydrograph from step    5; reset hydrograph to zero
   7    1     Add sub-area 'C' inflow & route thru normal storage    4
   8    4     Add h-graph ex step    6 to h-graph ex step    7
   9    5     Route hydrograph thru normal storage    5
  10    3     Store hydrograph from step    9; reset hydrograph to zero
  11    1     Add sub-area 'D' inflow & route thru normal storage    6
  12    4     Add h-graph ex step   10 to h-graph ex step   11
  13    5     Route hydrograph thru normal storage    7
  14    3     Store hydrograph from step   13; reset hydrograph to zero
  15    1     Add sub-area 'E' inflow & route thru normal storage    8
  16    4     Add h-graph ex step   14 to h-graph ex step   15
  17    5     Route hydrograph thru normal storage    9
  18    7.0   Print hydrograph,                             
  19    0     **********End of control vector**********



 Sub-area data

 Sub-     Area     Dist.
 area      km²      km*
   A    3.00E+01  1.25E+01
   B    2.80E+01  1.15E+01
   C    2.50E+01  9.50E+00
   D    3.50E+01  7.00E+00
   E    4.00E+01  6.00E+00

 Total 1.580E+02

 For whole catchment     ; Av. Dist., km* =       8.98
 For interstation area  1; Av. Dist., km* =       8.98; ISA Factor =   1.000

 * or other function of reach properties related to travel time



 Normal storage data

 Storage   Length   Rel. delay      Type         Slope
   no.       km*       time                     percent 
   1         5.0       0.557       Natural 
   2         4.0       0.445       Natural 
   3         2.5       0.278       Natural 
   4         4.5       0.501       Natural 
   5         2.5       0.278       Natural 
   6         4.5       0.501       Natural 
   7         1.0       0.111       Natural 
   8         4.5       0.501       Natural 
   9         1.5       0.167       Natural 

 * or other function of reach properties related to travel time


 Input of parameters:
 ********************

 fIGURE 6.7                                                          
 DESIGN Run
 fIGURE 6.7: 12 hour 2% Design Storm No.* Temporal Pattern           
 Time increment = 0.50 hours

 Constant loss model selected



 Rainfall, mm, in time inc. following time shown
 Time               Sub-
      Catch         Area
 Incs ment          A   B   C   D   E

   0   0.1          0   0   0   0   0
   1   0.1          0   0   0   0   0
   2   0.1          0   0   0   0   0
   3   0.1          0   0   0   0   0
   4   0.1          0   0   0   0   0
   5   0.1          0   0   0   0   0
   6   0.1          0   0   0   0   0
   7   0.1          0   0   0   0   0
   8   0.1          0   0   0   0   0
   9   0.1          0   0   0   0   0
  10   0.1          0   0   0   0   0
  11   0.1          0   0   0   0   0
  12   0.0          0   0   0   0   0
  13   0.0          0   0   0   0   0
  14   0.0          0   0   0   0   0
  15   0.0          0   0   0   0   0
  16   0.0          0   0   0   0   0
  17   0.0          0   0   0   0   0
  18   0.2          0   0   0   0   0
  19   0.2          0   0   0   0   0
  20   0.2          0   0   0   0   0
  21   0.2          0   0   0   0   0
  22   0.2          0   0   0   0   0
  23   0.2          0   0   0   0   0
  24   0.0          0   0   0   0   0
  25   0.0          0   0   0   0   0
  26   0.0          0   0   0   0   0
  27   0.0          0   0   0   0   0
  28   0.0          0   0   0   0   0
  29   0.0          0   0   0   0   0
  30   0.1          0   0   0   0   0
  31   0.1          0   0   0   0   0
  32   0.1          0   0   0   0   0
  33   0.1          0   0   0   0   0
  34   0.1          0   0   0   0   0
  35   0.1          0   0   0   0   0
  36   0.1          0   0   0   0   0
  37   0.1          0   0   0   0   0
  38   0.1          0   0   0   0   0
  39   0.1          0   0   0   0   0
  40   0.1          0   0   0   0   0
  41   0.1          0   0   0   0   0
  42   0.1          0   0   0   0   0
  43   0.1          0   0   0   0   0
  44   0.1          0   0   0   0   0
  45   0.1          0   0   0   0   0
  46   0.1          0   0   0   0   0
  47   0.1          0   0   0   0   0
  48   2.6          3   3   3   3   3
  49   3.2          3   3   3   3   3
  50   3.9          4   4   4   4   4
  51   4.1          4   4   4   4   4
  52   3.0          3   3   3   3   3
  53   2.4          2   2   2   2   2
  54   2.8          3   3   3   3   3
  55   2.8          3   3   3   3   3
  56   3.1          3   3   3   3   3
  57   2.1          2   2   2   2   2
  58   2.3          2   2   2   2   2
  59   4.8          5   5   5   5   5
  60   5.3          5   5   5   5   5
  61   4.9          5   5   5   5   5
  62   4.4          4   4   4   4   4
  63   3.8          4   4   4   4   4
  64   4.3          4   4   4   4   4
  65   2.6          3   3   3   3   3
  66   2.5          3   3   3   3   3
  67   3.4          3   3   3   3   3
  68   3.4          3   3   3   3   3
  69   6.3          6   6   6   6   6
  70   1.9          2   2   2   2   2
  71   1.4          1   1   1   1   1

 Tot. 85.9         86  86  86  86  86
 Pluvi. ref. no.    1   1   1   1   1




 Rainfall-excess, mm, in time inc. following time shown
 Time               Sub-
      Catch         Area
 Incs ment          A   B   C   D   E

   0   0.0          0   0   0   0   0
   1   0.0          0   0   0   0   0
   2   0.0          0   0   0   0   0
   3   0.0          0   0   0   0   0
   4   0.0          0   0   0   0   0
   5   0.0          0   0   0   0   0
   6   0.0          0   0   0   0   0
   7   0.0          0   0   0   0   0
   8   0.0          0   0   0   0   0
   9   0.0          0   0   0   0   0
  10   0.0          0   0   0   0   0
  11   0.0          0   0   0   0   0
  12   0.0          0   0   0   0   0
  13   0.0          0   0   0   0   0
  14   0.0          0   0   0   0   0
  15   0.0          0   0   0   0   0
  16   0.0          0   0   0   0   0
  17   0.0          0   0   0   0   0
  18   0.0          0   0   0   0   0
  19   0.0          0   0   0   0   0
  20   0.0          0   0   0   0   0
  21   0.0          0   0   0   0   0
  22   0.0          0   0   0   0   0
  23   0.0          0   0   0   0   0
  24   0.0          0   0   0   0   0
  25   0.0          0   0   0   0   0
  26   0.0          0   0   0   0   0
  27   0.0          0   0   0   0   0
  28   0.0          0   0   0   0   0
  29   0.0          0   0   0   0   0
  30   0.0          0   0   0   0   0
  31   0.0          0   0   0   0   0
  32   0.0          0   0   0   0   0
  33   0.0          0   0   0   0   0
  34   0.0          0   0   0   0   0
  35   0.0          0   0   0   0   0
  36   0.0          0   0   0   0   0
  37   0.0          0   0   0   0   0
  38   0.0          0   0   0   0   0
  39   0.0          0   0   0   0   0
  40   0.0          0   0   0   0   0
  41   0.0          0   0   0   0   0
  42   0.0          0   0   0   0   0
  43   0.0          0   0   0   0   0
  44   0.0          0   0   0   0   0
  45   0.0          0   0   0   0   0
  46   0.0          0   0   0   0   0
  47   0.0          0   0   0   0   0
  48   0.0          0   0   0   0   0
  49   0.0          0   0   0   0   0
  50   1.4          1   1   1   1   1
  51   3.2          3   3   3   3   3
  52   2.1          2   2   2   2   2
  53   1.4          1   1   1   1   1
  54   1.8          2   2   2   2   2
  55   1.8          2   2   2   2   2
  56   2.1          2   2   2   2   2
  57   1.2          1   1   1   1   1
  58   1.4          1   1   1   1   1
  59   3.8          4   4   4   4   4
  60   4.3          4   4   4   4   4
  61   3.9          4   4   4   4   4
  62   3.4          3   3   3   3   3
  63   2.8          3   3   3   3   3
  64   3.3          3   3   3   3   3
  65   1.6          2   2   2   2   2
  66   1.6          2   2   2   2   2
  67   2.5          2   2   2   2   2
  68   2.5          2   2   2   2   2
  69   5.4          5   5   5   5   5
  70   1.0          1   1   1   1   1
  71   0.4          0   0   0   0   0

 Tot. 53.0         53  53  53  53  53



 Routing results:
 ****************
 fIGURE 6.7                                                          
 fIGURE 6.7: 12 hour 2% Design Storm No.* Temporal Pattern           
 DESIGN run no.  1


 Parameters:  kc =    10.00    m = 0.80

 Loss parameters     Initial loss (mm)   Cont. loss (mm/h)
                           12.00              1.90



 *** Calculated hydrograph,                                      

                           Hydrograph
                          Calc.          
 Peak discharge,m³/s     234.3
 Time to peak,h           35.5
 Volume,m³            8.39E+06
 Time to centroid,h       35.6
 Lag (c.m. to c.m.),h     4.95
 Lag to peak,h            4.84


 Hydrograph summary
 ******************

 Site  Description
   01  Calculated hydrograph,

 Inc    Time   Hyd0001
   0    0.00     0.000 
   1    0.50     0.000 
   2    1.00     0.000 
   3    1.50     0.000 
   4    2.00     0.000 
   5    2.50     0.000 
   6    3.00     0.000 
   7    3.50     0.000 
   8    4.00     0.000 
   9    4.50     0.000 
  10    5.00     0.000 
  11    5.50     0.000 
  12    6.00     0.000 
  13    6.50     0.000 
  14    7.00     0.000 
  15    7.50     0.000 
  16    8.00     0.000 
  17    8.50     0.000 
  18    9.00     0.000 
  19    9.50     0.000 
  20   10.00     0.000 
  21   10.50     0.000 
  22   11.00     0.000 
  23   11.50     0.000 
  24   12.00     0.000 
  25   12.50     0.000 
  26   13.00     0.000 
  27   13.50     0.000 
  28   14.00     0.000 
  29   14.50     0.000 
  30   15.00     0.000 
  31   15.50     0.000 
  32   16.00     0.000 
  33   16.50     0.000 
  34   17.00     0.000 
  35   17.50     0.000 
  36   18.00     0.000 
  37   18.50     0.000 
  38   19.00     0.000 
  39   19.50     0.000 
  40   20.00     0.000 
  41   20.50     0.000 
  42   21.00     0.000 
  43   21.50     0.000 
  44   22.00     0.000 
  45   22.50     0.000 
  46   23.00     0.000 
  47   23.50     0.000 
  48   24.00     0.000 
  49   24.50     0.000 
  50   25.00     0.000 
  51   25.50     0.176 
  52   26.00     2.239 
  53   26.50     9.396 
  54   27.00    21.397 
  55   27.50    35.166 
  56   28.00    49.313 
  57   28.50    63.982 
  58   29.00    78.194 
  59   29.50    89.933 
  60   30.00   101.585 
  61   30.50   119.379 
  62   31.00   144.306 
  63   31.50   171.327 
  64   32.00   195.188 
  65   32.50   214.080 
  66   33.00   227.064 
  67   33.50   231.459 
  68   34.00   229.264 
  69   34.50   226.050 
  70   35.00   227.862 
  71   35.50   234.300 
  72   36.00   233.503 
  73   36.50   220.359 
  74   37.00   200.182 
  75   37.50   177.519 
  76   38.00   154.973 
  77   38.50   133.840 
  78   39.00   114.770 
  79   39.50    98.018 
  80   40.00    83.574 
  81   40.50    71.275 
  82   41.00    60.874 
  83   41.50    52.106 
  84   42.00    44.722 
  85   42.50    38.504 
  86   43.00    33.258 
  87   43.50    28.822 
  88   44.00    25.066 
  89   44.50    21.879 
  90   45.00    19.165 
  91   45.50    16.844 
  92   46.00    14.854 
  93   46.50    13.140 
  94   47.00    11.660 
  95   47.50    10.376 
  96   48.00     9.260 
  97   48.50     8.286 
  98   49.00     7.433 
  99   49.50     6.684 
 100   50.00     6.025 
 101   50.50     5.443 
 102   51.00     4.928 
 103   51.50     4.471 
 104   52.00     4.064 
 105   52.50     3.701 
 106   53.00     3.377 
 107   53.50     3.086 
 108   54.00     2.825 
 109   54.50     2.590 
 110   55.00     2.379 
 111   55.50     2.188 
 112   56.00     2.015 
 113   56.50     1.858 
 114   57.00     1.716 
 115   57.50     1.587 
 116   58.00     1.469 
 117   58.50     1.362 
 118   59.00     1.263 
 119   59.50     1.174 
 120   60.00     1.092 
 121   60.50     1.016 
 122   61.00     0.947 
 123   61.50     0.884 
 124   62.00     0.825 
 125   62.50     0.771 
 126   63.00     0.722 
 127   63.50     0.676 
 128   64.00     0.633 
 129   64.50     0.594 
 130   65.00     0.558 
 131   65.50     0.524 
 132   66.00     0.493 
 133   66.50     0.464 
 134   67.00     0.437 
 135   67.50     0.411 
 136   68.00     0.388 
 137   68.50     0.366 
 138   69.00     0.346 
 139   69.50     0.327 
 140   70.00     0.309 
 141   70.50     0.292 
 142   71.00     0.277 
 143   71.50     0.262 
 144   72.00     0.248 
 145   72.50     0.236 
 146   73.00     0.224 
 147   73.50     0.212 
 148   74.00     0.202 
 149   74.50     0.192 
 150   75.00     0.182 
 151   75.50     0.173 
 152   76.00     0.165 
 153   76.50     0.157 
 154   77.00     0.150 
 155   77.50     0.143 
 156   78.00     0.136 
 157   78.50     0.130 
 158   79.00     0.124 
 159   79.50     0.118 
 160   80.00     0.113 
 161   80.50     0.108 
 162   81.00     0.103 
 163   81.50     0.099 
 164   82.00     0.095 
 165   82.50     0.091 
 166   83.00     0.087 
 167   83.50     0.083 
 168   84.00     0.080 
 169   84.50     0.076 
 170   85.00     0.073 
 171   85.50     0.070 
 172   86.00     0.067 
 173   86.50     0.065 
 174   87.00     0.062 
 175   87.50     0.060 
 176   88.00     0.057 
 177   88.50     0.055 
 178   89.00     0.053 
 179   89.50     0.051 
 180   90.00     0.049 
 181   90.50     0.047 
 182   91.00     0.045 
 183   91.50     0.044 
 184   92.00     0.042 
 185   92.50     0.041 
 186   93.00     0.039 
 187   93.50     0.038 
 188   94.00     0.036 
 189   94.50     0.035 
 190   95.00     0.034 
 191   95.50     0.033 
 192   96.00     0.032 
 193   96.50     0.030 
 194   97.00     0.029 
 195   97.50     0.028 
 196   98.00     0.027 
 197   98.50     0.027 
 198   99.00     0.026 
 199   99.50     0.025 
 200  100.00     0.024 
 201  100.50     0.023 
 202  101.00     0.022 
 203  101.50     0.022 
 204  102.00     0.021 
 205  102.50     0.020 
 206  103.00     0.020 
 207  103.50     0.019 
 208  104.00     0.019 
 209  104.50     0.018 
 210  105.00     0.017 
 211  105.50     0.017 
 212  106.00     0.016 
 213  106.50     0.016 
 214  107.00     0.015 
 215  107.50     0.015 
 216  108.00     0.014 
 217  108.50     0.014 
 218  109.00     0.014 
 219  109.50     0.013 
 220  110.00     0.013 
 221  110.50     0.012 
 222  111.00     0.012 
 223  111.50     0.012 
 224  112.00     0.011 
 225  112.50     0.011 
 226  113.00     0.011 
 227  113.50     0.011 
 228  114.00     0.010 
 229  114.50     0.010 
 230  115.00     0.010 
 231  115.50     0.009 
 232  116.00     0.009 
 233  116.50     0.009 
 234  117.00     0.009 
 235  117.50     0.008 
 236  118.00     0.008 
 237  118.50     0.008 
 238  119.00     0.008 
 239  119.50     0.008 
 240  120.00     0.007 
 241  120.50     0.007 
 242  121.00     0.007 
 243  121.50     0.007 
 244  122.00     0.007 
 245  122.50     0.006 
 246  123.00     0.006 
 247  123.50     0.006 
 248  124.00     0.006 
 249  124.50     0.006 
 250  125.00     0.006 
 251  125.50     0.006 
 252  126.00     0.005 
 253  126.50     0.005 
 254  127.00     0.005 
 255  127.50     0.005 
 256  128.00     0.005 
 257  128.50     0.005 
 258  129.00     0.005 
 259  129.50     0.005 
 260  130.00     0.004 
 261  130.50     0.004 
 262  131.00     0.004 
 263  131.50     0.004 
 264  132.00     0.004 
 265  132.50     0.004 
 266  133.00     0.004 
 267  133.50     0.004 
 268  134.00     0.004 
 269  134.50     0.004 
 270  135.00     0.004 
 271  135.50     0.003 
 272  136.00     0.003 
 273  136.50     0.003 
 274  137.00     0.003 
 275  137.50     0.003 
 276  138.00     0.003 
 277  138.50     0.003 
 278  139.00     0.003 
 279  139.50     0.003 
 280  140.00     0.003 
 281  140.50     0.003 
 282  141.00     0.003 
 283  141.50     0.003 
 284  142.00     0.003 
 285  142.50     0.003 
 286  143.00     0.002 
 287  143.50     0.002 
 288  144.00     0.002 
 289  144.50     0.002 
 290  145.00     0.002 
 291  145.50     0.002 
 292  146.00     0.002 
 293  146.50     0.002 
 294  147.00     0.002 
 295  147.50     0.002 
 296  148.00     0.002 
 297  148.50     0.002 
 298  149.00     0.002 
 299  149.50     0.002 
 300  150.00     0.002 
