 RORBWin Output File
 *******************
 
 Program version 6.52 (last updated 1st June 2023)
 Copyright Monash University and Hydrology and Risk Consulting
 
 Date run: 08 Aug 2026 22:30

 Vector file       : E:\Library\Automation\ryan-tools\tests\test_data\RORB\Fig6_7.catg
 Storm file        : E:\Library\Automation\ryan-tools\tests\test_data\RORB\areal-example\Fig6_7_ aep1_du12hourtp4.stm
 Output information: Flows & all input data


 Data checks:
 ************
 Next data to be read & checked:

 Catchment name & reach type flag
 Control vector & storage data
 Code no.  18     7.0 Location read as                             
 Sub-area areas
 Impervious flag
 Initial storm data
 Rainfall burst times
 Pluviograph 1
 Sub-area rainfalls

 Data check completed



 Data:
 ****

 fIGURE 6.7                                                          


 Time data, in increments from initial time
 fIGURE 6.7: 12 hour 1% Design Storm No.4 Temporal Pattern           
 Time increment (hours)=  0.50

                   Start   Finish
 Rainfall times:     0       72


 End of hyeto/hydrographs:   72
 Duration of calculations:  300



 Pre-burst has been applied
 Pluviograph data (time in incs, rainfall in mm, in 
                   increment following time shown)

Includes Pre-burst temporal pattern
         1:Temporal pattern (% of depth
   Time     1
     0     0.16
     1     0.16
     2     0.16
     3     0.16
     4     0.16
     5     0.16
     6     0.14
     7     0.14
     8     0.14
     9     0.14
    10     0.14
    11     0.14
    12     0.07
    13     0.07
    14     0.07
    15     0.07
    16     0.07
    17     0.07
    18     0.30
    19     0.30
    20     0.30
    21     0.30
    22     0.30
    23     0.30
    24     0.08
    25     0.08
    26     0.08
    27     0.08
    28     0.08
    29     0.08
    30     0.15
    31     0.15
    32     0.15
    33     0.15
    34     0.15
    35     0.15
    36     0.17
    37     0.17
    38     0.17
    39     0.17
    40     0.17
    41     0.17
    42     0.22
    43     0.22
    44     0.22
    45     0.22
    46     0.22
    47     0.22
    48     4.13
    49     2.77
    50     2.88
    51     3.44
    52     2.96
    53     1.49
    54     1.57
    55     2.94
    56     3.17
    57     3.90
    58     3.64
    59     3.18
    60     4.18
    61     5.52
    62     6.09
    63     5.77
    64     5.16
    65     8.31
    66     5.29
    67     3.91
    68     4.45
    69     5.48
    70     4.99
    71     4.78

   Total 107.7




 DESIGN run control vector

 Step  Code              Description
   1    1     Add sub-area 'A' inflow & route thru normal storage    1
   2    3     Store hydrograph from step    1; reset hydrograph to zero
   3    1     Add sub-area 'B' inflow & route thru normal storage    2
   4    4     Add h-graph ex step    2 to h-graph ex step    3
   5    5     Route hydrograph thru normal storage    3
   6    3     Store hydrograph from step    5; reset hydrograph to zero
   7    1     Add sub-area 'C' inflow & route thru normal storage    4
   8    4     Add h-graph ex step    6 to h-graph ex step    7
   9    5     Route hydrograph thru normal storage    5
  10    3     Store hydrograph from step    9; reset hydrograph to zero
  11    1     Add sub-area 'D' inflow & route thru normal storage    6
  12    4     Add h-graph ex step   10 to h-graph ex step   11
  13    5     Route hydrograph thru normal storage    7
  14    3     Store hydrograph from step   13; reset hydrograph to zero
  15    1     Add sub-area 'E' inflow & route thru normal storage    8
  16    4     Add h-graph ex step   14 to h-graph ex step   15
  17    5     Route hydrograph thru normal storage    9
  18    7.0   Print hydrograph,                             
  19    0     **********End of control vector**********



 Sub-area data

 Sub-     Area     Dist.
 area      km²      km*
   A    3.00E+01  1.25E+01
   B    2.80E+01  1.15E+01
   C    2.50E+01  9.50E+00
   D    3.50E+01  7.00E+00
   E    4.00E+01  6.00E+00

 Total 1.580E+02

 For whole catchment     ; Av. Dist., km* =       8.98
 For interstation area  1; Av. Dist., km* =       8.98; ISA Factor =   1.000

 * or other function of reach properties related to travel time



 Normal storage data

 Storage   Length   Rel. delay      Type         Slope
   no.       km*       time                     percent 
   1         5.0       0.557       Natural 
   2         4.0       0.445       Natural 
   3         2.5       0.278       Natural 
   4         4.5       0.501       Natural 
   5         2.5       0.278       Natural 
   6         4.5       0.501       Natural 
   7         1.0       0.111       Natural 
   8         4.5       0.501       Natural 
   9         1.5       0.167       Natural 

 * or other function of reach properties related to travel time


 Input of parameters:
 ********************

 fIGURE 6.7                                                          
 DESIGN Run
 fIGURE 6.7: 12 hour 1% Design Storm No.4 Temporal Pattern           
 Time increment = 0.50 hours

 Constant loss model selected



 Rainfall, mm, in time inc. following time shown
 Time               Sub-
      Catch         Area
 Incs ment          A   B   C   D   E

   0   0.1          0   0   0   0   0
   1   0.1          0   0   0   0   0
   2   0.1          0   0   0   0   0
   3   0.1          0   0   0   0   0
   4   0.1          0   0   0   0   0
   5   0.1          0   0   0   0   0
   6   0.1          0   0   0   0   0
   7   0.1          0   0   0   0   0
   8   0.1          0   0   0   0   0
   9   0.1          0   0   0   0   0
  10   0.1          0   0   0   0   0
  11   0.1          0   0   0   0   0
  12   0.1          0   0   0   0   0
  13   0.1          0   0   0   0   0
  14   0.1          0   0   0   0   0
  15   0.1          0   0   0   0   0
  16   0.1          0   0   0   0   0
  17   0.1          0   0   0   0   0
  18   0.3          0   0   0   0   0
  19   0.3          0   0   0   0   0
  20   0.3          0   0   0   0   0
  21   0.3          0   0   0   0   0
  22   0.3          0   0   0   0   0
  23   0.3          0   0   0   0   0
  24   0.1          0   0   0   0   0
  25   0.1          0   0   0   0   0
  26   0.1          0   0   0   0   0
  27   0.1          0   0   0   0   0
  28   0.1          0   0   0   0   0
  29   0.1          0   0   0   0   0
  30   0.1          0   0   0   0   0
  31   0.1          0   0   0   0   0
  32   0.1          0   0   0   0   0
  33   0.1          0   0   0   0   0
  34   0.1          0   0   0   0   0
  35   0.1          0   0   0   0   0
  36   0.2          0   0   0   0   0
  37   0.2          0   0   0   0   0
  38   0.2          0   0   0   0   0
  39   0.2          0   0   0   0   0
  40   0.2          0   0   0   0   0
  41   0.2          0   0   0   0   0
  42   0.2          0   0   0   0   0
  43   0.2          0   0   0   0   0
  44   0.2          0   0   0   0   0
  45   0.2          0   0   0   0   0
  46   0.2          0   0   0   0   0
  47   0.2          0   0   0   0   0
  48   3.8          4   4   4   4   4
  49   2.6          3   3   3   3   3
  50   2.7          3   3   3   3   3
  51   3.2          3   3   3   3   3
  52   2.7          3   3   3   3   3
  53   1.4          1   1   1   1   1
  54   1.4          1   1   1   1   1
  55   2.7          3   3   3   3   3
  56   2.9          3   3   3   3   3
  57   3.6          4   4   4   4   4
  58   3.4          3   3   3   3   3
  59   2.9          3   3   3   3   3
  60   3.9          4   4   4   4   4
  61   5.1          5   5   5   5   5
  62   5.6          6   6   6   6   6
  63   5.3          5   5   5   5   5
  64   4.8          5   5   5   5   5
  65   7.7          8   8   8   8   8
  66   4.9          5   5   5   5   5
  67   3.6          4   4   4   4   4
  68   4.1          4   4   4   4   4
  69   5.0          5   5   5   5   5
  70   4.6          5   5   5   5   5
  71   4.4          4   4   4   4   4

 Tot. 99.3         99  99  99  99  99
 Pluvi. ref. no.    1   1   1   1   1




 Rainfall-excess, mm, in time inc. following time shown
 Time               Sub-
      Catch         Area
 Incs ment          A   B   C   D   E

   0   0.0          0   0   0   0   0
   1   0.0          0   0   0   0   0
   2   0.0          0   0   0   0   0
   3   0.0          0   0   0   0   0
   4   0.0          0   0   0   0   0
   5   0.0          0   0   0   0   0
   6   0.0          0   0   0   0   0
   7   0.0          0   0   0   0   0
   8   0.0          0   0   0   0   0
   9   0.0          0   0   0   0   0
  10   0.0          0   0   0   0   0
  11   0.0          0   0   0   0   0
  12   0.0          0   0   0   0   0
  13   0.0          0   0   0   0   0
  14   0.0          0   0   0   0   0
  15   0.0          0   0   0   0   0
  16   0.0          0   0   0   0   0
  17   0.0          0   0   0   0   0
  18   0.0          0   0   0   0   0
  19   0.0          0   0   0   0   0
  20   0.0          0   0   0   0   0
  21   0.0          0   0   0   0   0
  22   0.0          0   0   0   0   0
  23   0.0          0   0   0   0   0
  24   0.0          0   0   0   0   0
  25   0.0          0   0   0   0   0
  26   0.0          0   0   0   0   0
  27   0.0          0   0   0   0   0
  28   0.0          0   0   0   0   0
  29   0.0          0   0   0   0   0
  30   0.0          0   0   0   0   0
  31   0.0          0   0   0   0   0
  32   0.0          0   0   0   0   0
  33   0.0          0   0   0   0   0
  34   0.0          0   0   0   0   0
  35   0.0          0   0   0   0   0
  36   0.0          0   0   0   0   0
  37   0.0          0   0   0   0   0
  38   0.0          0   0   0   0   0
  39   0.0          0   0   0   0   0
  40   0.0          0   0   0   0   0
  41   0.0          0   0   0   0   0
  42   0.0          0   0   0   0   0
  43   0.0          0   0   0   0   0
  44   0.0          0   0   0   0   0
  45   0.0          0   0   0   0   0
  46   0.0          0   0   0   0   0
  47   0.0          0   0   0   0   0
  48   0.0          0   0   0   0   0
  49   0.5          1   1   1   1   1
  50   1.7          2   2   2   2   2
  51   2.2          2   2   2   2   2
  52   1.8          2   2   2   2   2
  53   0.4          0   0   0   0   0
  54   0.5          0   0   0   0   0
  55   1.8          2   2   2   2   2
  56   2.0          2   2   2   2   2
  57   2.6          3   3   3   3   3
  58   2.4          2   2   2   2   2
  59   2.0          2   2   2   2   2
  60   2.9          3   3   3   3   3
  61   4.1          4   4   4   4   4
  62   4.7          5   5   5   5   5
  63   4.4          4   4   4   4   4
  64   3.8          4   4   4   4   4
  65   6.7          7   7   7   7   7
  66   3.9          4   4   4   4   4
  67   2.7          3   3   3   3   3
  68   3.1          3   3   3   3   3
  69   4.1          4   4   4   4   4
  70   3.6          4   4   4   4   4
  71   3.5          3   3   3   3   3

 Tot. 65.4         65  65  65  65  65



 Routing results:
 ****************
 fIGURE 6.7                                                          
 fIGURE 6.7: 12 hour 1% Design Storm No.4 Temporal Pattern           
 DESIGN run no.  1


 Parameters:  kc =    10.00    m = 0.80

 Loss parameters     Initial loss (mm)   Cont. loss (mm/h)
                           12.00              1.90



 *** Calculated hydrograph,                                      

                           Hydrograph
                          Calc.          
 Peak discharge,m³/s     324.2
 Time to peak,h           36.0
 Volume,m³            1.04E+07
 Time to centroid,h       36.2
 Lag (c.m. to c.m.),h     4.73
 Lag to peak,h            4.53


 Hydrograph summary
 ******************

 Site  Description
   01  Calculated hydrograph,

 Inc    Time   Hyd0001
   0    0.00     0.000 
   1    0.50     0.000 
   2    1.00     0.000 
   3    1.50     0.000 
   4    2.00     0.000 
   5    2.50     0.000 
   6    3.00     0.000 
   7    3.50     0.000 
   8    4.00     0.000 
   9    4.50     0.000 
  10    5.00     0.000 
  11    5.50     0.000 
  12    6.00     0.000 
  13    6.50     0.000 
  14    7.00     0.000 
  15    7.50     0.000 
  16    8.00     0.000 
  17    8.50     0.000 
  18    9.00     0.000 
  19    9.50     0.000 
  20   10.00     0.000 
  21   10.50     0.000 
  22   11.00     0.000 
  23   11.50     0.000 
  24   12.00     0.000 
  25   12.50     0.000 
  26   13.00     0.000 
  27   13.50     0.000 
  28   14.00     0.000 
  29   14.50     0.000 
  30   15.00     0.000 
  31   15.50     0.000 
  32   16.00     0.000 
  33   16.50     0.000 
  34   17.00     0.000 
  35   17.50     0.000 
  36   18.00     0.000 
  37   18.50     0.000 
  38   19.00     0.000 
  39   19.50     0.000 
  40   20.00     0.000 
  41   20.50     0.000 
  42   21.00     0.000 
  43   21.50     0.000 
  44   22.00     0.000 
  45   22.50     0.000 
  46   23.00     0.000 
  47   23.50     0.000 
  48   24.00     0.000 
  49   24.50     0.000 
  50   25.00     0.058 
  51   25.50     0.690 
  52   26.00     3.727 
  53   26.50    10.910 
  54   27.00    20.782 
  55   27.50    29.481 
  56   28.00    36.870 
  57   28.50    45.708 
  58   29.00    57.765 
  59   29.50    73.053 
  60   30.00    89.588 
  61   30.50   105.934 
  62   31.00   124.653 
  63   31.50   149.215 
  64   32.00   179.021 
  65   32.50   209.429 
  66   33.00   240.633 
  67   33.50   274.381 
  68   34.00   300.940 
  69   34.50   313.307 
  70   35.00   318.151 
  71   35.50   321.889 
  72   36.00   324.205 
  73   36.50   318.442 
  74   37.00   297.895 
  75   37.50   266.562 
  76   38.00   232.684 
  77   38.50   200.128 
  78   39.00   170.437 
  79   39.50   144.259 
  80   40.00   121.740 
  81   40.50   102.696 
  82   41.00    86.743 
  83   41.50    73.440 
  84   42.00    62.366 
  85   42.50    53.148 
  86   43.00    45.461 
  87   43.50    39.034 
  88   44.00    33.644 
  89   44.50    29.113 
  90   45.00    25.297 
  91   45.50    22.067 
  92   46.00    19.322 
  93   46.50    16.978 
  94   47.00    14.968 
  95   47.50    13.239 
  96   48.00    11.746 
  97   48.50    10.452 
  98   49.00     9.327 
  99   49.50     8.346 
 100   50.00     7.487 
 101   50.50     6.732 
 102   51.00     6.069 
 103   51.50     5.482 
 104   52.00     4.963 
 105   52.50     4.503 
 106   53.00     4.093 
 107   53.50     3.727 
 108   54.00     3.400 
 109   54.50     3.108 
 110   55.00     2.845 
 111   55.50     2.608 
 112   56.00     2.395 
 113   56.50     2.202 
 114   57.00     2.028 
 115   57.50     1.870 
 116   58.00     1.727 
 117   58.50     1.597 
 118   59.00     1.478 
 119   59.50     1.370 
 120   60.00     1.272 
 121   60.50     1.181 
 122   61.00     1.099 
 123   61.50     1.023 
 124   62.00     0.953 
 125   62.50     0.889 
 126   63.00     0.830 
 127   63.50     0.776 
 128   64.00     0.726 
 129   64.50     0.680 
 130   65.00     0.637 
 131   65.50     0.598 
 132   66.00     0.561 
 133   66.50     0.527 
 134   67.00     0.495 
 135   67.50     0.466 
 136   68.00     0.439 
 137   68.50     0.414 
 138   69.00     0.390 
 139   69.50     0.368 
 140   70.00     0.348 
 141   70.50     0.328 
 142   71.00     0.310 
 143   71.50     0.294 
 144   72.00     0.278 
 145   72.50     0.263 
 146   73.00     0.250 
 147   73.50     0.237 
 148   74.00     0.225 
 149   74.50     0.213 
 150   75.00     0.203 
 151   75.50     0.193 
 152   76.00     0.183 
 153   76.50     0.174 
 154   77.00     0.166 
 155   77.50     0.158 
 156   78.00     0.150 
 157   78.50     0.143 
 158   79.00     0.137 
 159   79.50     0.130 
 160   80.00     0.124 
 161   80.50     0.119 
 162   81.00     0.114 
 163   81.50     0.109 
 164   82.00     0.104 
 165   82.50     0.099 
 166   83.00     0.095 
 167   83.50     0.091 
 168   84.00     0.087 
 169   84.50     0.083 
 170   85.00     0.080 
 171   85.50     0.077 
 172   86.00     0.073 
 173   86.50     0.070 
 174   87.00     0.068 
 175   87.50     0.065 
 176   88.00     0.062 
 177   88.50     0.060 
 178   89.00     0.058 
 179   89.50     0.055 
 180   90.00     0.053 
 181   90.50     0.051 
 182   91.00     0.049 
 183   91.50     0.047 
 184   92.00     0.046 
 185   92.50     0.044 
 186   93.00     0.042 
 187   93.50     0.041 
 188   94.00     0.039 
 189   94.50     0.038 
 190   95.00     0.037 
 191   95.50     0.035 
 192   96.00     0.034 
 193   96.50     0.033 
 194   97.00     0.032 
 195   97.50     0.031 
 196   98.00     0.030 
 197   98.50     0.029 
 198   99.00     0.028 
 199   99.50     0.027 
 200  100.00     0.026 
 201  100.50     0.025 
 202  101.00     0.024 
 203  101.50     0.023 
 204  102.00     0.023 
 205  102.50     0.022 
 206  103.00     0.021 
 207  103.50     0.020 
 208  104.00     0.020 
 209  104.50     0.019 
 210  105.00     0.019 
 211  105.50     0.018 
 212  106.00     0.017 
 213  106.50     0.017 
 214  107.00     0.016 
 215  107.50     0.016 
 216  108.00     0.015 
 217  108.50     0.015 
 218  109.00     0.015 
 219  109.50     0.014 
 220  110.00     0.014 
 221  110.50     0.013 
 222  111.00     0.013 
 223  111.50     0.013 
 224  112.00     0.012 
 225  112.50     0.012 
 226  113.00     0.011 
 227  113.50     0.011 
 228  114.00     0.011 
 229  114.50     0.011 
 230  115.00     0.010 
 231  115.50     0.010 
 232  116.00     0.010 
 233  116.50     0.009 
 234  117.00     0.009 
 235  117.50     0.009 
 236  118.00     0.009 
 237  118.50     0.008 
 238  119.00     0.008 
 239  119.50     0.008 
 240  120.00     0.008 
 241  120.50     0.008 
 242  121.00     0.007 
 243  121.50     0.007 
 244  122.00     0.007 
 245  122.50     0.007 
 246  123.00     0.007 
 247  123.50     0.006 
 248  124.00     0.006 
 249  124.50     0.006 
 250  125.00     0.006 
 251  125.50     0.006 
 252  126.00     0.006 
 253  126.50     0.006 
 254  127.00     0.005 
 255  127.50     0.005 
 256  128.00     0.005 
 257  128.50     0.005 
 258  129.00     0.005 
 259  129.50     0.005 
 260  130.00     0.005 
 261  130.50     0.005 
 262  131.00     0.004 
 263  131.50     0.004 
 264  132.00     0.004 
 265  132.50     0.004 
 266  133.00     0.004 
 267  133.50     0.004 
 268  134.00     0.004 
 269  134.50     0.004 
 270  135.00     0.004 
 271  135.50     0.004 
 272  136.00     0.004 
 273  136.50     0.003 
 274  137.00     0.003 
 275  137.50     0.003 
 276  138.00     0.003 
 277  138.50     0.003 
 278  139.00     0.003 
 279  139.50     0.003 
 280  140.00     0.003 
 281  140.50     0.003 
 282  141.00     0.003 
 283  141.50     0.003 
 284  142.00     0.003 
 285  142.50     0.003 
 286  143.00     0.003 
 287  143.50     0.003 
 288  144.00     0.003 
 289  144.50     0.002 
 290  145.00     0.002 
 291  145.50     0.002 
 292  146.00     0.002 
 293  146.50     0.002 
 294  147.00     0.002 
 295  147.50     0.002 
 296  148.00     0.002 
 297  148.50     0.002 
 298  149.00     0.002 
 299  149.50     0.002 
 300  150.00     0.002 
