 RORBWin Output File
 *******************
 
 Program version 6.52 (last updated 1st June 2023)
 Copyright Monash University and Hydrology and Risk Consulting
 
 Date run: 08 Aug 2026 22:30

 Vector file       : E:\Library\Automation\ryan-tools\tests\test_data\RORB\Fig6_7.catg
 Storm file        : E:\Library\Automation\ryan-tools\tests\test_data\RORB\areal-example\Fig6_7_ aep50_du12hourtp1.stm
 Output information: Flows & all input data


 Data checks:
 ************
 Next data to be read & checked:

 Catchment name & reach type flag
 Control vector & storage data
 Code no.  18     7.0 Location read as                             
 Sub-area areas
 Impervious flag
 Initial storm data
 Rainfall burst times
 Pluviograph 1
 Sub-area rainfalls

 Data check completed



 Data:
 ****

 fIGURE 6.7                                                          


 Time data, in increments from initial time
 fIGURE 6.7: 12 hour 50% Design Storm No.1 Temporal Pattern          
 Time increment (hours)=  0.50

                   Start   Finish
 Rainfall times:     0       72


 End of hyeto/hydrographs:   72
 Duration of calculations:  300



 Pre-burst has been applied
 Pluviograph data (time in incs, rainfall in mm, in 
                   increment following time shown)

Includes Pre-burst temporal pattern
         1:Temporal pattern (% of depth
   Time     1
     0     0.02
     1     0.02
     2     0.02
     3     0.02
     4     0.02
     5     0.02
     6     0.01
     7     0.01
     8     0.01
     9     0.01
    10     0.01
    11     0.01
    12     0.01
    13     0.01
    14     0.01
    15     0.01
    16     0.01
    17     0.01
    18     0.03
    19     0.03
    20     0.03
    21     0.03
    22     0.03
    23     0.03
    24     0.01
    25     0.01
    26     0.01
    27     0.01
    28     0.01
    29     0.01
    30     0.02
    31     0.02
    32     0.02
    33     0.02
    34     0.02
    35     0.02
    36     0.02
    37     0.02
    38     0.02
    39     0.02
    40     0.02
    41     0.02
    42     0.02
    43     0.02
    44     0.02
    45     0.02
    46     0.02
    47     0.02
    48     4.02
    49     5.88
    50     4.59
    51     2.17
    52     2.53
    53     2.77
    54     2.72
    55     2.49
    56     1.93
    57     4.60
    58     5.57
    59     4.80
    60     5.91
    61     4.46
    62     4.24
    63     2.71
    64     4.92
    65     3.78
    66     5.47
    67     4.78
    68     5.22
    69     4.46
    70     4.65
    71     5.33

   Total 100.8




 DESIGN run control vector

 Step  Code              Description
   1    1     Add sub-area 'A' inflow & route thru normal storage    1
   2    3     Store hydrograph from step    1; reset hydrograph to zero
   3    1     Add sub-area 'B' inflow & route thru normal storage    2
   4    4     Add h-graph ex step    2 to h-graph ex step    3
   5    5     Route hydrograph thru normal storage    3
   6    3     Store hydrograph from step    5; reset hydrograph to zero
   7    1     Add sub-area 'C' inflow & route thru normal storage    4
   8    4     Add h-graph ex step    6 to h-graph ex step    7
   9    5     Route hydrograph thru normal storage    5
  10    3     Store hydrograph from step    9; reset hydrograph to zero
  11    1     Add sub-area 'D' inflow & route thru normal storage    6
  12    4     Add h-graph ex step   10 to h-graph ex step   11
  13    5     Route hydrograph thru normal storage    7
  14    3     Store hydrograph from step   13; reset hydrograph to zero
  15    1     Add sub-area 'E' inflow & route thru normal storage    8
  16    4     Add h-graph ex step   14 to h-graph ex step   15
  17    5     Route hydrograph thru normal storage    9
  18    7.0   Print hydrograph,                             
  19    0     **********End of control vector**********



 Sub-area data

 Sub-     Area     Dist.
 area      km²      km*
   A    3.00E+01  1.25E+01
   B    2.80E+01  1.15E+01
   C    2.50E+01  9.50E+00
   D    3.50E+01  7.00E+00
   E    4.00E+01  6.00E+00

 Total 1.580E+02

 For whole catchment     ; Av. Dist., km* =       8.98
 For interstation area  1; Av. Dist., km* =       8.98; ISA Factor =   1.000

 * or other function of reach properties related to travel time



 Normal storage data

 Storage   Length   Rel. delay      Type         Slope
   no.       km*       time                     percent 
   1         5.0       0.557       Natural 
   2         4.0       0.445       Natural 
   3         2.5       0.278       Natural 
   4         4.5       0.501       Natural 
   5         2.5       0.278       Natural 
   6         4.5       0.501       Natural 
   7         1.0       0.111       Natural 
   8         4.5       0.501       Natural 
   9         1.5       0.167       Natural 

 * or other function of reach properties related to travel time


 Input of parameters:
 ********************

 fIGURE 6.7                                                          
 DESIGN Run
 fIGURE 6.7: 12 hour 50% Design Storm No.1 Temporal Pattern          
 Time increment = 0.50 hours

 Constant loss model selected



 Rainfall, mm, in time inc. following time shown
 Time               Sub-
      Catch         Area
 Incs ment          A   B   C   D   E

   0   0.0          0   0   0   0   0
   1   0.0          0   0   0   0   0
   2   0.0          0   0   0   0   0
   3   0.0          0   0   0   0   0
   4   0.0          0   0   0   0   0
   5   0.0          0   0   0   0   0
   6   0.0          0   0   0   0   0
   7   0.0          0   0   0   0   0
   8   0.0          0   0   0   0   0
   9   0.0          0   0   0   0   0
  10   0.0          0   0   0   0   0
  11   0.0          0   0   0   0   0
  12   0.0          0   0   0   0   0
  13   0.0          0   0   0   0   0
  14   0.0          0   0   0   0   0
  15   0.0          0   0   0   0   0
  16   0.0          0   0   0   0   0
  17   0.0          0   0   0   0   0
  18   0.0          0   0   0   0   0
  19   0.0          0   0   0   0   0
  20   0.0          0   0   0   0   0
  21   0.0          0   0   0   0   0
  22   0.0          0   0   0   0   0
  23   0.0          0   0   0   0   0
  24   0.0          0   0   0   0   0
  25   0.0          0   0   0   0   0
  26   0.0          0   0   0   0   0
  27   0.0          0   0   0   0   0
  28   0.0          0   0   0   0   0
  29   0.0          0   0   0   0   0
  30   0.0          0   0   0   0   0
  31   0.0          0   0   0   0   0
  32   0.0          0   0   0   0   0
  33   0.0          0   0   0   0   0
  34   0.0          0   0   0   0   0
  35   0.0          0   0   0   0   0
  36   0.0          0   0   0   0   0
  37   0.0          0   0   0   0   0
  38   0.0          0   0   0   0   0
  39   0.0          0   0   0   0   0
  40   0.0          0   0   0   0   0
  41   0.0          0   0   0   0   0
  42   0.0          0   0   0   0   0
  43   0.0          0   0   0   0   0
  44   0.0          0   0   0   0   0
  45   0.0          0   0   0   0   0
  46   0.0          0   0   0   0   0
  47   0.0          0   0   0   0   0
  48   1.5          2   2   2   2   2
  49   2.2          2   2   2   2   2
  50   1.7          2   2   2   2   2
  51   0.8          1   1   1   1   1
  52   0.9          1   1   1   1   1
  53   1.0          1   1   1   1   1
  54   1.0          1   1   1   1   1
  55   0.9          1   1   1   1   1
  56   0.7          1   1   1   1   1
  57   1.7          2   2   2   2   2
  58   2.1          2   2   2   2   2
  59   1.8          2   2   2   2   2
  60   2.2          2   2   2   2   2
  61   1.7          2   2   2   2   2
  62   1.6          2   2   2   2   2
  63   1.0          1   1   1   1   1
  64   1.8          2   2   2   2   2
  65   1.4          1   1   1   1   1
  66   2.0          2   2   2   2   2
  67   1.8          2   2   2   2   2
  68   2.0          2   2   2   2   2
  69   1.7          2   2   2   2   2
  70   1.7          2   2   2   2   2
  71   2.0          2   2   2   2   2

 Tot. 37.7         38  38  38  38  38
 Pluvi. ref. no.    1   1   1   1   1




 Rainfall-excess, mm, in time inc. following time shown
 Time               Sub-
      Catch         Area
 Incs ment          A   B   C   D   E

   0   0.0          0   0   0   0   0
   1   0.0          0   0   0   0   0
   2   0.0          0   0   0   0   0
   3   0.0          0   0   0   0   0
   4   0.0          0   0   0   0   0
   5   0.0          0   0   0   0   0
   6   0.0          0   0   0   0   0
   7   0.0          0   0   0   0   0
   8   0.0          0   0   0   0   0
   9   0.0          0   0   0   0   0
  10   0.0          0   0   0   0   0
  11   0.0          0   0   0   0   0
  12   0.0          0   0   0   0   0
  13   0.0          0   0   0   0   0
  14   0.0          0   0   0   0   0
  15   0.0          0   0   0   0   0
  16   0.0          0   0   0   0   0
  17   0.0          0   0   0   0   0
  18   0.0          0   0   0   0   0
  19   0.0          0   0   0   0   0
  20   0.0          0   0   0   0   0
  21   0.0          0   0   0   0   0
  22   0.0          0   0   0   0   0
  23   0.0          0   0   0   0   0
  24   0.0          0   0   0   0   0
  25   0.0          0   0   0   0   0
  26   0.0          0   0   0   0   0
  27   0.0          0   0   0   0   0
  28   0.0          0   0   0   0   0
  29   0.0          0   0   0   0   0
  30   0.0          0   0   0   0   0
  31   0.0          0   0   0   0   0
  32   0.0          0   0   0   0   0
  33   0.0          0   0   0   0   0
  34   0.0          0   0   0   0   0
  35   0.0          0   0   0   0   0
  36   0.0          0   0   0   0   0
  37   0.0          0   0   0   0   0
  38   0.0          0   0   0   0   0
  39   0.0          0   0   0   0   0
  40   0.0          0   0   0   0   0
  41   0.0          0   0   0   0   0
  42   0.0          0   0   0   0   0
  43   0.0          0   0   0   0   0
  44   0.0          0   0   0   0   0
  45   0.0          0   0   0   0   0
  46   0.0          0   0   0   0   0
  47   0.0          0   0   0   0   0
  48   0.0          0   0   0   0   0
  49   0.0          0   0   0   0   0
  50   0.0          0   0   0   0   0
  51   0.0          0   0   0   0   0
  52   0.0          0   0   0   0   0
  53   0.0          0   0   0   0   0
  54   0.0          0   0   0   0   0
  55   0.0          0   0   0   0   0
  56   0.0          0   0   0   0   0
  57   0.0          0   0   0   0   0
  58   1.1          1   1   1   1   1
  59   0.8          1   1   1   1   1
  60   1.3          1   1   1   1   1
  61   0.7          1   1   1   1   1
  62   0.6          1   1   1   1   1
  63   0.1          0   0   0   0   0
  64   0.9          1   1   1   1   1
  65   0.5          0   0   0   0   0
  66   1.1          1   1   1   1   1
  67   0.8          1   1   1   1   1
  68   1.0          1   1   1   1   1
  69   0.7          1   1   1   1   1
  70   0.8          1   1   1   1   1
  71   1.0          1   1   1   1   1

 Tot. 11.5         12  12  12  12  12



 Routing results:
 ****************
 fIGURE 6.7                                                          
 fIGURE 6.7: 12 hour 50% Design Storm No.1 Temporal Pattern          
 DESIGN run no.  1


 Parameters:  kc =    10.00    m = 0.80

 Loss parameters     Initial loss (mm)   Cont. loss (mm/h)
                           12.00              1.90



 *** Calculated hydrograph,                                      

                           Hydrograph
                          Calc.          
 Peak discharge,m³/s     55.32
 Time to peak,h           37.0
 Volume,m³            1.82E+06
 Time to centroid,h       39.2
 Lag (c.m. to c.m.),h     6.69
 Lag to peak,h            4.52


 Hydrograph summary
 ******************

 Site  Description
   01  Calculated hydrograph,

 Inc    Time   Hyd0001
   0    0.00    0.0000 
   1    0.50    0.0000 
   2    1.00    0.0000 
   3    1.50    0.0000 
   4    2.00    0.0000 
   5    2.50    0.0000 
   6    3.00    0.0000 
   7    3.50    0.0000 
   8    4.00    0.0000 
   9    4.50    0.0000 
  10    5.00    0.0000 
  11    5.50    0.0000 
  12    6.00    0.0000 
  13    6.50    0.0000 
  14    7.00    0.0000 
  15    7.50    0.0000 
  16    8.00    0.0000 
  17    8.50    0.0000 
  18    9.00    0.0000 
  19    9.50    0.0000 
  20   10.00    0.0000 
  21   10.50    0.0000 
  22   11.00    0.0000 
  23   11.50    0.0000 
  24   12.00    0.0000 
  25   12.50    0.0000 
  26   13.00    0.0000 
  27   13.50    0.0000 
  28   14.00    0.0000 
  29   14.50    0.0000 
  30   15.00    0.0000 
  31   15.50    0.0000 
  32   16.00    0.0000 
  33   16.50    0.0000 
  34   17.00    0.0000 
  35   17.50    0.0000 
  36   18.00    0.0000 
  37   18.50    0.0000 
  38   19.00    0.0000 
  39   19.50    0.0000 
  40   20.00    0.0000 
  41   20.50    0.0000 
  42   21.00    0.0000 
  43   21.50    0.0000 
  44   22.00    0.0000 
  45   22.50    0.0000 
  46   23.00    0.0000 
  47   23.50    0.0000 
  48   24.00    0.0000 
  49   24.50    0.0000 
  50   25.00    0.0000 
  51   25.50    0.0000 
  52   26.00    0.0000 
  53   26.50    0.0000 
  54   27.00    0.0000 
  55   27.50    0.0000 
  56   28.00    0.0000 
  57   28.50    0.0000 
  58   29.00    0.0000 
  59   29.50    0.1244 
  60   30.00    1.0054 
  61   30.50    3.4442 
  62   31.00    7.5986 
  63   31.50   12.6864 
  64   32.00   17.4228 
  65   32.50   21.3458 
  66   33.00   25.0643 
  67   33.50   29.0485 
  68   34.00   33.5672 
  69   34.50   38.5196 
  70   35.00   43.3917 
  71   35.50   47.7073 
  72   36.00   51.5730 
  73   36.50   54.5926 
  74   37.00   55.3175 
  75   37.50   53.6160 
  76   38.00   50.5218 
  77   38.50   46.7454 
  78   39.00   42.6925 
  79   39.50   38.6107 
  80   40.00   34.6629 
  81   40.50   30.9537 
  82   41.00   27.5411 
  83   41.50   24.4496 
  84   42.00   21.6798 
  85   42.50   19.2178 
  86   43.00   17.0412 
  87   43.50   15.1235 
  88   44.00   13.4383 
  89   44.50   11.9600 
  90   45.00   10.6636 
  91   45.50    9.5258 
  92   46.00    8.5258 
  93   46.50    7.6456 
  94   47.00    6.8696 
  95   47.50    6.1841 
  96   48.00    5.5780 
  97   48.50    5.0417 
  98   49.00    4.5661 
  99   49.50    4.1435 
 100   50.00    3.7670 
 101   50.50    3.4311 
 102   51.00    3.1306 
 103   51.50    2.8613 
 104   52.00    2.6195 
 105   52.50    2.4020 
 106   53.00    2.2060 
 107   53.50    2.0290 
 108   54.00    1.8690 
 109   54.50    1.7240 
 110   55.00    1.5924 
 111   55.50    1.4728 
 112   56.00    1.3639 
 113   56.50    1.2647 
 114   57.00    1.1740 
 115   57.50    1.0912 
 116   58.00    1.0153 
 117   58.50    0.9457 
 118   59.00    0.8818 
 119   59.50    0.8230 
 120   60.00    0.7689 
 121   60.50    0.7191 
 122   61.00    0.6731 
 123   61.50    0.6307 
 124   62.00    0.5914 
 125   62.50    0.5550 
 126   63.00    0.5213 
 127   63.50    0.4901 
 128   64.00    0.4610 
 129   64.50    0.4341 
 130   65.00    0.4090 
 131   65.50    0.3856 
 132   66.00    0.3638 
 133   66.50    0.3435 
 134   67.00    0.3246 
 135   67.50    0.3069 
 136   68.00    0.2903 
 137   68.50    0.2748 
 138   69.00    0.2603 
 139   69.50    0.2467 
 140   70.00    0.2339 
 141   70.50    0.2220 
 142   71.00    0.2107 
 143   71.50    0.2002 
 144   72.00    0.1903 
 145   72.50    0.1809 
 146   73.00    0.1721 
 147   73.50    0.1638 
 148   74.00    0.1560 
 149   74.50    0.1486 
 150   75.00    0.1417 
 151   75.50    0.1351 
 152   76.00    0.1289 
 153   76.50    0.1231 
 154   77.00    0.1175 
 155   77.50    0.1123 
 156   78.00    0.1073 
 157   78.50    0.1026 
 158   79.00    0.0981 
 159   79.50    0.0939 
 160   80.00    0.0899 
 161   80.50    0.0861 
 162   81.00    0.0825 
 163   81.50    0.0790 
 164   82.00    0.0758 
 165   82.50    0.0727 
 166   83.00    0.0697 
 167   83.50    0.0669 
 168   84.00    0.0642 
 169   84.50    0.0617 
 170   85.00    0.0593 
 171   85.50    0.0569 
 172   86.00    0.0547 
 173   86.50    0.0526 
 174   87.00    0.0506 
 175   87.50    0.0487 
 176   88.00    0.0469 
 177   88.50    0.0451 
 178   89.00    0.0435 
 179   89.50    0.0419 
 180   90.00    0.0403 
 181   90.50    0.0389 
 182   91.00    0.0375 
 183   91.50    0.0362 
 184   92.00    0.0349 
 185   92.50    0.0336 
 186   93.00    0.0325 
 187   93.50    0.0313 
 188   94.00    0.0303 
 189   94.50    0.0292 
 190   95.00    0.0282 
 191   95.50    0.0273 
 192   96.00    0.0264 
 193   96.50    0.0255 
 194   97.00    0.0247 
 195   97.50    0.0238 
 196   98.00    0.0231 
 197   98.50    0.0223 
 198   99.00    0.0216 
 199   99.50    0.0209 
 200  100.00    0.0202 
 201  100.50    0.0196 
 202  101.00    0.0190 
 203  101.50    0.0184 
 204  102.00    0.0178 
 205  102.50    0.0173 
 206  103.00    0.0168 
 207  103.50    0.0162 
 208  104.00    0.0158 
 209  104.50    0.0153 
 210  105.00    0.0148 
 211  105.50    0.0144 
 212  106.00    0.0140 
 213  106.50    0.0135 
 214  107.00    0.0132 
 215  107.50    0.0128 
 216  108.00    0.0124 
 217  108.50    0.0120 
 218  109.00    0.0117 
 219  109.50    0.0114 
 220  110.00    0.0111 
 221  110.50    0.0107 
 222  111.00    0.0104 
 223  111.50    0.0102 
 224  112.00    0.0099 
 225  112.50    0.0096 
 226  113.00    0.0093 
 227  113.50    0.0091 
 228  114.00    0.0088 
 229  114.50    0.0086 
 230  115.00    0.0084 
 231  115.50    0.0082 
 232  116.00    0.0079 
 233  116.50    0.0077 
 234  117.00    0.0075 
 235  117.50    0.0073 
 236  118.00    0.0071 
 237  118.50    0.0070 
 238  119.00    0.0068 
 239  119.50    0.0066 
 240  120.00    0.0064 
 241  120.50    0.0063 
 242  121.00    0.0061 
 243  121.50    0.0060 
 244  122.00    0.0058 
 245  122.50    0.0057 
 246  123.00    0.0055 
 247  123.50    0.0054 
 248  124.00    0.0053 
 249  124.50    0.0051 
 250  125.00    0.0050 
 251  125.50    0.0049 
 252  126.00    0.0048 
 253  126.50    0.0047 
 254  127.00    0.0046 
 255  127.50    0.0045 
 256  128.00    0.0043 
 257  128.50    0.0042 
 258  129.00    0.0041 
 259  129.50    0.0041 
 260  130.00    0.0040 
 261  130.50    0.0039 
 262  131.00    0.0038 
 263  131.50    0.0037 
 264  132.00    0.0036 
 265  132.50    0.0035 
 266  133.00    0.0035 
 267  133.50    0.0034 
 268  134.00    0.0033 
 269  134.50    0.0032 
 270  135.00    0.0032 
 271  135.50    0.0031 
 272  136.00    0.0030 
 273  136.50    0.0030 
 274  137.00    0.0029 
 275  137.50    0.0028 
 276  138.00    0.0028 
 277  138.50    0.0027 
 278  139.00    0.0027 
 279  139.50    0.0026 
 280  140.00    0.0025 
 281  140.50    0.0025 
 282  141.00    0.0024 
 283  141.50    0.0024 
 284  142.00    0.0023 
 285  142.50    0.0023 
 286  143.00    0.0022 
 287  143.50    0.0022 
 288  144.00    0.0021 
 289  144.50    0.0021 
 290  145.00    0.0021 
 291  145.50    0.0020 
 292  146.00    0.0020 
 293  146.50    0.0019 
 294  147.00    0.0019 
 295  147.50    0.0019 
 296  148.00    0.0018 
 297  148.50    0.0018 
 298  149.00    0.0018 
 299  149.50    0.0017 
 300  150.00    0.0017 
