 RORBWin Output File
 *******************
 
 Program version 6.52 (last updated 1st June 2023)
 Copyright Monash University and Hydrology and Risk Consulting
 
 Date run: 08 Aug 2026 22:30

 Vector file       : E:\Library\Automation\ryan-tools\tests\test_data\RORB\Fig6_7.catg
 Storm file        : E:\Library\Automation\ryan-tools\tests\test_data\RORB\areal-example\Fig6_7_ aep50_du12hourtp5.stm
 Output information: Flows & all input data


 Data checks:
 ************
 Next data to be read & checked:

 Catchment name & reach type flag
 Control vector & storage data
 Code no.  18     7.0 Location read as                             
 Sub-area areas
 Impervious flag
 Initial storm data
 Rainfall burst times
 Pluviograph 1
 Sub-area rainfalls

 Data check completed



 Data:
 ****

 fIGURE 6.7                                                          


 Time data, in increments from initial time
 fIGURE 6.7: 12 hour 50% Design Storm No.5 Temporal Pattern          
 Time increment (hours)=  0.50

                   Start   Finish
 Rainfall times:     0       72


 End of hyeto/hydrographs:   72
 Duration of calculations:  300



 Pre-burst has been applied
 Pluviograph data (time in incs, rainfall in mm, in 
                   increment following time shown)

Includes Pre-burst temporal pattern
         1:Temporal pattern (% of depth
   Time     1
     0     0.02
     1     0.02
     2     0.02
     3     0.02
     4     0.02
     5     0.02
     6     0.01
     7     0.01
     8     0.01
     9     0.01
    10     0.01
    11     0.01
    12     0.01
    13     0.01
    14     0.01
    15     0.01
    16     0.01
    17     0.01
    18     0.03
    19     0.03
    20     0.03
    21     0.03
    22     0.03
    23     0.03
    24     0.01
    25     0.01
    26     0.01
    27     0.01
    28     0.01
    29     0.01
    30     0.02
    31     0.02
    32     0.02
    33     0.02
    34     0.02
    35     0.02
    36     0.02
    37     0.02
    38     0.02
    39     0.02
    40     0.02
    41     0.02
    42     0.02
    43     0.02
    44     0.02
    45     0.02
    46     0.02
    47     0.02
    48     2.75
    49     3.75
    50     5.06
    51     4.43
    52     6.86
    53     8.20
    54     8.33
    55     7.19
    56     5.30
    57     6.65
    58     5.13
    59     5.17
    60     5.47
    61     4.12
    62     3.57
    63     2.25
    64     1.67
    65     2.38
    66     2.15
    67     1.44
    68     1.95
    69     2.03
    70     2.17
    71     1.98

   Total 100.8




 DESIGN run control vector

 Step  Code              Description
   1    1     Add sub-area 'A' inflow & route thru normal storage    1
   2    3     Store hydrograph from step    1; reset hydrograph to zero
   3    1     Add sub-area 'B' inflow & route thru normal storage    2
   4    4     Add h-graph ex step    2 to h-graph ex step    3
   5    5     Route hydrograph thru normal storage    3
   6    3     Store hydrograph from step    5; reset hydrograph to zero
   7    1     Add sub-area 'C' inflow & route thru normal storage    4
   8    4     Add h-graph ex step    6 to h-graph ex step    7
   9    5     Route hydrograph thru normal storage    5
  10    3     Store hydrograph from step    9; reset hydrograph to zero
  11    1     Add sub-area 'D' inflow & route thru normal storage    6
  12    4     Add h-graph ex step   10 to h-graph ex step   11
  13    5     Route hydrograph thru normal storage    7
  14    3     Store hydrograph from step   13; reset hydrograph to zero
  15    1     Add sub-area 'E' inflow & route thru normal storage    8
  16    4     Add h-graph ex step   14 to h-graph ex step   15
  17    5     Route hydrograph thru normal storage    9
  18    7.0   Print hydrograph,                             
  19    0     **********End of control vector**********



 Sub-area data

 Sub-     Area     Dist.
 area      km²      km*
   A    3.00E+01  1.25E+01
   B    2.80E+01  1.15E+01
   C    2.50E+01  9.50E+00
   D    3.50E+01  7.00E+00
   E    4.00E+01  6.00E+00

 Total 1.580E+02

 For whole catchment     ; Av. Dist., km* =       8.98
 For interstation area  1; Av. Dist., km* =       8.98; ISA Factor =   1.000

 * or other function of reach properties related to travel time



 Normal storage data

 Storage   Length   Rel. delay      Type         Slope
   no.       km*       time                     percent 
   1         5.0       0.557       Natural 
   2         4.0       0.445       Natural 
   3         2.5       0.278       Natural 
   4         4.5       0.501       Natural 
   5         2.5       0.278       Natural 
   6         4.5       0.501       Natural 
   7         1.0       0.111       Natural 
   8         4.5       0.501       Natural 
   9         1.5       0.167       Natural 

 * or other function of reach properties related to travel time


 Input of parameters:
 ********************

 fIGURE 6.7                                                          
 DESIGN Run
 fIGURE 6.7: 12 hour 50% Design Storm No.5 Temporal Pattern          
 Time increment = 0.50 hours

 Constant loss model selected



 Rainfall, mm, in time inc. following time shown
 Time               Sub-
      Catch         Area
 Incs ment          A   B   C   D   E

   0   0.0          0   0   0   0   0
   1   0.0          0   0   0   0   0
   2   0.0          0   0   0   0   0
   3   0.0          0   0   0   0   0
   4   0.0          0   0   0   0   0
   5   0.0          0   0   0   0   0
   6   0.0          0   0   0   0   0
   7   0.0          0   0   0   0   0
   8   0.0          0   0   0   0   0
   9   0.0          0   0   0   0   0
  10   0.0          0   0   0   0   0
  11   0.0          0   0   0   0   0
  12   0.0          0   0   0   0   0
  13   0.0          0   0   0   0   0
  14   0.0          0   0   0   0   0
  15   0.0          0   0   0   0   0
  16   0.0          0   0   0   0   0
  17   0.0          0   0   0   0   0
  18   0.0          0   0   0   0   0
  19   0.0          0   0   0   0   0
  20   0.0          0   0   0   0   0
  21   0.0          0   0   0   0   0
  22   0.0          0   0   0   0   0
  23   0.0          0   0   0   0   0
  24   0.0          0   0   0   0   0
  25   0.0          0   0   0   0   0
  26   0.0          0   0   0   0   0
  27   0.0          0   0   0   0   0
  28   0.0          0   0   0   0   0
  29   0.0          0   0   0   0   0
  30   0.0          0   0   0   0   0
  31   0.0          0   0   0   0   0
  32   0.0          0   0   0   0   0
  33   0.0          0   0   0   0   0
  34   0.0          0   0   0   0   0
  35   0.0          0   0   0   0   0
  36   0.0          0   0   0   0   0
  37   0.0          0   0   0   0   0
  38   0.0          0   0   0   0   0
  39   0.0          0   0   0   0   0
  40   0.0          0   0   0   0   0
  41   0.0          0   0   0   0   0
  42   0.0          0   0   0   0   0
  43   0.0          0   0   0   0   0
  44   0.0          0   0   0   0   0
  45   0.0          0   0   0   0   0
  46   0.0          0   0   0   0   0
  47   0.0          0   0   0   0   0
  48   1.0          1   1   1   1   1
  49   1.4          1   1   1   1   1
  50   1.9          2   2   2   2   2
  51   1.7          2   2   2   2   2
  52   2.6          3   3   3   3   3
  53   3.1          3   3   3   3   3
  54   3.1          3   3   3   3   3
  55   2.7          3   3   3   3   3
  56   2.0          2   2   2   2   2
  57   2.5          2   2   2   2   2
  58   1.9          2   2   2   2   2
  59   1.9          2   2   2   2   2
  60   2.0          2   2   2   2   2
  61   1.5          2   2   2   2   2
  62   1.3          1   1   1   1   1
  63   0.8          1   1   1   1   1
  64   0.6          1   1   1   1   1
  65   0.9          1   1   1   1   1
  66   0.8          1   1   1   1   1
  67   0.5          1   1   1   1   1
  68   0.7          1   1   1   1   1
  69   0.8          1   1   1   1   1
  70   0.8          1   1   1   1   1
  71   0.7          1   1   1   1   1

 Tot. 37.7         38  38  38  38  38
 Pluvi. ref. no.    1   1   1   1   1




 Rainfall-excess, mm, in time inc. following time shown
 Time               Sub-
      Catch         Area
 Incs ment          A   B   C   D   E

   0   0.0          0   0   0   0   0
   1   0.0          0   0   0   0   0
   2   0.0          0   0   0   0   0
   3   0.0          0   0   0   0   0
   4   0.0          0   0   0   0   0
   5   0.0          0   0   0   0   0
   6   0.0          0   0   0   0   0
   7   0.0          0   0   0   0   0
   8   0.0          0   0   0   0   0
   9   0.0          0   0   0   0   0
  10   0.0          0   0   0   0   0
  11   0.0          0   0   0   0   0
  12   0.0          0   0   0   0   0
  13   0.0          0   0   0   0   0
  14   0.0          0   0   0   0   0
  15   0.0          0   0   0   0   0
  16   0.0          0   0   0   0   0
  17   0.0          0   0   0   0   0
  18   0.0          0   0   0   0   0
  19   0.0          0   0   0   0   0
  20   0.0          0   0   0   0   0
  21   0.0          0   0   0   0   0
  22   0.0          0   0   0   0   0
  23   0.0          0   0   0   0   0
  24   0.0          0   0   0   0   0
  25   0.0          0   0   0   0   0
  26   0.0          0   0   0   0   0
  27   0.0          0   0   0   0   0
  28   0.0          0   0   0   0   0
  29   0.0          0   0   0   0   0
  30   0.0          0   0   0   0   0
  31   0.0          0   0   0   0   0
  32   0.0          0   0   0   0   0
  33   0.0          0   0   0   0   0
  34   0.0          0   0   0   0   0
  35   0.0          0   0   0   0   0
  36   0.0          0   0   0   0   0
  37   0.0          0   0   0   0   0
  38   0.0          0   0   0   0   0
  39   0.0          0   0   0   0   0
  40   0.0          0   0   0   0   0
  41   0.0          0   0   0   0   0
  42   0.0          0   0   0   0   0
  43   0.0          0   0   0   0   0
  44   0.0          0   0   0   0   0
  45   0.0          0   0   0   0   0
  46   0.0          0   0   0   0   0
  47   0.0          0   0   0   0   0
  48   0.0          0   0   0   0   0
  49   0.0          0   0   0   0   0
  50   0.0          0   0   0   0   0
  51   0.0          0   0   0   0   0
  52   0.0          0   0   0   0   0
  53   0.0          0   0   0   0   0
  54   2.1          2   2   2   2   2
  55   1.7          2   2   2   2   2
  56   1.0          1   1   1   1   1
  57   1.5          2   2   2   2   2
  58   1.0          1   1   1   1   1
  59   1.0          1   1   1   1   1
  60   1.1          1   1   1   1   1
  61   0.6          1   1   1   1   1
  62   0.4          0   0   0   0   0
  63   0.0          0   0   0   0   0
  64   0.0          0   0   0   0   0
  65   0.0          0   0   0   0   0
  66   0.0          0   0   0   0   0
  67   0.0          0   0   0   0   0
  68   0.0          0   0   0   0   0
  69   0.0          0   0   0   0   0
  70   0.0          0   0   0   0   0
  71   0.0          0   0   0   0   0

 Tot. 10.4         10  10  10  10  10



 Routing results:
 ****************
 fIGURE 6.7                                                          
 fIGURE 6.7: 12 hour 50% Design Storm No.5 Temporal Pattern          
 DESIGN run no.  1


 Parameters:  kc =    10.00    m = 0.80

 Loss parameters     Initial loss (mm)   Cont. loss (mm/h)
                           12.00              1.90



 *** Calculated hydrograph,                                      

                           Hydrograph
                          Calc.          
 Peak discharge,m³/s     57.69
 Time to peak,h           32.0
 Volume,m³            1.65E+06
 Time to centroid,h       35.4
 Lag (c.m. to c.m.),h     6.63
 Lag to peak,h            3.26


 Hydrograph summary
 ******************

 Site  Description
   01  Calculated hydrograph,

 Inc    Time   Hyd0001
   0    0.00    0.0000 
   1    0.50    0.0000 
   2    1.00    0.0000 
   3    1.50    0.0000 
   4    2.00    0.0000 
   5    2.50    0.0000 
   6    3.00    0.0000 
   7    3.50    0.0000 
   8    4.00    0.0000 
   9    4.50    0.0000 
  10    5.00    0.0000 
  11    5.50    0.0000 
  12    6.00    0.0000 
  13    6.50    0.0000 
  14    7.00    0.0000 
  15    7.50    0.0000 
  16    8.00    0.0000 
  17    8.50    0.0000 
  18    9.00    0.0000 
  19    9.50    0.0000 
  20   10.00    0.0000 
  21   10.50    0.0000 
  22   11.00    0.0000 
  23   11.50    0.0000 
  24   12.00    0.0000 
  25   12.50    0.0000 
  26   13.00    0.0000 
  27   13.50    0.0000 
  28   14.00    0.0000 
  29   14.50    0.0000 
  30   15.00    0.0000 
  31   15.50    0.0000 
  32   16.00    0.0000 
  33   16.50    0.0000 
  34   17.00    0.0000 
  35   17.50    0.0000 
  36   18.00    0.0000 
  37   18.50    0.0000 
  38   19.00    0.0000 
  39   19.50    0.0000 
  40   20.00    0.0000 
  41   20.50    0.0000 
  42   21.00    0.0000 
  43   21.50    0.0000 
  44   22.00    0.0000 
  45   22.50    0.0000 
  46   23.00    0.0000 
  47   23.50    0.0000 
  48   24.00    0.0000 
  49   24.50    0.0000 
  50   25.00    0.0000 
  51   25.50    0.0000 
  52   26.00    0.0000 
  53   26.50    0.0000 
  54   27.00    0.0000 
  55   27.50    0.3206 
  56   28.00    2.6364 
  57   28.50    8.1969 
  58   29.00   16.0533 
  59   29.50   25.0827 
  60   30.00   34.1085 
  61   30.50   42.4151 
  62   31.00   49.7297 
  63   31.50   55.0917 
  64   32.00   57.6887 
  65   32.50   57.4760 
  66   33.00   55.1556 
  67   33.50   51.6243 
  68   34.00   47.4841 
  69   34.50   43.1212 
  70   35.00   38.7896 
  71   35.50   34.6553 
  72   36.00   30.8173 
  73   36.50   27.3235 
  74   37.00   24.1867 
  75   37.50   21.3972 
  76   38.00   18.9327 
  77   38.50   16.7645 
  78   39.00   14.8627 
  79   39.50   13.1982 
  80   40.00   11.7421 
  81   40.50   10.4672 
  82   41.00    9.3506 
  83   41.50    8.3717 
  84   42.00    7.5119 
  85   42.50    6.7550 
  86   43.00    6.0874 
  87   43.50    5.4971 
  88   44.00    4.9739 
  89   44.50    4.5094 
  90   45.00    4.0959 
  91   45.50    3.7273 
  92   46.00    3.3979 
  93   46.50    3.1030 
  94   47.00    2.8384 
  95   47.50    2.6006 
  96   48.00    2.3865 
  97   48.50    2.1933 
  98   49.00    2.0188 
  99   49.50    1.8607 
 100   50.00    1.7174 
 101   50.50    1.5872 
 102   51.00    1.4688 
 103   51.50    1.3609 
 104   52.00    1.2624 
 105   52.50    1.1724 
 106   53.00    1.0900 
 107   53.50    1.0146 
 108   54.00    0.9453 
 109   54.50    0.8817 
 110   55.00    0.8231 
 111   55.50    0.7692 
 112   56.00    0.7195 
 113   56.50    0.6736 
 114   57.00    0.6312 
 115   57.50    0.5920 
 116   58.00    0.5557 
 117   58.50    0.5220 
 118   59.00    0.4908 
 119   59.50    0.4618 
 120   60.00    0.4348 
 121   60.50    0.4097 
 122   61.00    0.3863 
 123   61.50    0.3645 
 124   62.00    0.3442 
 125   62.50    0.3252 
 126   63.00    0.3075 
 127   63.50    0.2909 
 128   64.00    0.2754 
 129   64.50    0.2608 
 130   65.00    0.2472 
 131   65.50    0.2344 
 132   66.00    0.2225 
 133   66.50    0.2112 
 134   67.00    0.2006 
 135   67.50    0.1907 
 136   68.00    0.1813 
 137   68.50    0.1725 
 138   69.00    0.1642 
 139   69.50    0.1564 
 140   70.00    0.1490 
 141   70.50    0.1420 
 142   71.00    0.1354 
 143   71.50    0.1292 
 144   72.00    0.1233 
 145   72.50    0.1178 
 146   73.00    0.1125 
 147   73.50    0.1075 
 148   74.00    0.1028 
 149   74.50    0.0983 
 150   75.00    0.0941 
 151   75.50    0.0901 
 152   76.00    0.0863 
 153   76.50    0.0826 
 154   77.00    0.0792 
 155   77.50    0.0759 
 156   78.00    0.0728 
 157   78.50    0.0699 
 158   79.00    0.0670 
 159   79.50    0.0644 
 160   80.00    0.0618 
 161   80.50    0.0594 
 162   81.00    0.0571 
 163   81.50    0.0549 
 164   82.00    0.0527 
 165   82.50    0.0507 
 166   83.00    0.0488 
 167   83.50    0.0470 
 168   84.00    0.0452 
 169   84.50    0.0436 
 170   85.00    0.0420 
 171   85.50    0.0404 
 172   86.00    0.0390 
 173   86.50    0.0376 
 174   87.00    0.0362 
 175   87.50    0.0349 
 176   88.00    0.0337 
 177   88.50    0.0325 
 178   89.00    0.0314 
 179   89.50    0.0303 
 180   90.00    0.0293 
 181   90.50    0.0283 
 182   91.00    0.0273 
 183   91.50    0.0264 
 184   92.00    0.0255 
 185   92.50    0.0247 
 186   93.00    0.0239 
 187   93.50    0.0231 
 188   94.00    0.0224 
 189   94.50    0.0216 
 190   95.00    0.0209 
 191   95.50    0.0203 
 192   96.00    0.0196 
 193   96.50    0.0190 
 194   97.00    0.0184 
 195   97.50    0.0179 
 196   98.00    0.0173 
 197   98.50    0.0168 
 198   99.00    0.0163 
 199   99.50    0.0158 
 200  100.00    0.0153 
 201  100.50    0.0148 
 202  101.00    0.0144 
 203  101.50    0.0140 
 204  102.00    0.0136 
 205  102.50    0.0132 
 206  103.00    0.0128 
 207  103.50    0.0124 
 208  104.00    0.0121 
 209  104.50    0.0117 
 210  105.00    0.0114 
 211  105.50    0.0111 
 212  106.00    0.0108 
 213  106.50    0.0105 
 214  107.00    0.0102 
 215  107.50    0.0099 
 216  108.00    0.0096 
 217  108.50    0.0094 
 218  109.00    0.0091 
 219  109.50    0.0089 
 220  110.00    0.0086 
 221  110.50    0.0084 
 222  111.00    0.0082 
 223  111.50    0.0079 
 224  112.00    0.0077 
 225  112.50    0.0075 
 226  113.00    0.0073 
 227  113.50    0.0072 
 228  114.00    0.0070 
 229  114.50    0.0068 
 230  115.00    0.0066 
 231  115.50    0.0065 
 232  116.00    0.0063 
 233  116.50    0.0061 
 234  117.00    0.0060 
 235  117.50    0.0058 
 236  118.00    0.0057 
 237  118.50    0.0055 
 238  119.00    0.0054 
 239  119.50    0.0053 
 240  120.00    0.0052 
 241  120.50    0.0050 
 242  121.00    0.0049 
 243  121.50    0.0048 
 244  122.00    0.0047 
 245  122.50    0.0046 
 246  123.00    0.0045 
 247  123.50    0.0044 
 248  124.00    0.0043 
 249  124.50    0.0042 
 250  125.00    0.0041 
 251  125.50    0.0040 
 252  126.00    0.0039 
 253  126.50    0.0038 
 254  127.00    0.0037 
 255  127.50    0.0036 
 256  128.00    0.0035 
 257  128.50    0.0035 
 258  129.00    0.0034 
 259  129.50    0.0033 
 260  130.00    0.0032 
 261  130.50    0.0032 
 262  131.00    0.0031 
 263  131.50    0.0030 
 264  132.00    0.0030 
 265  132.50    0.0029 
 266  133.00    0.0028 
 267  133.50    0.0028 
 268  134.00    0.0027 
 269  134.50    0.0027 
 270  135.00    0.0026 
 271  135.50    0.0025 
 272  136.00    0.0025 
 273  136.50    0.0024 
 274  137.00    0.0024 
 275  137.50    0.0023 
 276  138.00    0.0023 
 277  138.50    0.0022 
 278  139.00    0.0022 
 279  139.50    0.0022 
 280  140.00    0.0021 
 281  140.50    0.0021 
 282  141.00    0.0020 
 283  141.50    0.0020 
 284  142.00    0.0019 
 285  142.50    0.0019 
 286  143.00    0.0019 
 287  143.50    0.0018 
 288  144.00    0.0018 
 289  144.50    0.0018 
 290  145.00    0.0017 
 291  145.50    0.0017 
 292  146.00    0.0017 
 293  146.50    0.0016 
 294  147.00    0.0016 
 295  147.50    0.0016 
 296  148.00    0.0015 
 297  148.50    0.0015 
 298  149.00    0.0015 
 299  149.50    0.0015 
 300  150.00    0.0014 
