 RORBWin Output File
 *******************
 
 Program version 6.52 (last updated 1st June 2023)
 Copyright Monash University and Hydrology and Risk Consulting
 
 Date run: 08 Aug 2026 22:30

 Vector file       : E:\Library\Automation\ryan-tools\tests\test_data\RORB\Fig6_7.catg
 Storm file        : E:\Library\Automation\ryan-tools\tests\test_data\RORB\areal-example\Fig6_7_ aep20_du12hourtp9.stm
 Output information: Flows & all input data


 Data checks:
 ************
 Next data to be read & checked:

 Catchment name & reach type flag
 Control vector & storage data
 Code no.  18     7.0 Location read as                             
 Sub-area areas
 Impervious flag
 Initial storm data
 Rainfall burst times
 Pluviograph 1
 Sub-area rainfalls

 Data check completed



 Data:
 ****

 fIGURE 6.7                                                          


 Time data, in increments from initial time
 fIGURE 6.7: 12 hour 20% Design Storm No.9 Temporal Pattern          
 Time increment (hours)=  0.50

                   Start   Finish
 Rainfall times:     0       72


 End of hyeto/hydrographs:   72
 Duration of calculations:  300



 Pre-burst has been applied
 Pluviograph data (time in incs, rainfall in mm, in 
                   increment following time shown)

Includes Pre-burst temporal pattern
         1:Temporal pattern (% of depth
   Time     1
     0     0.03
     1     0.03
     2     0.03
     3     0.03
     4     0.03
     5     0.03
     6     0.03
     7     0.03
     8     0.03
     9     0.03
    10     0.03
    11     0.03
    12     0.01
    13     0.01
    14     0.01
    15     0.01
    16     0.01
    17     0.01
    18     0.06
    19     0.06
    20     0.06
    21     0.06
    22     0.06
    23     0.06
    24     0.02
    25     0.02
    26     0.02
    27     0.02
    28     0.02
    29     0.02
    30     0.03
    31     0.03
    32     0.03
    33     0.03
    34     0.03
    35     0.03
    36     0.03
    37     0.03
    38     0.03
    39     0.03
    40     0.03
    41     0.03
    42     0.04
    43     0.04
    44     0.04
    45     0.04
    46     0.04
    47     0.04
    48     4.30
    49     4.28
    50     4.48
    51     4.51
    52     4.49
    53     2.35
    54     3.96
    55     4.36
    56     3.97
    57     4.41
    58     3.50
    59     3.26
    60     3.65
    61     3.74
    62     2.71
    63     4.34
    64     4.84
    65     4.70
    66     5.61
    67     5.87
    68     4.89
    69     4.05
    70     4.37
    71     3.36

   Total 101.5




 DESIGN run control vector

 Step  Code              Description
   1    1     Add sub-area 'A' inflow & route thru normal storage    1
   2    3     Store hydrograph from step    1; reset hydrograph to zero
   3    1     Add sub-area 'B' inflow & route thru normal storage    2
   4    4     Add h-graph ex step    2 to h-graph ex step    3
   5    5     Route hydrograph thru normal storage    3
   6    3     Store hydrograph from step    5; reset hydrograph to zero
   7    1     Add sub-area 'C' inflow & route thru normal storage    4
   8    4     Add h-graph ex step    6 to h-graph ex step    7
   9    5     Route hydrograph thru normal storage    5
  10    3     Store hydrograph from step    9; reset hydrograph to zero
  11    1     Add sub-area 'D' inflow & route thru normal storage    6
  12    4     Add h-graph ex step   10 to h-graph ex step   11
  13    5     Route hydrograph thru normal storage    7
  14    3     Store hydrograph from step   13; reset hydrograph to zero
  15    1     Add sub-area 'E' inflow & route thru normal storage    8
  16    4     Add h-graph ex step   14 to h-graph ex step   15
  17    5     Route hydrograph thru normal storage    9
  18    7.0   Print hydrograph,                             
  19    0     **********End of control vector**********



 Sub-area data

 Sub-     Area     Dist.
 area      km²      km*
   A    3.00E+01  1.25E+01
   B    2.80E+01  1.15E+01
   C    2.50E+01  9.50E+00
   D    3.50E+01  7.00E+00
   E    4.00E+01  6.00E+00

 Total 1.580E+02

 For whole catchment     ; Av. Dist., km* =       8.98
 For interstation area  1; Av. Dist., km* =       8.98; ISA Factor =   1.000

 * or other function of reach properties related to travel time



 Normal storage data

 Storage   Length   Rel. delay      Type         Slope
   no.       km*       time                     percent 
   1         5.0       0.557       Natural 
   2         4.0       0.445       Natural 
   3         2.5       0.278       Natural 
   4         4.5       0.501       Natural 
   5         2.5       0.278       Natural 
   6         4.5       0.501       Natural 
   7         1.0       0.111       Natural 
   8         4.5       0.501       Natural 
   9         1.5       0.167       Natural 

 * or other function of reach properties related to travel time


 Input of parameters:
 ********************

 fIGURE 6.7                                                          
 DESIGN Run
 fIGURE 6.7: 12 hour 20% Design Storm No.9 Temporal Pattern          
 Time increment = 0.50 hours

 Constant loss model selected



 Rainfall, mm, in time inc. following time shown
 Time               Sub-
      Catch         Area
 Incs ment          A   B   C   D   E

   0   0.0          0   0   0   0   0
   1   0.0          0   0   0   0   0
   2   0.0          0   0   0   0   0
   3   0.0          0   0   0   0   0
   4   0.0          0   0   0   0   0
   5   0.0          0   0   0   0   0
   6   0.0          0   0   0   0   0
   7   0.0          0   0   0   0   0
   8   0.0          0   0   0   0   0
   9   0.0          0   0   0   0   0
  10   0.0          0   0   0   0   0
  11   0.0          0   0   0   0   0
  12   0.0          0   0   0   0   0
  13   0.0          0   0   0   0   0
  14   0.0          0   0   0   0   0
  15   0.0          0   0   0   0   0
  16   0.0          0   0   0   0   0
  17   0.0          0   0   0   0   0
  18   0.0          0   0   0   0   0
  19   0.0          0   0   0   0   0
  20   0.0          0   0   0   0   0
  21   0.0          0   0   0   0   0
  22   0.0          0   0   0   0   0
  23   0.0          0   0   0   0   0
  24   0.0          0   0   0   0   0
  25   0.0          0   0   0   0   0
  26   0.0          0   0   0   0   0
  27   0.0          0   0   0   0   0
  28   0.0          0   0   0   0   0
  29   0.0          0   0   0   0   0
  30   0.0          0   0   0   0   0
  31   0.0          0   0   0   0   0
  32   0.0          0   0   0   0   0
  33   0.0          0   0   0   0   0
  34   0.0          0   0   0   0   0
  35   0.0          0   0   0   0   0
  36   0.0          0   0   0   0   0
  37   0.0          0   0   0   0   0
  38   0.0          0   0   0   0   0
  39   0.0          0   0   0   0   0
  40   0.0          0   0   0   0   0
  41   0.0          0   0   0   0   0
  42   0.0          0   0   0   0   0
  43   0.0          0   0   0   0   0
  44   0.0          0   0   0   0   0
  45   0.0          0   0   0   0   0
  46   0.0          0   0   0   0   0
  47   0.0          0   0   0   0   0
  48   2.1          2   2   2   2   2
  49   2.1          2   2   2   2   2
  50   2.2          2   2   2   2   2
  51   2.2          2   2   2   2   2
  52   2.2          2   2   2   2   2
  53   1.2          1   1   1   1   1
  54   2.0          2   2   2   2   2
  55   2.2          2   2   2   2   2
  56   2.0          2   2   2   2   2
  57   2.2          2   2   2   2   2
  58   1.7          2   2   2   2   2
  59   1.6          2   2   2   2   2
  60   1.8          2   2   2   2   2
  61   1.9          2   2   2   2   2
  62   1.3          1   1   1   1   1
  63   2.1          2   2   2   2   2
  64   2.4          2   2   2   2   2
  65   2.3          2   2   2   2   2
  66   2.8          3   3   3   3   3
  67   2.9          3   3   3   3   3
  68   2.4          2   2   2   2   2
  69   2.0          2   2   2   2   2
  70   2.2          2   2   2   2   2
  71   1.7          2   2   2   2   2

 Tot. 50.2         50  50  50  50  50
 Pluvi. ref. no.    1   1   1   1   1




 Rainfall-excess, mm, in time inc. following time shown
 Time               Sub-
      Catch         Area
 Incs ment          A   B   C   D   E

   0   0.0          0   0   0   0   0
   1   0.0          0   0   0   0   0
   2   0.0          0   0   0   0   0
   3   0.0          0   0   0   0   0
   4   0.0          0   0   0   0   0
   5   0.0          0   0   0   0   0
   6   0.0          0   0   0   0   0
   7   0.0          0   0   0   0   0
   8   0.0          0   0   0   0   0
   9   0.0          0   0   0   0   0
  10   0.0          0   0   0   0   0
  11   0.0          0   0   0   0   0
  12   0.0          0   0   0   0   0
  13   0.0          0   0   0   0   0
  14   0.0          0   0   0   0   0
  15   0.0          0   0   0   0   0
  16   0.0          0   0   0   0   0
  17   0.0          0   0   0   0   0
  18   0.0          0   0   0   0   0
  19   0.0          0   0   0   0   0
  20   0.0          0   0   0   0   0
  21   0.0          0   0   0   0   0
  22   0.0          0   0   0   0   0
  23   0.0          0   0   0   0   0
  24   0.0          0   0   0   0   0
  25   0.0          0   0   0   0   0
  26   0.0          0   0   0   0   0
  27   0.0          0   0   0   0   0
  28   0.0          0   0   0   0   0
  29   0.0          0   0   0   0   0
  30   0.0          0   0   0   0   0
  31   0.0          0   0   0   0   0
  32   0.0          0   0   0   0   0
  33   0.0          0   0   0   0   0
  34   0.0          0   0   0   0   0
  35   0.0          0   0   0   0   0
  36   0.0          0   0   0   0   0
  37   0.0          0   0   0   0   0
  38   0.0          0   0   0   0   0
  39   0.0          0   0   0   0   0
  40   0.0          0   0   0   0   0
  41   0.0          0   0   0   0   0
  42   0.0          0   0   0   0   0
  43   0.0          0   0   0   0   0
  44   0.0          0   0   0   0   0
  45   0.0          0   0   0   0   0
  46   0.0          0   0   0   0   0
  47   0.0          0   0   0   0   0
  48   0.0          0   0   0   0   0
  49   0.0          0   0   0   0   0
  50   0.0          0   0   0   0   0
  51   0.0          0   0   0   0   0
  52   0.0          0   0   0   0   0
  53   0.0          0   0   0   0   0
  54   1.0          1   1   1   1   1
  55   1.2          1   1   1   1   1
  56   1.0          1   1   1   1   1
  57   1.2          1   1   1   1   1
  58   0.8          1   1   1   1   1
  59   0.7          1   1   1   1   1
  60   0.9          1   1   1   1   1
  61   0.9          1   1   1   1   1
  62   0.4          0   0   0   0   0
  63   1.2          1   1   1   1   1
  64   1.4          1   1   1   1   1
  65   1.4          1   1   1   1   1
  66   1.8          2   2   2   2   2
  67   2.0          2   2   2   2   2
  68   1.5          1   1   1   1   1
  69   1.1          1   1   1   1   1
  70   1.2          1   1   1   1   1
  71   0.7          1   1   1   1   1

 Tot. 20.3         20  20  20  20  20



 Routing results:
 ****************
 fIGURE 6.7                                                          
 fIGURE 6.7: 12 hour 20% Design Storm No.9 Temporal Pattern          
 DESIGN run no.  1


 Parameters:  kc =    10.00    m = 0.80

 Loss parameters     Initial loss (mm)   Cont. loss (mm/h)
                           12.00              1.90



 *** Calculated hydrograph,                                      

                           Hydrograph
                          Calc.          
 Peak discharge,m³/s     99.56
 Time to peak,h           36.5
 Volume,m³            3.22E+06
 Time to centroid,h       37.8
 Lag (c.m. to c.m.),h     5.98
 Lag to peak,h            4.73


 Hydrograph summary
 ******************

 Site  Description
   01  Calculated hydrograph,

 Inc    Time   Hyd0001
   0    0.00    0.0000 
   1    0.50    0.0000 
   2    1.00    0.0000 
   3    1.50    0.0000 
   4    2.00    0.0000 
   5    2.50    0.0000 
   6    3.00    0.0000 
   7    3.50    0.0000 
   8    4.00    0.0000 
   9    4.50    0.0000 
  10    5.00    0.0000 
  11    5.50    0.0000 
  12    6.00    0.0000 
  13    6.50    0.0000 
  14    7.00    0.0000 
  15    7.50    0.0000 
  16    8.00    0.0000 
  17    8.50    0.0000 
  18    9.00    0.0000 
  19    9.50    0.0000 
  20   10.00    0.0000 
  21   10.50    0.0000 
  22   11.00    0.0000 
  23   11.50    0.0000 
  24   12.00    0.0000 
  25   12.50    0.0000 
  26   13.00    0.0000 
  27   13.50    0.0000 
  28   14.00    0.0000 
  29   14.50    0.0000 
  30   15.00    0.0000 
  31   15.50    0.0000 
  32   16.00    0.0000 
  33   16.50    0.0000 
  34   17.00    0.0000 
  35   17.50    0.0000 
  36   18.00    0.0000 
  37   18.50    0.0000 
  38   19.00    0.0000 
  39   19.50    0.0000 
  40   20.00    0.0000 
  41   20.50    0.0000 
  42   21.00    0.0000 
  43   21.50    0.0000 
  44   22.00    0.0000 
  45   22.50    0.0000 
  46   23.00    0.0000 
  47   23.50    0.0000 
  48   24.00    0.0000 
  49   24.50    0.0000 
  50   25.00    0.0000 
  51   25.50    0.0000 
  52   26.00    0.0000 
  53   26.50    0.0000 
  54   27.00    0.0000 
  55   27.50    0.1042 
  56   28.00    0.9853 
  57   28.50    3.5797 
  58   29.00    8.1356 
  59   29.50   14.1718 
  60   30.00   20.5995 
  61   30.50   26.6195 
  62   31.00   32.4256 
  63   31.50   37.7691 
  64   32.00   42.4596 
  65   32.50   47.6648 
  66   33.00   54.1566 
  67   33.50   61.8048 
  68   34.00   70.8564 
  69   34.50   80.7290 
  70   35.00   89.3696 
  71   35.50   95.5296 
  72   36.00   99.2125 
  73   36.50   99.5581 
  74   37.00   95.8241 
  75   37.50   89.1538 
  76   38.00   81.1740 
  77   38.50   72.8463 
  78   39.00   64.7003 
  79   39.50   57.0450 
  80   40.00   50.0500 
  81   40.50   43.7836 
  82   41.00   38.2476 
  83   41.50   33.4029 
  84   42.00   29.1895 
  85   42.50   25.5405 
  86   43.00   22.3891 
  87   43.50   19.6694 
  88   44.00   17.3203 
  89   44.50   15.2883 
  90   45.00   13.5274 
  91   45.50   11.9983 
  92   46.00   10.6676 
  93   46.50    9.5069 
  94   47.00    8.4935 
  95   47.50    7.6075 
  96   48.00    6.8306 
  97   48.50    6.1473 
  98   49.00    5.5448 
  99   49.50    5.0120 
 100   50.00    4.5398 
 101   50.50    4.1204 
 102   51.00    3.7469 
 103   51.50    3.4137 
 104   52.00    3.1157 
 105   52.50    2.8487 
 106   53.00    2.6089 
 107   53.50    2.3932 
 108   54.00    2.1988 
 109   54.50    2.0232 
 110   55.00    1.8643 
 111   55.50    1.7204 
 112   56.00    1.5897 
 113   56.50    1.4708 
 114   57.00    1.3625 
 115   57.50    1.2638 
 116   58.00    1.1736 
 117   58.50    1.0910 
 118   59.00    1.0154 
 119   59.50    0.9460 
 120   60.00    0.8823 
 121   60.50    0.8237 
 122   61.00    0.7697 
 123   61.50    0.7199 
 124   62.00    0.6740 
 125   62.50    0.6316 
 126   63.00    0.5923 
 127   63.50    0.5560 
 128   64.00    0.5223 
 129   64.50    0.4910 
 130   65.00    0.4620 
 131   65.50    0.4350 
 132   66.00    0.4099 
 133   66.50    0.3865 
 134   67.00    0.3647 
 135   67.50    0.3443 
 136   68.00    0.3254 
 137   68.50    0.3076 
 138   69.00    0.2910 
 139   69.50    0.2755 
 140   70.00    0.2610 
 141   70.50    0.2473 
 142   71.00    0.2346 
 143   71.50    0.2226 
 144   72.00    0.2113 
 145   72.50    0.2007 
 146   73.00    0.1908 
 147   73.50    0.1814 
 148   74.00    0.1726 
 149   74.50    0.1643 
 150   75.00    0.1565 
 151   75.50    0.1491 
 152   76.00    0.1421 
 153   76.50    0.1355 
 154   77.00    0.1293 
 155   77.50    0.1234 
 156   78.00    0.1179 
 157   78.50    0.1126 
 158   79.00    0.1076 
 159   79.50    0.1029 
 160   80.00    0.0984 
 161   80.50    0.0942 
 162   81.00    0.0902 
 163   81.50    0.0863 
 164   82.00    0.0827 
 165   82.50    0.0793 
 166   83.00    0.0760 
 167   83.50    0.0729 
 168   84.00    0.0699 
 169   84.50    0.0671 
 170   85.00    0.0644 
 171   85.50    0.0619 
 172   86.00    0.0594 
 173   86.50    0.0571 
 174   87.00    0.0549 
 175   87.50    0.0528 
 176   88.00    0.0508 
 177   88.50    0.0489 
 178   89.00    0.0470 
 179   89.50    0.0453 
 180   90.00    0.0436 
 181   90.50    0.0420 
 182   91.00    0.0405 
 183   91.50    0.0390 
 184   92.00    0.0376 
 185   92.50    0.0363 
 186   93.00    0.0350 
 187   93.50    0.0337 
 188   94.00    0.0326 
 189   94.50    0.0314 
 190   95.00    0.0303 
 191   95.50    0.0293 
 192   96.00    0.0283 
 193   96.50    0.0274 
 194   97.00    0.0264 
 195   97.50    0.0256 
 196   98.00    0.0247 
 197   98.50    0.0239 
 198   99.00    0.0231 
 199   99.50    0.0224 
 200  100.00    0.0217 
 201  100.50    0.0210 
 202  101.00    0.0203 
 203  101.50    0.0197 
 204  102.00    0.0190 
 205  102.50    0.0184 
 206  103.00    0.0179 
 207  103.50    0.0173 
 208  104.00    0.0168 
 209  104.50    0.0163 
 210  105.00    0.0158 
 211  105.50    0.0153 
 212  106.00    0.0149 
 213  106.50    0.0144 
 214  107.00    0.0140 
 215  107.50    0.0136 
 216  108.00    0.0132 
 217  108.50    0.0128 
 218  109.00    0.0124 
 219  109.50    0.0121 
 220  110.00    0.0117 
 221  110.50    0.0114 
 222  111.00    0.0111 
 223  111.50    0.0108 
 224  112.00    0.0105 
 225  112.50    0.0102 
 226  113.00    0.0099 
 227  113.50    0.0096 
 228  114.00    0.0094 
 229  114.50    0.0091 
 230  115.00    0.0089 
 231  115.50    0.0086 
 232  116.00    0.0084 
 233  116.50    0.0082 
 234  117.00    0.0080 
 235  117.50    0.0077 
 236  118.00    0.0075 
 237  118.50    0.0073 
 238  119.00    0.0072 
 239  119.50    0.0070 
 240  120.00    0.0068 
 241  120.50    0.0066 
 242  121.00    0.0065 
 243  121.50    0.0063 
 244  122.00    0.0061 
 245  122.50    0.0060 
 246  123.00    0.0058 
 247  123.50    0.0057 
 248  124.00    0.0055 
 249  124.50    0.0054 
 250  125.00    0.0053 
 251  125.50    0.0052 
 252  126.00    0.0050 
 253  126.50    0.0049 
 254  127.00    0.0048 
 255  127.50    0.0047 
 256  128.00    0.0046 
 257  128.50    0.0045 
 258  129.00    0.0044 
 259  129.50    0.0043 
 260  130.00    0.0042 
 261  130.50    0.0041 
 262  131.00    0.0040 
 263  131.50    0.0039 
 264  132.00    0.0038 
 265  132.50    0.0037 
 266  133.00    0.0036 
 267  133.50    0.0035 
 268  134.00    0.0035 
 269  134.50    0.0034 
 270  135.00    0.0033 
 271  135.50    0.0032 
 272  136.00    0.0032 
 273  136.50    0.0031 
 274  137.00    0.0030 
 275  137.50    0.0030 
 276  138.00    0.0029 
 277  138.50    0.0028 
 278  139.00    0.0028 
 279  139.50    0.0027 
 280  140.00    0.0027 
 281  140.50    0.0026 
 282  141.00    0.0025 
 283  141.50    0.0025 
 284  142.00    0.0024 
 285  142.50    0.0024 
 286  143.00    0.0023 
 287  143.50    0.0023 
 288  144.00    0.0022 
 289  144.50    0.0022 
 290  145.00    0.0022 
 291  145.50    0.0021 
 292  146.00    0.0021 
 293  146.50    0.0020 
 294  147.00    0.0020 
 295  147.50    0.0019 
 296  148.00    0.0019 
 297  148.50    0.0019 
 298  149.00    0.0018 
 299  149.50    0.0018 
 300  150.00    0.0018 
