 RORBWin Output File
 *******************
 
 Program version 6.52 (last updated 1st June 2023)
 Copyright Monash University and Hydrology and Risk Consulting
 
 Date run: 08 Aug 2026 22:30

 Vector file       : E:\Library\Automation\ryan-tools\tests\test_data\RORB\Fig6_7.catg
 Storm file        : E:\Library\Automation\ryan-tools\tests\test_data\RORB\areal-example\Fig6_7_ aep1_du12hourtp7.stm
 Output information: Flows & all input data


 Data checks:
 ************
 Next data to be read & checked:

 Catchment name & reach type flag
 Control vector & storage data
 Code no.  18     7.0 Location read as                             
 Sub-area areas
 Impervious flag
 Initial storm data
 Rainfall burst times
 Pluviograph 1
 Sub-area rainfalls

 Data check completed



 Data:
 ****

 fIGURE 6.7                                                          


 Time data, in increments from initial time
 fIGURE 6.7: 12 hour 1% Design Storm No.7 Temporal Pattern           
 Time increment (hours)=  0.50

                   Start   Finish
 Rainfall times:     0       72


 End of hyeto/hydrographs:   72
 Duration of calculations:  300



 Pre-burst has been applied
 Pluviograph data (time in incs, rainfall in mm, in 
                   increment following time shown)

Includes Pre-burst temporal pattern
         1:Temporal pattern (% of depth
   Time     1
     0     0.16
     1     0.16
     2     0.16
     3     0.16
     4     0.16
     5     0.16
     6     0.14
     7     0.14
     8     0.14
     9     0.14
    10     0.14
    11     0.14
    12     0.07
    13     0.07
    14     0.07
    15     0.07
    16     0.07
    17     0.07
    18     0.30
    19     0.30
    20     0.30
    21     0.30
    22     0.30
    23     0.30
    24     0.08
    25     0.08
    26     0.08
    27     0.08
    28     0.08
    29     0.08
    30     0.15
    31     0.15
    32     0.15
    33     0.15
    34     0.15
    35     0.15
    36     0.17
    37     0.17
    38     0.17
    39     0.17
    40     0.17
    41     0.17
    42     0.22
    43     0.22
    44     0.22
    45     0.22
    46     0.22
    47     0.22
    48     2.39
    49     2.09
    50     1.45
    51     2.77
    52     4.13
    53     2.15
    54     4.35
    55     3.16
    56     2.19
    57     3.86
    58     4.71
    59     4.57
    60     5.86
    61     2.73
    62     1.28
    63     2.63
    64     3.50
    65     1.14
    66     0.57
    67     1.21
    68     7.60
    69    14.05
    70    12.19
    71     9.42

   Total 107.7




 DESIGN run control vector

 Step  Code              Description
   1    1     Add sub-area 'A' inflow & route thru normal storage    1
   2    3     Store hydrograph from step    1; reset hydrograph to zero
   3    1     Add sub-area 'B' inflow & route thru normal storage    2
   4    4     Add h-graph ex step    2 to h-graph ex step    3
   5    5     Route hydrograph thru normal storage    3
   6    3     Store hydrograph from step    5; reset hydrograph to zero
   7    1     Add sub-area 'C' inflow & route thru normal storage    4
   8    4     Add h-graph ex step    6 to h-graph ex step    7
   9    5     Route hydrograph thru normal storage    5
  10    3     Store hydrograph from step    9; reset hydrograph to zero
  11    1     Add sub-area 'D' inflow & route thru normal storage    6
  12    4     Add h-graph ex step   10 to h-graph ex step   11
  13    5     Route hydrograph thru normal storage    7
  14    3     Store hydrograph from step   13; reset hydrograph to zero
  15    1     Add sub-area 'E' inflow & route thru normal storage    8
  16    4     Add h-graph ex step   14 to h-graph ex step   15
  17    5     Route hydrograph thru normal storage    9
  18    7.0   Print hydrograph,                             
  19    0     **********End of control vector**********



 Sub-area data

 Sub-     Area     Dist.
 area      km²      km*
   A    3.00E+01  1.25E+01
   B    2.80E+01  1.15E+01
   C    2.50E+01  9.50E+00
   D    3.50E+01  7.00E+00
   E    4.00E+01  6.00E+00

 Total 1.580E+02

 For whole catchment     ; Av. Dist., km* =       8.98
 For interstation area  1; Av. Dist., km* =       8.98; ISA Factor =   1.000

 * or other function of reach properties related to travel time



 Normal storage data

 Storage   Length   Rel. delay      Type         Slope
   no.       km*       time                     percent 
   1         5.0       0.557       Natural 
   2         4.0       0.445       Natural 
   3         2.5       0.278       Natural 
   4         4.5       0.501       Natural 
   5         2.5       0.278       Natural 
   6         4.5       0.501       Natural 
   7         1.0       0.111       Natural 
   8         4.5       0.501       Natural 
   9         1.5       0.167       Natural 

 * or other function of reach properties related to travel time


 Input of parameters:
 ********************

 fIGURE 6.7                                                          
 DESIGN Run
 fIGURE 6.7: 12 hour 1% Design Storm No.7 Temporal Pattern           
 Time increment = 0.50 hours

 Constant loss model selected



 Rainfall, mm, in time inc. following time shown
 Time               Sub-
      Catch         Area
 Incs ment          A   B   C   D   E

   0   0.1          0   0   0   0   0
   1   0.1          0   0   0   0   0
   2   0.1          0   0   0   0   0
   3   0.1          0   0   0   0   0
   4   0.1          0   0   0   0   0
   5   0.1          0   0   0   0   0
   6   0.1          0   0   0   0   0
   7   0.1          0   0   0   0   0
   8   0.1          0   0   0   0   0
   9   0.1          0   0   0   0   0
  10   0.1          0   0   0   0   0
  11   0.1          0   0   0   0   0
  12   0.1          0   0   0   0   0
  13   0.1          0   0   0   0   0
  14   0.1          0   0   0   0   0
  15   0.1          0   0   0   0   0
  16   0.1          0   0   0   0   0
  17   0.1          0   0   0   0   0
  18   0.3          0   0   0   0   0
  19   0.3          0   0   0   0   0
  20   0.3          0   0   0   0   0
  21   0.3          0   0   0   0   0
  22   0.3          0   0   0   0   0
  23   0.3          0   0   0   0   0
  24   0.1          0   0   0   0   0
  25   0.1          0   0   0   0   0
  26   0.1          0   0   0   0   0
  27   0.1          0   0   0   0   0
  28   0.1          0   0   0   0   0
  29   0.1          0   0   0   0   0
  30   0.1          0   0   0   0   0
  31   0.1          0   0   0   0   0
  32   0.1          0   0   0   0   0
  33   0.1          0   0   0   0   0
  34   0.1          0   0   0   0   0
  35   0.1          0   0   0   0   0
  36   0.2          0   0   0   0   0
  37   0.2          0   0   0   0   0
  38   0.2          0   0   0   0   0
  39   0.2          0   0   0   0   0
  40   0.2          0   0   0   0   0
  41   0.2          0   0   0   0   0
  42   0.2          0   0   0   0   0
  43   0.2          0   0   0   0   0
  44   0.2          0   0   0   0   0
  45   0.2          0   0   0   0   0
  46   0.2          0   0   0   0   0
  47   0.2          0   0   0   0   0
  48   2.2          2   2   2   2   2
  49   1.9          2   2   2   2   2
  50   1.3          1   1   1   1   1
  51   2.6          3   3   3   3   3
  52   3.8          4   4   4   4   4
  53   2.0          2   2   2   2   2
  54   4.0          4   4   4   4   4
  55   2.9          3   3   3   3   3
  56   2.0          2   2   2   2   2
  57   3.6          4   4   4   4   4
  58   4.3          4   4   4   4   4
  59   4.2          4   4   4   4   4
  60   5.4          5   5   5   5   5
  61   2.5          3   3   3   3   3
  62   1.2          1   1   1   1   1
  63   2.4          2   2   2   2   2
  64   3.2          3   3   3   3   3
  65   1.1          1   1   1   1   1
  66   0.5          1   1   1   1   1
  67   1.1          1   1   1   1   1
  68   7.0          7   7   7   7   7
  69  12.9         13  13  13  13  13
  70  11.2         11  11  11  11  11
  71   8.7          9   9   9   9   9

 Tot. 99.2         99  99  99  99  99
 Pluvi. ref. no.    1   1   1   1   1




 Rainfall-excess, mm, in time inc. following time shown
 Time               Sub-
      Catch         Area
 Incs ment          A   B   C   D   E

   0   0.0          0   0   0   0   0
   1   0.0          0   0   0   0   0
   2   0.0          0   0   0   0   0
   3   0.0          0   0   0   0   0
   4   0.0          0   0   0   0   0
   5   0.0          0   0   0   0   0
   6   0.0          0   0   0   0   0
   7   0.0          0   0   0   0   0
   8   0.0          0   0   0   0   0
   9   0.0          0   0   0   0   0
  10   0.0          0   0   0   0   0
  11   0.0          0   0   0   0   0
  12   0.0          0   0   0   0   0
  13   0.0          0   0   0   0   0
  14   0.0          0   0   0   0   0
  15   0.0          0   0   0   0   0
  16   0.0          0   0   0   0   0
  17   0.0          0   0   0   0   0
  18   0.0          0   0   0   0   0
  19   0.0          0   0   0   0   0
  20   0.0          0   0   0   0   0
  21   0.0          0   0   0   0   0
  22   0.0          0   0   0   0   0
  23   0.0          0   0   0   0   0
  24   0.0          0   0   0   0   0
  25   0.0          0   0   0   0   0
  26   0.0          0   0   0   0   0
  27   0.0          0   0   0   0   0
  28   0.0          0   0   0   0   0
  29   0.0          0   0   0   0   0
  30   0.0          0   0   0   0   0
  31   0.0          0   0   0   0   0
  32   0.0          0   0   0   0   0
  33   0.0          0   0   0   0   0
  34   0.0          0   0   0   0   0
  35   0.0          0   0   0   0   0
  36   0.0          0   0   0   0   0
  37   0.0          0   0   0   0   0
  38   0.0          0   0   0   0   0
  39   0.0          0   0   0   0   0
  40   0.0          0   0   0   0   0
  41   0.0          0   0   0   0   0
  42   0.0          0   0   0   0   0
  43   0.0          0   0   0   0   0
  44   0.0          0   0   0   0   0
  45   0.0          0   0   0   0   0
  46   0.0          0   0   0   0   0
  47   0.0          0   0   0   0   0
  48   0.0          0   0   0   0   0
  49   0.0          0   0   0   0   0
  50   0.0          0   0   0   0   0
  51   1.6          2   2   2   2   2
  52   2.9          3   3   3   3   3
  53   1.0          1   1   1   1   1
  54   3.1          3   3   3   3   3
  55   2.0          2   2   2   2   2
  56   1.1          1   1   1   1   1
  57   2.6          3   3   3   3   3
  58   3.4          3   3   3   3   3
  59   3.3          3   3   3   3   3
  60   4.4          4   4   4   4   4
  61   1.6          2   2   2   2   2
  62   0.2          0   0   0   0   0
  63   1.5          1   1   1   1   1
  64   2.3          2   2   2   2   2
  65   0.1          0   0   0   0   0
  66   0.0          0   0   0   0   0
  67   0.2          0   0   0   0   0
  68   6.1          6   6   6   6   6
  69  12.0         12  12  12  12  12
  70  10.3         10  10  10  10  10
  71   7.7          8   8   8   8   8

 Tot. 67.1         67  67  67  67  67



 Routing results:
 ****************
 fIGURE 6.7                                                          
 fIGURE 6.7: 12 hour 1% Design Storm No.7 Temporal Pattern           
 DESIGN run no.  1


 Parameters:  kc =    10.00    m = 0.80

 Loss parameters     Initial loss (mm)   Cont. loss (mm/h)
                           12.00              1.90



 *** Calculated hydrograph,                                      

                           Hydrograph
                          Calc.          
 Peak discharge,m³/s     385.6
 Time to peak,h           37.0
 Volume,m³            1.06E+07
 Time to centroid,h       37.0
 Lag (c.m. to c.m.),h     4.73
 Lag to peak,h            4.76


 Hydrograph summary
 ******************

 Site  Description
   01  Calculated hydrograph,

 Inc    Time   Hyd0001
   0    0.00     0.000 
   1    0.50     0.000 
   2    1.00     0.000 
   3    1.50     0.000 
   4    2.00     0.000 
   5    2.50     0.000 
   6    3.00     0.000 
   7    3.50     0.000 
   8    4.00     0.000 
   9    4.50     0.000 
  10    5.00     0.000 
  11    5.50     0.000 
  12    6.00     0.000 
  13    6.50     0.000 
  14    7.00     0.000 
  15    7.50     0.000 
  16    8.00     0.000 
  17    8.50     0.000 
  18    9.00     0.000 
  19    9.50     0.000 
  20   10.00     0.000 
  21   10.50     0.000 
  22   11.00     0.000 
  23   11.50     0.000 
  24   12.00     0.000 
  25   12.50     0.000 
  26   13.00     0.000 
  27   13.50     0.000 
  28   14.00     0.000 
  29   14.50     0.000 
  30   15.00     0.000 
  31   15.50     0.000 
  32   16.00     0.000 
  33   16.50     0.000 
  34   17.00     0.000 
  35   17.50     0.000 
  36   18.00     0.000 
  37   18.50     0.000 
  38   19.00     0.000 
  39   19.50     0.000 
  40   20.00     0.000 
  41   20.50     0.000 
  42   21.00     0.000 
  43   21.50     0.000 
  44   22.00     0.000 
  45   22.50     0.000 
  46   23.00     0.000 
  47   23.50     0.000 
  48   24.00     0.000 
  49   24.50     0.000 
  50   25.00     0.000 
  51   25.50     0.000 
  52   26.00     0.291 
  53   26.50     2.489 
  54   27.00     8.908 
  55   27.50    19.766 
  56   28.00    34.494 
  57   28.50    50.593 
  58   29.00    65.726 
  59   29.50    82.840 
  60   30.00   104.257 
  61   30.50   129.742 
  62   31.00   155.498 
  63   31.50   171.800 
  64   32.00   175.526 
  65   32.50   174.512 
  66   33.00   171.910 
  67   33.50   163.693 
  68   34.00   149.939 
  69   34.50   141.147 
  70   35.00   158.921 
  71   35.50   217.146 
  72   36.00   299.647 
  73   36.50   365.708 
  74   37.00   385.609 
  75   37.50   367.546 
  76   38.00   332.729 
  77   38.50   291.781 
  78   39.00   250.264 
  79   39.50   211.621 
  80   40.00   177.535 
  81   40.50   148.440 
  82   41.00   124.085 
  83   41.50   103.912 
  84   42.00    87.282 
  85   42.50    73.586 
  86   43.00    62.293 
  87   43.50    52.973 
  88   44.00    45.266 
  89   44.50    38.861 
  90   45.00    33.512 
  91   45.50    29.022 
  92   46.00    25.237 
  93   46.50    22.033 
  94   47.00    19.307 
  95   47.50    16.979 
  96   48.00    14.982 
  97   48.50    13.263 
  98   49.00    11.777 
  99   49.50    10.488 
 100   50.00     9.366 
 101   50.50     8.386 
 102   51.00     7.527 
 103   51.50     6.773 
 104   52.00     6.107 
 105   52.50     5.520 
 106   53.00     4.999 
 107   53.50     4.536 
 108   54.00     4.124 
 109   54.50     3.756 
 110   55.00     3.427 
 111   55.50     3.133 
 112   56.00     2.868 
 113   56.50     2.630 
 114   57.00     2.415 
 115   57.50     2.221 
 116   58.00     2.045 
 117   58.50     1.886 
 118   59.00     1.742 
 119   59.50     1.610 
 120   60.00     1.491 
 121   60.50     1.382 
 122   61.00     1.282 
 123   61.50     1.191 
 124   62.00     1.108 
 125   62.50     1.031 
 126   63.00     0.961 
 127   63.50     0.896 
 128   64.00     0.837 
 129   64.50     0.782 
 130   65.00     0.732 
 131   65.50     0.685 
 132   66.00     0.642 
 133   66.50     0.602 
 134   67.00     0.565 
 135   67.50     0.531 
 136   68.00     0.499 
 137   68.50     0.470 
 138   69.00     0.442 
 139   69.50     0.417 
 140   70.00     0.393 
 141   70.50     0.371 
 142   71.00     0.350 
 143   71.50     0.331 
 144   72.00     0.313 
 145   72.50     0.296 
 146   73.00     0.280 
 147   73.50     0.265 
 148   74.00     0.251 
 149   74.50     0.238 
 150   75.00     0.226 
 151   75.50     0.215 
 152   76.00     0.204 
 153   76.50     0.194 
 154   77.00     0.184 
 155   77.50     0.175 
 156   78.00     0.167 
 157   78.50     0.159 
 158   79.00     0.151 
 159   79.50     0.144 
 160   80.00     0.138 
 161   80.50     0.131 
 162   81.00     0.125 
 163   81.50     0.120 
 164   82.00     0.114 
 165   82.50     0.109 
 166   83.00     0.104 
 167   83.50     0.100 
 168   84.00     0.095 
 169   84.50     0.091 
 170   85.00     0.088 
 171   85.50     0.084 
 172   86.00     0.080 
 173   86.50     0.077 
 174   87.00     0.074 
 175   87.50     0.071 
 176   88.00     0.068 
 177   88.50     0.065 
 178   89.00     0.063 
 179   89.50     0.060 
 180   90.00     0.058 
 181   90.50     0.056 
 182   91.00     0.053 
 183   91.50     0.051 
 184   92.00     0.049 
 185   92.50     0.048 
 186   93.00     0.046 
 187   93.50     0.044 
 188   94.00     0.043 
 189   94.50     0.041 
 190   95.00     0.039 
 191   95.50     0.038 
 192   96.00     0.037 
 193   96.50     0.035 
 194   97.00     0.034 
 195   97.50     0.033 
 196   98.00     0.032 
 197   98.50     0.031 
 198   99.00     0.030 
 199   99.50     0.029 
 200  100.00     0.028 
 201  100.50     0.027 
 202  101.00     0.026 
 203  101.50     0.025 
 204  102.00     0.024 
 205  102.50     0.023 
 206  103.00     0.023 
 207  103.50     0.022 
 208  104.00     0.021 
 209  104.50     0.021 
 210  105.00     0.020 
 211  105.50     0.019 
 212  106.00     0.019 
 213  106.50     0.018 
 214  107.00     0.018 
 215  107.50     0.017 
 216  108.00     0.016 
 217  108.50     0.016 
 218  109.00     0.015 
 219  109.50     0.015 
 220  110.00     0.015 
 221  110.50     0.014 
 222  111.00     0.014 
 223  111.50     0.013 
 224  112.00     0.013 
 225  112.50     0.013 
 226  113.00     0.012 
 227  113.50     0.012 
 228  114.00     0.012 
 229  114.50     0.011 
 230  115.00     0.011 
 231  115.50     0.011 
 232  116.00     0.010 
 233  116.50     0.010 
 234  117.00     0.010 
 235  117.50     0.009 
 236  118.00     0.009 
 237  118.50     0.009 
 238  119.00     0.009 
 239  119.50     0.008 
 240  120.00     0.008 
 241  120.50     0.008 
 242  121.00     0.008 
 243  121.50     0.008 
 244  122.00     0.007 
 245  122.50     0.007 
 246  123.00     0.007 
 247  123.50     0.007 
 248  124.00     0.007 
 249  124.50     0.007 
 250  125.00     0.006 
 251  125.50     0.006 
 252  126.00     0.006 
 253  126.50     0.006 
 254  127.00     0.006 
 255  127.50     0.006 
 256  128.00     0.005 
 257  128.50     0.005 
 258  129.00     0.005 
 259  129.50     0.005 
 260  130.00     0.005 
 261  130.50     0.005 
 262  131.00     0.005 
 263  131.50     0.005 
 264  132.00     0.004 
 265  132.50     0.004 
 266  133.00     0.004 
 267  133.50     0.004 
 268  134.00     0.004 
 269  134.50     0.004 
 270  135.00     0.004 
 271  135.50     0.004 
 272  136.00     0.004 
 273  136.50     0.004 
 274  137.00     0.004 
 275  137.50     0.003 
 276  138.00     0.003 
 277  138.50     0.003 
 278  139.00     0.003 
 279  139.50     0.003 
 280  140.00     0.003 
 281  140.50     0.003 
 282  141.00     0.003 
 283  141.50     0.003 
 284  142.00     0.003 
 285  142.50     0.003 
 286  143.00     0.003 
 287  143.50     0.003 
 288  144.00     0.003 
 289  144.50     0.003 
 290  145.00     0.003 
 291  145.50     0.002 
 292  146.00     0.002 
 293  146.50     0.002 
 294  147.00     0.002 
 295  147.50     0.002 
 296  148.00     0.002 
 297  148.50     0.002 
 298  149.00     0.002 
 299  149.50     0.002 
 300  150.00     0.002 
