 RORBWin Output File
 *******************
 
 Program version 6.52 (last updated 1st June 2023)
 Copyright Monash University and Hydrology and Risk Consulting
 
 Date run: 08 Aug 2026 22:30

 Vector file       : E:\Library\Automation\ryan-tools\tests\test_data\RORB\Fig6_7.catg
 Storm file        : E:\Library\Automation\ryan-tools\tests\test_data\RORB\areal-example\Fig6_7_ aep0p5EY_du12hourtp8.stm
 Output information: Flows & all input data


 Data checks:
 ************
 Next data to be read & checked:

 Catchment name & reach type flag
 Control vector & storage data
 Code no.  18     7.0 Location read as                             
 Sub-area areas
 Impervious flag
 Initial storm data
 Rainfall burst times
 Pluviograph 1
 Sub-area rainfalls

 Data check completed



 Data:
 ****

 fIGURE 6.7                                                          


 Time data, in increments from initial time
 fIGURE 6.7: 12 hour 0.5EY Design Storm No.8 Temporal Pattern        
 Time increment (hours)=  0.50

                   Start   Finish
 Rainfall times:     0       72


 End of hyeto/hydrographs:   72
 Duration of calculations:  300



 Pre-burst has been applied
 Pluviograph data (time in incs, rainfall in mm, in 
                   increment following time shown)

Includes Pre-burst temporal pattern
         1:Temporal pattern (% of depth
   Time     1
     0     0.02
     1     0.02
     2     0.02
     3     0.02
     4     0.02
     5     0.02
     6     0.01
     7     0.01
     8     0.01
     9     0.01
    10     0.01
    11     0.01
    12     0.01
    13     0.01
    14     0.01
    15     0.01
    16     0.01
    17     0.01
    18     0.03
    19     0.03
    20     0.03
    21     0.03
    22     0.03
    23     0.03
    24     0.01
    25     0.01
    26     0.01
    27     0.01
    28     0.01
    29     0.01
    30     0.01
    31     0.01
    32     0.01
    33     0.01
    34     0.01
    35     0.01
    36     0.02
    37     0.02
    38     0.02
    39     0.02
    40     0.02
    41     0.02
    42     0.02
    43     0.02
    44     0.02
    45     0.02
    46     0.02
    47     0.02
    48     4.77
    49     2.60
    50     2.05
    51     3.81
    52     4.32
    53     3.91
    54     4.23
    55     4.65
    56     6.43
    57     5.08
    58     6.11
    59     6.19
    60     5.33
    61     4.61
    62     4.59
    63     3.94
    64     4.09
    65     4.00
    66     3.61
    67     3.31
    68     3.38
    69     3.82
    70     2.88
    71     2.29

   Total 100.8




 DESIGN run control vector

 Step  Code              Description
   1    1     Add sub-area 'A' inflow & route thru normal storage    1
   2    3     Store hydrograph from step    1; reset hydrograph to zero
   3    1     Add sub-area 'B' inflow & route thru normal storage    2
   4    4     Add h-graph ex step    2 to h-graph ex step    3
   5    5     Route hydrograph thru normal storage    3
   6    3     Store hydrograph from step    5; reset hydrograph to zero
   7    1     Add sub-area 'C' inflow & route thru normal storage    4
   8    4     Add h-graph ex step    6 to h-graph ex step    7
   9    5     Route hydrograph thru normal storage    5
  10    3     Store hydrograph from step    9; reset hydrograph to zero
  11    1     Add sub-area 'D' inflow & route thru normal storage    6
  12    4     Add h-graph ex step   10 to h-graph ex step   11
  13    5     Route hydrograph thru normal storage    7
  14    3     Store hydrograph from step   13; reset hydrograph to zero
  15    1     Add sub-area 'E' inflow & route thru normal storage    8
  16    4     Add h-graph ex step   14 to h-graph ex step   15
  17    5     Route hydrograph thru normal storage    9
  18    7.0   Print hydrograph,                             
  19    0     **********End of control vector**********



 Sub-area data

 Sub-     Area     Dist.
 area      km²      km*
   A    3.00E+01  1.25E+01
   B    2.80E+01  1.15E+01
   C    2.50E+01  9.50E+00
   D    3.50E+01  7.00E+00
   E    4.00E+01  6.00E+00

 Total 1.580E+02

 For whole catchment     ; Av. Dist., km* =       8.98
 For interstation area  1; Av. Dist., km* =       8.98; ISA Factor =   1.000

 * or other function of reach properties related to travel time



 Normal storage data

 Storage   Length   Rel. delay      Type         Slope
   no.       km*       time                     percent 
   1         5.0       0.557       Natural 
   2         4.0       0.445       Natural 
   3         2.5       0.278       Natural 
   4         4.5       0.501       Natural 
   5         2.5       0.278       Natural 
   6         4.5       0.501       Natural 
   7         1.0       0.111       Natural 
   8         4.5       0.501       Natural 
   9         1.5       0.167       Natural 

 * or other function of reach properties related to travel time


 Input of parameters:
 ********************

 fIGURE 6.7                                                          
 DESIGN Run
 fIGURE 6.7: 12 hour 0.5EY Design Storm No.8 Temporal Pattern        
 Time increment = 0.50 hours

 Constant loss model selected



 Rainfall, mm, in time inc. following time shown
 Time               Sub-
      Catch         Area
 Incs ment          A   B   C   D   E

   0   0.0          0   0   0   0   0
   1   0.0          0   0   0   0   0
   2   0.0          0   0   0   0   0
   3   0.0          0   0   0   0   0
   4   0.0          0   0   0   0   0
   5   0.0          0   0   0   0   0
   6   0.0          0   0   0   0   0
   7   0.0          0   0   0   0   0
   8   0.0          0   0   0   0   0
   9   0.0          0   0   0   0   0
  10   0.0          0   0   0   0   0
  11   0.0          0   0   0   0   0
  12   0.0          0   0   0   0   0
  13   0.0          0   0   0   0   0
  14   0.0          0   0   0   0   0
  15   0.0          0   0   0   0   0
  16   0.0          0   0   0   0   0
  17   0.0          0   0   0   0   0
  18   0.0          0   0   0   0   0
  19   0.0          0   0   0   0   0
  20   0.0          0   0   0   0   0
  21   0.0          0   0   0   0   0
  22   0.0          0   0   0   0   0
  23   0.0          0   0   0   0   0
  24   0.0          0   0   0   0   0
  25   0.0          0   0   0   0   0
  26   0.0          0   0   0   0   0
  27   0.0          0   0   0   0   0
  28   0.0          0   0   0   0   0
  29   0.0          0   0   0   0   0
  30   0.0          0   0   0   0   0
  31   0.0          0   0   0   0   0
  32   0.0          0   0   0   0   0
  33   0.0          0   0   0   0   0
  34   0.0          0   0   0   0   0
  35   0.0          0   0   0   0   0
  36   0.0          0   0   0   0   0
  37   0.0          0   0   0   0   0
  38   0.0          0   0   0   0   0
  39   0.0          0   0   0   0   0
  40   0.0          0   0   0   0   0
  41   0.0          0   0   0   0   0
  42   0.0          0   0   0   0   0
  43   0.0          0   0   0   0   0
  44   0.0          0   0   0   0   0
  45   0.0          0   0   0   0   0
  46   0.0          0   0   0   0   0
  47   0.0          0   0   0   0   0
  48   2.0          2   2   2   2   2
  49   1.1          1   1   1   1   1
  50   0.8          1   1   1   1   1
  51   1.6          2   2   2   2   2
  52   1.8          2   2   2   2   2
  53   1.6          2   2   2   2   2
  54   1.8          2   2   2   2   2
  55   1.9          2   2   2   2   2
  56   2.7          3   3   3   3   3
  57   2.1          2   2   2   2   2
  58   2.5          3   3   3   3   3
  59   2.6          3   3   3   3   3
  60   2.2          2   2   2   2   2
  61   1.9          2   2   2   2   2
  62   1.9          2   2   2   2   2
  63   1.6          2   2   2   2   2
  64   1.7          2   2   2   2   2
  65   1.7          2   2   2   2   2
  66   1.5          1   1   1   1   1
  67   1.4          1   1   1   1   1
  68   1.4          1   1   1   1   1
  69   1.6          2   2   2   2   2
  70   1.2          1   1   1   1   1
  71   0.9          1   1   1   1   1

 Tot. 41.7         42  42  42  42  42
 Pluvi. ref. no.    1   1   1   1   1




 Rainfall-excess, mm, in time inc. following time shown
 Time               Sub-
      Catch         Area
 Incs ment          A   B   C   D   E

   0   0.0          0   0   0   0   0
   1   0.0          0   0   0   0   0
   2   0.0          0   0   0   0   0
   3   0.0          0   0   0   0   0
   4   0.0          0   0   0   0   0
   5   0.0          0   0   0   0   0
   6   0.0          0   0   0   0   0
   7   0.0          0   0   0   0   0
   8   0.0          0   0   0   0   0
   9   0.0          0   0   0   0   0
  10   0.0          0   0   0   0   0
  11   0.0          0   0   0   0   0
  12   0.0          0   0   0   0   0
  13   0.0          0   0   0   0   0
  14   0.0          0   0   0   0   0
  15   0.0          0   0   0   0   0
  16   0.0          0   0   0   0   0
  17   0.0          0   0   0   0   0
  18   0.0          0   0   0   0   0
  19   0.0          0   0   0   0   0
  20   0.0          0   0   0   0   0
  21   0.0          0   0   0   0   0
  22   0.0          0   0   0   0   0
  23   0.0          0   0   0   0   0
  24   0.0          0   0   0   0   0
  25   0.0          0   0   0   0   0
  26   0.0          0   0   0   0   0
  27   0.0          0   0   0   0   0
  28   0.0          0   0   0   0   0
  29   0.0          0   0   0   0   0
  30   0.0          0   0   0   0   0
  31   0.0          0   0   0   0   0
  32   0.0          0   0   0   0   0
  33   0.0          0   0   0   0   0
  34   0.0          0   0   0   0   0
  35   0.0          0   0   0   0   0
  36   0.0          0   0   0   0   0
  37   0.0          0   0   0   0   0
  38   0.0          0   0   0   0   0
  39   0.0          0   0   0   0   0
  40   0.0          0   0   0   0   0
  41   0.0          0   0   0   0   0
  42   0.0          0   0   0   0   0
  43   0.0          0   0   0   0   0
  44   0.0          0   0   0   0   0
  45   0.0          0   0   0   0   0
  46   0.0          0   0   0   0   0
  47   0.0          0   0   0   0   0
  48   0.0          0   0   0   0   0
  49   0.0          0   0   0   0   0
  50   0.0          0   0   0   0   0
  51   0.0          0   0   0   0   0
  52   0.0          0   0   0   0   0
  53   0.0          0   0   0   0   0
  54   0.0          0   0   0   0   0
  55   0.0          0   0   0   0   0
  56   1.7          2   2   2   2   2
  57   1.2          1   1   1   1   1
  58   1.6          2   2   2   2   2
  59   1.6          2   2   2   2   2
  60   1.3          1   1   1   1   1
  61   1.0          1   1   1   1   1
  62   1.0          1   1   1   1   1
  63   0.7          1   1   1   1   1
  64   0.7          1   1   1   1   1
  65   0.7          1   1   1   1   1
  66   0.5          1   1   1   1   1
  67   0.4          0   0   0   0   0
  68   0.4          0   0   0   0   0
  69   0.6          1   1   1   1   1
  70   0.2          0   0   0   0   0
  71   0.0          0   0   0   0   0

 Tot. 13.7         14  14  14  14  14



 Routing results:
 ****************
 fIGURE 6.7                                                          
 fIGURE 6.7: 12 hour 0.5EY Design Storm No.8 Temporal Pattern        
 DESIGN run no.  1


 Parameters:  kc =    10.00    m = 0.80

 Loss parameters     Initial loss (mm)   Cont. loss (mm/h)
                           12.00              1.90



 *** Calculated hydrograph,                                      

                           Hydrograph
                          Calc.          
 Peak discharge,m³/s     63.56
 Time to peak,h           34.0
 Volume,m³            2.16E+06
 Time to centroid,h       37.2
 Lag (c.m. to c.m.),h     6.39
 Lag to peak,h            3.23


 Hydrograph summary
 ******************

 Site  Description
   01  Calculated hydrograph,

 Inc    Time   Hyd0001
   0    0.00    0.0000 
   1    0.50    0.0000 
   2    1.00    0.0000 
   3    1.50    0.0000 
   4    2.00    0.0000 
   5    2.50    0.0000 
   6    3.00    0.0000 
   7    3.50    0.0000 
   8    4.00    0.0000 
   9    4.50    0.0000 
  10    5.00    0.0000 
  11    5.50    0.0000 
  12    6.00    0.0000 
  13    6.50    0.0000 
  14    7.00    0.0000 
  15    7.50    0.0000 
  16    8.00    0.0000 
  17    8.50    0.0000 
  18    9.00    0.0000 
  19    9.50    0.0000 
  20   10.00    0.0000 
  21   10.50    0.0000 
  22   11.00    0.0000 
  23   11.50    0.0000 
  24   12.00    0.0000 
  25   12.50    0.0000 
  26   13.00    0.0000 
  27   13.50    0.0000 
  28   14.00    0.0000 
  29   14.50    0.0000 
  30   15.00    0.0000 
  31   15.50    0.0000 
  32   16.00    0.0000 
  33   16.50    0.0000 
  34   17.00    0.0000 
  35   17.50    0.0000 
  36   18.00    0.0000 
  37   18.50    0.0000 
  38   19.00    0.0000 
  39   19.50    0.0000 
  40   20.00    0.0000 
  41   20.50    0.0000 
  42   21.00    0.0000 
  43   21.50    0.0000 
  44   22.00    0.0000 
  45   22.50    0.0000 
  46   23.00    0.0000 
  47   23.50    0.0000 
  48   24.00    0.0000 
  49   24.50    0.0000 
  50   25.00    0.0000 
  51   25.50    0.0000 
  52   26.00    0.0000 
  53   26.50    0.0000 
  54   27.00    0.0000 
  55   27.50    0.0000 
  56   28.00    0.0000 
  57   28.50    0.2352 
  58   29.00    1.8364 
  59   29.50    5.9553 
  60   30.00   12.8868 
  61   30.50   22.1027 
  62   31.00   31.9560 
  63   31.50   41.0290 
  64   32.00   48.6719 
  65   32.50   54.6468 
  66   33.00   59.0830 
  67   33.50   62.1066 
  68   34.00   63.5631 
  69   34.50   63.5359 
  70   35.00   62.6409 
  71   35.50   61.2446 
  72   36.00   58.8656 
  73   36.50   55.2285 
  74   37.00   50.8046 
  75   37.50   46.1348 
  76   38.00   41.5288 
  77   38.50   37.1503 
  78   39.00   33.0867 
  79   39.50   29.3789 
  80   40.00   26.0381 
  81   40.50   23.0559 
  82   41.00   20.4117 
  83   41.50   18.0785 
  84   42.00   16.0269 
  85   42.50   14.2279 
  86   43.00   12.6521 
  87   43.50   11.2712 
  88   44.00   10.0597 
  89   44.50    8.9955 
  90   45.00    8.0593 
  91   45.50    7.2354 
  92   46.00    6.5099 
  93   46.50    5.8697 
  94   47.00    5.3032 
  95   47.50    4.8008 
  96   48.00    4.3544 
  97   48.50    3.9569 
  98   49.00    3.6022 
  99   49.50    3.2852 
 100   50.00    3.0012 
 101   50.50    2.7463 
 102   51.00    2.5172 
 103   51.50    2.3108 
 104   52.00    2.1245 
 105   52.50    1.9562 
 106   53.00    1.8037 
 107   53.50    1.6654 
 108   54.00    1.5397 
 109   54.50    1.4253 
 110   55.00    1.3210 
 111   55.50    1.2259 
 112   56.00    1.1389 
 113   56.50    1.0592 
 114   57.00    0.9862 
 115   57.50    0.9192 
 116   58.00    0.8576 
 117   58.50    0.8010 
 118   59.00    0.7488 
 119   59.50    0.7006 
 120   60.00    0.6561 
 121   60.50    0.6150 
 122   61.00    0.5770 
 123   61.50    0.5417 
 124   62.00    0.5091 
 125   62.50    0.4787 
 126   63.00    0.4505 
 127   63.50    0.4243 
 128   64.00    0.4000 
 129   64.50    0.3772 
 130   65.00    0.3560 
 131   65.50    0.3363 
 132   66.00    0.3178 
 133   66.50    0.3006 
 134   67.00    0.2844 
 135   67.50    0.2693 
 136   68.00    0.2552 
 137   68.50    0.2419 
 138   69.00    0.2294 
 139   69.50    0.2178 
 140   70.00    0.2068 
 141   70.50    0.1965 
 142   71.00    0.1868 
 143   71.50    0.1776 
 144   72.00    0.1690 
 145   72.50    0.1609 
 146   73.00    0.1533 
 147   73.50    0.1461 
 148   74.00    0.1393 
 149   74.50    0.1328 
 150   75.00    0.1268 
 151   75.50    0.1210 
 152   76.00    0.1156 
 153   76.50    0.1104 
 154   77.00    0.1056 
 155   77.50    0.1010 
 156   78.00    0.0966 
 157   78.50    0.0924 
 158   79.00    0.0885 
 159   79.50    0.0848 
 160   80.00    0.0812 
 161   80.50    0.0778 
 162   81.00    0.0746 
 163   81.50    0.0716 
 164   82.00    0.0687 
 165   82.50    0.0659 
 166   83.00    0.0633 
 167   83.50    0.0608 
 168   84.00    0.0584 
 169   84.50    0.0561 
 170   85.00    0.0540 
 171   85.50    0.0519 
 172   86.00    0.0499 
 173   86.50    0.0481 
 174   87.00    0.0463 
 175   87.50    0.0445 
 176   88.00    0.0429 
 177   88.50    0.0413 
 178   89.00    0.0398 
 179   89.50    0.0384 
 180   90.00    0.0370 
 181   90.50    0.0357 
 182   91.00    0.0344 
 183   91.50    0.0332 
 184   92.00    0.0321 
 185   92.50    0.0310 
 186   93.00    0.0299 
 187   93.50    0.0289 
 188   94.00    0.0279 
 189   94.50    0.0270 
 190   95.00    0.0261 
 191   95.50    0.0252 
 192   96.00    0.0244 
 193   96.50    0.0236 
 194   97.00    0.0228 
 195   97.50    0.0221 
 196   98.00    0.0214 
 197   98.50    0.0207 
 198   99.00    0.0200 
 199   99.50    0.0194 
 200  100.00    0.0188 
 201  100.50    0.0182 
 202  101.00    0.0176 
 203  101.50    0.0171 
 204  102.00    0.0166 
 205  102.50    0.0161 
 206  103.00    0.0156 
 207  103.50    0.0151 
 208  104.00    0.0147 
 209  104.50    0.0142 
 210  105.00    0.0138 
 211  105.50    0.0134 
 212  106.00    0.0130 
 213  106.50    0.0126 
 214  107.00    0.0123 
 215  107.50    0.0119 
 216  108.00    0.0116 
 217  108.50    0.0113 
 218  109.00    0.0109 
 219  109.50    0.0106 
 220  110.00    0.0103 
 221  110.50    0.0101 
 222  111.00    0.0098 
 223  111.50    0.0095 
 224  112.00    0.0092 
 225  112.50    0.0090 
 226  113.00    0.0088 
 227  113.50    0.0085 
 228  114.00    0.0083 
 229  114.50    0.0081 
 230  115.00    0.0079 
 231  115.50    0.0077 
 232  116.00    0.0075 
 233  116.50    0.0073 
 234  117.00    0.0071 
 235  117.50    0.0069 
 236  118.00    0.0067 
 237  118.50    0.0065 
 238  119.00    0.0064 
 239  119.50    0.0062 
 240  120.00    0.0061 
 241  120.50    0.0059 
 242  121.00    0.0058 
 243  121.50    0.0056 
 244  122.00    0.0055 
 245  122.50    0.0054 
 246  123.00    0.0052 
 247  123.50    0.0051 
 248  124.00    0.0050 
 249  124.50    0.0049 
 250  125.00    0.0047 
 251  125.50    0.0046 
 252  126.00    0.0045 
 253  126.50    0.0044 
 254  127.00    0.0043 
 255  127.50    0.0042 
 256  128.00    0.0041 
 257  128.50    0.0040 
 258  129.00    0.0039 
 259  129.50    0.0038 
 260  130.00    0.0037 
 261  130.50    0.0037 
 262  131.00    0.0036 
 263  131.50    0.0035 
 264  132.00    0.0034 
 265  132.50    0.0033 
 266  133.00    0.0033 
 267  133.50    0.0032 
 268  134.00    0.0031 
 269  134.50    0.0031 
 270  135.00    0.0030 
 271  135.50    0.0029 
 272  136.00    0.0029 
 273  136.50    0.0028 
 274  137.00    0.0027 
 275  137.50    0.0027 
 276  138.00    0.0026 
 277  138.50    0.0026 
 278  139.00    0.0025 
 279  139.50    0.0025 
 280  140.00    0.0024 
 281  140.50    0.0024 
 282  141.00    0.0023 
 283  141.50    0.0023 
 284  142.00    0.0022 
 285  142.50    0.0022 
 286  143.00    0.0021 
 287  143.50    0.0021 
 288  144.00    0.0020 
 289  144.50    0.0020 
 290  145.00    0.0020 
 291  145.50    0.0019 
 292  146.00    0.0019 
 293  146.50    0.0019 
 294  147.00    0.0018 
 295  147.50    0.0018 
 296  148.00    0.0017 
 297  148.50    0.0017 
 298  149.00    0.0017 
 299  149.50    0.0016 
 300  150.00    0.0016 
