 RORBWin Output File
 *******************
 
 Program version 6.52 (last updated 1st June 2023)
 Copyright Monash University and Hydrology and Risk Consulting
 
 Date run: 08 Aug 2026 22:30

 Vector file       : E:\Library\Automation\ryan-tools\tests\test_data\RORB\Fig6_7.catg
 Storm file        : E:\Library\Automation\ryan-tools\tests\test_data\RORB\areal-example\Fig6_7_ aep5_du12hourtp8.stm
 Output information: Flows & all input data


 Data checks:
 ************
 Next data to be read & checked:

 Catchment name & reach type flag
 Control vector & storage data
 Code no.  18     7.0 Location read as                             
 Sub-area areas
 Impervious flag
 Initial storm data
 Rainfall burst times
 Pluviograph 1
 Sub-area rainfalls

 Data check completed



 Data:
 ****

 fIGURE 6.7                                                          


 Time data, in increments from initial time
 fIGURE 6.7: 12 hour 5% Design Storm No.8 Temporal Pattern           
 Time increment (hours)=  0.50

                   Start   Finish
 Rainfall times:     0       72


 End of hyeto/hydrographs:   72
 Duration of calculations:  300



 Pre-burst has been applied
 Pluviograph data (time in incs, rainfall in mm, in 
                   increment following time shown)

Includes Pre-burst temporal pattern
         1:Temporal pattern (% of depth
   Time     1
     0     0.04
     1     0.04
     2     0.04
     3     0.04
     4     0.04
     5     0.04
     6     0.04
     7     0.04
     8     0.04
     9     0.04
    10     0.04
    11     0.04
    12     0.02
    13     0.02
    14     0.02
    15     0.02
    16     0.02
    17     0.02
    18     0.08
    19     0.08
    20     0.08
    21     0.08
    22     0.08
    23     0.08
    24     0.02
    25     0.02
    26     0.02
    27     0.02
    28     0.02
    29     0.02
    30     0.04
    31     0.04
    32     0.04
    33     0.04
    34     0.04
    35     0.04
    36     0.05
    37     0.05
    38     0.05
    39     0.05
    40     0.05
    41     0.05
    42     0.06
    43     0.06
    44     0.06
    45     0.06
    46     0.06
    47     0.06
    48     4.77
    49     2.60
    50     2.05
    51     3.81
    52     4.32
    53     3.91
    54     4.23
    55     4.65
    56     6.43
    57     5.08
    58     6.11
    59     6.19
    60     5.33
    61     4.61
    62     4.59
    63     3.94
    64     4.09
    65     4.00
    66     3.61
    67     3.31
    68     3.38
    69     3.82
    70     2.88
    71     2.29

   Total 102.1




 DESIGN run control vector

 Step  Code              Description
   1    1     Add sub-area 'A' inflow & route thru normal storage    1
   2    3     Store hydrograph from step    1; reset hydrograph to zero
   3    1     Add sub-area 'B' inflow & route thru normal storage    2
   4    4     Add h-graph ex step    2 to h-graph ex step    3
   5    5     Route hydrograph thru normal storage    3
   6    3     Store hydrograph from step    5; reset hydrograph to zero
   7    1     Add sub-area 'C' inflow & route thru normal storage    4
   8    4     Add h-graph ex step    6 to h-graph ex step    7
   9    5     Route hydrograph thru normal storage    5
  10    3     Store hydrograph from step    9; reset hydrograph to zero
  11    1     Add sub-area 'D' inflow & route thru normal storage    6
  12    4     Add h-graph ex step   10 to h-graph ex step   11
  13    5     Route hydrograph thru normal storage    7
  14    3     Store hydrograph from step   13; reset hydrograph to zero
  15    1     Add sub-area 'E' inflow & route thru normal storage    8
  16    4     Add h-graph ex step   14 to h-graph ex step   15
  17    5     Route hydrograph thru normal storage    9
  18    7.0   Print hydrograph,                             
  19    0     **********End of control vector**********



 Sub-area data

 Sub-     Area     Dist.
 area      km²      km*
   A    3.00E+01  1.25E+01
   B    2.80E+01  1.15E+01
   C    2.50E+01  9.50E+00
   D    3.50E+01  7.00E+00
   E    4.00E+01  6.00E+00

 Total 1.580E+02

 For whole catchment     ; Av. Dist., km* =       8.98
 For interstation area  1; Av. Dist., km* =       8.98; ISA Factor =   1.000

 * or other function of reach properties related to travel time



 Normal storage data

 Storage   Length   Rel. delay      Type         Slope
   no.       km*       time                     percent 
   1         5.0       0.557       Natural 
   2         4.0       0.445       Natural 
   3         2.5       0.278       Natural 
   4         4.5       0.501       Natural 
   5         2.5       0.278       Natural 
   6         4.5       0.501       Natural 
   7         1.0       0.111       Natural 
   8         4.5       0.501       Natural 
   9         1.5       0.167       Natural 

 * or other function of reach properties related to travel time


 Input of parameters:
 ********************

 fIGURE 6.7                                                          
 DESIGN Run
 fIGURE 6.7: 12 hour 5% Design Storm No.8 Temporal Pattern           
 Time increment = 0.50 hours

 Constant loss model selected



 Rainfall, mm, in time inc. following time shown
 Time               Sub-
      Catch         Area
 Incs ment          A   B   C   D   E

   0   0.0          0   0   0   0   0
   1   0.0          0   0   0   0   0
   2   0.0          0   0   0   0   0
   3   0.0          0   0   0   0   0
   4   0.0          0   0   0   0   0
   5   0.0          0   0   0   0   0
   6   0.0          0   0   0   0   0
   7   0.0          0   0   0   0   0
   8   0.0          0   0   0   0   0
   9   0.0          0   0   0   0   0
  10   0.0          0   0   0   0   0
  11   0.0          0   0   0   0   0
  12   0.0          0   0   0   0   0
  13   0.0          0   0   0   0   0
  14   0.0          0   0   0   0   0
  15   0.0          0   0   0   0   0
  16   0.0          0   0   0   0   0
  17   0.0          0   0   0   0   0
  18   0.1          0   0   0   0   0
  19   0.1          0   0   0   0   0
  20   0.1          0   0   0   0   0
  21   0.1          0   0   0   0   0
  22   0.1          0   0   0   0   0
  23   0.1          0   0   0   0   0
  24   0.0          0   0   0   0   0
  25   0.0          0   0   0   0   0
  26   0.0          0   0   0   0   0
  27   0.0          0   0   0   0   0
  28   0.0          0   0   0   0   0
  29   0.0          0   0   0   0   0
  30   0.0          0   0   0   0   0
  31   0.0          0   0   0   0   0
  32   0.0          0   0   0   0   0
  33   0.0          0   0   0   0   0
  34   0.0          0   0   0   0   0
  35   0.0          0   0   0   0   0
  36   0.0          0   0   0   0   0
  37   0.0          0   0   0   0   0
  38   0.0          0   0   0   0   0
  39   0.0          0   0   0   0   0
  40   0.0          0   0   0   0   0
  41   0.0          0   0   0   0   0
  42   0.0          0   0   0   0   0
  43   0.0          0   0   0   0   0
  44   0.0          0   0   0   0   0
  45   0.0          0   0   0   0   0
  46   0.0          0   0   0   0   0
  47   0.0          0   0   0   0   0
  48   3.2          3   3   3   3   3
  49   1.8          2   2   2   2   2
  50   1.4          1   1   1   1   1
  51   2.6          3   3   3   3   3
  52   2.9          3   3   3   3   3
  53   2.6          3   3   3   3   3
  54   2.9          3   3   3   3   3
  55   3.1          3   3   3   3   3
  56   4.3          4   4   4   4   4
  57   3.4          3   3   3   3   3
  58   4.1          4   4   4   4   4
  59   4.2          4   4   4   4   4
  60   3.6          4   4   4   4   4
  61   3.1          3   3   3   3   3
  62   3.1          3   3   3   3   3
  63   2.7          3   3   3   3   3
  64   2.8          3   3   3   3   3
  65   2.7          3   3   3   3   3
  66   2.4          2   2   2   2   2
  67   2.2          2   2   2   2   2
  68   2.3          2   2   2   2   2
  69   2.6          3   3   3   3   3
  70   1.9          2   2   2   2   2
  71   1.5          2   2   2   2   2

 Tot. 69.0         69  69  69  69  69
 Pluvi. ref. no.    1   1   1   1   1




 Rainfall-excess, mm, in time inc. following time shown
 Time               Sub-
      Catch         Area
 Incs ment          A   B   C   D   E

   0   0.0          0   0   0   0   0
   1   0.0          0   0   0   0   0
   2   0.0          0   0   0   0   0
   3   0.0          0   0   0   0   0
   4   0.0          0   0   0   0   0
   5   0.0          0   0   0   0   0
   6   0.0          0   0   0   0   0
   7   0.0          0   0   0   0   0
   8   0.0          0   0   0   0   0
   9   0.0          0   0   0   0   0
  10   0.0          0   0   0   0   0
  11   0.0          0   0   0   0   0
  12   0.0          0   0   0   0   0
  13   0.0          0   0   0   0   0
  14   0.0          0   0   0   0   0
  15   0.0          0   0   0   0   0
  16   0.0          0   0   0   0   0
  17   0.0          0   0   0   0   0
  18   0.0          0   0   0   0   0
  19   0.0          0   0   0   0   0
  20   0.0          0   0   0   0   0
  21   0.0          0   0   0   0   0
  22   0.0          0   0   0   0   0
  23   0.0          0   0   0   0   0
  24   0.0          0   0   0   0   0
  25   0.0          0   0   0   0   0
  26   0.0          0   0   0   0   0
  27   0.0          0   0   0   0   0
  28   0.0          0   0   0   0   0
  29   0.0          0   0   0   0   0
  30   0.0          0   0   0   0   0
  31   0.0          0   0   0   0   0
  32   0.0          0   0   0   0   0
  33   0.0          0   0   0   0   0
  34   0.0          0   0   0   0   0
  35   0.0          0   0   0   0   0
  36   0.0          0   0   0   0   0
  37   0.0          0   0   0   0   0
  38   0.0          0   0   0   0   0
  39   0.0          0   0   0   0   0
  40   0.0          0   0   0   0   0
  41   0.0          0   0   0   0   0
  42   0.0          0   0   0   0   0
  43   0.0          0   0   0   0   0
  44   0.0          0   0   0   0   0
  45   0.0          0   0   0   0   0
  46   0.0          0   0   0   0   0
  47   0.0          0   0   0   0   0
  48   0.0          0   0   0   0   0
  49   0.0          0   0   0   0   0
  50   0.0          0   0   0   0   0
  51   0.0          0   0   0   0   0
  52   0.3          0   0   0   0   0
  53   1.7          2   2   2   2   2
  54   1.9          2   2   2   2   2
  55   2.2          2   2   2   2   2
  56   3.4          3   3   3   3   3
  57   2.5          2   2   2   2   2
  58   3.2          3   3   3   3   3
  59   3.2          3   3   3   3   3
  60   2.7          3   3   3   3   3
  61   2.2          2   2   2   2   2
  62   2.2          2   2   2   2   2
  63   1.7          2   2   2   2   2
  64   1.8          2   2   2   2   2
  65   1.8          2   2   2   2   2
  66   1.5          1   1   1   1   1
  67   1.3          1   1   1   1   1
  68   1.3          1   1   1   1   1
  69   1.6          2   2   2   2   2
  70   1.0          1   1   1   1   1
  71   0.6          1   1   1   1   1

 Tot. 38.0         38  38  38  38  38



 Routing results:
 ****************
 fIGURE 6.7                                                          
 fIGURE 6.7: 12 hour 5% Design Storm No.8 Temporal Pattern           
 DESIGN run no.  1


 Parameters:  kc =    10.00    m = 0.80

 Loss parameters     Initial loss (mm)   Cont. loss (mm/h)
                           12.00              1.90



 *** Calculated hydrograph,                                      

                           Hydrograph
                          Calc.          
 Peak discharge,m³/s     177.3
 Time to peak,h           33.5
 Volume,m³            6.02E+06
 Time to centroid,h       35.7
 Lag (c.m. to c.m.),h     5.21
 Lag to peak,h            2.99


 Hydrograph summary
 ******************

 Site  Description
   01  Calculated hydrograph,

 Inc    Time   Hyd0001
   0    0.00     0.000 
   1    0.50     0.000 
   2    1.00     0.000 
   3    1.50     0.000 
   4    2.00     0.000 
   5    2.50     0.000 
   6    3.00     0.000 
   7    3.50     0.000 
   8    4.00     0.000 
   9    4.50     0.000 
  10    5.00     0.000 
  11    5.50     0.000 
  12    6.00     0.000 
  13    6.50     0.000 
  14    7.00     0.000 
  15    7.50     0.000 
  16    8.00     0.000 
  17    8.50     0.000 
  18    9.00     0.000 
  19    9.50     0.000 
  20   10.00     0.000 
  21   10.50     0.000 
  22   11.00     0.000 
  23   11.50     0.000 
  24   12.00     0.000 
  25   12.50     0.000 
  26   13.00     0.000 
  27   13.50     0.000 
  28   14.00     0.000 
  29   14.50     0.000 
  30   15.00     0.000 
  31   15.50     0.000 
  32   16.00     0.000 
  33   16.50     0.000 
  34   17.00     0.000 
  35   17.50     0.000 
  36   18.00     0.000 
  37   18.50     0.000 
  38   19.00     0.000 
  39   19.50     0.000 
  40   20.00     0.000 
  41   20.50     0.000 
  42   21.00     0.000 
  43   21.50     0.000 
  44   22.00     0.000 
  45   22.50     0.000 
  46   23.00     0.000 
  47   23.50     0.000 
  48   24.00     0.000 
  49   24.50     0.000 
  50   25.00     0.000 
  51   25.50     0.000 
  52   26.00     0.000 
  53   26.50     0.028 
  54   27.00     0.482 
  55   27.50     2.935 
  56   28.00     9.305 
  57   28.50    21.159 
  58   29.00    39.041 
  59   29.50    61.200 
  60   30.00    86.008 
  61   30.50   111.907 
  62   31.00   135.258 
  63   31.50   153.518 
  64   32.00   166.223 
  65   32.50   173.673 
  66   33.00   177.016 
  67   33.50   177.294 
  68   34.00   174.690 
  69   34.50   169.768 
  70   35.00   164.088 
  71   35.50   158.369 
  72   36.00   151.303 
  73   36.50   141.491 
  74   37.00   129.001 
  75   37.50   115.230 
  76   38.00   101.623 
  77   38.50    88.883 
  78   39.00    77.300 
  79   39.50    66.989 
  80   40.00    57.955 
  81   40.50    50.122 
  82   41.00    43.374 
  83   41.50    37.585 
  84   42.00    32.631 
  85   42.50    28.395 
  86   43.00    24.771 
  87   43.50    21.668 
  88   44.00    19.005 
  89   44.50    16.716 
  90   45.00    14.745 
  91   45.50    13.046 
  92   46.00    11.577 
  93   46.50    10.302 
  94   47.00     9.192 
  95   47.50     8.222 
  96   48.00     7.374 
  97   48.50     6.629 
  98   49.00     5.973 
  99   49.50     5.394 
 100   50.00     4.881 
 101   50.50     4.427 
 102   51.00     4.023 
 103   51.50     3.663 
 104   52.00     3.341 
 105   52.50     3.052 
 106   53.00     2.794 
 107   53.50     2.561 
 108   54.00     2.352 
 109   54.50     2.163 
 110   55.00     1.992 
 111   55.50     1.837 
 112   56.00     1.696 
 113   56.50     1.568 
 114   57.00     1.452 
 115   57.50     1.346 
 116   58.00     1.249 
 117   58.50     1.160 
 118   59.00     1.079 
 119   59.50     1.005 
 120   60.00     0.937 
 121   60.50     0.874 
 122   61.00     0.816 
 123   61.50     0.763 
 124   62.00     0.714 
 125   62.50     0.668 
 126   63.00     0.626 
 127   63.50     0.588 
 128   64.00     0.552 
 129   64.50     0.518 
 130   65.00     0.487 
 131   65.50     0.459 
 132   66.00     0.432 
 133   66.50     0.407 
 134   67.00     0.384 
 135   67.50     0.362 
 136   68.00     0.342 
 137   68.50     0.323 
 138   69.00     0.306 
 139   69.50     0.289 
 140   70.00     0.274 
 141   70.50     0.260 
 142   71.00     0.246 
 143   71.50     0.233 
 144   72.00     0.221 
 145   72.50     0.210 
 146   73.00     0.200 
 147   73.50     0.190 
 148   74.00     0.181 
 149   74.50     0.172 
 150   75.00     0.164 
 151   75.50     0.156 
 152   76.00     0.148 
 153   76.50     0.141 
 154   77.00     0.135 
 155   77.50     0.129 
 156   78.00     0.123 
 157   78.50     0.117 
 158   79.00     0.112 
 159   79.50     0.107 
 160   80.00     0.102 
 161   80.50     0.098 
 162   81.00     0.094 
 163   81.50     0.090 
 164   82.00     0.086 
 165   82.50     0.082 
 166   83.00     0.079 
 167   83.50     0.076 
 168   84.00     0.073 
 169   84.50     0.070 
 170   85.00     0.067 
 171   85.50     0.064 
 172   86.00     0.062 
 173   86.50     0.059 
 174   87.00     0.057 
 175   87.50     0.055 
 176   88.00     0.053 
 177   88.50     0.051 
 178   89.00     0.049 
 179   89.50     0.047 
 180   90.00     0.045 
 181   90.50     0.043 
 182   91.00     0.042 
 183   91.50     0.040 
 184   92.00     0.039 
 185   92.50     0.037 
 186   93.00     0.036 
 187   93.50     0.035 
 188   94.00     0.034 
 189   94.50     0.032 
 190   95.00     0.031 
 191   95.50     0.030 
 192   96.00     0.029 
 193   96.50     0.028 
 194   97.00     0.027 
 195   97.50     0.026 
 196   98.00     0.025 
 197   98.50     0.025 
 198   99.00     0.024 
 199   99.50     0.023 
 200  100.00     0.022 
 201  100.50     0.022 
 202  101.00     0.021 
 203  101.50     0.020 
 204  102.00     0.020 
 205  102.50     0.019 
 206  103.00     0.018 
 207  103.50     0.018 
 208  104.00     0.017 
 209  104.50     0.017 
 210  105.00     0.016 
 211  105.50     0.016 
 212  106.00     0.015 
 213  106.50     0.015 
 214  107.00     0.014 
 215  107.50     0.014 
 216  108.00     0.014 
 217  108.50     0.013 
 218  109.00     0.013 
 219  109.50     0.012 
 220  110.00     0.012 
 221  110.50     0.012 
 222  111.00     0.011 
 223  111.50     0.011 
 224  112.00     0.011 
 225  112.50     0.010 
 226  113.00     0.010 
 227  113.50     0.010 
 228  114.00     0.010 
 229  114.50     0.009 
 230  115.00     0.009 
 231  115.50     0.009 
 232  116.00     0.009 
 233  116.50     0.008 
 234  117.00     0.008 
 235  117.50     0.008 
 236  118.00     0.008 
 237  118.50     0.008 
 238  119.00     0.007 
 239  119.50     0.007 
 240  120.00     0.007 
 241  120.50     0.007 
 242  121.00     0.007 
 243  121.50     0.006 
 244  122.00     0.006 
 245  122.50     0.006 
 246  123.00     0.006 
 247  123.50     0.006 
 248  124.00     0.006 
 249  124.50     0.006 
 250  125.00     0.005 
 251  125.50     0.005 
 252  126.00     0.005 
 253  126.50     0.005 
 254  127.00     0.005 
 255  127.50     0.005 
 256  128.00     0.005 
 257  128.50     0.005 
 258  129.00     0.004 
 259  129.50     0.004 
 260  130.00     0.004 
 261  130.50     0.004 
 262  131.00     0.004 
 263  131.50     0.004 
 264  132.00     0.004 
 265  132.50     0.004 
 266  133.00     0.004 
 267  133.50     0.004 
 268  134.00     0.004 
 269  134.50     0.003 
 270  135.00     0.003 
 271  135.50     0.003 
 272  136.00     0.003 
 273  136.50     0.003 
 274  137.00     0.003 
 275  137.50     0.003 
 276  138.00     0.003 
 277  138.50     0.003 
 278  139.00     0.003 
 279  139.50     0.003 
 280  140.00     0.003 
 281  140.50     0.003 
 282  141.00     0.003 
 283  141.50     0.003 
 284  142.00     0.002 
 285  142.50     0.002 
 286  143.00     0.002 
 287  143.50     0.002 
 288  144.00     0.002 
 289  144.50     0.002 
 290  145.00     0.002 
 291  145.50     0.002 
 292  146.00     0.002 
 293  146.50     0.002 
 294  147.00     0.002 
 295  147.50     0.002 
 296  148.00     0.002 
 297  148.50     0.002 
 298  149.00     0.002 
 299  149.50     0.002 
 300  150.00     0.002 
