 RORBWin Output File
 *******************
 
 Program version 6.52 (last updated 1st June 2023)
 Copyright Monash University and Hydrology and Risk Consulting
 
 Date run: 08 Aug 2026 22:31

 Vector file       : E:\Library\Automation\ryan-tools\tests\test_data\RORB\Fig6_7.catg
 Storm file        : E:\Library\Automation\ryan-tools\tests\test_data\RORB\24hr-areal-example\Fig6_7_ aep0p5EY_du24hourtp4.stm
 Output information: Flows & all input data


 Data checks:
 ************
 Next data to be read & checked:

 Catchment name & reach type flag
 Control vector & storage data
 Code no.  18     7.0 Location read as                             
 Sub-area areas
 Impervious flag
 Initial storm data
 Rainfall burst times
 Pluviograph 1
 Sub-area rainfalls

 Data check completed



 Data:
 ****

 fIGURE 6.7                                                          


 Time data, in increments from initial time
 fIGURE 6.7: 24 hour 0.5EY Design Storm No.4 Temporal Pattern        
 Time increment (hours)=  1.00

                   Start   Finish
 Rainfall times:     0       45


 End of hyeto/hydrographs:   45
 Duration of calculations:  300



 Pre-burst has been applied
 Pluviograph data (time in incs, rainfall in mm, in 
                   increment following time shown)

Includes Pre-burst temporal pattern
         1:Temporal pattern (% of depth
   Time     1
     0     0.00
     1     0.00
     2     0.00
     3     0.00
     4     0.00
     5     0.00
     6     0.00
     7     0.00
     8     0.00
     9     0.00
    10     0.00
    11     0.00
    12     0.00
    13     0.00
    14     0.00
    15     0.00
    16     0.00
    17     0.00
    18     0.00
    19     0.00
    20     0.00
    21     2.69
    22     3.45
    23     4.95
    24     6.60
    25     6.77
    26     6.92
    27     6.78
    28     5.75
    29     5.56
    30     4.66
    31     2.87
    32     5.19
    33     4.97
    34     1.27
    35     1.32
    36     3.06
    37     4.50
    38     3.98
    39     3.41
    40     3.07
    41     2.28
    42     3.04
    43     3.29
    44     3.62

   Total 100.0




 DESIGN run control vector

 Step  Code              Description
   1    1     Add sub-area 'A' inflow & route thru normal storage    1
   2    3     Store hydrograph from step    1; reset hydrograph to zero
   3    1     Add sub-area 'B' inflow & route thru normal storage    2
   4    4     Add h-graph ex step    2 to h-graph ex step    3
   5    5     Route hydrograph thru normal storage    3
   6    3     Store hydrograph from step    5; reset hydrograph to zero
   7    1     Add sub-area 'C' inflow & route thru normal storage    4
   8    4     Add h-graph ex step    6 to h-graph ex step    7
   9    5     Route hydrograph thru normal storage    5
  10    3     Store hydrograph from step    9; reset hydrograph to zero
  11    1     Add sub-area 'D' inflow & route thru normal storage    6
  12    4     Add h-graph ex step   10 to h-graph ex step   11
  13    5     Route hydrograph thru normal storage    7
  14    3     Store hydrograph from step   13; reset hydrograph to zero
  15    1     Add sub-area 'E' inflow & route thru normal storage    8
  16    4     Add h-graph ex step   14 to h-graph ex step   15
  17    5     Route hydrograph thru normal storage    9
  18    7.0   Print hydrograph,                             
  19    0     **********End of control vector**********



 Sub-area data

 Sub-     Area     Dist.
 area      km²      km*
   A    3.00E+01  1.25E+01
   B    2.80E+01  1.15E+01
   C    2.50E+01  9.50E+00
   D    3.50E+01  7.00E+00
   E    4.00E+01  6.00E+00

 Total 1.580E+02

 For whole catchment     ; Av. Dist., km* =       8.98
 For interstation area  1; Av. Dist., km* =       8.98; ISA Factor =   1.000

 * or other function of reach properties related to travel time



 Normal storage data

 Storage   Length   Rel. delay      Type         Slope
   no.       km*       time                     percent 
   1         5.0       0.557       Natural 
   2         4.0       0.445       Natural 
   3         2.5       0.278       Natural 
   4         4.5       0.501       Natural 
   5         2.5       0.278       Natural 
   6         4.5       0.501       Natural 
   7         1.0       0.111       Natural 
   8         4.5       0.501       Natural 
   9         1.5       0.167       Natural 

 * or other function of reach properties related to travel time


 Input of parameters:
 ********************

 fIGURE 6.7                                                          
 DESIGN Run
 fIGURE 6.7: 24 hour 0.5EY Design Storm No.4 Temporal Pattern        
 Time increment = 1.00 hours

 Constant loss model selected



 Rainfall, mm, in time inc. following time shown
 Time               Sub-
      Catch         Area
 Incs ment          A   B   C   D   E

   0   0.0          0   0   0   0   0
   1   0.0          0   0   0   0   0
   2   0.0          0   0   0   0   0
   3   0.0          0   0   0   0   0
   4   0.0          0   0   0   0   0
   5   0.0          0   0   0   0   0
   6   0.0          0   0   0   0   0
   7   0.0          0   0   0   0   0
   8   0.0          0   0   0   0   0
   9   0.0          0   0   0   0   0
  10   0.0          0   0   0   0   0
  11   0.0          0   0   0   0   0
  12   0.0          0   0   0   0   0
  13   0.0          0   0   0   0   0
  14   0.0          0   0   0   0   0
  15   0.0          0   0   0   0   0
  16   0.0          0   0   0   0   0
  17   0.0          0   0   0   0   0
  18   0.0          0   0   0   0   0
  19   0.0          0   0   0   0   0
  20   0.0          0   0   0   0   0
  21   1.4          1   1   1   1   1
  22   1.8          2   2   2   2   2
  23   2.7          3   3   3   3   3
  24   3.5          4   4   4   4   4
  25   3.6          4   4   4   4   4
  26   3.7          4   4   4   4   4
  27   3.6          4   4   4   4   4
  28   3.1          3   3   3   3   3
  29   3.0          3   3   3   3   3
  30   2.5          2   2   2   2   2
  31   1.5          2   2   2   2   2
  32   2.8          3   3   3   3   3
  33   2.7          3   3   3   3   3
  34   0.7          1   1   1   1   1
  35   0.7          1   1   1   1   1
  36   1.6          2   2   2   2   2
  37   2.4          2   2   2   2   2
  38   2.1          2   2   2   2   2
  39   1.8          2   2   2   2   2
  40   1.6          2   2   2   2   2
  41   1.2          1   1   1   1   1
  42   1.6          2   2   2   2   2
  43   1.8          2   2   2   2   2
  44   1.9          2   2   2   2   2

 Tot. 53.6         54  54  54  54  54
 Pluvi. ref. no.    1   1   1   1   1




 Rainfall-excess, mm, in time inc. following time shown
 Time               Sub-
      Catch         Area
 Incs ment          A   B   C   D   E

   0   0.0          0   0   0   0   0
   1   0.0          0   0   0   0   0
   2   0.0          0   0   0   0   0
   3   0.0          0   0   0   0   0
   4   0.0          0   0   0   0   0
   5   0.0          0   0   0   0   0
   6   0.0          0   0   0   0   0
   7   0.0          0   0   0   0   0
   8   0.0          0   0   0   0   0
   9   0.0          0   0   0   0   0
  10   0.0          0   0   0   0   0
  11   0.0          0   0   0   0   0
  12   0.0          0   0   0   0   0
  13   0.0          0   0   0   0   0
  14   0.0          0   0   0   0   0
  15   0.0          0   0   0   0   0
  16   0.0          0   0   0   0   0
  17   0.0          0   0   0   0   0
  18   0.0          0   0   0   0   0
  19   0.0          0   0   0   0   0
  20   0.0          0   0   0   0   0
  21   0.0          0   0   0   0   0
  22   0.0          0   0   0   0   0
  23   0.0          0   0   0   0   0
  24   0.0          0   0   0   0   0
  25   0.0          0   0   0   0   0
  26   1.8          2   2   2   2   2
  27   1.7          2   2   2   2   2
  28   1.2          1   1   1   1   1
  29   1.1          1   1   1   1   1
  30   0.6          1   1   1   1   1
  31   0.0          0   0   0   0   0
  32   0.9          1   1   1   1   1
  33   0.8          1   1   1   1   1
  34   0.0          0   0   0   0   0
  35   0.0          0   0   0   0   0
  36   0.0          0   0   0   0   0
  37   0.5          1   1   1   1   1
  38   0.2          0   0   0   0   0
  39   0.0          0   0   0   0   0
  40   0.0          0   0   0   0   0
  41   0.0          0   0   0   0   0
  42   0.0          0   0   0   0   0
  43   0.0          0   0   0   0   0
  44   0.0          0   0   0   0   0

 Tot.  8.8          9   9   9   9   9



 Routing results:
 ****************
 fIGURE 6.7                                                          
 fIGURE 6.7: 24 hour 0.5EY Design Storm No.4 Temporal Pattern        
 DESIGN run no.  1


 Parameters:  kc =    10.00    m = 0.80

 Loss parameters     Initial loss (mm)   Cont. loss (mm/h)
                           12.00              1.90



 *** Calculated hydrograph,                                      

                           Hydrograph
                          Calc.          
 Peak discharge,m³/s     31.28
 Time to peak,h           32.0
 Volume,m³            1.40E+06
 Time to centroid,h       37.4
 Lag (c.m. to c.m.),h     7.56
 Lag to peak,h            2.16


 Hydrograph summary
 ******************

 Site  Description
   01  Calculated hydrograph,

 Inc    Time   Hyd0001
   0    0.00    0.0000 
   1    1.00    0.0000 
   2    2.00    0.0000 
   3    3.00    0.0000 
   4    4.00    0.0000 
   5    5.00    0.0000 
   6    6.00    0.0000 
   7    7.00    0.0000 
   8    8.00    0.0000 
   9    9.00    0.0000 
  10   10.00    0.0000 
  11   11.00    0.0000 
  12   12.00    0.0000 
  13   13.00    0.0000 
  14   14.00    0.0000 
  15   15.00    0.0000 
  16   16.00    0.0000 
  17   17.00    0.0000 
  18   18.00    0.0000 
  19   19.00    0.0000 
  20   20.00    0.0000 
  21   21.00    0.0000 
  22   22.00    0.0000 
  23   23.00    0.0000 
  24   24.00    0.0000 
  25   25.00    0.0000 
  26   26.00    0.0000 
  27   27.00    0.5490 
  28   28.00    4.3259 
  29   29.00   12.3966 
  30   30.00   21.3179 
  31   31.00   28.1453 
  32   32.00   31.2762 
  33   33.00   31.2406 
  34   34.00   30.8814 
  35   35.00   30.2021 
  36   36.00   27.5323 
  37   37.00   23.5564 
  38   38.00   20.0508 
  39   39.00   17.7974 
  40   40.00   16.0494 
  41   41.00   14.0414 
  42   42.00   11.9460 
  43   43.00   10.0374 
  44   44.00    8.3777 
  45   45.00    6.9890 
  46   46.00    5.8635 
  47   47.00    4.9308 
  48   48.00    4.1425 
  49   49.00    3.4854 
  50   50.00    2.9415 
  51   51.00    2.4916 
  52   52.00    2.1186 
  53   53.00    1.8084 
  54   54.00    1.5498 
  55   55.00    1.3333 
  56   56.00    1.1515 
  57   57.00    0.9982 
  58   58.00    0.8686 
  59   59.00    0.7585 
  60   60.00    0.6646 
  61   61.00    0.5842 
  62   62.00    0.5152 
  63   63.00    0.4557 
  64   64.00    0.4043 
  65   65.00    0.3597 
  66   66.00    0.3208 
  67   67.00    0.2869 
  68   68.00    0.2572 
  69   69.00    0.2311 
  70   70.00    0.2082 
  71   71.00    0.1879 
  72   72.00    0.1699 
  73   73.00    0.1540 
  74   74.00    0.1398 
  75   75.00    0.1272 
  76   76.00    0.1159 
  77   77.00    0.1058 
  78   78.00    0.0968 
  79   79.00    0.0886 
  80   80.00    0.0813 
  81   81.00    0.0747 
  82   82.00    0.0687 
  83   83.00    0.0633 
  84   84.00    0.0584 
  85   85.00    0.0539 
  86   86.00    0.0499 
  87   87.00    0.0462 
  88   88.00    0.0428 
  89   89.00    0.0397 
  90   90.00    0.0369 
  91   91.00    0.0343 
  92   92.00    0.0320 
  93   93.00    0.0298 
  94   94.00    0.0278 
  95   95.00    0.0260 
  96   96.00    0.0243 
  97   97.00    0.0227 
  98   98.00    0.0213 
  99   99.00    0.0199 
 100  100.00    0.0187 
 101  101.00    0.0175 
 102  102.00    0.0165 
 103  103.00    0.0155 
 104  104.00    0.0146 
 105  105.00    0.0137 
 106  106.00    0.0129 
 107  107.00    0.0122 
 108  108.00    0.0115 
 109  109.00    0.0109 
 110  110.00    0.0103 
 111  111.00    0.0097 
 112  112.00    0.0092 
 113  113.00    0.0087 
 114  114.00    0.0082 
 115  115.00    0.0078 
 116  116.00    0.0074 
 117  117.00    0.0070 
 118  118.00    0.0067 
 119  119.00    0.0063 
 120  120.00    0.0060 
 121  121.00    0.0057 
 122  122.00    0.0054 
 123  123.00    0.0052 
 124  124.00    0.0049 
 125  125.00    0.0047 
 126  126.00    0.0045 
 127  127.00    0.0043 
 128  128.00    0.0041 
 129  129.00    0.0039 
 130  130.00    0.0037 
 131  131.00    0.0036 
 132  132.00    0.0034 
 133  133.00    0.0032 
 134  134.00    0.0031 
 135  135.00    0.0030 
 136  136.00    0.0028 
 137  137.00    0.0027 
 138  138.00    0.0026 
 139  139.00    0.0025 
 140  140.00    0.0024 
 141  141.00    0.0023 
 142  142.00    0.0022 
 143  143.00    0.0021 
 144  144.00    0.0020 
 145  145.00    0.0020 
 146  146.00    0.0019 
 147  147.00    0.0018 
 148  148.00    0.0017 
 149  149.00    0.0017 
 150  150.00    0.0016 
 151  151.00    0.0015 
 152  152.00    0.0015 
 153  153.00    0.0014 
 154  154.00    0.0014 
 155  155.00    0.0013 
 156  156.00    0.0013 
 157  157.00    0.0012 
 158  158.00    0.0012 
 159  159.00    0.0011 
 160  160.00    0.0011 
 161  161.00    0.0011 
 162  162.00    0.0010 
 163  163.00    0.0010 
 164  164.00    0.0010 
 165  165.00    0.0009 
 166  166.00    0.0009 
 167  167.00    0.0009 
 168  168.00    0.0008 
 169  169.00    0.0008 
 170  170.00    0.0008 
 171  171.00    0.0008 
 172  172.00    0.0007 
 173  173.00    0.0007 
 174  174.00    0.0007 
 175  175.00    0.0007 
 176  176.00    0.0006 
 177  177.00    0.0006 
 178  178.00    0.0006 
 179  179.00    0.0006 
 180  180.00    0.0006 
 181  181.00    0.0005 
 182  182.00    0.0005 
 183  183.00    0.0005 
 184  184.00    0.0005 
 185  185.00    0.0005 
 186  186.00    0.0005 
 187  187.00    0.0005 
 188  188.00    0.0004 
 189  189.00    0.0004 
 190  190.00    0.0004 
 191  191.00    0.0004 
 192  192.00    0.0004 
 193  193.00    0.0004 
 194  194.00    0.0004 
 195  195.00    0.0004 
 196  196.00    0.0003 
 197  197.00    0.0003 
 198  198.00    0.0003 
 199  199.00    0.0003 
 200  200.00    0.0003 
 201  201.00    0.0003 
 202  202.00    0.0003 
 203  203.00    0.0003 
 204  204.00    0.0003 
 205  205.00    0.0003 
 206  206.00    0.0003 
 207  207.00    0.0003 
 208  208.00    0.0003 
 209  209.00    0.0002 
 210  210.00    0.0002 
 211  211.00    0.0002 
 212  212.00    0.0002 
 213  213.00    0.0002 
 214  214.00    0.0002 
 215  215.00    0.0002 
 216  216.00    0.0002 
 217  217.00    0.0002 
 218  218.00    0.0002 
 219  219.00    0.0002 
 220  220.00    0.0002 
 221  221.00    0.0002 
 222  222.00    0.0002 
 223  223.00    0.0002 
 224  224.00    0.0002 
 225  225.00    0.0002 
 226  226.00    0.0002 
 227  227.00    0.0002 
 228  228.00    0.0002 
 229  229.00    0.0001 
 230  230.00    0.0001 
 231  231.00    0.0001 
 232  232.00    0.0001 
 233  233.00    0.0001 
 234  234.00    0.0001 
 235  235.00    0.0001 
 236  236.00    0.0001 
 237  237.00    0.0001 
 238  238.00    0.0001 
 239  239.00    0.0001 
 240  240.00    0.0001 
 241  241.00    0.0001 
 242  242.00    0.0001 
 243  243.00    0.0001 
 244  244.00    0.0001 
 245  245.00    0.0001 
 246  246.00    0.0001 
 247  247.00    0.0001 
 248  248.00    0.0001 
 249  249.00    0.0001 
 250  250.00    0.0001 
 251  251.00    0.0001 
 252  252.00    0.0001 
 253  253.00    0.0001 
 254  254.00    0.0001 
 255  255.00    0.0001 
 256  256.00    0.0001 
 257  257.00    0.0001 
 258  258.00    0.0001 
 259  259.00    0.0001 
 260  260.00    0.0001 
 261  261.00    0.0001 
 262  262.00    0.0001 
 263  263.00    0.0001 
 264  264.00    0.0001 
 265  265.00    0.0001 
 266  266.00    0.0001 
 267  267.00    0.0001 
 268  268.00    0.0001 
 269  269.00    0.0001 
 270  270.00    0.0001 
 271  271.00    0.0001 
 272  272.00    0.0001 
 273  273.00    0.0001 
 274  274.00    0.0001 
 275  275.00    0.0001 
 276  276.00    0.0001 
 277  277.00    0.0001 
 278  278.00    0.0001 
 279  279.00    0.0001 
 280  280.00    0.0000 
 281  281.00    0.0000 
 282  282.00    0.0000 
 283  283.00    0.0000 
 284  284.00    0.0000 
 285  285.00    0.0000 
 286  286.00    0.0000 
 287  287.00    0.0000 
 288  288.00    0.0000 
 289  289.00    0.0000 
 290  290.00    0.0000 
 291  291.00    0.0000 
 292  292.00    0.0000 
 293  293.00    0.0000 
 294  294.00    0.0000 
 295  295.00    0.0000 
 296  296.00    0.0000 
 297  297.00    0.0000 
 298  298.00    0.0000 
 299  299.00    0.0000 
 300  300.00    0.0000 
