 RORBWin Output File
 *******************
 
 Program version 6.52 (last updated 1st June 2023)
 Copyright Monash University and Hydrology and Risk Consulting
 
 Date run: 08 Aug 2026 22:31

 Vector file       : E:\Library\Automation\ryan-tools\tests\test_data\RORB\Fig6_7.catg
 Storm file        : E:\Library\Automation\ryan-tools\tests\test_data\RORB\24hr-areal-example\Fig6_7_ aep50_du24hourtp4.stm
 Output information: Flows & all input data


 Data checks:
 ************
 Next data to be read & checked:

 Catchment name & reach type flag
 Control vector & storage data
 Code no.  18     7.0 Location read as                             
 Sub-area areas
 Impervious flag
 Initial storm data
 Rainfall burst times
 Pluviograph 1
 Sub-area rainfalls

 Data check completed



 Data:
 ****

 fIGURE 6.7                                                          


 Time data, in increments from initial time
 fIGURE 6.7: 24 hour 50% Design Storm No.4 Temporal Pattern          
 Time increment (hours)=  1.00

                   Start   Finish
 Rainfall times:     0       45


 End of hyeto/hydrographs:   45
 Duration of calculations:  300



 Pre-burst has been applied
 Pluviograph data (time in incs, rainfall in mm, in 
                   increment following time shown)

Includes Pre-burst temporal pattern
         1:Temporal pattern (% of depth
   Time     1
     0     0.00
     1     0.00
     2     0.00
     3     0.00
     4     0.00
     5     0.00
     6     0.00
     7     0.00
     8     0.00
     9     0.00
    10     0.00
    11     0.00
    12     0.00
    13     0.00
    14     0.00
    15     0.00
    16     0.00
    17     0.00
    18     0.00
    19     0.00
    20     0.00
    21     2.69
    22     3.45
    23     4.95
    24     6.60
    25     6.77
    26     6.92
    27     6.78
    28     5.75
    29     5.56
    30     4.66
    31     2.87
    32     5.19
    33     4.97
    34     1.27
    35     1.32
    36     3.06
    37     4.50
    38     3.98
    39     3.41
    40     3.07
    41     2.28
    42     3.04
    43     3.29
    44     3.62

   Total 100.0




 DESIGN run control vector

 Step  Code              Description
   1    1     Add sub-area 'A' inflow & route thru normal storage    1
   2    3     Store hydrograph from step    1; reset hydrograph to zero
   3    1     Add sub-area 'B' inflow & route thru normal storage    2
   4    4     Add h-graph ex step    2 to h-graph ex step    3
   5    5     Route hydrograph thru normal storage    3
   6    3     Store hydrograph from step    5; reset hydrograph to zero
   7    1     Add sub-area 'C' inflow & route thru normal storage    4
   8    4     Add h-graph ex step    6 to h-graph ex step    7
   9    5     Route hydrograph thru normal storage    5
  10    3     Store hydrograph from step    9; reset hydrograph to zero
  11    1     Add sub-area 'D' inflow & route thru normal storage    6
  12    4     Add h-graph ex step   10 to h-graph ex step   11
  13    5     Route hydrograph thru normal storage    7
  14    3     Store hydrograph from step   13; reset hydrograph to zero
  15    1     Add sub-area 'E' inflow & route thru normal storage    8
  16    4     Add h-graph ex step   14 to h-graph ex step   15
  17    5     Route hydrograph thru normal storage    9
  18    7.0   Print hydrograph,                             
  19    0     **********End of control vector**********



 Sub-area data

 Sub-     Area     Dist.
 area      km²      km*
   A    3.00E+01  1.25E+01
   B    2.80E+01  1.15E+01
   C    2.50E+01  9.50E+00
   D    3.50E+01  7.00E+00
   E    4.00E+01  6.00E+00

 Total 1.580E+02

 For whole catchment     ; Av. Dist., km* =       8.98
 For interstation area  1; Av. Dist., km* =       8.98; ISA Factor =   1.000

 * or other function of reach properties related to travel time



 Normal storage data

 Storage   Length   Rel. delay      Type         Slope
   no.       km*       time                     percent 
   1         5.0       0.557       Natural 
   2         4.0       0.445       Natural 
   3         2.5       0.278       Natural 
   4         4.5       0.501       Natural 
   5         2.5       0.278       Natural 
   6         4.5       0.501       Natural 
   7         1.0       0.111       Natural 
   8         4.5       0.501       Natural 
   9         1.5       0.167       Natural 

 * or other function of reach properties related to travel time


 Input of parameters:
 ********************

 fIGURE 6.7                                                          
 DESIGN Run
 fIGURE 6.7: 24 hour 50% Design Storm No.4 Temporal Pattern          
 Time increment = 1.00 hours

 Constant loss model selected



 Rainfall, mm, in time inc. following time shown
 Time               Sub-
      Catch         Area
 Incs ment          A   B   C   D   E

   0   0.0          0   0   0   0   0
   1   0.0          0   0   0   0   0
   2   0.0          0   0   0   0   0
   3   0.0          0   0   0   0   0
   4   0.0          0   0   0   0   0
   5   0.0          0   0   0   0   0
   6   0.0          0   0   0   0   0
   7   0.0          0   0   0   0   0
   8   0.0          0   0   0   0   0
   9   0.0          0   0   0   0   0
  10   0.0          0   0   0   0   0
  11   0.0          0   0   0   0   0
  12   0.0          0   0   0   0   0
  13   0.0          0   0   0   0   0
  14   0.0          0   0   0   0   0
  15   0.0          0   0   0   0   0
  16   0.0          0   0   0   0   0
  17   0.0          0   0   0   0   0
  18   0.0          0   0   0   0   0
  19   0.0          0   0   0   0   0
  20   0.0          0   0   0   0   0
  21   1.3          1   1   1   1   1
  22   1.7          2   2   2   2   2
  23   2.4          2   2   2   2   2
  24   3.2          3   3   3   3   3
  25   3.3          3   3   3   3   3
  26   3.3          3   3   3   3   3
  27   3.3          3   3   3   3   3
  28   2.8          3   3   3   3   3
  29   2.7          3   3   3   3   3
  30   2.3          2   2   2   2   2
  31   1.4          1   1   1   1   1
  32   2.5          3   3   3   3   3
  33   2.4          2   2   2   2   2
  34   0.6          1   1   1   1   1
  35   0.6          1   1   1   1   1
  36   1.5          1   1   1   1   1
  37   2.2          2   2   2   2   2
  38   1.9          2   2   2   2   2
  39   1.6          2   2   2   2   2
  40   1.5          1   1   1   1   1
  41   1.1          1   1   1   1   1
  42   1.5          1   1   1   1   1
  43   1.6          2   2   2   2   2
  44   1.8          2   2   2   2   2

 Tot. 48.4         48  48  48  48  48
 Pluvi. ref. no.    1   1   1   1   1




 Rainfall-excess, mm, in time inc. following time shown
 Time               Sub-
      Catch         Area
 Incs ment          A   B   C   D   E

   0   0.0          0   0   0   0   0
   1   0.0          0   0   0   0   0
   2   0.0          0   0   0   0   0
   3   0.0          0   0   0   0   0
   4   0.0          0   0   0   0   0
   5   0.0          0   0   0   0   0
   6   0.0          0   0   0   0   0
   7   0.0          0   0   0   0   0
   8   0.0          0   0   0   0   0
   9   0.0          0   0   0   0   0
  10   0.0          0   0   0   0   0
  11   0.0          0   0   0   0   0
  12   0.0          0   0   0   0   0
  13   0.0          0   0   0   0   0
  14   0.0          0   0   0   0   0
  15   0.0          0   0   0   0   0
  16   0.0          0   0   0   0   0
  17   0.0          0   0   0   0   0
  18   0.0          0   0   0   0   0
  19   0.0          0   0   0   0   0
  20   0.0          0   0   0   0   0
  21   0.0          0   0   0   0   0
  22   0.0          0   0   0   0   0
  23   0.0          0   0   0   0   0
  24   0.0          0   0   0   0   0
  25   0.0          0   0   0   0   0
  26   1.3          1   1   1   1   1
  27   1.4          1   1   1   1   1
  28   0.9          1   1   1   1   1
  29   0.8          1   1   1   1   1
  30   0.4          0   0   0   0   0
  31   0.0          0   0   0   0   0
  32   0.6          1   1   1   1   1
  33   0.5          1   1   1   1   1
  34   0.0          0   0   0   0   0
  35   0.0          0   0   0   0   0
  36   0.0          0   0   0   0   0
  37   0.3          0   0   0   0   0
  38   0.0          0   0   0   0   0
  39   0.0          0   0   0   0   0
  40   0.0          0   0   0   0   0
  41   0.0          0   0   0   0   0
  42   0.0          0   0   0   0   0
  43   0.0          0   0   0   0   0
  44   0.0          0   0   0   0   0

 Tot.  6.1          6   6   6   6   6



 Routing results:
 ****************
 fIGURE 6.7                                                          
 fIGURE 6.7: 24 hour 50% Design Storm No.4 Temporal Pattern          
 DESIGN run no.  1


 Parameters:  kc =    10.00    m = 0.80

 Loss parameters     Initial loss (mm)   Cont. loss (mm/h)
                           12.00              1.90



 *** Calculated hydrograph,                                      

                           Hydrograph
                          Calc.          
 Peak discharge,m³/s     21.81
 Time to peak,h           33.0
 Volume,m³            9.65E+05
 Time to centroid,h       37.4
 Lag (c.m. to c.m.),h     8.09
 Lag to peak,h            3.64


 Hydrograph summary
 ******************

 Site  Description
   01  Calculated hydrograph,

 Inc    Time   Hyd0001
   0    0.00    0.0000 
   1    1.00    0.0000 
   2    2.00    0.0000 
   3    3.00    0.0000 
   4    4.00    0.0000 
   5    5.00    0.0000 
   6    6.00    0.0000 
   7    7.00    0.0000 
   8    8.00    0.0000 
   9    9.00    0.0000 
  10   10.00    0.0000 
  11   11.00    0.0000 
  12   12.00    0.0000 
  13   13.00    0.0000 
  14   14.00    0.0000 
  15   15.00    0.0000 
  16   16.00    0.0000 
  17   17.00    0.0000 
  18   18.00    0.0000 
  19   19.00    0.0000 
  20   20.00    0.0000 
  21   21.00    0.0000 
  22   22.00    0.0000 
  23   23.00    0.0000 
  24   24.00    0.0000 
  25   25.00    0.0000 
  26   26.00    0.0000 
  27   27.00    0.3254 
  28   28.00    2.7087 
  29   29.00    8.1507 
  30   30.00   14.4348 
  31   31.00   19.3103 
  32   32.00   21.6169 
  33   33.00   21.8090 
  34   34.00   21.6838 
  35   35.00   21.2407 
  36   36.00   19.5143 
  37   37.00   16.9282 
  38   38.00   14.5139 
  39   39.00   12.6589 
  40   40.00   11.0163 
  41   41.00    9.3836 
  42   42.00    7.8961 
  43   43.00    6.6140 
  44   44.00    5.5299 
  45   45.00    4.6223 
  46   46.00    3.8679 
  47   47.00    3.2446 
  48   48.00    2.7312 
  49   49.00    2.3083 
  50   50.00    1.9592 
  51   51.00    1.6703 
  52   52.00    1.4303 
  53   53.00    1.2301 
  54   54.00    1.0625 
  55   55.00    0.9214 
  56   56.00    0.8022 
  57   57.00    0.7010 
  58   58.00    0.6148 
  59   59.00    0.5411 
  60   60.00    0.4777 
  61   61.00    0.4231 
  62   62.00    0.3758 
  63   63.00    0.3347 
  64   64.00    0.2990 
  65   65.00    0.2677 
  66   66.00    0.2403 
  67   67.00    0.2162 
  68   68.00    0.1949 
  69   69.00    0.1762 
  70   70.00    0.1595 
  71   71.00    0.1447 
  72   72.00    0.1315 
  73   73.00    0.1198 
  74   74.00    0.1093 
  75   75.00    0.0999 
  76   76.00    0.0914 
  77   77.00    0.0838 
  78   78.00    0.0769 
  79   79.00    0.0707 
  80   80.00    0.0651 
  81   81.00    0.0600 
  82   82.00    0.0554 
  83   83.00    0.0512 
  84   84.00    0.0474 
  85   85.00    0.0439 
  86   86.00    0.0408 
  87   87.00    0.0379 
  88   88.00    0.0352 
  89   89.00    0.0328 
  90   90.00    0.0305 
  91   91.00    0.0285 
  92   92.00    0.0266 
  93   93.00    0.0248 
  94   94.00    0.0232 
  95   95.00    0.0217 
  96   96.00    0.0204 
  97   97.00    0.0191 
  98   98.00    0.0179 
  99   99.00    0.0168 
 100  100.00    0.0158 
 101  101.00    0.0149 
 102  102.00    0.0140 
 103  103.00    0.0132 
 104  104.00    0.0124 
 105  105.00    0.0117 
 106  106.00    0.0111 
 107  107.00    0.0105 
 108  108.00    0.0099 
 109  109.00    0.0094 
 110  110.00    0.0089 
 111  111.00    0.0084 
 112  112.00    0.0080 
 113  113.00    0.0075 
 114  114.00    0.0072 
 115  115.00    0.0068 
 116  116.00    0.0064 
 117  117.00    0.0061 
 118  118.00    0.0058 
 119  119.00    0.0055 
 120  120.00    0.0053 
 121  121.00    0.0050 
 122  122.00    0.0048 
 123  123.00    0.0046 
 124  124.00    0.0043 
 125  125.00    0.0041 
 126  126.00    0.0040 
 127  127.00    0.0038 
 128  128.00    0.0036 
 129  129.00    0.0034 
 130  130.00    0.0033 
 131  131.00    0.0032 
 132  132.00    0.0030 
 133  133.00    0.0029 
 134  134.00    0.0028 
 135  135.00    0.0026 
 136  136.00    0.0025 
 137  137.00    0.0024 
 138  138.00    0.0023 
 139  139.00    0.0022 
 140  140.00    0.0021 
 141  141.00    0.0021 
 142  142.00    0.0020 
 143  143.00    0.0019 
 144  144.00    0.0018 
 145  145.00    0.0018 
 146  146.00    0.0017 
 147  147.00    0.0016 
 148  148.00    0.0016 
 149  149.00    0.0015 
 150  150.00    0.0014 
 151  151.00    0.0014 
 152  152.00    0.0013 
 153  153.00    0.0013 
 154  154.00    0.0012 
 155  155.00    0.0012 
 156  156.00    0.0012 
 157  157.00    0.0011 
 158  158.00    0.0011 
 159  159.00    0.0010 
 160  160.00    0.0010 
 161  161.00    0.0010 
 162  162.00    0.0009 
 163  163.00    0.0009 
 164  164.00    0.0009 
 165  165.00    0.0008 
 166  166.00    0.0008 
 167  167.00    0.0008 
 168  168.00    0.0008 
 169  169.00    0.0007 
 170  170.00    0.0007 
 171  171.00    0.0007 
 172  172.00    0.0007 
 173  173.00    0.0006 
 174  174.00    0.0006 
 175  175.00    0.0006 
 176  176.00    0.0006 
 177  177.00    0.0006 
 178  178.00    0.0006 
 179  179.00    0.0005 
 180  180.00    0.0005 
 181  181.00    0.0005 
 182  182.00    0.0005 
 183  183.00    0.0005 
 184  184.00    0.0005 
 185  185.00    0.0004 
 186  186.00    0.0004 
 187  187.00    0.0004 
 188  188.00    0.0004 
 189  189.00    0.0004 
 190  190.00    0.0004 
 191  191.00    0.0004 
 192  192.00    0.0004 
 193  193.00    0.0004 
 194  194.00    0.0003 
 195  195.00    0.0003 
 196  196.00    0.0003 
 197  197.00    0.0003 
 198  198.00    0.0003 
 199  199.00    0.0003 
 200  200.00    0.0003 
 201  201.00    0.0003 
 202  202.00    0.0003 
 203  203.00    0.0003 
 204  204.00    0.0003 
 205  205.00    0.0003 
 206  206.00    0.0002 
 207  207.00    0.0002 
 208  208.00    0.0002 
 209  209.00    0.0002 
 210  210.00    0.0002 
 211  211.00    0.0002 
 212  212.00    0.0002 
 213  213.00    0.0002 
 214  214.00    0.0002 
 215  215.00    0.0002 
 216  216.00    0.0002 
 217  217.00    0.0002 
 218  218.00    0.0002 
 219  219.00    0.0002 
 220  220.00    0.0002 
 221  221.00    0.0002 
 222  222.00    0.0002 
 223  223.00    0.0002 
 224  224.00    0.0002 
 225  225.00    0.0002 
 226  226.00    0.0001 
 227  227.00    0.0001 
 228  228.00    0.0001 
 229  229.00    0.0001 
 230  230.00    0.0001 
 231  231.00    0.0001 
 232  232.00    0.0001 
 233  233.00    0.0001 
 234  234.00    0.0001 
 235  235.00    0.0001 
 236  236.00    0.0001 
 237  237.00    0.0001 
 238  238.00    0.0001 
 239  239.00    0.0001 
 240  240.00    0.0001 
 241  241.00    0.0001 
 242  242.00    0.0001 
 243  243.00    0.0001 
 244  244.00    0.0001 
 245  245.00    0.0001 
 246  246.00    0.0001 
 247  247.00    0.0001 
 248  248.00    0.0001 
 249  249.00    0.0001 
 250  250.00    0.0001 
 251  251.00    0.0001 
 252  252.00    0.0001 
 253  253.00    0.0001 
 254  254.00    0.0001 
 255  255.00    0.0001 
 256  256.00    0.0001 
 257  257.00    0.0001 
 258  258.00    0.0001 
 259  259.00    0.0001 
 260  260.00    0.0001 
 261  261.00    0.0001 
 262  262.00    0.0001 
 263  263.00    0.0001 
 264  264.00    0.0001 
 265  265.00    0.0001 
 266  266.00    0.0001 
 267  267.00    0.0001 
 268  268.00    0.0001 
 269  269.00    0.0001 
 270  270.00    0.0001 
 271  271.00    0.0001 
 272  272.00    0.0001 
 273  273.00    0.0001 
 274  274.00    0.0001 
 275  275.00    0.0001 
 276  276.00    0.0001 
 277  277.00    0.0000 
 278  278.00    0.0000 
 279  279.00    0.0000 
 280  280.00    0.0000 
 281  281.00    0.0000 
 282  282.00    0.0000 
 283  283.00    0.0000 
 284  284.00    0.0000 
 285  285.00    0.0000 
 286  286.00    0.0000 
 287  287.00    0.0000 
 288  288.00    0.0000 
 289  289.00    0.0000 
 290  290.00    0.0000 
 291  291.00    0.0000 
 292  292.00    0.0000 
 293  293.00    0.0000 
 294  294.00    0.0000 
 295  295.00    0.0000 
 296  296.00    0.0000 
 297  297.00    0.0000 
 298  298.00    0.0000 
 299  299.00    0.0000 
 300  300.00    0.0000 
