 RORBWin Batch Run Summary
 *************************
 
 Program version 6.52 (last updated 1st June 2023)
 Copyright Monash University and Hydrology and Risk Consulting
 
 Date run: 08 Aug 2026 22:31

 Catchment file   : E:\Library\Automation\ryan-tools\tests\test_data\RORB\Fig6_7.catg
 Rainfall location: User defined
 Temporal pattern : ARR2016 areal temporal patterns, 200 km² standard area
 Spatial pattern  : Uniform
 Areal Red. Fact. : Based on ARR 2016 (Book 2 Chapter 4)
 Loss factors     : Constant with ARI
 

 Parameters:  kc =    10.00    m = 0.80

 Loss parameters     Initial loss (mm)   Cont. loss (mm/h)
                           12.00              1.90

 Peak  Description
   01  Calculated hydrograph:
 
 Run        Duration             AEP   TPat  Rain(mm)     ARF  PbDepth  Peak0001
   1         24 hour             50%      1     50.70    0.95     0.00   28.5422 
   1         24 hour             50%      2     50.70    0.95     0.00   29.7290 
   1         24 hour             50%      3     50.70    0.95     0.00   85.2243 
   1         24 hour             50%      4     50.70    0.95     0.00   21.8090 
   1         24 hour             50%      5     50.70    0.95     0.00   43.7311 
   1         24 hour             50%      6     50.70    0.95     0.00   20.2697 
   1         24 hour             50%      7     50.70    0.95     0.00   44.2295 
   1         24 hour             50%      8     50.70    0.95     0.00   44.5414 
   1         24 hour             50%      9     50.70    0.95     0.00   12.8162 
   1         24 hour             50%     10     50.70    0.95     0.00    5.9073 
   2         24 hour           0.5EY      1     56.20    0.95     0.00   40.0906 
   2         24 hour           0.5EY      2     56.20    0.95     0.00   43.0741 
   2         24 hour           0.5EY      3     56.20    0.95     0.00   105.459 
   2         24 hour           0.5EY      4     56.20    0.95     0.00   31.2762 
   2         24 hour           0.5EY      5     56.20    0.95     0.00   57.0706 
   2         24 hour           0.5EY      6     56.20    0.95     0.00   30.0925 
   2         24 hour           0.5EY      7     56.20    0.95     0.00   58.9651 
   2         24 hour           0.5EY      8     56.20    0.95     0.00   58.7123 
   2         24 hour           0.5EY      9     56.20    0.95     0.00   21.2512 
   2         24 hour           0.5EY     10     56.20    0.95     0.00   13.0723 
   3         24 hour             20%      1     69.10    0.95     0.13   67.8983 
   3         24 hour             20%      2     69.10    0.95     0.13   73.8309 
   3         24 hour             20%      3     69.10    0.95     0.13   156.467 
   3         24 hour             20%      4     69.10    0.95     0.13   63.9245 
   3         24 hour             20%      5     69.10    0.95     0.13   89.0767 
   3         24 hour             20%      6     69.10    0.95     0.13   57.0327 
   3         24 hour             20%      7     69.10    0.95     0.13   94.7707 
   3         24 hour             20%      8     69.10    0.95     0.13   94.2440 
   3         24 hour             20%      9     69.10    0.95     0.13   45.0681 
   3         24 hour             20%     10     69.10    0.95     0.13   34.3722 
   4         24 hour           0.2EY      1     70.40    0.95     0.13   70.7097 
   4         24 hour           0.2EY      2     70.40    0.95     0.13   76.8876 
   4         24 hour           0.2EY      3     70.40    0.95     0.13   161.770 
   4         24 hour           0.2EY      4     70.40    0.95     0.13   67.4669 
   4         24 hour           0.2EY      5     70.40    0.95     0.13   92.5833 
   4         24 hour           0.2EY      6     70.40    0.95     0.13   59.7955 
   4         24 hour           0.2EY      7     70.40    0.95     0.13   98.3405 
   4         24 hour           0.2EY      8     70.40    0.95     0.13   98.2407 
   4         24 hour           0.2EY      9     70.40    0.95     0.13   47.6083 
   4         24 hour           0.2EY     10     70.40    0.95     0.13   36.5424 
   5         24 hour             10%      1     82.30    0.95     0.23   97.1802 
   5         24 hour             10%      2     82.30    0.95     0.23   105.553 
   5         24 hour             10%      3     82.30    0.95     0.23   212.822 
   5         24 hour             10%      4     82.30    0.95     0.23   92.7353 
   5         24 hour             10%      5     82.30    0.95     0.23   124.691 
   5         24 hour             10%      6     82.30    0.95     0.23   84.9584 
   5         24 hour             10%      7     82.30    0.95     0.23   130.746 
   5         24 hour             10%      8     82.30    0.95     0.23   131.174 
   5         24 hour             10%      9     82.30    0.95     0.23   71.1485 
   5         24 hour             10%     10     82.30    0.95     0.23   56.6086 
   6         24 hour              5%      1     95.80    0.95     0.27   127.132 
   6         24 hour              5%      2     95.80    0.95     0.27   139.475 
   6         24 hour              5%      3     95.80    0.95     0.27   269.941 
   6         24 hour              5%      4     95.80    0.95     0.27   129.970 
   6         24 hour              5%      5     95.80    0.95     0.27   160.927 
   6         24 hour              5%      6     95.80    0.95     0.27   113.370 
   6         24 hour              5%      7     95.80    0.95     0.27   167.968 
   6         24 hour              5%      8     95.80    0.95     0.27   169.969 
   6         24 hour              5%      9     95.80    0.95     0.27   97.8451 
   6         24 hour              5%     10     95.80    0.95     0.27   79.2360 
   7         24 hour              2%      1    115.00    0.94     0.43   169.298 
   7         24 hour              2%      2    115.00    0.94     0.43   187.397 
   7         24 hour              2%      3    115.00    0.94     0.43   352.288 
   7         24 hour              2%      4    115.00    0.94     0.43   182.030 
   7         24 hour              2%      5    115.00    0.94     0.43   212.175 
   7         24 hour              2%      6    115.00    0.94     0.43   153.431 
   7         24 hour              2%      7    115.00    0.94     0.43   220.085 
   7         24 hour              2%      8    115.00    0.94     0.43   222.466 
   7         24 hour              2%      9    115.00    0.94     0.43   136.454 
   7         24 hour              2%     10    115.00    0.94     0.43   112.102 
   8         24 hour              1%      1    131.00    0.94     0.62   204.259 
   8         24 hour              1%      2    131.00    0.94     0.62   226.970 
   8         24 hour              1%      3    131.00    0.94     0.62   420.401 
   8         24 hour              1%      4    131.00    0.94     0.62   221.045 
   8         24 hour              1%      5    131.00    0.94     0.62   254.918 
   8         24 hour              1%      6    131.00    0.94     0.62   186.707 
   8         24 hour              1%      7    131.00    0.94     0.62   263.705 
   8         24 hour              1%      8    131.00    0.94     0.62   266.603 
   8         24 hour              1%      9    131.00    0.94     0.62   168.745 
   8         24 hour              1%     10    131.00    0.94     0.62   139.401 
 Run,    Representative hydrograph
  1     dur24hour_aep50tp2.out                                                                              
 Run,    Representative hydrograph
  2     dur24hour_aep0p5EYtp2.out                                                                           
 Run,    Representative hydrograph
  3     dur24hour_aep20tp2.out                                                                              
 Run,    Representative hydrograph
  4     dur24hour_aep0p2EYtp2.out                                                                           
 Run,    Representative hydrograph
  5     dur24hour_aep10tp2.out                                                                              
 Run,    Representative hydrograph
  6     dur24hour_aep5tp2.out                                                                               
 Run,    Representative hydrograph
  7     dur24hour_aep2tp2.out                                                                               
 Run,    Representative hydrograph
  8     dur24hour_aep1tp2.out                                                                               

Elapsed Run Time (hh:mm:ss) = 00:00:01
