 RORBWin Output File
 *******************
 
 Program version 6.52 (last updated 1st June 2023)
 Copyright Monash University and Hydrology and Risk Consulting
 
 Date run: 08 Aug 2026 22:31

 Vector file       : E:\Library\Automation\ryan-tools\tests\test_data\RORB\Fig6_7.catg
 Storm file        : E:\Library\Automation\ryan-tools\tests\test_data\RORB\24hr-areal-example\Fig6_7_ aep10_du24hourtp4.stm
 Output information: Flows & all input data


 Data checks:
 ************
 Next data to be read & checked:

 Catchment name & reach type flag
 Control vector & storage data
 Code no.  18     7.0 Location read as                             
 Sub-area areas
 Impervious flag
 Initial storm data
 Rainfall burst times
 Pluviograph 1
 Sub-area rainfalls

 Data check completed



 Data:
 ****

 fIGURE 6.7                                                          


 Time data, in increments from initial time
 fIGURE 6.7: 24 hour 10% Design Storm No.4 Temporal Pattern          
 Time increment (hours)=  1.00

                   Start   Finish
 Rainfall times:     0       45


 End of hyeto/hydrographs:   45
 Duration of calculations:  300



 Pre-burst has been applied
 Pluviograph data (time in incs, rainfall in mm, in 
                   increment following time shown)

Includes Pre-burst temporal pattern
         1:Temporal pattern (% of depth
   Time     1
     0     0.01
     1     0.01
     2     0.01
     3     0.01
     4     0.01
     5     0.01
     6     0.01
     7     0.01
     8     0.01
     9     0.01
    10     0.01
    11     0.01
    12     0.03
    13     0.03
    14     0.03
    15     0.01
    16     0.01
    17     0.01
    18     0.02
    19     0.02
    20     0.02
    21     2.69
    22     3.45
    23     4.95
    24     6.60
    25     6.77
    26     6.92
    27     6.78
    28     5.75
    29     5.56
    30     4.66
    31     2.87
    32     5.19
    33     4.97
    34     1.27
    35     1.32
    36     3.06
    37     4.50
    38     3.98
    39     3.41
    40     3.07
    41     2.28
    42     3.04
    43     3.29
    44     3.62

   Total 100.3




 DESIGN run control vector

 Step  Code              Description
   1    1     Add sub-area 'A' inflow & route thru normal storage    1
   2    3     Store hydrograph from step    1; reset hydrograph to zero
   3    1     Add sub-area 'B' inflow & route thru normal storage    2
   4    4     Add h-graph ex step    2 to h-graph ex step    3
   5    5     Route hydrograph thru normal storage    3
   6    3     Store hydrograph from step    5; reset hydrograph to zero
   7    1     Add sub-area 'C' inflow & route thru normal storage    4
   8    4     Add h-graph ex step    6 to h-graph ex step    7
   9    5     Route hydrograph thru normal storage    5
  10    3     Store hydrograph from step    9; reset hydrograph to zero
  11    1     Add sub-area 'D' inflow & route thru normal storage    6
  12    4     Add h-graph ex step   10 to h-graph ex step   11
  13    5     Route hydrograph thru normal storage    7
  14    3     Store hydrograph from step   13; reset hydrograph to zero
  15    1     Add sub-area 'E' inflow & route thru normal storage    8
  16    4     Add h-graph ex step   14 to h-graph ex step   15
  17    5     Route hydrograph thru normal storage    9
  18    7.0   Print hydrograph,                             
  19    0     **********End of control vector**********



 Sub-area data

 Sub-     Area     Dist.
 area      km²      km*
   A    3.00E+01  1.25E+01
   B    2.80E+01  1.15E+01
   C    2.50E+01  9.50E+00
   D    3.50E+01  7.00E+00
   E    4.00E+01  6.00E+00

 Total 1.580E+02

 For whole catchment     ; Av. Dist., km* =       8.98
 For interstation area  1; Av. Dist., km* =       8.98; ISA Factor =   1.000

 * or other function of reach properties related to travel time



 Normal storage data

 Storage   Length   Rel. delay      Type         Slope
   no.       km*       time                     percent 
   1         5.0       0.557       Natural 
   2         4.0       0.445       Natural 
   3         2.5       0.278       Natural 
   4         4.5       0.501       Natural 
   5         2.5       0.278       Natural 
   6         4.5       0.501       Natural 
   7         1.0       0.111       Natural 
   8         4.5       0.501       Natural 
   9         1.5       0.167       Natural 

 * or other function of reach properties related to travel time


 Input of parameters:
 ********************

 fIGURE 6.7                                                          
 DESIGN Run
 fIGURE 6.7: 24 hour 10% Design Storm No.4 Temporal Pattern          
 Time increment = 1.00 hours

 Constant loss model selected



 Rainfall, mm, in time inc. following time shown
 Time               Sub-
      Catch         Area
 Incs ment          A   B   C   D   E

   0   0.0          0   0   0   0   0
   1   0.0          0   0   0   0   0
   2   0.0          0   0   0   0   0
   3   0.0          0   0   0   0   0
   4   0.0          0   0   0   0   0
   5   0.0          0   0   0   0   0
   6   0.0          0   0   0   0   0
   7   0.0          0   0   0   0   0
   8   0.0          0   0   0   0   0
   9   0.0          0   0   0   0   0
  10   0.0          0   0   0   0   0
  11   0.0          0   0   0   0   0
  12   0.0          0   0   0   0   0
  13   0.0          0   0   0   0   0
  14   0.0          0   0   0   0   0
  15   0.0          0   0   0   0   0
  16   0.0          0   0   0   0   0
  17   0.0          0   0   0   0   0
  18   0.0          0   0   0   0   0
  19   0.0          0   0   0   0   0
  20   0.0          0   0   0   0   0
  21   2.1          2   2   2   2   2
  22   2.7          3   3   3   3   3
  23   3.9          4   4   4   4   4
  24   5.2          5   5   5   5   5
  25   5.3          5   5   5   5   5
  26   5.4          5   5   5   5   5
  27   5.3          5   5   5   5   5
  28   4.5          4   4   4   4   4
  29   4.3          4   4   4   4   4
  30   3.6          4   4   4   4   4
  31   2.2          2   2   2   2   2
  32   4.1          4   4   4   4   4
  33   3.9          4   4   4   4   4
  34   1.0          1   1   1   1   1
  35   1.0          1   1   1   1   1
  36   2.4          2   2   2   2   2
  37   3.5          4   4   4   4   4
  38   3.1          3   3   3   3   3
  39   2.7          3   3   3   3   3
  40   2.4          2   2   2   2   2
  41   1.8          2   2   2   2   2
  42   2.4          2   2   2   2   2
  43   2.6          3   3   3   3   3
  44   2.8          3   3   3   3   3

 Tot. 78.4         78  78  78  78  78
 Pluvi. ref. no.    1   1   1   1   1




 Rainfall-excess, mm, in time inc. following time shown
 Time               Sub-
      Catch         Area
 Incs ment          A   B   C   D   E

   0   0.0          0   0   0   0   0
   1   0.0          0   0   0   0   0
   2   0.0          0   0   0   0   0
   3   0.0          0   0   0   0   0
   4   0.0          0   0   0   0   0
   5   0.0          0   0   0   0   0
   6   0.0          0   0   0   0   0
   7   0.0          0   0   0   0   0
   8   0.0          0   0   0   0   0
   9   0.0          0   0   0   0   0
  10   0.0          0   0   0   0   0
  11   0.0          0   0   0   0   0
  12   0.0          0   0   0   0   0
  13   0.0          0   0   0   0   0
  14   0.0          0   0   0   0   0
  15   0.0          0   0   0   0   0
  16   0.0          0   0   0   0   0
  17   0.0          0   0   0   0   0
  18   0.0          0   0   0   0   0
  19   0.0          0   0   0   0   0
  20   0.0          0   0   0   0   0
  21   0.0          0   0   0   0   0
  22   0.0          0   0   0   0   0
  23   0.0          0   0   0   0   0
  24   0.2          0   0   0   0   0
  25   3.4          3   3   3   3   3
  26   3.5          4   4   4   4   4
  27   3.4          3   3   3   3   3
  28   2.6          3   3   3   3   3
  29   2.4          2   2   2   2   2
  30   1.7          2   2   2   2   2
  31   0.3          0   0   0   0   0
  32   2.2          2   2   2   2   2
  33   2.0          2   2   2   2   2
  34   0.0          0   0   0   0   0
  35   0.0          0   0   0   0   0
  36   0.5          0   0   0   0   0
  37   1.6          2   2   2   2   2
  38   1.2          1   1   1   1   1
  39   0.8          1   1   1   1   1
  40   0.5          0   0   0   0   0
  41   0.0          0   0   0   0   0
  42   0.5          0   0   0   0   0
  43   0.7          1   1   1   1   1
  44   0.9          1   1   1   1   1

 Tot. 28.3         28  28  28  28  28



 Routing results:
 ****************
 fIGURE 6.7                                                          
 fIGURE 6.7: 24 hour 10% Design Storm No.4 Temporal Pattern          
 DESIGN run no.  1


 Parameters:  kc =    10.00    m = 0.80

 Loss parameters     Initial loss (mm)   Cont. loss (mm/h)
                           12.00              1.90



 *** Calculated hydrograph,                                      

                           Hydrograph
                          Calc.          
 Peak discharge,m³/s     92.74
 Time to peak,h           32.0
 Volume,m³            4.48E+06
 Time to centroid,h       37.6
 Lag (c.m. to c.m.),h     6.25
 Lag to peak,h           0.651


 Hydrograph summary
 ******************

 Site  Description
   01  Calculated hydrograph,

 Inc    Time   Hyd0001
   0    0.00    0.0000 
   1    1.00    0.0000 
   2    2.00    0.0000 
   3    3.00    0.0000 
   4    4.00    0.0000 
   5    5.00    0.0000 
   6    6.00    0.0000 
   7    7.00    0.0000 
   8    8.00    0.0000 
   9    9.00    0.0000 
  10   10.00    0.0000 
  11   11.00    0.0000 
  12   12.00    0.0000 
  13   13.00    0.0000 
  14   14.00    0.0000 
  15   15.00    0.0000 
  16   16.00    0.0000 
  17   17.00    0.0000 
  18   18.00    0.0000 
  19   19.00    0.0000 
  20   20.00    0.0000 
  21   21.00    0.0000 
  22   22.00    0.0000 
  23   23.00    0.0000 
  24   24.00    0.0000 
  25   25.00    0.0171 
  26   26.00    1.6839 
  27   27.00   11.8476 
  28   28.00   33.6495 
  29   29.00   58.8586 
  30   30.00   79.0500 
  31   31.00   91.2076 
  32   32.00   92.7353 
  33   33.00   86.7337 
  34   34.00   82.2213 
  35   35.00   78.1247 
  36   36.00   68.4467 
  37   37.00   56.3210 
  38   38.00   48.0373 
  39   39.00   45.2207 
  40   40.00   44.7565 
  41   41.00   43.3664 
  42   42.00   40.0150 
  43   43.00   35.3554 
  44   44.00   31.4240 
  45   45.00   29.4854 
  46   46.00   28.3531 
  47   47.00   25.9506 
  48   48.00   22.3452 
  49   49.00   18.7024 
  50   50.00   15.4165 
  51   51.00   12.5811 
  52   52.00   10.2191 
  53   53.00    8.3008 
  54   54.00    6.7646 
  55   55.00    5.5384 
  56   56.00    4.5593 
  57   57.00    3.7755 
  58   58.00    3.1455 
  59   59.00    2.6364 
  60   60.00    2.2226 
  61   61.00    1.8843 
  62   62.00    1.6059 
  63   63.00    1.3755 
  64   64.00    1.1838 
  65   65.00    1.0233 
  66   66.00    0.8883 
  67   67.00    0.7742 
  68   68.00    0.6774 
  69   69.00    0.5947 
  70   70.00    0.5239 
  71   71.00    0.4630 
  72   72.00    0.4104 
  73   73.00    0.3649 
  74   74.00    0.3253 
  75   75.00    0.2908 
  76   76.00    0.2606 
  77   77.00    0.2341 
  78   78.00    0.2107 
  79   79.00    0.1901 
  80   80.00    0.1719 
  81   81.00    0.1558 
  82   82.00    0.1414 
  83   83.00    0.1286 
  84   84.00    0.1172 
  85   85.00    0.1070 
  86   86.00    0.0978 
  87   87.00    0.0895 
  88   88.00    0.0821 
  89   89.00    0.0754 
  90   90.00    0.0694 
  91   91.00    0.0639 
  92   92.00    0.0589 
  93   93.00    0.0544 
  94   94.00    0.0503 
  95   95.00    0.0466 
  96   96.00    0.0432 
  97   97.00    0.0401 
  98   98.00    0.0372 
  99   99.00    0.0346 
 100  100.00    0.0322 
 101  101.00    0.0300 
 102  102.00    0.0280 
 103  103.00    0.0262 
 104  104.00    0.0245 
 105  105.00    0.0229 
 106  106.00    0.0214 
 107  107.00    0.0201 
 108  108.00    0.0188 
 109  109.00    0.0177 
 110  110.00    0.0166 
 111  111.00    0.0156 
 112  112.00    0.0147 
 113  113.00    0.0138 
 114  114.00    0.0130 
 115  115.00    0.0123 
 116  116.00    0.0116 
 117  117.00    0.0109 
 118  118.00    0.0103 
 119  119.00    0.0098 
 120  120.00    0.0093 
 121  121.00    0.0088 
 122  122.00    0.0083 
 123  123.00    0.0079 
 124  124.00    0.0075 
 125  125.00    0.0071 
 126  126.00    0.0067 
 127  127.00    0.0064 
 128  128.00    0.0061 
 129  129.00    0.0058 
 130  130.00    0.0055 
 131  131.00    0.0052 
 132  132.00    0.0050 
 133  133.00    0.0047 
 134  134.00    0.0045 
 135  135.00    0.0043 
 136  136.00    0.0041 
 137  137.00    0.0039 
 138  138.00    0.0037 
 139  139.00    0.0036 
 140  140.00    0.0034 
 141  141.00    0.0033 
 142  142.00    0.0031 
 143  143.00    0.0030 
 144  144.00    0.0029 
 145  145.00    0.0027 
 146  146.00    0.0026 
 147  147.00    0.0025 
 148  148.00    0.0024 
 149  149.00    0.0023 
 150  150.00    0.0022 
 151  151.00    0.0021 
 152  152.00    0.0020 
 153  153.00    0.0020 
 154  154.00    0.0019 
 155  155.00    0.0018 
 156  156.00    0.0017 
 157  157.00    0.0017 
 158  158.00    0.0016 
 159  159.00    0.0015 
 160  160.00    0.0015 
 161  161.00    0.0014 
 162  162.00    0.0014 
 163  163.00    0.0013 
 164  164.00    0.0013 
 165  165.00    0.0012 
 166  166.00    0.0012 
 167  167.00    0.0011 
 168  168.00    0.0011 
 169  169.00    0.0011 
 170  170.00    0.0010 
 171  171.00    0.0010 
 172  172.00    0.0010 
 173  173.00    0.0009 
 174  174.00    0.0009 
 175  175.00    0.0009 
 176  176.00    0.0008 
 177  177.00    0.0008 
 178  178.00    0.0008 
 179  179.00    0.0008 
 180  180.00    0.0007 
 181  181.00    0.0007 
 182  182.00    0.0007 
 183  183.00    0.0007 
 184  184.00    0.0006 
 185  185.00    0.0006 
 186  186.00    0.0006 
 187  187.00    0.0006 
 188  188.00    0.0006 
 189  189.00    0.0005 
 190  190.00    0.0005 
 191  191.00    0.0005 
 192  192.00    0.0005 
 193  193.00    0.0005 
 194  194.00    0.0005 
 195  195.00    0.0005 
 196  196.00    0.0004 
 197  197.00    0.0004 
 198  198.00    0.0004 
 199  199.00    0.0004 
 200  200.00    0.0004 
 201  201.00    0.0004 
 202  202.00    0.0004 
 203  203.00    0.0004 
 204  204.00    0.0003 
 205  205.00    0.0003 
 206  206.00    0.0003 
 207  207.00    0.0003 
 208  208.00    0.0003 
 209  209.00    0.0003 
 210  210.00    0.0003 
 211  211.00    0.0003 
 212  212.00    0.0003 
 213  213.00    0.0003 
 214  214.00    0.0003 
 215  215.00    0.0003 
 216  216.00    0.0003 
 217  217.00    0.0002 
 218  218.00    0.0002 
 219  219.00    0.0002 
 220  220.00    0.0002 
 221  221.00    0.0002 
 222  222.00    0.0002 
 223  223.00    0.0002 
 224  224.00    0.0002 
 225  225.00    0.0002 
 226  226.00    0.0002 
 227  227.00    0.0002 
 228  228.00    0.0002 
 229  229.00    0.0002 
 230  230.00    0.0002 
 231  231.00    0.0002 
 232  232.00    0.0002 
 233  233.00    0.0002 
 234  234.00    0.0002 
 235  235.00    0.0002 
 236  236.00    0.0002 
 237  237.00    0.0001 
 238  238.00    0.0001 
 239  239.00    0.0001 
 240  240.00    0.0001 
 241  241.00    0.0001 
 242  242.00    0.0001 
 243  243.00    0.0001 
 244  244.00    0.0001 
 245  245.00    0.0001 
 246  246.00    0.0001 
 247  247.00    0.0001 
 248  248.00    0.0001 
 249  249.00    0.0001 
 250  250.00    0.0001 
 251  251.00    0.0001 
 252  252.00    0.0001 
 253  253.00    0.0001 
 254  254.00    0.0001 
 255  255.00    0.0001 
 256  256.00    0.0001 
 257  257.00    0.0001 
 258  258.00    0.0001 
 259  259.00    0.0001 
 260  260.00    0.0001 
 261  261.00    0.0001 
 262  262.00    0.0001 
 263  263.00    0.0001 
 264  264.00    0.0001 
 265  265.00    0.0001 
 266  266.00    0.0001 
 267  267.00    0.0001 
 268  268.00    0.0001 
 269  269.00    0.0001 
 270  270.00    0.0001 
 271  271.00    0.0001 
 272  272.00    0.0001 
 273  273.00    0.0001 
 274  274.00    0.0001 
 275  275.00    0.0001 
 276  276.00    0.0001 
 277  277.00    0.0001 
 278  278.00    0.0001 
 279  279.00    0.0001 
 280  280.00    0.0001 
 281  281.00    0.0001 
 282  282.00    0.0001 
 283  283.00    0.0001 
 284  284.00    0.0001 
 285  285.00    0.0001 
 286  286.00    0.0001 
 287  287.00    0.0001 
 288  288.00    0.0000 
 289  289.00    0.0000 
 290  290.00    0.0000 
 291  291.00    0.0000 
 292  292.00    0.0000 
 293  293.00    0.0000 
 294  294.00    0.0000 
 295  295.00    0.0000 
 296  296.00    0.0000 
 297  297.00    0.0000 
 298  298.00    0.0000 
 299  299.00    0.0000 
 300  300.00    0.0000 
