 RORBWin Output File
 *******************
 
 Program version 6.52 (last updated 1st June 2023)
 Copyright Monash University and Hydrology and Risk Consulting
 
 Date run: 08 Aug 2026 22:31

 Vector file       : E:\Library\Automation\ryan-tools\tests\test_data\RORB\Fig6_7.catg
 Storm file        : E:\Library\Automation\ryan-tools\tests\test_data\RORB\24hr-areal-example\Fig6_7_ aep5_du24hourtp8.stm
 Output information: Flows & all input data


 Data checks:
 ************
 Next data to be read & checked:

 Catchment name & reach type flag
 Control vector & storage data
 Code no.  18     7.0 Location read as                             
 Sub-area areas
 Impervious flag
 Initial storm data
 Rainfall burst times
 Pluviograph 1
 Sub-area rainfalls

 Data check completed



 Data:
 ****

 fIGURE 6.7                                                          


 Time data, in increments from initial time
 fIGURE 6.7: 24 hour 5% Design Storm No.8 Temporal Pattern           
 Time increment (hours)=  1.00

                   Start   Finish
 Rainfall times:     0       45


 End of hyeto/hydrographs:   45
 Duration of calculations:  300



 Pre-burst has been applied
 Pluviograph data (time in incs, rainfall in mm, in 
                   increment following time shown)

Includes Pre-burst temporal pattern
         1:Temporal pattern (% of depth
   Time     1
     0     0.01
     1     0.01
     2     0.01
     3     0.01
     4     0.01
     5     0.01
     6     0.01
     7     0.01
     8     0.01
     9     0.01
    10     0.01
    11     0.01
    12     0.03
    13     0.03
    14     0.03
    15     0.01
    16     0.01
    17     0.01
    18     0.02
    19     0.02
    20     0.02
    21     5.18
    22     7.14
    23     4.83
    24     4.93
    25     4.62
    26     6.35
    27     9.08
    28     7.31
    29     6.12
    30     5.32
    31     8.73
    32     2.96
    33     2.50
    34     2.33
    35     2.28
    36     3.22
    37     0.29
    38     2.51
    39     2.31
    40     2.66
    41     3.18
    42     2.09
    43     2.32
    44     1.74

   Total 100.3




 DESIGN run control vector

 Step  Code              Description
   1    1     Add sub-area 'A' inflow & route thru normal storage    1
   2    3     Store hydrograph from step    1; reset hydrograph to zero
   3    1     Add sub-area 'B' inflow & route thru normal storage    2
   4    4     Add h-graph ex step    2 to h-graph ex step    3
   5    5     Route hydrograph thru normal storage    3
   6    3     Store hydrograph from step    5; reset hydrograph to zero
   7    1     Add sub-area 'C' inflow & route thru normal storage    4
   8    4     Add h-graph ex step    6 to h-graph ex step    7
   9    5     Route hydrograph thru normal storage    5
  10    3     Store hydrograph from step    9; reset hydrograph to zero
  11    1     Add sub-area 'D' inflow & route thru normal storage    6
  12    4     Add h-graph ex step   10 to h-graph ex step   11
  13    5     Route hydrograph thru normal storage    7
  14    3     Store hydrograph from step   13; reset hydrograph to zero
  15    1     Add sub-area 'E' inflow & route thru normal storage    8
  16    4     Add h-graph ex step   14 to h-graph ex step   15
  17    5     Route hydrograph thru normal storage    9
  18    7.0   Print hydrograph,                             
  19    0     **********End of control vector**********



 Sub-area data

 Sub-     Area     Dist.
 area      km²      km*
   A    3.00E+01  1.25E+01
   B    2.80E+01  1.15E+01
   C    2.50E+01  9.50E+00
   D    3.50E+01  7.00E+00
   E    4.00E+01  6.00E+00

 Total 1.580E+02

 For whole catchment     ; Av. Dist., km* =       8.98
 For interstation area  1; Av. Dist., km* =       8.98; ISA Factor =   1.000

 * or other function of reach properties related to travel time



 Normal storage data

 Storage   Length   Rel. delay      Type         Slope
   no.       km*       time                     percent 
   1         5.0       0.557       Natural 
   2         4.0       0.445       Natural 
   3         2.5       0.278       Natural 
   4         4.5       0.501       Natural 
   5         2.5       0.278       Natural 
   6         4.5       0.501       Natural 
   7         1.0       0.111       Natural 
   8         4.5       0.501       Natural 
   9         1.5       0.167       Natural 

 * or other function of reach properties related to travel time


 Input of parameters:
 ********************

 fIGURE 6.7                                                          
 DESIGN Run
 fIGURE 6.7: 24 hour 5% Design Storm No.8 Temporal Pattern           
 Time increment = 1.00 hours

 Constant loss model selected



 Rainfall, mm, in time inc. following time shown
 Time               Sub-
      Catch         Area
 Incs ment          A   B   C   D   E

   0   0.0          0   0   0   0   0
   1   0.0          0   0   0   0   0
   2   0.0          0   0   0   0   0
   3   0.0          0   0   0   0   0
   4   0.0          0   0   0   0   0
   5   0.0          0   0   0   0   0
   6   0.0          0   0   0   0   0
   7   0.0          0   0   0   0   0
   8   0.0          0   0   0   0   0
   9   0.0          0   0   0   0   0
  10   0.0          0   0   0   0   0
  11   0.0          0   0   0   0   0
  12   0.0          0   0   0   0   0
  13   0.0          0   0   0   0   0
  14   0.0          0   0   0   0   0
  15   0.0          0   0   0   0   0
  16   0.0          0   0   0   0   0
  17   0.0          0   0   0   0   0
  18   0.0          0   0   0   0   0
  19   0.0          0   0   0   0   0
  20   0.0          0   0   0   0   0
  21   4.7          5   5   5   5   5
  22   6.5          6   6   6   6   6
  23   4.4          4   4   4   4   4
  24   4.5          4   4   4   4   4
  25   4.2          4   4   4   4   4
  26   5.8          6   6   6   6   6
  27   8.2          8   8   8   8   8
  28   6.6          7   7   7   7   7
  29   5.6          6   6   6   6   6
  30   4.8          5   5   5   5   5
  31   7.9          8   8   8   8   8
  32   2.7          3   3   3   3   3
  33   2.3          2   2   2   2   2
  34   2.1          2   2   2   2   2
  35   2.1          2   2   2   2   2
  36   2.9          3   3   3   3   3
  37   0.3          0   0   0   0   0
  38   2.3          2   2   2   2   2
  39   2.1          2   2   2   2   2
  40   2.4          2   2   2   2   2
  41   2.9          3   3   3   3   3
  42   1.9          2   2   2   2   2
  43   2.1          2   2   2   2   2
  44   1.6          2   2   2   2   2

 Tot. 91.0         91  91  91  91  91
 Pluvi. ref. no.    1   1   1   1   1




 Rainfall-excess, mm, in time inc. following time shown
 Time               Sub-
      Catch         Area
 Incs ment          A   B   C   D   E

   0   0.0          0   0   0   0   0
   1   0.0          0   0   0   0   0
   2   0.0          0   0   0   0   0
   3   0.0          0   0   0   0   0
   4   0.0          0   0   0   0   0
   5   0.0          0   0   0   0   0
   6   0.0          0   0   0   0   0
   7   0.0          0   0   0   0   0
   8   0.0          0   0   0   0   0
   9   0.0          0   0   0   0   0
  10   0.0          0   0   0   0   0
  11   0.0          0   0   0   0   0
  12   0.0          0   0   0   0   0
  13   0.0          0   0   0   0   0
  14   0.0          0   0   0   0   0
  15   0.0          0   0   0   0   0
  16   0.0          0   0   0   0   0
  17   0.0          0   0   0   0   0
  18   0.0          0   0   0   0   0
  19   0.0          0   0   0   0   0
  20   0.0          0   0   0   0   0
  21   0.0          0   0   0   0   0
  22   0.0          0   0   0   0   0
  23   1.9          2   2   2   2   2
  24   2.6          3   3   3   3   3
  25   2.3          2   2   2   2   2
  26   3.9          4   4   4   4   4
  27   6.3          6   6   6   6   6
  28   4.7          5   5   5   5   5
  29   3.7          4   4   4   4   4
  30   2.9          3   3   3   3   3
  31   6.0          6   6   6   6   6
  32   0.8          1   1   1   1   1
  33   0.4          0   0   0   0   0
  34   0.2          0   0   0   0   0
  35   0.2          0   0   0   0   0
  36   1.0          1   1   1   1   1
  37   0.0          0   0   0   0   0
  38   0.4          0   0   0   0   0
  39   0.2          0   0   0   0   0
  40   0.5          1   1   1   1   1
  41   1.0          1   1   1   1   1
  42   0.0          0   0   0   0   0
  43   0.2          0   0   0   0   0
  44   0.0          0   0   0   0   0

 Tot. 39.2         39  39  39  39  39



 Routing results:
 ****************
 fIGURE 6.7                                                          
 fIGURE 6.7: 24 hour 5% Design Storm No.8 Temporal Pattern           
 DESIGN run no.  1


 Parameters:  kc =    10.00    m = 0.80

 Loss parameters     Initial loss (mm)   Cont. loss (mm/h)
                           12.00              1.90



 *** Calculated hydrograph,                                      

                           Hydrograph
                          Calc.          
 Peak discharge,m³/s     170.0
 Time to peak,h           33.0
 Volume,m³            6.19E+06
 Time to centroid,h       34.9
 Lag (c.m. to c.m.),h     5.67
 Lag to peak,h            3.73


 Hydrograph summary
 ******************

 Site  Description
   01  Calculated hydrograph,

 Inc    Time   Hyd0001
   0    0.00     0.000 
   1    1.00     0.000 
   2    2.00     0.000 
   3    3.00     0.000 
   4    4.00     0.000 
   5    5.00     0.000 
   6    6.00     0.000 
   7    7.00     0.000 
   8    8.00     0.000 
   9    9.00     0.000 
  10   10.00     0.000 
  11   11.00     0.000 
  12   12.00     0.000 
  13   13.00     0.000 
  14   14.00     0.000 
  15   15.00     0.000 
  16   16.00     0.000 
  17   17.00     0.000 
  18   18.00     0.000 
  19   19.00     0.000 
  20   20.00     0.000 
  21   21.00     0.000 
  22   22.00     0.000 
  23   23.00     0.000 
  24   24.00     0.705 
  25   25.00     5.467 
  26   26.00    17.499 
  27   27.00    35.954 
  28   28.00    64.850 
  29   29.00   104.854 
  30   30.00   139.538 
  31   31.00   156.804 
  32   32.00   165.648 
  33   33.00   169.969 
  34   34.00   156.011 
  35   35.00   127.472 
  36   36.00    99.287 
  37   37.00    76.966 
  38   38.00    61.107 
  39   39.00    49.036 
  40   40.00    39.569 
  41   41.00    32.798 
  42   42.00    28.911 
  43   43.00    26.974 
  44   44.00    24.712 
  45   45.00    21.742 
  46   46.00    18.648 
  47   47.00    15.624 
  48   48.00    12.912 
  49   49.00    10.604 
  50   50.00     8.687 
  51   51.00     7.121 
  52   52.00     5.853 
  53   53.00     4.831 
  54   54.00     4.008 
  55   55.00     3.342 
  56   56.00     2.802 
  57   57.00     2.362 
  58   58.00     2.002 
  59   59.00     1.705 
  60   60.00     1.459 
  61   61.00     1.254 
  62   62.00     1.083 
  63   63.00     0.939 
  64   64.00     0.818 
  65   65.00     0.715 
  66   66.00     0.627 
  67   67.00     0.552 
  68   68.00     0.487 
  69   69.00     0.431 
  70   70.00     0.383 
  71   71.00     0.341 
  72   72.00     0.305 
  73   73.00     0.273 
  74   74.00     0.245 
  75   75.00     0.220 
  76   76.00     0.198 
  77   77.00     0.179 
  78   78.00     0.162 
  79   79.00     0.147 
  80   80.00     0.134 
  81   81.00     0.122 
  82   82.00     0.111 
  83   83.00     0.102 
  84   84.00     0.093 
  85   85.00     0.085 
  86   86.00     0.078 
  87   87.00     0.072 
  88   88.00     0.066 
  89   89.00     0.061 
  90   90.00     0.056 
  91   91.00     0.052 
  92   92.00     0.048 
  93   93.00     0.045 
  94   94.00     0.041 
  95   95.00     0.038 
  96   96.00     0.036 
  97   97.00     0.033 
  98   98.00     0.031 
  99   99.00     0.029 
 100  100.00     0.027 
 101  101.00     0.025 
 102  102.00     0.024 
 103  103.00     0.022 
 104  104.00     0.021 
 105  105.00     0.019 
 106  106.00     0.018 
 107  107.00     0.017 
 108  108.00     0.016 
 109  109.00     0.015 
 110  110.00     0.014 
 111  111.00     0.013 
 112  112.00     0.013 
 113  113.00     0.012 
 114  114.00     0.011 
 115  115.00     0.011 
 116  116.00     0.010 
 117  117.00     0.009 
 118  118.00     0.009 
 119  119.00     0.008 
 120  120.00     0.008 
 121  121.00     0.008 
 122  122.00     0.007 
 123  123.00     0.007 
 124  124.00     0.007 
 125  125.00     0.006 
 126  126.00     0.006 
 127  127.00     0.006 
 128  128.00     0.005 
 129  129.00     0.005 
 130  130.00     0.005 
 131  131.00     0.005 
 132  132.00     0.004 
 133  133.00     0.004 
 134  134.00     0.004 
 135  135.00     0.004 
 136  136.00     0.004 
 137  137.00     0.003 
 138  138.00     0.003 
 139  139.00     0.003 
 140  140.00     0.003 
 141  141.00     0.003 
 142  142.00     0.003 
 143  143.00     0.003 
 144  144.00     0.003 
 145  145.00     0.002 
 146  146.00     0.002 
 147  147.00     0.002 
 148  148.00     0.002 
 149  149.00     0.002 
 150  150.00     0.002 
 151  151.00     0.002 
 152  152.00     0.002 
 153  153.00     0.002 
 154  154.00     0.002 
 155  155.00     0.002 
 156  156.00     0.002 
 157  157.00     0.002 
 158  158.00     0.001 
 159  159.00     0.001 
 160  160.00     0.001 
 161  161.00     0.001 
 162  162.00     0.001 
 163  163.00     0.001 
 164  164.00     0.001 
 165  165.00     0.001 
 166  166.00     0.001 
 167  167.00     0.001 
 168  168.00     0.001 
 169  169.00     0.001 
 170  170.00     0.001 
 171  171.00     0.001 
 172  172.00     0.001 
 173  173.00     0.001 
 174  174.00     0.001 
 175  175.00     0.001 
 176  176.00     0.001 
 177  177.00     0.001 
 178  178.00     0.001 
 179  179.00     0.001 
 180  180.00     0.001 
 181  181.00     0.001 
 182  182.00     0.001 
 183  183.00     0.001 
 184  184.00     0.001 
 185  185.00     0.001 
 186  186.00     0.001 
 187  187.00     0.001 
 188  188.00     0.001 
 189  189.00     0.001 
 190  190.00     0.000 
 191  191.00     0.000 
 192  192.00     0.000 
 193  193.00     0.000 
 194  194.00     0.000 
 195  195.00     0.000 
 196  196.00     0.000 
 197  197.00     0.000 
 198  198.00     0.000 
 199  199.00     0.000 
 200  200.00     0.000 
 201  201.00     0.000 
 202  202.00     0.000 
 203  203.00     0.000 
 204  204.00     0.000 
 205  205.00     0.000 
 206  206.00     0.000 
 207  207.00     0.000 
 208  208.00     0.000 
 209  209.00     0.000 
 210  210.00     0.000 
 211  211.00     0.000 
 212  212.00     0.000 
 213  213.00     0.000 
 214  214.00     0.000 
 215  215.00     0.000 
 216  216.00     0.000 
 217  217.00     0.000 
 218  218.00     0.000 
 219  219.00     0.000 
 220  220.00     0.000 
 221  221.00     0.000 
 222  222.00     0.000 
 223  223.00     0.000 
 224  224.00     0.000 
 225  225.00     0.000 
 226  226.00     0.000 
 227  227.00     0.000 
 228  228.00     0.000 
 229  229.00     0.000 
 230  230.00     0.000 
 231  231.00     0.000 
 232  232.00     0.000 
 233  233.00     0.000 
 234  234.00     0.000 
 235  235.00     0.000 
 236  236.00     0.000 
 237  237.00     0.000 
 238  238.00     0.000 
 239  239.00     0.000 
 240  240.00     0.000 
 241  241.00     0.000 
 242  242.00     0.000 
 243  243.00     0.000 
 244  244.00     0.000 
 245  245.00     0.000 
 246  246.00     0.000 
 247  247.00     0.000 
 248  248.00     0.000 
 249  249.00     0.000 
 250  250.00     0.000 
 251  251.00     0.000 
 252  252.00     0.000 
 253  253.00     0.000 
 254  254.00     0.000 
 255  255.00     0.000 
 256  256.00     0.000 
 257  257.00     0.000 
 258  258.00     0.000 
 259  259.00     0.000 
 260  260.00     0.000 
 261  261.00     0.000 
 262  262.00     0.000 
 263  263.00     0.000 
 264  264.00     0.000 
 265  265.00     0.000 
 266  266.00     0.000 
 267  267.00     0.000 
 268  268.00     0.000 
 269  269.00     0.000 
 270  270.00     0.000 
 271  271.00     0.000 
 272  272.00     0.000 
 273  273.00     0.000 
 274  274.00     0.000 
 275  275.00     0.000 
 276  276.00     0.000 
 277  277.00     0.000 
 278  278.00     0.000 
 279  279.00     0.000 
 280  280.00     0.000 
 281  281.00     0.000 
 282  282.00     0.000 
 283  283.00     0.000 
 284  284.00     0.000 
 285  285.00     0.000 
 286  286.00     0.000 
 287  287.00     0.000 
 288  288.00     0.000 
 289  289.00     0.000 
 290  290.00     0.000 
 291  291.00     0.000 
 292  292.00     0.000 
 293  293.00     0.000 
 294  294.00     0.000 
 295  295.00     0.000 
 296  296.00     0.000 
 297  297.00     0.000 
 298  298.00     0.000 
 299  299.00     0.000 
 300  300.00     0.000 
