 RORBWin Output File
 *******************
 
 Program version 6.52 (last updated 1st June 2023)
 Copyright Monash University and Hydrology and Risk Consulting
 
 Date run: 08 Aug 2026 22:31

 Vector file       : E:\Library\Automation\ryan-tools\tests\test_data\RORB\Fig6_7.catg
 Storm file        : E:\Library\Automation\ryan-tools\tests\test_data\RORB\24hr-areal-example\Fig6_7_ aep0p5EY_du24hourtp9.stm
 Output information: Flows & all input data


 Data checks:
 ************
 Next data to be read & checked:

 Catchment name & reach type flag
 Control vector & storage data
 Code no.  18     7.0 Location read as                             
 Sub-area areas
 Impervious flag
 Initial storm data
 Rainfall burst times
 Pluviograph 1
 Sub-area rainfalls

 Data check completed



 Data:
 ****

 fIGURE 6.7                                                          


 Time data, in increments from initial time
 fIGURE 6.7: 24 hour 0.5EY Design Storm No.9 Temporal Pattern        
 Time increment (hours)=  1.00

                   Start   Finish
 Rainfall times:     0       45


 End of hyeto/hydrographs:   45
 Duration of calculations:  300



 Pre-burst has been applied
 Pluviograph data (time in incs, rainfall in mm, in 
                   increment following time shown)

Includes Pre-burst temporal pattern
         1:Temporal pattern (% of depth
   Time     1
     0     0.00
     1     0.00
     2     0.00
     3     0.00
     4     0.00
     5     0.00
     6     0.00
     7     0.00
     8     0.00
     9     0.00
    10     0.00
    11     0.00
    12     0.00
    13     0.00
    14     0.00
    15     0.00
    16     0.00
    17     0.00
    18     0.00
    19     0.00
    20     0.00
    21     2.43
    22     3.18
    23     4.00
    24     5.45
    25     6.38
    26     5.79
    27     4.99
    28     4.12
    29     4.94
    30     4.79
    31     3.54
    32     3.07
    33     3.92
    34     2.15
    35     1.91
    36     3.59
    37     4.80
    38     3.86
    39     3.75
    40     3.73
    41     4.97
    42     6.46
    43     5.11
    44     3.07

   Total 100.0




 DESIGN run control vector

 Step  Code              Description
   1    1     Add sub-area 'A' inflow & route thru normal storage    1
   2    3     Store hydrograph from step    1; reset hydrograph to zero
   3    1     Add sub-area 'B' inflow & route thru normal storage    2
   4    4     Add h-graph ex step    2 to h-graph ex step    3
   5    5     Route hydrograph thru normal storage    3
   6    3     Store hydrograph from step    5; reset hydrograph to zero
   7    1     Add sub-area 'C' inflow & route thru normal storage    4
   8    4     Add h-graph ex step    6 to h-graph ex step    7
   9    5     Route hydrograph thru normal storage    5
  10    3     Store hydrograph from step    9; reset hydrograph to zero
  11    1     Add sub-area 'D' inflow & route thru normal storage    6
  12    4     Add h-graph ex step   10 to h-graph ex step   11
  13    5     Route hydrograph thru normal storage    7
  14    3     Store hydrograph from step   13; reset hydrograph to zero
  15    1     Add sub-area 'E' inflow & route thru normal storage    8
  16    4     Add h-graph ex step   14 to h-graph ex step   15
  17    5     Route hydrograph thru normal storage    9
  18    7.0   Print hydrograph,                             
  19    0     **********End of control vector**********



 Sub-area data

 Sub-     Area     Dist.
 area      km²      km*
   A    3.00E+01  1.25E+01
   B    2.80E+01  1.15E+01
   C    2.50E+01  9.50E+00
   D    3.50E+01  7.00E+00
   E    4.00E+01  6.00E+00

 Total 1.580E+02

 For whole catchment     ; Av. Dist., km* =       8.98
 For interstation area  1; Av. Dist., km* =       8.98; ISA Factor =   1.000

 * or other function of reach properties related to travel time



 Normal storage data

 Storage   Length   Rel. delay      Type         Slope
   no.       km*       time                     percent 
   1         5.0       0.557       Natural 
   2         4.0       0.445       Natural 
   3         2.5       0.278       Natural 
   4         4.5       0.501       Natural 
   5         2.5       0.278       Natural 
   6         4.5       0.501       Natural 
   7         1.0       0.111       Natural 
   8         4.5       0.501       Natural 
   9         1.5       0.167       Natural 

 * or other function of reach properties related to travel time


 Input of parameters:
 ********************

 fIGURE 6.7                                                          
 DESIGN Run
 fIGURE 6.7: 24 hour 0.5EY Design Storm No.9 Temporal Pattern        
 Time increment = 1.00 hours

 Constant loss model selected



 Rainfall, mm, in time inc. following time shown
 Time               Sub-
      Catch         Area
 Incs ment          A   B   C   D   E

   0   0.0          0   0   0   0   0
   1   0.0          0   0   0   0   0
   2   0.0          0   0   0   0   0
   3   0.0          0   0   0   0   0
   4   0.0          0   0   0   0   0
   5   0.0          0   0   0   0   0
   6   0.0          0   0   0   0   0
   7   0.0          0   0   0   0   0
   8   0.0          0   0   0   0   0
   9   0.0          0   0   0   0   0
  10   0.0          0   0   0   0   0
  11   0.0          0   0   0   0   0
  12   0.0          0   0   0   0   0
  13   0.0          0   0   0   0   0
  14   0.0          0   0   0   0   0
  15   0.0          0   0   0   0   0
  16   0.0          0   0   0   0   0
  17   0.0          0   0   0   0   0
  18   0.0          0   0   0   0   0
  19   0.0          0   0   0   0   0
  20   0.0          0   0   0   0   0
  21   1.3          1   1   1   1   1
  22   1.7          2   2   2   2   2
  23   2.1          2   2   2   2   2
  24   2.9          3   3   3   3   3
  25   3.4          3   3   3   3   3
  26   3.1          3   3   3   3   3
  27   2.7          3   3   3   3   3
  28   2.2          2   2   2   2   2
  29   2.6          3   3   3   3   3
  30   2.6          3   3   3   3   3
  31   1.9          2   2   2   2   2
  32   1.6          2   2   2   2   2
  33   2.1          2   2   2   2   2
  34   1.2          1   1   1   1   1
  35   1.0          1   1   1   1   1
  36   1.9          2   2   2   2   2
  37   2.6          3   3   3   3   3
  38   2.1          2   2   2   2   2
  39   2.0          2   2   2   2   2
  40   2.0          2   2   2   2   2
  41   2.7          3   3   3   3   3
  42   3.5          3   3   3   3   3
  43   2.7          3   3   3   3   3
  44   1.6          2   2   2   2   2

 Tot. 53.6         54  54  54  54  54
 Pluvi. ref. no.    1   1   1   1   1




 Rainfall-excess, mm, in time inc. following time shown
 Time               Sub-
      Catch         Area
 Incs ment          A   B   C   D   E

   0   0.0          0   0   0   0   0
   1   0.0          0   0   0   0   0
   2   0.0          0   0   0   0   0
   3   0.0          0   0   0   0   0
   4   0.0          0   0   0   0   0
   5   0.0          0   0   0   0   0
   6   0.0          0   0   0   0   0
   7   0.0          0   0   0   0   0
   8   0.0          0   0   0   0   0
   9   0.0          0   0   0   0   0
  10   0.0          0   0   0   0   0
  11   0.0          0   0   0   0   0
  12   0.0          0   0   0   0   0
  13   0.0          0   0   0   0   0
  14   0.0          0   0   0   0   0
  15   0.0          0   0   0   0   0
  16   0.0          0   0   0   0   0
  17   0.0          0   0   0   0   0
  18   0.0          0   0   0   0   0
  19   0.0          0   0   0   0   0
  20   0.0          0   0   0   0   0
  21   0.0          0   0   0   0   0
  22   0.0          0   0   0   0   0
  23   0.0          0   0   0   0   0
  24   0.0          0   0   0   0   0
  25   0.0          0   0   0   0   0
  26   0.7          1   1   1   1   1
  27   0.8          1   1   1   1   1
  28   0.3          0   0   0   0   0
  29   0.7          1   1   1   1   1
  30   0.7          1   1   1   1   1
  31   0.0          0   0   0   0   0
  32   0.0          0   0   0   0   0
  33   0.2          0   0   0   0   0
  34   0.0          0   0   0   0   0
  35   0.0          0   0   0   0   0
  36   0.0          0   0   0   0   0
  37   0.7          1   1   1   1   1
  38   0.2          0   0   0   0   0
  39   0.1          0   0   0   0   0
  40   0.1          0   0   0   0   0
  41   0.8          1   1   1   1   1
  42   1.6          2   2   2   2   2
  43   0.8          1   1   1   1   1
  44   0.0          0   0   0   0   0

 Tot.  7.6          8   8   8   8   8



 Routing results:
 ****************
 fIGURE 6.7                                                          
 fIGURE 6.7: 24 hour 0.5EY Design Storm No.9 Temporal Pattern        
 DESIGN run no.  1


 Parameters:  kc =    10.00    m = 0.80

 Loss parameters     Initial loss (mm)   Cont. loss (mm/h)
                           12.00              1.90



 *** Calculated hydrograph,                                      

                           Hydrograph
                          Calc.          
 Peak discharge,m³/s     21.25
 Time to peak,h           46.0
 Volume,m³            1.21E+06
 Time to centroid,h       44.1
 Lag (c.m. to c.m.),h     8.30
 Lag to peak,h            10.2


 Hydrograph summary
 ******************

 Site  Description
   01  Calculated hydrograph,

 Inc    Time   Hyd0001
   0    0.00    0.0000 
   1    1.00    0.0000 
   2    2.00    0.0000 
   3    3.00    0.0000 
   4    4.00    0.0000 
   5    5.00    0.0000 
   6    6.00    0.0000 
   7    7.00    0.0000 
   8    8.00    0.0000 
   9    9.00    0.0000 
  10   10.00    0.0000 
  11   11.00    0.0000 
  12   12.00    0.0000 
  13   13.00    0.0000 
  14   14.00    0.0000 
  15   15.00    0.0000 
  16   16.00    0.0000 
  17   17.00    0.0000 
  18   18.00    0.0000 
  19   19.00    0.0000 
  20   20.00    0.0000 
  21   21.00    0.0000 
  22   22.00    0.0000 
  23   23.00    0.0000 
  24   24.00    0.0000 
  25   25.00    0.0000 
  26   26.00    0.0000 
  27   27.00    0.1276 
  28   28.00    1.1041 
  29   29.00    3.3343 
  30   30.00    6.1444 
  31   31.00    9.3859 
  32   32.00   12.3391 
  33   33.00   13.5615 
  34   34.00   13.2989 
  35   35.00   12.5072 
  36   36.00   11.3318 
  37   37.00    9.8913 
  38   38.00    8.9488 
  39   39.00    8.9722 
  40   40.00    9.2007 
  41   41.00    9.0178 
  42   42.00    9.1104 
  43   43.00   11.2231 
  44   44.00   15.9251 
  45   45.00   20.2086 
  46   46.00   21.2512 
  47   47.00   19.8376 
  48   48.00   17.5140 
  49   49.00   14.9423 
  50   50.00   12.4582 
  51   51.00   10.2527 
  52   52.00    8.3908 
  53   53.00    6.8617 
  54   54.00    5.6234 
  55   55.00    4.6265 
  56   56.00    3.8255 
  57   57.00    3.1815 
  58   58.00    2.6616 
  59   59.00    2.2397 
  60   60.00    1.8954 
  61   61.00    1.6128 
  62   62.00    1.3794 
  63   63.00    1.1856 
  64   64.00    1.0238 
  65   65.00    0.8879 
  66   66.00    0.7732 
  67   67.00    0.6760 
  68   68.00    0.5932 
  69   69.00    0.5224 
  70   70.00    0.4615 
  71   71.00    0.4090 
  72   72.00    0.3635 
  73   73.00    0.3240 
  74   74.00    0.2896 
  75   75.00    0.2594 
  76   76.00    0.2330 
  77   77.00    0.2098 
  78   78.00    0.1893 
  79   79.00    0.1711 
  80   80.00    0.1551 
  81   81.00    0.1408 
  82   82.00    0.1280 
  83   83.00    0.1166 
  84   84.00    0.1065 
  85   85.00    0.0973 
  86   86.00    0.0891 
  87   87.00    0.0817 
  88   88.00    0.0751 
  89   89.00    0.0691 
  90   90.00    0.0636 
  91   91.00    0.0587 
  92   92.00    0.0542 
  93   93.00    0.0501 
  94   94.00    0.0464 
  95   95.00    0.0430 
  96   96.00    0.0399 
  97   97.00    0.0371 
  98   98.00    0.0345 
  99   99.00    0.0321 
 100  100.00    0.0299 
 101  101.00    0.0279 
 102  102.00    0.0261 
 103  103.00    0.0244 
 104  104.00    0.0228 
 105  105.00    0.0213 
 106  106.00    0.0200 
 107  107.00    0.0188 
 108  108.00    0.0176 
 109  109.00    0.0165 
 110  110.00    0.0156 
 111  111.00    0.0146 
 112  112.00    0.0138 
 113  113.00    0.0130 
 114  114.00    0.0122 
 115  115.00    0.0116 
 116  116.00    0.0109 
 117  117.00    0.0103 
 118  118.00    0.0097 
 119  119.00    0.0092 
 120  120.00    0.0087 
 121  121.00    0.0083 
 122  122.00    0.0078 
 123  123.00    0.0074 
 124  124.00    0.0070 
 125  125.00    0.0067 
 126  126.00    0.0064 
 127  127.00    0.0060 
 128  128.00    0.0057 
 129  129.00    0.0055 
 130  130.00    0.0052 
 131  131.00    0.0050 
 132  132.00    0.0047 
 133  133.00    0.0045 
 134  134.00    0.0043 
 135  135.00    0.0041 
 136  136.00    0.0039 
 137  137.00    0.0037 
 138  138.00    0.0036 
 139  139.00    0.0034 
 140  140.00    0.0033 
 141  141.00    0.0031 
 142  142.00    0.0030 
 143  143.00    0.0029 
 144  144.00    0.0027 
 145  145.00    0.0026 
 146  146.00    0.0025 
 147  147.00    0.0024 
 148  148.00    0.0023 
 149  149.00    0.0022 
 150  150.00    0.0021 
 151  151.00    0.0020 
 152  152.00    0.0020 
 153  153.00    0.0019 
 154  154.00    0.0018 
 155  155.00    0.0017 
 156  156.00    0.0017 
 157  157.00    0.0016 
 158  158.00    0.0015 
 159  159.00    0.0015 
 160  160.00    0.0014 
 161  161.00    0.0014 
 162  162.00    0.0013 
 163  163.00    0.0013 
 164  164.00    0.0012 
 165  165.00    0.0012 
 166  166.00    0.0011 
 167  167.00    0.0011 
 168  168.00    0.0011 
 169  169.00    0.0010 
 170  170.00    0.0010 
 171  171.00    0.0010 
 172  172.00    0.0009 
 173  173.00    0.0009 
 174  174.00    0.0009 
 175  175.00    0.0008 
 176  176.00    0.0008 
 177  177.00    0.0008 
 178  178.00    0.0008 
 179  179.00    0.0007 
 180  180.00    0.0007 
 181  181.00    0.0007 
 182  182.00    0.0007 
 183  183.00    0.0006 
 184  184.00    0.0006 
 185  185.00    0.0006 
 186  186.00    0.0006 
 187  187.00    0.0006 
 188  188.00    0.0005 
 189  189.00    0.0005 
 190  190.00    0.0005 
 191  191.00    0.0005 
 192  192.00    0.0005 
 193  193.00    0.0005 
 194  194.00    0.0005 
 195  195.00    0.0004 
 196  196.00    0.0004 
 197  197.00    0.0004 
 198  198.00    0.0004 
 199  199.00    0.0004 
 200  200.00    0.0004 
 201  201.00    0.0004 
 202  202.00    0.0004 
 203  203.00    0.0003 
 204  204.00    0.0003 
 205  205.00    0.0003 
 206  206.00    0.0003 
 207  207.00    0.0003 
 208  208.00    0.0003 
 209  209.00    0.0003 
 210  210.00    0.0003 
 211  211.00    0.0003 
 212  212.00    0.0003 
 213  213.00    0.0003 
 214  214.00    0.0003 
 215  215.00    0.0003 
 216  216.00    0.0002 
 217  217.00    0.0002 
 218  218.00    0.0002 
 219  219.00    0.0002 
 220  220.00    0.0002 
 221  221.00    0.0002 
 222  222.00    0.0002 
 223  223.00    0.0002 
 224  224.00    0.0002 
 225  225.00    0.0002 
 226  226.00    0.0002 
 227  227.00    0.0002 
 228  228.00    0.0002 
 229  229.00    0.0002 
 230  230.00    0.0002 
 231  231.00    0.0002 
 232  232.00    0.0002 
 233  233.00    0.0002 
 234  234.00    0.0002 
 235  235.00    0.0002 
 236  236.00    0.0001 
 237  237.00    0.0001 
 238  238.00    0.0001 
 239  239.00    0.0001 
 240  240.00    0.0001 
 241  241.00    0.0001 
 242  242.00    0.0001 
 243  243.00    0.0001 
 244  244.00    0.0001 
 245  245.00    0.0001 
 246  246.00    0.0001 
 247  247.00    0.0001 
 248  248.00    0.0001 
 249  249.00    0.0001 
 250  250.00    0.0001 
 251  251.00    0.0001 
 252  252.00    0.0001 
 253  253.00    0.0001 
 254  254.00    0.0001 
 255  255.00    0.0001 
 256  256.00    0.0001 
 257  257.00    0.0001 
 258  258.00    0.0001 
 259  259.00    0.0001 
 260  260.00    0.0001 
 261  261.00    0.0001 
 262  262.00    0.0001 
 263  263.00    0.0001 
 264  264.00    0.0001 
 265  265.00    0.0001 
 266  266.00    0.0001 
 267  267.00    0.0001 
 268  268.00    0.0001 
 269  269.00    0.0001 
 270  270.00    0.0001 
 271  271.00    0.0001 
 272  272.00    0.0001 
 273  273.00    0.0001 
 274  274.00    0.0001 
 275  275.00    0.0001 
 276  276.00    0.0001 
 277  277.00    0.0001 
 278  278.00    0.0001 
 279  279.00    0.0001 
 280  280.00    0.0001 
 281  281.00    0.0001 
 282  282.00    0.0001 
 283  283.00    0.0001 
 284  284.00    0.0001 
 285  285.00    0.0001 
 286  286.00    0.0001 
 287  287.00    0.0000 
 288  288.00    0.0000 
 289  289.00    0.0000 
 290  290.00    0.0000 
 291  291.00    0.0000 
 292  292.00    0.0000 
 293  293.00    0.0000 
 294  294.00    0.0000 
 295  295.00    0.0000 
 296  296.00    0.0000 
 297  297.00    0.0000 
 298  298.00    0.0000 
 299  299.00    0.0000 
 300  300.00    0.0000 
