 RORBWin Output File
 *******************
 
 Program version 6.52 (last updated 1st June 2023)
 Copyright Monash University and Hydrology and Risk Consulting
 
 Date run: 08 Aug 2026 22:31

 Vector file       : E:\Library\Automation\ryan-tools\tests\test_data\RORB\Fig6_7.catg
 Storm file        : E:\Library\Automation\ryan-tools\tests\test_data\RORB\24hr-areal-example\Fig6_7_ aep1_du24hourtp1.stm
 Output information: Flows & all input data


 Data checks:
 ************
 Next data to be read & checked:

 Catchment name & reach type flag
 Control vector & storage data
 Code no.  18     7.0 Location read as                             
 Sub-area areas
 Impervious flag
 Initial storm data
 Rainfall burst times
 Pluviograph 1
 Sub-area rainfalls

 Data check completed



 Data:
 ****

 fIGURE 6.7                                                          


 Time data, in increments from initial time
 fIGURE 6.7: 24 hour 1% Design Storm No.1 Temporal Pattern           
 Time increment (hours)=  1.00

                   Start   Finish
 Rainfall times:     0       45


 End of hyeto/hydrographs:   45
 Duration of calculations:  300



 Pre-burst has been applied
 Pluviograph data (time in incs, rainfall in mm, in 
                   increment following time shown)

Includes Pre-burst temporal pattern
         1:Temporal pattern (% of depth
   Time     1
     0     0.01
     1     0.01
     2     0.01
     3     0.02
     4     0.02
     5     0.02
     6     0.02
     7     0.02
     8     0.02
     9     0.02
    10     0.02
    11     0.02
    12     0.04
    13     0.04
    14     0.04
    15     0.02
    16     0.02
    17     0.02
    18     0.03
    19     0.03
    20     0.03
    21     0.85
    22     1.26
    23     2.35
    24     3.66
    25     5.21
    26     5.33
    27     5.63
    28     5.71
    29     3.89
    30     4.93
    31     6.13
    32     2.98
    33     3.14
    34     2.70
    35     6.03
    36     6.99
    37     5.94
    38     4.32
    39     5.82
    40     5.07
    41     5.58
    42     4.87
    43     1.04
    44     0.57

   Total 100.5




 DESIGN run control vector

 Step  Code              Description
   1    1     Add sub-area 'A' inflow & route thru normal storage    1
   2    3     Store hydrograph from step    1; reset hydrograph to zero
   3    1     Add sub-area 'B' inflow & route thru normal storage    2
   4    4     Add h-graph ex step    2 to h-graph ex step    3
   5    5     Route hydrograph thru normal storage    3
   6    3     Store hydrograph from step    5; reset hydrograph to zero
   7    1     Add sub-area 'C' inflow & route thru normal storage    4
   8    4     Add h-graph ex step    6 to h-graph ex step    7
   9    5     Route hydrograph thru normal storage    5
  10    3     Store hydrograph from step    9; reset hydrograph to zero
  11    1     Add sub-area 'D' inflow & route thru normal storage    6
  12    4     Add h-graph ex step   10 to h-graph ex step   11
  13    5     Route hydrograph thru normal storage    7
  14    3     Store hydrograph from step   13; reset hydrograph to zero
  15    1     Add sub-area 'E' inflow & route thru normal storage    8
  16    4     Add h-graph ex step   14 to h-graph ex step   15
  17    5     Route hydrograph thru normal storage    9
  18    7.0   Print hydrograph,                             
  19    0     **********End of control vector**********



 Sub-area data

 Sub-     Area     Dist.
 area      km²      km*
   A    3.00E+01  1.25E+01
   B    2.80E+01  1.15E+01
   C    2.50E+01  9.50E+00
   D    3.50E+01  7.00E+00
   E    4.00E+01  6.00E+00

 Total 1.580E+02

 For whole catchment     ; Av. Dist., km* =       8.98
 For interstation area  1; Av. Dist., km* =       8.98; ISA Factor =   1.000

 * or other function of reach properties related to travel time



 Normal storage data

 Storage   Length   Rel. delay      Type         Slope
   no.       km*       time                     percent 
   1         5.0       0.557       Natural 
   2         4.0       0.445       Natural 
   3         2.5       0.278       Natural 
   4         4.5       0.501       Natural 
   5         2.5       0.278       Natural 
   6         4.5       0.501       Natural 
   7         1.0       0.111       Natural 
   8         4.5       0.501       Natural 
   9         1.5       0.167       Natural 

 * or other function of reach properties related to travel time


 Input of parameters:
 ********************

 fIGURE 6.7                                                          
 DESIGN Run
 fIGURE 6.7: 24 hour 1% Design Storm No.1 Temporal Pattern           
 Time increment = 1.00 hours

 Constant loss model selected



 Rainfall, mm, in time inc. following time shown
 Time               Sub-
      Catch         Area
 Incs ment          A   B   C   D   E

   0   0.0          0   0   0   0   0
   1   0.0          0   0   0   0   0
   2   0.0          0   0   0   0   0
   3   0.0          0   0   0   0   0
   4   0.0          0   0   0   0   0
   5   0.0          0   0   0   0   0
   6   0.0          0   0   0   0   0
   7   0.0          0   0   0   0   0
   8   0.0          0   0   0   0   0
   9   0.0          0   0   0   0   0
  10   0.0          0   0   0   0   0
  11   0.0          0   0   0   0   0
  12   0.0          0   0   0   0   0
  13   0.0          0   0   0   0   0
  14   0.0          0   0   0   0   0
  15   0.0          0   0   0   0   0
  16   0.0          0   0   0   0   0
  17   0.0          0   0   0   0   0
  18   0.0          0   0   0   0   0
  19   0.0          0   0   0   0   0
  20   0.0          0   0   0   0   0
  21   1.0          1   1   1   1   1
  22   1.6          2   2   2   2   2
  23   2.9          3   3   3   3   3
  24   4.5          5   5   5   5   5
  25   6.4          6   6   6   6   6
  26   6.6          7   7   7   7   7
  27   6.9          7   7   7   7   7
  28   7.0          7   7   7   7   7
  29   4.8          5   5   5   5   5
  30   6.1          6   6   6   6   6
  31   7.6          8   8   8   8   8
  32   3.7          4   4   4   4   4
  33   3.9          4   4   4   4   4
  34   3.3          3   3   3   3   3
  35   7.4          7   7   7   7   7
  36   8.6          9   9   9   9   9
  37   7.3          7   7   7   7   7
  38   5.3          5   5   5   5   5
  39   7.2          7   7   7   7   7
  40   6.3          6   6   6   6   6
  41   6.9          7   7   7   7   7
  42   6.0          6   6   6   6   6
  43   1.3          1   1   1   1   1
  44   0.7          1   1   1   1   1

 Tot.124.0        124 124 124 124 124
 Pluvi. ref. no.    1   1   1   1   1




 Rainfall-excess, mm, in time inc. following time shown
 Time               Sub-
      Catch         Area
 Incs ment          A   B   C   D   E

   0   0.0          0   0   0   0   0
   1   0.0          0   0   0   0   0
   2   0.0          0   0   0   0   0
   3   0.0          0   0   0   0   0
   4   0.0          0   0   0   0   0
   5   0.0          0   0   0   0   0
   6   0.0          0   0   0   0   0
   7   0.0          0   0   0   0   0
   8   0.0          0   0   0   0   0
   9   0.0          0   0   0   0   0
  10   0.0          0   0   0   0   0
  11   0.0          0   0   0   0   0
  12   0.0          0   0   0   0   0
  13   0.0          0   0   0   0   0
  14   0.0          0   0   0   0   0
  15   0.0          0   0   0   0   0
  16   0.0          0   0   0   0   0
  17   0.0          0   0   0   0   0
  18   0.0          0   0   0   0   0
  19   0.0          0   0   0   0   0
  20   0.0          0   0   0   0   0
  21   0.0          0   0   0   0   0
  22   0.0          0   0   0   0   0
  23   0.0          0   0   0   0   0
  24   0.0          0   0   0   0   0
  25   3.1          3   3   3   3   3
  26   4.7          5   5   5   5   5
  27   5.0          5   5   5   5   5
  28   5.1          5   5   5   5   5
  29   2.9          3   3   3   3   3
  30   4.2          4   4   4   4   4
  31   5.7          6   6   6   6   6
  32   1.8          2   2   2   2   2
  33   2.0          2   2   2   2   2
  34   1.4          1   1   1   1   1
  35   5.5          6   6   6   6   6
  36   6.7          7   7   7   7   7
  37   5.4          5   5   5   5   5
  38   3.4          3   3   3   3   3
  39   5.3          5   5   5   5   5
  40   4.4          4   4   4   4   4
  41   5.0          5   5   5   5   5
  42   4.1          4   4   4   4   4
  43   0.0          0   0   0   0   0
  44   0.0          0   0   0   0   0

 Tot. 75.8         76  76  76  76  76



 Routing results:
 ****************
 fIGURE 6.7                                                          
 fIGURE 6.7: 24 hour 1% Design Storm No.1 Temporal Pattern           
 DESIGN run no.  1


 Parameters:  kc =    10.00    m = 0.80

 Loss parameters     Initial loss (mm)   Cont. loss (mm/h)
                           12.00              1.90



 *** Calculated hydrograph,                                      

                           Hydrograph
                          Calc.          
 Peak discharge,m³/s     204.3
 Time to peak,h           43.0
 Volume,m³            1.20E+07
 Time to centroid,h       39.5
 Lag (c.m. to c.m.),h     5.17
 Lag to peak,h            8.72


 Hydrograph summary
 ******************

 Site  Description
   01  Calculated hydrograph,

 Inc    Time   Hyd0001
   0    0.00     0.000 
   1    1.00     0.000 
   2    2.00     0.000 
   3    3.00     0.000 
   4    4.00     0.000 
   5    5.00     0.000 
   6    6.00     0.000 
   7    7.00     0.000 
   8    8.00     0.000 
   9    9.00     0.000 
  10   10.00     0.000 
  11   11.00     0.000 
  12   12.00     0.000 
  13   13.00     0.000 
  14   14.00     0.000 
  15   15.00     0.000 
  16   16.00     0.000 
  17   17.00     0.000 
  18   18.00     0.000 
  19   19.00     0.000 
  20   20.00     0.000 
  21   21.00     0.000 
  22   22.00     0.000 
  23   23.00     0.000 
  24   24.00     0.000 
  25   25.00     0.000 
  26   26.00     1.286 
  27   27.00    11.549 
  28   28.00    38.806 
  29   29.00    78.584 
  30   30.00   115.435 
  31   31.00   138.823 
  32   32.00   156.409 
  33   33.00   168.679 
  34   34.00   163.945 
  35   35.00   146.814 
  36   36.00   135.311 
  37   37.00   144.660 
  38   38.00   170.423 
  39   39.00   190.729 
  40   40.00   198.246 
  41   41.00   201.796 
  42   42.00   204.161 
  43   43.00   204.259 
  44   44.00   192.715 
  45   45.00   161.691 
  46   46.00   123.914 
  47   47.00    91.855 
  48   48.00    67.215 
  49   49.00    49.195 
  50   50.00    36.357 
  51   51.00    27.214 
  52   52.00    20.656 
  53   53.00    15.899 
  54   54.00    12.398 
  55   55.00     9.787 
  56   56.00     7.813 
  57   57.00     6.303 
  58   58.00     5.132 
  59   59.00     4.216 
  60   60.00     3.490 
  61   61.00     2.911 
  62   62.00     2.444 
  63   63.00     2.065 
  64   64.00     1.754 
  65   65.00     1.499 
  66   66.00     1.287 
  67   67.00     1.110 
  68   68.00     0.961 
  69   69.00     0.836 
  70   70.00     0.730 
  71   71.00     0.640 
  72   72.00     0.563 
  73   73.00     0.497 
  74   74.00     0.440 
  75   75.00     0.390 
  76   76.00     0.348 
  77   77.00     0.310 
  78   78.00     0.278 
  79   79.00     0.249 
  80   80.00     0.224 
  81   81.00     0.202 
  82   82.00     0.182 
  83   83.00     0.165 
  84   84.00     0.150 
  85   85.00     0.136 
  86   86.00     0.124 
  87   87.00     0.113 
  88   88.00     0.103 
  89   89.00     0.094 
  90   90.00     0.086 
  91   91.00     0.079 
  92   92.00     0.073 
  93   93.00     0.067 
  94   94.00     0.062 
  95   95.00     0.057 
  96   96.00     0.053 
  97   97.00     0.049 
  98   98.00     0.045 
  99   99.00     0.042 
 100  100.00     0.039 
 101  101.00     0.036 
 102  102.00     0.034 
 103  103.00     0.031 
 104  104.00     0.029 
 105  105.00     0.027 
 106  106.00     0.025 
 107  107.00     0.024 
 108  108.00     0.022 
 109  109.00     0.021 
 110  110.00     0.020 
 111  111.00     0.018 
 112  112.00     0.017 
 113  113.00     0.016 
 114  114.00     0.015 
 115  115.00     0.014 
 116  116.00     0.014 
 117  117.00     0.013 
 118  118.00     0.012 
 119  119.00     0.011 
 120  120.00     0.011 
 121  121.00     0.010 
 122  122.00     0.010 
 123  123.00     0.009 
 124  124.00     0.009 
 125  125.00     0.008 
 126  126.00     0.008 
 127  127.00     0.007 
 128  128.00     0.007 
 129  129.00     0.007 
 130  130.00     0.006 
 131  131.00     0.006 
 132  132.00     0.006 
 133  133.00     0.005 
 134  134.00     0.005 
 135  135.00     0.005 
 136  136.00     0.005 
 137  137.00     0.004 
 138  138.00     0.004 
 139  139.00     0.004 
 140  140.00     0.004 
 141  141.00     0.004 
 142  142.00     0.004 
 143  143.00     0.003 
 144  144.00     0.003 
 145  145.00     0.003 
 146  146.00     0.003 
 147  147.00     0.003 
 148  148.00     0.003 
 149  149.00     0.003 
 150  150.00     0.002 
 151  151.00     0.002 
 152  152.00     0.002 
 153  153.00     0.002 
 154  154.00     0.002 
 155  155.00     0.002 
 156  156.00     0.002 
 157  157.00     0.002 
 158  158.00     0.002 
 159  159.00     0.002 
 160  160.00     0.002 
 161  161.00     0.002 
 162  162.00     0.002 
 163  163.00     0.001 
 164  164.00     0.001 
 165  165.00     0.001 
 166  166.00     0.001 
 167  167.00     0.001 
 168  168.00     0.001 
 169  169.00     0.001 
 170  170.00     0.001 
 171  171.00     0.001 
 172  172.00     0.001 
 173  173.00     0.001 
 174  174.00     0.001 
 175  175.00     0.001 
 176  176.00     0.001 
 177  177.00     0.001 
 178  178.00     0.001 
 179  179.00     0.001 
 180  180.00     0.001 
 181  181.00     0.001 
 182  182.00     0.001 
 183  183.00     0.001 
 184  184.00     0.001 
 185  185.00     0.001 
 186  186.00     0.001 
 187  187.00     0.001 
 188  188.00     0.001 
 189  189.00     0.001 
 190  190.00     0.001 
 191  191.00     0.001 
 192  192.00     0.001 
 193  193.00     0.001 
 194  194.00     0.001 
 195  195.00     0.000 
 196  196.00     0.000 
 197  197.00     0.000 
 198  198.00     0.000 
 199  199.00     0.000 
 200  200.00     0.000 
 201  201.00     0.000 
 202  202.00     0.000 
 203  203.00     0.000 
 204  204.00     0.000 
 205  205.00     0.000 
 206  206.00     0.000 
 207  207.00     0.000 
 208  208.00     0.000 
 209  209.00     0.000 
 210  210.00     0.000 
 211  211.00     0.000 
 212  212.00     0.000 
 213  213.00     0.000 
 214  214.00     0.000 
 215  215.00     0.000 
 216  216.00     0.000 
 217  217.00     0.000 
 218  218.00     0.000 
 219  219.00     0.000 
 220  220.00     0.000 
 221  221.00     0.000 
 222  222.00     0.000 
 223  223.00     0.000 
 224  224.00     0.000 
 225  225.00     0.000 
 226  226.00     0.000 
 227  227.00     0.000 
 228  228.00     0.000 
 229  229.00     0.000 
 230  230.00     0.000 
 231  231.00     0.000 
 232  232.00     0.000 
 233  233.00     0.000 
 234  234.00     0.000 
 235  235.00     0.000 
 236  236.00     0.000 
 237  237.00     0.000 
 238  238.00     0.000 
 239  239.00     0.000 
 240  240.00     0.000 
 241  241.00     0.000 
 242  242.00     0.000 
 243  243.00     0.000 
 244  244.00     0.000 
 245  245.00     0.000 
 246  246.00     0.000 
 247  247.00     0.000 
 248  248.00     0.000 
 249  249.00     0.000 
 250  250.00     0.000 
 251  251.00     0.000 
 252  252.00     0.000 
 253  253.00     0.000 
 254  254.00     0.000 
 255  255.00     0.000 
 256  256.00     0.000 
 257  257.00     0.000 
 258  258.00     0.000 
 259  259.00     0.000 
 260  260.00     0.000 
 261  261.00     0.000 
 262  262.00     0.000 
 263  263.00     0.000 
 264  264.00     0.000 
 265  265.00     0.000 
 266  266.00     0.000 
 267  267.00     0.000 
 268  268.00     0.000 
 269  269.00     0.000 
 270  270.00     0.000 
 271  271.00     0.000 
 272  272.00     0.000 
 273  273.00     0.000 
 274  274.00     0.000 
 275  275.00     0.000 
 276  276.00     0.000 
 277  277.00     0.000 
 278  278.00     0.000 
 279  279.00     0.000 
 280  280.00     0.000 
 281  281.00     0.000 
 282  282.00     0.000 
 283  283.00     0.000 
 284  284.00     0.000 
 285  285.00     0.000 
 286  286.00     0.000 
 287  287.00     0.000 
 288  288.00     0.000 
 289  289.00     0.000 
 290  290.00     0.000 
 291  291.00     0.000 
 292  292.00     0.000 
 293  293.00     0.000 
 294  294.00     0.000 
 295  295.00     0.000 
 296  296.00     0.000 
 297  297.00     0.000 
 298  298.00     0.000 
 299  299.00     0.000 
 300  300.00     0.000 
